2025-11-01 14:11:24,621 EXP - __main__.Logger.exp:
a takes action: lying_own_secret(['a', 'as'])
b takes action: sharing_stay(['b'])
a takes action: quiet(['a', 'as'])
b takes action: stay(['b'])
a takes action: move_right(['a'])
b takes action: stay(['b'])
a takes action: sharing_own_secret(['a', 'as'])
Steps: 7
Time cost: 0.087089s
2025-11-01 14:11:24,709 EXP - __main__.Logger.exp:
a takes action: lying_own_secret(['a', 'as'])
b takes action: sharing_stay(['b'])
a takes action: quiet(['a', 'as'])
b takes action: stay(['b'])
a takes action: move_right(['a'])
b takes action: stay(['b'])
a takes action: sharing_own_secret(['a', 'as'])
Steps: 7
Time cost: 0.086030s
2025-11-01 14:11:24,795 EXP - __main__.Logger.exp:
a takes action: lying_own_secret(['a', 'as'])
b takes action: sharing_stay(['b'])
a takes action: quiet(['a', 'as'])
b takes action: stay(['b'])
a takes action: move_right(['a'])
b takes action: stay(['b'])
a takes action: sharing_own_secret(['a', 'as'])
Steps: 7
Time cost: 0.085596s
2025-11-01 14:11:24,882 EXP - __main__.Logger.exp:
a takes action: lying_own_secret(['a', 'as'])
b takes action: sharing_stay(['b'])
a takes action: quiet(['a', 'as'])
b takes action: stay(['b'])
a takes action: move_right(['a'])
b takes action: stay(['b'])
a takes action: sharing_own_secret(['a', 'as'])
Steps: 7
Time cost: 0.086046s
2025-11-01 14:11:24,969 EXP - __main__.Logger.exp:
a takes action: lying_own_secret(['a', 'as'])
b takes action: sharing_stay(['b'])
a takes action: quiet(['a', 'as'])
b takes action: stay(['b'])
a takes action: move_right(['a'])
b takes action: stay(['b'])
a takes action: sharing_own_secret(['a', 'as'])
Steps: 7
Time cost: 0.085905s
2025-11-01 14:11:24,969 EXP - __main__.Logger.exp:
Avg Steps: 7.0
Avg Time: 0.086133s
