2025-11-01 14:11:24,372 EXP - __main__.Logger.exp:
a takes action: lying_own_secret(['a', 'as'])
b takes action: sharing_stay(['b'])
a takes action: quiet(['a', 'as'])
b takes action: stay(['b'])
a takes action: move_right(['a'])
b takes action: stay(['b'])
a takes action: sharing_own_secret(['a', 'as'])
Steps: 7
Time cost: 0.041945s
2025-11-01 14:11:24,416 EXP - __main__.Logger.exp:
a takes action: lying_own_secret(['a', 'as'])
b takes action: sharing_stay(['b'])
a takes action: quiet(['a', 'as'])
b takes action: stay(['b'])
a takes action: move_right(['a'])
b takes action: stay(['b'])
a takes action: sharing_own_secret(['a', 'as'])
Steps: 7
Time cost: 0.042274s
2025-11-01 14:11:24,459 EXP - __main__.Logger.exp:
a takes action: lying_own_secret(['a', 'as'])
b takes action: sharing_stay(['b'])
a takes action: quiet(['a', 'as'])
b takes action: stay(['b'])
a takes action: move_right(['a'])
b takes action: stay(['b'])
a takes action: sharing_own_secret(['a', 'as'])
Steps: 7
Time cost: 0.042262s
2025-11-01 14:11:24,503 EXP - __main__.Logger.exp:
a takes action: lying_own_secret(['a', 'as'])
b takes action: sharing_stay(['b'])
a takes action: quiet(['a', 'as'])
b takes action: stay(['b'])
a takes action: move_right(['a'])
b takes action: stay(['b'])
a takes action: sharing_own_secret(['a', 'as'])
Steps: 7
Time cost: 0.042797s
2025-11-01 14:11:24,546 EXP - __main__.Logger.exp:
a takes action: lying_own_secret(['a', 'as'])
b takes action: sharing_stay(['b'])
a takes action: quiet(['a', 'as'])
b takes action: stay(['b'])
a takes action: move_right(['a'])
b takes action: stay(['b'])
a takes action: sharing_own_secret(['a', 'as'])
Steps: 7
Time cost: 0.042198s
2025-11-01 14:11:24,546 EXP - __main__.Logger.exp:
Avg Steps: 7.0
Avg Time: 0.042295s
