2025-10-23 16:41:03,265 EXP - __main__.Logger.exp:
a takes action: stay(['a'])
b takes action: pick_up(['b', 'j'])
a takes action: stay(['a'])
b takes action: move_right_with_item(['b', 'j'])
a takes action: pick_up(['a', 'i'])
b takes action: drop_item(['b', 'j'])
Steps: 6
Time cost: 2.345273s
2025-10-23 16:41:05,615 EXP - __main__.Logger.exp:
a takes action: stay(['a'])
b takes action: pick_up(['b', 'j'])
a takes action: stay(['a'])
b takes action: move_right_with_item(['b', 'j'])
a takes action: pick_up(['a', 'i'])
b takes action: drop_item(['b', 'j'])
Steps: 6
Time cost: 2.348993s
2025-10-23 16:41:05,615 EXP - __main__.Logger.exp:
Avg Steps: 6.0
Avg Time: 2.347133s
