2025-10-23 14:39:24,358 EXP - __main__.Logger.exp:
a takes action: move_right_without_item(['a'])
b takes action: pick_up(['b', 'j'])
a takes action: stay(['a'])
b takes action: move_right_with_item(['b', 'j'])
a takes action: move_left_without_item(['a'])
b takes action: drop_item(['b', 'j'])
a takes action: pick_up(['a', 'i'])
Steps: 7
Time cost: 0.117198s
2025-10-23 14:39:24,477 EXP - __main__.Logger.exp:
a takes action: move_right_without_item(['a'])
b takes action: pick_up(['b', 'j'])
a takes action: stay(['a'])
b takes action: move_right_with_item(['b', 'j'])
a takes action: move_left_without_item(['a'])
b takes action: drop_item(['b', 'j'])
a takes action: pick_up(['a', 'i'])
Steps: 7
Time cost: 0.118730s
2025-10-23 14:39:24,790 EXP - __main__.Logger.exp:
a takes action: stay(['a'])
b takes action: pick_up(['b', 'j'])
a takes action: pick_up(['a', 'i'])
b takes action: stay(['b'])
a takes action: move_right_with_item(['a', 'i'])
b takes action: drop_item(['b', 'j'])
a takes action: drop_item(['a', 'i'])
b takes action: move_right_without_item(['b'])
a takes action: pick_up(['a', 'i'])
b takes action: move_left_without_item(['b'])
a takes action: drop_item(['a', 'i'])
b takes action: stay(['b'])
a takes action: pick_up(['a', 'i'])
b takes action: stay(['b'])
a takes action: drop_item(['a', 'i'])
b takes action: stay(['b'])
a takes action: move_left_without_item(['a'])
b takes action: pick_up(['b', 'j'])
a takes action: move_right_without_item(['a'])
b takes action: drop_item(['b', 'j'])
a takes action: pick_up(['a', 'i'])
Steps: 21
Time cost: 0.311694s
2025-10-23 14:39:24,991 EXP - __main__.Logger.exp:
a takes action: pick_up(['a', 'i'])
b takes action: stay(['b'])
a takes action: drop_item(['a', 'i'])
b takes action: pick_up(['b', 'j'])
a takes action: pick_up(['a', 'i'])
b takes action: move_right_with_item(['b', 'j'])
a takes action: drop_item(['a', 'i'])
b takes action: stay(['b'])
a takes action: move_right_without_item(['a'])
b takes action: move_left_with_item(['b', 'j'])
a takes action: move_left_without_item(['a'])
b takes action: move_right_with_item(['b', 'j'])
a takes action: pick_up(['a', 'i'])
b takes action: drop_item(['b', 'j'])
Steps: 14
Time cost: 0.200662s
2025-10-23 14:39:25,694 EXP - __main__.Logger.exp:
a takes action: pick_up(['a', 'j'])
b takes action: pick_up(['b', 'i'])
a takes action: drop_item(['a', 'j'])
b takes action: drop_item(['b', 'i'])
a takes action: pick_up(['a', 'i'])
b takes action: stay(['b'])
a takes action: move_right_with_item(['a', 'i'])
b takes action: stay(['b'])
a takes action: stay(['a'])
b takes action: pick_up(['b', 'j'])
a takes action: drop_item(['a', 'i'])
b takes action: drop_item(['b', 'j'])
a takes action: stay(['a'])
b takes action: pick_up(['b', 'j'])
a takes action: stay(['a'])
b takes action: stay(['b'])
a takes action: move_left_without_item(['a'])
b takes action: move_right_with_item(['b', 'j'])
a takes action: move_right_without_item(['a'])
b takes action: move_left_with_item(['b', 'j'])
a takes action: pick_up(['a', 'i'])
b takes action: drop_item(['b', 'j'])
Steps: 22
Time cost: 0.702178s
2025-10-23 14:39:25,694 EXP - __main__.Logger.exp:
Avg Steps: 14.2
Avg Time: 0.290093s
