2025-10-24 20:55:56,473 EXP - __main__.Logger.exp:
a takes action: move(['a', 'r1', 'r4'])
b takes action: move(['b', 'r2', 'r5'])
c takes action: move(['c', 'r6', 'r3'])
d takes action: move(['d', 'r7', 'r8'])
a takes action: move(['a', 'r4', 'r7'])
b takes action: move(['b', 'r5', 'r6'])
c takes action: move(['c', 'r3', 'r2'])
d takes action: move(['d', 'r8', 'r5'])
a takes action: stay(['a'])
b takes action: stay(['b'])
c takes action: stay(['c'])
d takes action: move(['d', 'r5', 'r4'])
a takes action: stay(['a'])
b takes action: stay(['b'])
c takes action: stay(['c'])
d takes action: move(['d', 'r4', 'r1'])
Steps: 16
Time cost: 6.208712s
2025-10-24 20:56:02,706 EXP - __main__.Logger.exp:
a takes action: move(['a', 'r1', 'r4'])
b takes action: move(['b', 'r2', 'r3'])
c takes action: move(['c', 'r6', 'r5'])
d takes action: move(['d', 'r7', 'r8'])
a takes action: move(['a', 'r4', 'r7'])
b takes action: move(['b', 'r3', 'r6'])
c takes action: move(['c', 'r5', 'r2'])
d takes action: move(['d', 'r8', 'r5'])
a takes action: stay(['a'])
b takes action: stay(['b'])
c takes action: stay(['c'])
d takes action: move(['d', 'r5', 'r4'])
a takes action: stay(['a'])
b takes action: stay(['b'])
c takes action: stay(['c'])
d takes action: move(['d', 'r4', 'r1'])
Steps: 16
Time cost: 6.230440s
2025-10-24 20:56:08,907 EXP - __main__.Logger.exp:
a takes action: move(['a', 'r1', 'r4'])
b takes action: move(['b', 'r2', 'r3'])
c takes action: move(['c', 'r6', 'r5'])
d takes action: move(['d', 'r7', 'r8'])
a takes action: move(['a', 'r4', 'r7'])
b takes action: move(['b', 'r3', 'r6'])
c takes action: move(['c', 'r5', 'r2'])
d takes action: move(['d', 'r8', 'r5'])
a takes action: stay(['a'])
b takes action: stay(['b'])
c takes action: stay(['c'])
d takes action: move(['d', 'r5', 'r4'])
a takes action: stay(['a'])
b takes action: stay(['b'])
c takes action: stay(['c'])
d takes action: move(['d', 'r4', 'r1'])
Steps: 16
Time cost: 6.199136s
2025-10-24 20:56:08,907 EXP - __main__.Logger.exp:
Avg Steps: 16.0
Avg Time: 6.212763s
