2025-10-24 20:56:21,031 EXP - __main__.Logger.exp:
a takes action: move(['a', 'r1', 'r4'])
b takes action: move(['b', 'r2', 'r5'])
c takes action: move(['c', 'r6', 'r3'])
d takes action: stay(['d'])
a takes action: move(['a', 'r4', 'r1'])
b takes action: move(['b', 'r5', 'r6'])
c takes action: move(['c', 'r3', 'r2'])
d takes action: move(['d', 'r7', 'r4'])
a takes action: stay(['a'])
b takes action: stay(['b'])
c takes action: stay(['c'])
d takes action: move(['d', 'r4', 'r7'])
a takes action: move(['a', 'r1', 'r4'])
b takes action: stay(['b'])
c takes action: stay(['c'])
d takes action: stay(['d'])
a takes action: move(['a', 'r4', 'r5'])
b takes action: stay(['b'])
c takes action: stay(['c'])
d takes action: move(['d', 'r7', 'r4'])
a takes action: move(['a', 'r5', 'r8'])
b takes action: stay(['b'])
c takes action: stay(['c'])
d takes action: move(['d', 'r4', 'r1'])
a takes action: move(['a', 'r8', 'r7'])
Steps: 25
Time cost: 16.613650s
2025-10-24 20:56:27,105 EXP - __main__.Logger.exp:
a takes action: move(['a', 'r1', 'r4'])
b takes action: move(['b', 'r2', 'r5'])
c takes action: move(['c', 'r6', 'r3'])
d takes action: move(['d', 'r7', 'r8'])
a takes action: move(['a', 'r4', 'r7'])
b takes action: move(['b', 'r5', 'r6'])
c takes action: move(['c', 'r3', 'r2'])
d takes action: move(['d', 'r8', 'r5'])
a takes action: stay(['a'])
b takes action: stay(['b'])
c takes action: stay(['c'])
d takes action: move(['d', 'r5', 'r4'])
a takes action: stay(['a'])
b takes action: stay(['b'])
c takes action: stay(['c'])
d takes action: move(['d', 'r4', 'r1'])
Steps: 16
Time cost: 6.071609s
2025-10-24 20:56:33,225 EXP - __main__.Logger.exp:
a takes action: move(['a', 'r1', 'r4'])
b takes action: move(['b', 'r2', 'r5'])
c takes action: move(['c', 'r6', 'r3'])
d takes action: move(['d', 'r7', 'r8'])
a takes action: move(['a', 'r4', 'r7'])
b takes action: move(['b', 'r5', 'r6'])
c takes action: move(['c', 'r3', 'r2'])
d takes action: move(['d', 'r8', 'r5'])
a takes action: stay(['a'])
b takes action: stay(['b'])
c takes action: stay(['c'])
d takes action: move(['d', 'r5', 'r4'])
a takes action: stay(['a'])
b takes action: stay(['b'])
c takes action: stay(['c'])
d takes action: move(['d', 'r4', 'r1'])
Steps: 16
Time cost: 6.117830s
2025-10-24 20:56:33,225 EXP - __main__.Logger.exp:
Avg Steps: 19.0
Avg Time: 9.601030s
