2025-11-01 11:02:54,604 EXP - __main__.Logger.exp:
a takes action: stay(['a'])
b takes action: pick_up(['b', 'i'])
Steps: 2
Time cost: 0.007745s
2025-11-01 11:02:54,612 EXP - __main__.Logger.exp:
a takes action: stay(['a'])
b takes action: pick_up(['b', 'i'])
Steps: 2
Time cost: 0.007501s
2025-11-01 11:02:54,620 EXP - __main__.Logger.exp:
a takes action: stay(['a'])
b takes action: pick_up(['b', 'i'])
Steps: 2
Time cost: 0.007415s
2025-11-01 11:02:54,629 EXP - __main__.Logger.exp:
a takes action: stay(['a'])
b takes action: pick_up(['b', 'i'])
Steps: 2
Time cost: 0.007498s
2025-11-01 11:02:54,637 EXP - __main__.Logger.exp:
a takes action: stay(['a'])
b takes action: pick_up(['b', 'i'])
Steps: 2
Time cost: 0.007650s
2025-11-01 11:02:54,637 EXP - __main__.Logger.exp:
Avg Steps: 2.0
Avg Time: 0.007562s
