2025-10-20 22:05:31,546 EXP - __main__.Logger.exp:
a takes action: stay(['a'])
b takes action: pick_up(['b', 'i'])
Steps: 2
Time cost: 0.007530s
2025-10-20 22:05:31,554 EXP - __main__.Logger.exp:
a takes action: stay(['a'])
b takes action: pick_up(['b', 'i'])
Steps: 2
Time cost: 0.007164s
2025-10-20 22:05:31,562 EXP - __main__.Logger.exp:
a takes action: stay(['a'])
b takes action: pick_up(['b', 'i'])
Steps: 2
Time cost: 0.007201s
2025-10-20 22:05:31,570 EXP - __main__.Logger.exp:
a takes action: stay(['a'])
b takes action: pick_up(['b', 'i'])
Steps: 2
Time cost: 0.007122s
2025-10-20 22:05:31,577 EXP - __main__.Logger.exp:
a takes action: stay(['a'])
b takes action: pick_up(['b', 'i'])
Steps: 2
Time cost: 0.007230s
2025-10-20 22:05:31,577 EXP - __main__.Logger.exp:
Avg Steps: 2.0
Avg Time: 0.007249s
