2025-10-20 22:05:31,634 EXP - __main__.Logger.exp:
a takes action: stay(['a'])
b takes action: pick_up(['b', 'i'])
Steps: 2
Time cost: 0.006709s
2025-10-20 22:05:31,642 EXP - __main__.Logger.exp:
a takes action: stay(['a'])
b takes action: pick_up(['b', 'i'])
Steps: 2
Time cost: 0.006560s
2025-10-20 22:05:31,704 EXP - __main__.Logger.exp:
a takes action: pick_up(['a', 'i'])
b takes action: stay(['b'])
a takes action: stay(['a'])
b takes action: stay(['b'])
a takes action: move_right_with_item(['a', 'i'])
b takes action: stay(['b'])
a takes action: drop_item(['a', 'i'])
b takes action: move_right_without_item(['b'])
a takes action: move_left_without_item(['a'])
b takes action: pick_up(['b', 'i'])
a takes action: stay(['a'])
b takes action: move_left_with_item(['b', 'i'])
Steps: 12
Time cost: 0.061625s
2025-10-20 22:05:31,711 EXP - __main__.Logger.exp:
a takes action: stay(['a'])
b takes action: pick_up(['b', 'i'])
Steps: 2
Time cost: 0.006523s
2025-10-20 22:05:31,718 EXP - __main__.Logger.exp:
a takes action: stay(['a'])
b takes action: pick_up(['b', 'i'])
Steps: 2
Time cost: 0.006447s
2025-10-20 22:05:31,718 EXP - __main__.Logger.exp:
Avg Steps: 4.0
Avg Time: 0.017573s
