2025-10-12 19:01:14,692 EXP - __main__.Logger.exp:
a takes action: peek(['a'])
b takes action: peek(['b'])
a takes action: flip_up(['a', 'c1'])
b takes action: stay(['b'])
a takes action: return(['a'])
b takes action: flip_down(['b', 'c1'])
Steps: 6
Time cost: 0.063560s
2025-10-12 19:01:14,757 EXP - __main__.Logger.exp:
a takes action: peek(['a'])
b takes action: peek(['b'])
a takes action: flip_up(['a', 'c1'])
b takes action: stay(['b'])
a takes action: return(['a'])
b takes action: flip_down(['b', 'c1'])
Steps: 6
Time cost: 0.064406s
2025-10-12 19:01:14,821 EXP - __main__.Logger.exp:
a takes action: peek(['a'])
b takes action: peek(['b'])
a takes action: flip_up(['a', 'c1'])
b takes action: stay(['b'])
a takes action: return(['a'])
b takes action: flip_down(['b', 'c1'])
Steps: 6
Time cost: 0.063417s
2025-10-12 19:01:14,884 EXP - __main__.Logger.exp:
a takes action: peek(['a'])
b takes action: peek(['b'])
a takes action: flip_up(['a', 'c1'])
b takes action: stay(['b'])
a takes action: return(['a'])
b takes action: flip_down(['b', 'c1'])
Steps: 6
Time cost: 0.063278s
2025-10-12 19:01:14,948 EXP - __main__.Logger.exp:
a takes action: peek(['a'])
b takes action: peek(['b'])
a takes action: flip_up(['a', 'c1'])
b takes action: stay(['b'])
a takes action: return(['a'])
b takes action: flip_down(['b', 'c1'])
Steps: 6
Time cost: 0.062855s
2025-10-12 19:01:15,012 EXP - __main__.Logger.exp:
a takes action: peek(['a'])
b takes action: peek(['b'])
a takes action: flip_up(['a', 'c1'])
b takes action: stay(['b'])
a takes action: return(['a'])
b takes action: flip_down(['b', 'c1'])
Steps: 6
Time cost: 0.063611s
2025-10-12 19:01:15,075 EXP - __main__.Logger.exp:
a takes action: peek(['a'])
b takes action: peek(['b'])
a takes action: flip_up(['a', 'c1'])
b takes action: stay(['b'])
a takes action: return(['a'])
b takes action: flip_down(['b', 'c1'])
Steps: 6
Time cost: 0.063025s
2025-10-12 19:01:15,138 EXP - __main__.Logger.exp:
a takes action: peek(['a'])
b takes action: peek(['b'])
a takes action: flip_up(['a', 'c1'])
b takes action: stay(['b'])
a takes action: return(['a'])
b takes action: flip_down(['b', 'c1'])
Steps: 6
Time cost: 0.062872s
2025-10-12 19:01:15,202 EXP - __main__.Logger.exp:
a takes action: peek(['a'])
b takes action: peek(['b'])
a takes action: flip_up(['a', 'c1'])
b takes action: stay(['b'])
a takes action: return(['a'])
b takes action: flip_down(['b', 'c1'])
Steps: 6
Time cost: 0.062868s
2025-10-12 19:01:15,266 EXP - __main__.Logger.exp:
a takes action: peek(['a'])
b takes action: peek(['b'])
a takes action: flip_up(['a', 'c1'])
b takes action: stay(['b'])
a takes action: return(['a'])
b takes action: flip_down(['b', 'c1'])
Steps: 6
Time cost: 0.063560s
2025-10-12 19:01:15,330 EXP - __main__.Logger.exp:
a takes action: peek(['a'])
b takes action: peek(['b'])
a takes action: flip_up(['a', 'c1'])
b takes action: stay(['b'])
a takes action: return(['a'])
b takes action: flip_down(['b', 'c1'])
Steps: 6
Time cost: 0.063476s
2025-10-12 19:01:15,394 EXP - __main__.Logger.exp:
a takes action: peek(['a'])
b takes action: peek(['b'])
a takes action: flip_up(['a', 'c1'])
b takes action: stay(['b'])
a takes action: return(['a'])
b takes action: flip_down(['b', 'c1'])
Steps: 6
Time cost: 0.063677s
2025-10-12 19:01:15,457 EXP - __main__.Logger.exp:
a takes action: peek(['a'])
b takes action: peek(['b'])
a takes action: flip_up(['a', 'c1'])
b takes action: stay(['b'])
a takes action: return(['a'])
b takes action: flip_down(['b', 'c1'])
Steps: 6
Time cost: 0.063325s
2025-10-12 19:01:15,522 EXP - __main__.Logger.exp:
a takes action: peek(['a'])
b takes action: peek(['b'])
a takes action: flip_up(['a', 'c1'])
b takes action: stay(['b'])
a takes action: return(['a'])
b takes action: flip_down(['b', 'c1'])
Steps: 6
Time cost: 0.063821s
2025-10-12 19:01:15,585 EXP - __main__.Logger.exp:
a takes action: peek(['a'])
b takes action: peek(['b'])
a takes action: flip_up(['a', 'c1'])
b takes action: stay(['b'])
a takes action: return(['a'])
b takes action: flip_down(['b', 'c1'])
Steps: 6
Time cost: 0.062923s
2025-10-12 19:01:15,648 EXP - __main__.Logger.exp:
a takes action: peek(['a'])
b takes action: peek(['b'])
a takes action: flip_up(['a', 'c1'])
b takes action: stay(['b'])
a takes action: return(['a'])
b takes action: flip_down(['b', 'c1'])
Steps: 6
Time cost: 0.062932s
2025-10-12 19:01:15,712 EXP - __main__.Logger.exp:
a takes action: peek(['a'])
b takes action: peek(['b'])
a takes action: flip_up(['a', 'c1'])
b takes action: stay(['b'])
a takes action: return(['a'])
b takes action: flip_down(['b', 'c1'])
Steps: 6
Time cost: 0.063019s
2025-10-12 19:01:15,776 EXP - __main__.Logger.exp:
a takes action: peek(['a'])
b takes action: peek(['b'])
a takes action: flip_up(['a', 'c1'])
b takes action: stay(['b'])
a takes action: return(['a'])
b takes action: flip_down(['b', 'c1'])
Steps: 6
Time cost: 0.063475s
2025-10-12 19:01:15,843 EXP - __main__.Logger.exp:
a takes action: peek(['a'])
b takes action: peek(['b'])
a takes action: flip_up(['a', 'c1'])
b takes action: stay(['b'])
a takes action: return(['a'])
b takes action: flip_down(['b', 'c1'])
Steps: 6
Time cost: 0.067187s
2025-10-12 19:01:15,908 EXP - __main__.Logger.exp:
a takes action: peek(['a'])
b takes action: peek(['b'])
a takes action: flip_up(['a', 'c1'])
b takes action: stay(['b'])
a takes action: return(['a'])
b takes action: flip_down(['b', 'c1'])
Steps: 6
Time cost: 0.064713s
2025-10-12 19:01:15,973 EXP - __main__.Logger.exp:
a takes action: peek(['a'])
b takes action: peek(['b'])
a takes action: flip_up(['a', 'c1'])
b takes action: stay(['b'])
a takes action: return(['a'])
b takes action: flip_down(['b', 'c1'])
Steps: 6
Time cost: 0.064038s
2025-10-12 19:01:16,037 EXP - __main__.Logger.exp:
a takes action: peek(['a'])
b takes action: peek(['b'])
a takes action: flip_up(['a', 'c1'])
b takes action: stay(['b'])
a takes action: return(['a'])
b takes action: flip_down(['b', 'c1'])
Steps: 6
Time cost: 0.063951s
2025-10-12 19:01:16,101 EXP - __main__.Logger.exp:
a takes action: peek(['a'])
b takes action: peek(['b'])
a takes action: flip_up(['a', 'c1'])
b takes action: stay(['b'])
a takes action: return(['a'])
b takes action: flip_down(['b', 'c1'])
Steps: 6
Time cost: 0.063571s
2025-10-12 19:01:16,165 EXP - __main__.Logger.exp:
a takes action: peek(['a'])
b takes action: peek(['b'])
a takes action: flip_up(['a', 'c1'])
b takes action: stay(['b'])
a takes action: return(['a'])
b takes action: flip_down(['b', 'c1'])
Steps: 6
Time cost: 0.063374s
2025-10-12 19:01:16,229 EXP - __main__.Logger.exp:
a takes action: peek(['a'])
b takes action: peek(['b'])
a takes action: flip_up(['a', 'c1'])
b takes action: stay(['b'])
a takes action: return(['a'])
b takes action: flip_down(['b', 'c1'])
Steps: 6
Time cost: 0.063253s
2025-10-12 19:01:16,293 EXP - __main__.Logger.exp:
a takes action: peek(['a'])
b takes action: peek(['b'])
a takes action: flip_up(['a', 'c1'])
b takes action: stay(['b'])
a takes action: return(['a'])
b takes action: flip_down(['b', 'c1'])
Steps: 6
Time cost: 0.063361s
2025-10-12 19:01:16,357 EXP - __main__.Logger.exp:
a takes action: peek(['a'])
b takes action: peek(['b'])
a takes action: flip_up(['a', 'c1'])
b takes action: stay(['b'])
a takes action: return(['a'])
b takes action: flip_down(['b', 'c1'])
Steps: 6
Time cost: 0.063624s
2025-10-12 19:01:16,421 EXP - __main__.Logger.exp:
a takes action: peek(['a'])
b takes action: peek(['b'])
a takes action: flip_up(['a', 'c1'])
b takes action: stay(['b'])
a takes action: return(['a'])
b takes action: flip_down(['b', 'c1'])
Steps: 6
Time cost: 0.063968s
2025-10-12 19:01:16,486 EXP - __main__.Logger.exp:
a takes action: peek(['a'])
b takes action: peek(['b'])
a takes action: flip_up(['a', 'c1'])
b takes action: stay(['b'])
a takes action: return(['a'])
b takes action: flip_down(['b', 'c1'])
Steps: 6
Time cost: 0.064149s
2025-10-12 19:01:16,550 EXP - __main__.Logger.exp:
a takes action: peek(['a'])
b takes action: peek(['b'])
a takes action: flip_up(['a', 'c1'])
b takes action: stay(['b'])
a takes action: return(['a'])
b takes action: flip_down(['b', 'c1'])
Steps: 6
Time cost: 0.063803s
2025-10-12 19:01:16,614 EXP - __main__.Logger.exp:
a takes action: peek(['a'])
b takes action: peek(['b'])
a takes action: flip_up(['a', 'c1'])
b takes action: stay(['b'])
a takes action: return(['a'])
b takes action: flip_down(['b', 'c1'])
Steps: 6
Time cost: 0.063412s
2025-10-12 19:01:16,677 EXP - __main__.Logger.exp:
a takes action: peek(['a'])
b takes action: peek(['b'])
a takes action: flip_up(['a', 'c1'])
b takes action: stay(['b'])
a takes action: return(['a'])
b takes action: flip_down(['b', 'c1'])
Steps: 6
Time cost: 0.063249s
2025-10-12 19:01:16,741 EXP - __main__.Logger.exp:
a takes action: peek(['a'])
b takes action: peek(['b'])
a takes action: flip_up(['a', 'c1'])
b takes action: stay(['b'])
a takes action: return(['a'])
b takes action: flip_down(['b', 'c1'])
Steps: 6
Time cost: 0.063239s
2025-10-12 19:01:16,805 EXP - __main__.Logger.exp:
a takes action: peek(['a'])
b takes action: peek(['b'])
a takes action: flip_up(['a', 'c1'])
b takes action: stay(['b'])
a takes action: return(['a'])
b takes action: flip_down(['b', 'c1'])
Steps: 6
Time cost: 0.063407s
2025-10-12 19:01:16,868 EXP - __main__.Logger.exp:
a takes action: peek(['a'])
b takes action: peek(['b'])
a takes action: flip_up(['a', 'c1'])
b takes action: stay(['b'])
a takes action: return(['a'])
b takes action: flip_down(['b', 'c1'])
Steps: 6
Time cost: 0.063159s
2025-10-12 19:01:16,933 EXP - __main__.Logger.exp:
a takes action: peek(['a'])
b takes action: peek(['b'])
a takes action: flip_up(['a', 'c1'])
b takes action: stay(['b'])
a takes action: return(['a'])
b takes action: flip_down(['b', 'c1'])
Steps: 6
Time cost: 0.064150s
2025-10-12 19:01:16,997 EXP - __main__.Logger.exp:
a takes action: peek(['a'])
b takes action: peek(['b'])
a takes action: flip_up(['a', 'c1'])
b takes action: stay(['b'])
a takes action: return(['a'])
b takes action: flip_down(['b', 'c1'])
Steps: 6
Time cost: 0.064084s
2025-10-12 19:01:17,062 EXP - __main__.Logger.exp:
a takes action: peek(['a'])
b takes action: peek(['b'])
a takes action: flip_up(['a', 'c1'])
b takes action: stay(['b'])
a takes action: return(['a'])
b takes action: flip_down(['b', 'c1'])
Steps: 6
Time cost: 0.063734s
2025-10-12 19:01:17,126 EXP - __main__.Logger.exp:
a takes action: peek(['a'])
b takes action: peek(['b'])
a takes action: flip_up(['a', 'c1'])
b takes action: stay(['b'])
a takes action: return(['a'])
b takes action: flip_down(['b', 'c1'])
Steps: 6
Time cost: 0.063713s
2025-10-12 19:01:17,190 EXP - __main__.Logger.exp:
a takes action: peek(['a'])
b takes action: peek(['b'])
a takes action: flip_up(['a', 'c1'])
b takes action: stay(['b'])
a takes action: return(['a'])
b takes action: flip_down(['b', 'c1'])
Steps: 6
Time cost: 0.063471s
2025-10-12 19:01:17,254 EXP - __main__.Logger.exp:
a takes action: peek(['a'])
b takes action: peek(['b'])
a takes action: flip_up(['a', 'c1'])
b takes action: stay(['b'])
a takes action: return(['a'])
b takes action: flip_down(['b', 'c1'])
Steps: 6
Time cost: 0.063578s
2025-10-12 19:01:17,318 EXP - __main__.Logger.exp:
a takes action: peek(['a'])
b takes action: peek(['b'])
a takes action: flip_up(['a', 'c1'])
b takes action: stay(['b'])
a takes action: return(['a'])
b takes action: flip_down(['b', 'c1'])
Steps: 6
Time cost: 0.063447s
2025-10-12 19:01:17,382 EXP - __main__.Logger.exp:
a takes action: peek(['a'])
b takes action: peek(['b'])
a takes action: flip_up(['a', 'c1'])
b takes action: stay(['b'])
a takes action: return(['a'])
b takes action: flip_down(['b', 'c1'])
Steps: 6
Time cost: 0.063608s
2025-10-12 19:01:17,447 EXP - __main__.Logger.exp:
a takes action: peek(['a'])
b takes action: peek(['b'])
a takes action: flip_up(['a', 'c1'])
b takes action: stay(['b'])
a takes action: return(['a'])
b takes action: flip_down(['b', 'c1'])
Steps: 6
Time cost: 0.065318s
2025-10-12 19:01:17,512 EXP - __main__.Logger.exp:
a takes action: peek(['a'])
b takes action: peek(['b'])
a takes action: flip_up(['a', 'c1'])
b takes action: stay(['b'])
a takes action: return(['a'])
b takes action: flip_down(['b', 'c1'])
Steps: 6
Time cost: 0.064015s
2025-10-12 19:01:17,577 EXP - __main__.Logger.exp:
a takes action: peek(['a'])
b takes action: peek(['b'])
a takes action: flip_up(['a', 'c1'])
b takes action: stay(['b'])
a takes action: return(['a'])
b takes action: flip_down(['b', 'c1'])
Steps: 6
Time cost: 0.064555s
2025-10-12 19:01:17,642 EXP - __main__.Logger.exp:
a takes action: peek(['a'])
b takes action: peek(['b'])
a takes action: flip_up(['a', 'c1'])
b takes action: stay(['b'])
a takes action: return(['a'])
b takes action: flip_down(['b', 'c1'])
Steps: 6
Time cost: 0.064225s
2025-10-12 19:01:17,706 EXP - __main__.Logger.exp:
a takes action: peek(['a'])
b takes action: peek(['b'])
a takes action: flip_up(['a', 'c1'])
b takes action: stay(['b'])
a takes action: return(['a'])
b takes action: flip_down(['b', 'c1'])
Steps: 6
Time cost: 0.063660s
2025-10-12 19:01:17,770 EXP - __main__.Logger.exp:
a takes action: peek(['a'])
b takes action: peek(['b'])
a takes action: flip_up(['a', 'c1'])
b takes action: stay(['b'])
a takes action: return(['a'])
b takes action: flip_down(['b', 'c1'])
Steps: 6
Time cost: 0.063538s
2025-10-12 19:01:17,833 EXP - __main__.Logger.exp:
a takes action: peek(['a'])
b takes action: peek(['b'])
a takes action: flip_up(['a', 'c1'])
b takes action: stay(['b'])
a takes action: return(['a'])
b takes action: flip_down(['b', 'c1'])
Steps: 6
Time cost: 0.063295s
2025-10-12 19:01:17,898 EXP - __main__.Logger.exp:
a takes action: peek(['a'])
b takes action: peek(['b'])
a takes action: flip_up(['a', 'c1'])
b takes action: stay(['b'])
a takes action: return(['a'])
b takes action: flip_down(['b', 'c1'])
Steps: 6
Time cost: 0.063862s
2025-10-12 19:01:17,961 EXP - __main__.Logger.exp:
a takes action: peek(['a'])
b takes action: peek(['b'])
a takes action: flip_up(['a', 'c1'])
b takes action: stay(['b'])
a takes action: return(['a'])
b takes action: flip_down(['b', 'c1'])
Steps: 6
Time cost: 0.063311s
2025-10-12 19:01:18,025 EXP - __main__.Logger.exp:
a takes action: peek(['a'])
b takes action: peek(['b'])
a takes action: flip_up(['a', 'c1'])
b takes action: stay(['b'])
a takes action: return(['a'])
b takes action: flip_down(['b', 'c1'])
Steps: 6
Time cost: 0.063357s
2025-10-12 19:01:18,089 EXP - __main__.Logger.exp:
a takes action: peek(['a'])
b takes action: peek(['b'])
a takes action: flip_up(['a', 'c1'])
b takes action: stay(['b'])
a takes action: return(['a'])
b takes action: flip_down(['b', 'c1'])
Steps: 6
Time cost: 0.063225s
2025-10-12 19:01:18,153 EXP - __main__.Logger.exp:
a takes action: peek(['a'])
b takes action: peek(['b'])
a takes action: flip_up(['a', 'c1'])
b takes action: stay(['b'])
a takes action: return(['a'])
b takes action: flip_down(['b', 'c1'])
Steps: 6
Time cost: 0.063427s
2025-10-12 19:01:18,216 EXP - __main__.Logger.exp:
a takes action: peek(['a'])
b takes action: peek(['b'])
a takes action: flip_up(['a', 'c1'])
b takes action: stay(['b'])
a takes action: return(['a'])
b takes action: flip_down(['b', 'c1'])
Steps: 6
Time cost: 0.063255s
2025-10-12 19:01:18,280 EXP - __main__.Logger.exp:
a takes action: peek(['a'])
b takes action: peek(['b'])
a takes action: flip_up(['a', 'c1'])
b takes action: stay(['b'])
a takes action: return(['a'])
b takes action: flip_down(['b', 'c1'])
Steps: 6
Time cost: 0.063498s
2025-10-12 19:01:18,344 EXP - __main__.Logger.exp:
a takes action: peek(['a'])
b takes action: peek(['b'])
a takes action: flip_up(['a', 'c1'])
b takes action: stay(['b'])
a takes action: return(['a'])
b takes action: flip_down(['b', 'c1'])
Steps: 6
Time cost: 0.063214s
2025-10-12 19:01:18,408 EXP - __main__.Logger.exp:
a takes action: peek(['a'])
b takes action: peek(['b'])
a takes action: flip_up(['a', 'c1'])
b takes action: stay(['b'])
a takes action: return(['a'])
b takes action: flip_down(['b', 'c1'])
Steps: 6
Time cost: 0.063213s
2025-10-12 19:01:18,472 EXP - __main__.Logger.exp:
a takes action: peek(['a'])
b takes action: peek(['b'])
a takes action: flip_up(['a', 'c1'])
b takes action: stay(['b'])
a takes action: return(['a'])
b takes action: flip_down(['b', 'c1'])
Steps: 6
Time cost: 0.063399s
2025-10-12 19:01:18,535 EXP - __main__.Logger.exp:
a takes action: peek(['a'])
b takes action: peek(['b'])
a takes action: flip_up(['a', 'c1'])
b takes action: stay(['b'])
a takes action: return(['a'])
b takes action: flip_down(['b', 'c1'])
Steps: 6
Time cost: 0.063202s
2025-10-12 19:01:18,599 EXP - __main__.Logger.exp:
a takes action: peek(['a'])
b takes action: peek(['b'])
a takes action: flip_up(['a', 'c1'])
b takes action: stay(['b'])
a takes action: return(['a'])
b takes action: flip_down(['b', 'c1'])
Steps: 6
Time cost: 0.063360s
2025-10-12 19:01:18,663 EXP - __main__.Logger.exp:
a takes action: peek(['a'])
b takes action: peek(['b'])
a takes action: flip_up(['a', 'c1'])
b takes action: stay(['b'])
a takes action: return(['a'])
b takes action: flip_down(['b', 'c1'])
Steps: 6
Time cost: 0.063451s
2025-10-12 19:01:18,727 EXP - __main__.Logger.exp:
a takes action: peek(['a'])
b takes action: peek(['b'])
a takes action: flip_up(['a', 'c1'])
b takes action: stay(['b'])
a takes action: return(['a'])
b takes action: flip_down(['b', 'c1'])
Steps: 6
Time cost: 0.063376s
2025-10-12 19:01:18,790 EXP - __main__.Logger.exp:
a takes action: peek(['a'])
b takes action: peek(['b'])
a takes action: flip_up(['a', 'c1'])
b takes action: stay(['b'])
a takes action: return(['a'])
b takes action: flip_down(['b', 'c1'])
Steps: 6
Time cost: 0.063265s
2025-10-12 19:01:18,854 EXP - __main__.Logger.exp:
a takes action: peek(['a'])
b takes action: peek(['b'])
a takes action: flip_up(['a', 'c1'])
b takes action: stay(['b'])
a takes action: return(['a'])
b takes action: flip_down(['b', 'c1'])
Steps: 6
Time cost: 0.063316s
2025-10-12 19:01:18,918 EXP - __main__.Logger.exp:
a takes action: peek(['a'])
b takes action: peek(['b'])
a takes action: flip_up(['a', 'c1'])
b takes action: stay(['b'])
a takes action: return(['a'])
b takes action: flip_down(['b', 'c1'])
Steps: 6
Time cost: 0.063468s
2025-10-12 19:01:18,982 EXP - __main__.Logger.exp:
a takes action: peek(['a'])
b takes action: peek(['b'])
a takes action: flip_up(['a', 'c1'])
b takes action: stay(['b'])
a takes action: return(['a'])
b takes action: flip_down(['b', 'c1'])
Steps: 6
Time cost: 0.063200s
2025-10-12 19:01:19,049 EXP - __main__.Logger.exp:
a takes action: peek(['a'])
b takes action: peek(['b'])
a takes action: flip_up(['a', 'c1'])
b takes action: stay(['b'])
a takes action: return(['a'])
b takes action: flip_down(['b', 'c1'])
Steps: 6
Time cost: 0.066736s
2025-10-12 19:01:19,113 EXP - __main__.Logger.exp:
a takes action: peek(['a'])
b takes action: peek(['b'])
a takes action: flip_up(['a', 'c1'])
b takes action: stay(['b'])
a takes action: return(['a'])
b takes action: flip_down(['b', 'c1'])
Steps: 6
Time cost: 0.063553s
2025-10-12 19:01:19,177 EXP - __main__.Logger.exp:
a takes action: peek(['a'])
b takes action: peek(['b'])
a takes action: flip_up(['a', 'c1'])
b takes action: stay(['b'])
a takes action: return(['a'])
b takes action: flip_down(['b', 'c1'])
Steps: 6
Time cost: 0.063393s
2025-10-12 19:01:19,241 EXP - __main__.Logger.exp:
a takes action: peek(['a'])
b takes action: peek(['b'])
a takes action: flip_up(['a', 'c1'])
b takes action: stay(['b'])
a takes action: return(['a'])
b takes action: flip_down(['b', 'c1'])
Steps: 6
Time cost: 0.063482s
2025-10-12 19:01:19,304 EXP - __main__.Logger.exp:
a takes action: peek(['a'])
b takes action: peek(['b'])
a takes action: flip_up(['a', 'c1'])
b takes action: stay(['b'])
a takes action: return(['a'])
b takes action: flip_down(['b', 'c1'])
Steps: 6
Time cost: 0.063161s
2025-10-12 19:01:19,368 EXP - __main__.Logger.exp:
a takes action: peek(['a'])
b takes action: peek(['b'])
a takes action: flip_up(['a', 'c1'])
b takes action: stay(['b'])
a takes action: return(['a'])
b takes action: flip_down(['b', 'c1'])
Steps: 6
Time cost: 0.063204s
2025-10-12 19:01:19,442 EXP - __main__.Logger.exp:
a takes action: peek(['a'])
b takes action: peek(['b'])
a takes action: flip_up(['a', 'c1'])
b takes action: stay(['b'])
a takes action: return(['a'])
b takes action: flip_down(['b', 'c1'])
Steps: 6
Time cost: 0.073626s
2025-10-12 19:01:19,506 EXP - __main__.Logger.exp:
a takes action: peek(['a'])
b takes action: peek(['b'])
a takes action: flip_up(['a', 'c1'])
b takes action: stay(['b'])
a takes action: return(['a'])
b takes action: flip_down(['b', 'c1'])
Steps: 6
Time cost: 0.063546s
2025-10-12 19:01:19,570 EXP - __main__.Logger.exp:
a takes action: peek(['a'])
b takes action: peek(['b'])
a takes action: flip_up(['a', 'c1'])
b takes action: stay(['b'])
a takes action: return(['a'])
b takes action: flip_down(['b', 'c1'])
Steps: 6
Time cost: 0.063261s
2025-10-12 19:01:19,634 EXP - __main__.Logger.exp:
a takes action: peek(['a'])
b takes action: peek(['b'])
a takes action: flip_up(['a', 'c1'])
b takes action: stay(['b'])
a takes action: return(['a'])
b takes action: flip_down(['b', 'c1'])
Steps: 6
Time cost: 0.064122s
2025-10-12 19:01:19,698 EXP - __main__.Logger.exp:
a takes action: peek(['a'])
b takes action: peek(['b'])
a takes action: flip_up(['a', 'c1'])
b takes action: stay(['b'])
a takes action: return(['a'])
b takes action: flip_down(['b', 'c1'])
Steps: 6
Time cost: 0.063388s
2025-10-12 19:01:19,762 EXP - __main__.Logger.exp:
a takes action: peek(['a'])
b takes action: peek(['b'])
a takes action: flip_up(['a', 'c1'])
b takes action: stay(['b'])
a takes action: return(['a'])
b takes action: flip_down(['b', 'c1'])
Steps: 6
Time cost: 0.063673s
2025-10-12 19:01:19,826 EXP - __main__.Logger.exp:
a takes action: peek(['a'])
b takes action: peek(['b'])
a takes action: flip_up(['a', 'c1'])
b takes action: stay(['b'])
a takes action: return(['a'])
b takes action: flip_down(['b', 'c1'])
Steps: 6
Time cost: 0.063070s
2025-10-12 19:01:19,890 EXP - __main__.Logger.exp:
a takes action: peek(['a'])
b takes action: peek(['b'])
a takes action: flip_up(['a', 'c1'])
b takes action: stay(['b'])
a takes action: return(['a'])
b takes action: flip_down(['b', 'c1'])
Steps: 6
Time cost: 0.064009s
2025-10-12 19:01:19,954 EXP - __main__.Logger.exp:
a takes action: peek(['a'])
b takes action: peek(['b'])
a takes action: flip_up(['a', 'c1'])
b takes action: stay(['b'])
a takes action: return(['a'])
b takes action: flip_down(['b', 'c1'])
Steps: 6
Time cost: 0.063221s
2025-10-12 19:01:20,018 EXP - __main__.Logger.exp:
a takes action: peek(['a'])
b takes action: peek(['b'])
a takes action: flip_up(['a', 'c1'])
b takes action: stay(['b'])
a takes action: return(['a'])
b takes action: flip_down(['b', 'c1'])
Steps: 6
Time cost: 0.063883s
2025-10-12 19:01:20,082 EXP - __main__.Logger.exp:
a takes action: peek(['a'])
b takes action: peek(['b'])
a takes action: flip_up(['a', 'c1'])
b takes action: stay(['b'])
a takes action: return(['a'])
b takes action: flip_down(['b', 'c1'])
Steps: 6
Time cost: 0.063388s
2025-10-12 19:01:20,148 EXP - __main__.Logger.exp:
a takes action: peek(['a'])
b takes action: peek(['b'])
a takes action: flip_up(['a', 'c1'])
b takes action: stay(['b'])
a takes action: return(['a'])
b takes action: flip_down(['b', 'c1'])
Steps: 6
Time cost: 0.065208s
2025-10-12 19:01:20,212 EXP - __main__.Logger.exp:
a takes action: peek(['a'])
b takes action: peek(['b'])
a takes action: flip_up(['a', 'c1'])
b takes action: stay(['b'])
a takes action: return(['a'])
b takes action: flip_down(['b', 'c1'])
Steps: 6
Time cost: 0.063554s
2025-10-12 19:01:20,276 EXP - __main__.Logger.exp:
a takes action: peek(['a'])
b takes action: peek(['b'])
a takes action: flip_up(['a', 'c1'])
b takes action: stay(['b'])
a takes action: return(['a'])
b takes action: flip_down(['b', 'c1'])
Steps: 6
Time cost: 0.063678s
2025-10-12 19:01:20,340 EXP - __main__.Logger.exp:
a takes action: peek(['a'])
b takes action: peek(['b'])
a takes action: flip_up(['a', 'c1'])
b takes action: stay(['b'])
a takes action: return(['a'])
b takes action: flip_down(['b', 'c1'])
Steps: 6
Time cost: 0.063767s
2025-10-12 19:01:20,404 EXP - __main__.Logger.exp:
a takes action: peek(['a'])
b takes action: peek(['b'])
a takes action: flip_up(['a', 'c1'])
b takes action: stay(['b'])
a takes action: return(['a'])
b takes action: flip_down(['b', 'c1'])
Steps: 6
Time cost: 0.063347s
2025-10-12 19:01:20,468 EXP - __main__.Logger.exp:
a takes action: peek(['a'])
b takes action: peek(['b'])
a takes action: flip_up(['a', 'c1'])
b takes action: stay(['b'])
a takes action: return(['a'])
b takes action: flip_down(['b', 'c1'])
Steps: 6
Time cost: 0.063733s
2025-10-12 19:01:20,532 EXP - __main__.Logger.exp:
a takes action: peek(['a'])
b takes action: peek(['b'])
a takes action: flip_up(['a', 'c1'])
b takes action: stay(['b'])
a takes action: return(['a'])
b takes action: flip_down(['b', 'c1'])
Steps: 6
Time cost: 0.063591s
2025-10-12 19:01:20,596 EXP - __main__.Logger.exp:
a takes action: peek(['a'])
b takes action: peek(['b'])
a takes action: flip_up(['a', 'c1'])
b takes action: stay(['b'])
a takes action: return(['a'])
b takes action: flip_down(['b', 'c1'])
Steps: 6
Time cost: 0.063299s
2025-10-12 19:01:20,660 EXP - __main__.Logger.exp:
a takes action: peek(['a'])
b takes action: peek(['b'])
a takes action: flip_up(['a', 'c1'])
b takes action: stay(['b'])
a takes action: return(['a'])
b takes action: flip_down(['b', 'c1'])
Steps: 6
Time cost: 0.063451s
2025-10-12 19:01:20,724 EXP - __main__.Logger.exp:
a takes action: peek(['a'])
b takes action: peek(['b'])
a takes action: flip_up(['a', 'c1'])
b takes action: stay(['b'])
a takes action: return(['a'])
b takes action: flip_down(['b', 'c1'])
Steps: 6
Time cost: 0.063653s
2025-10-12 19:01:20,787 EXP - __main__.Logger.exp:
a takes action: peek(['a'])
b takes action: peek(['b'])
a takes action: flip_up(['a', 'c1'])
b takes action: stay(['b'])
a takes action: return(['a'])
b takes action: flip_down(['b', 'c1'])
Steps: 6
Time cost: 0.063375s
2025-10-12 19:01:20,852 EXP - __main__.Logger.exp:
a takes action: peek(['a'])
b takes action: peek(['b'])
a takes action: flip_up(['a', 'c1'])
b takes action: stay(['b'])
a takes action: return(['a'])
b takes action: flip_down(['b', 'c1'])
Steps: 6
Time cost: 0.063745s
2025-10-12 19:01:20,916 EXP - __main__.Logger.exp:
a takes action: peek(['a'])
b takes action: peek(['b'])
a takes action: flip_up(['a', 'c1'])
b takes action: stay(['b'])
a takes action: return(['a'])
b takes action: flip_down(['b', 'c1'])
Steps: 6
Time cost: 0.063664s
2025-10-12 19:01:20,980 EXP - __main__.Logger.exp:
a takes action: peek(['a'])
b takes action: peek(['b'])
a takes action: flip_up(['a', 'c1'])
b takes action: stay(['b'])
a takes action: return(['a'])
b takes action: flip_down(['b', 'c1'])
Steps: 6
Time cost: 0.063755s
2025-10-12 19:01:21,044 EXP - __main__.Logger.exp:
a takes action: peek(['a'])
b takes action: peek(['b'])
a takes action: flip_up(['a', 'c1'])
b takes action: stay(['b'])
a takes action: return(['a'])
b takes action: flip_down(['b', 'c1'])
Steps: 6
Time cost: 0.063587s
2025-10-12 19:01:21,044 EXP - __main__.Logger.exp:
Avg Steps: 6.0
Avg Time: 0.063725s
