2025-10-12 19:01:14,939 EXP - __main__.Logger.exp:
a takes action: peek(['a'])
b takes action: peek(['b'])
a takes action: flip_up(['a', 'c1'])
b takes action: stay(['b'])
a takes action: return(['a'])
b takes action: flip_down(['b', 'c1'])
Steps: 6
Time cost: 0.063997s
2025-10-12 19:01:15,005 EXP - __main__.Logger.exp:
a takes action: peek(['a'])
b takes action: peek(['b'])
a takes action: flip_up(['a', 'c1'])
b takes action: stay(['b'])
a takes action: return(['a'])
b takes action: flip_down(['b', 'c1'])
Steps: 6
Time cost: 0.064860s
2025-10-12 19:01:15,069 EXP - __main__.Logger.exp:
a takes action: peek(['a'])
b takes action: peek(['b'])
a takes action: flip_up(['a', 'c1'])
b takes action: stay(['b'])
a takes action: return(['a'])
b takes action: flip_down(['b', 'c1'])
Steps: 6
Time cost: 0.064177s
2025-10-12 19:01:15,134 EXP - __main__.Logger.exp:
a takes action: peek(['a'])
b takes action: peek(['b'])
a takes action: flip_up(['a', 'c1'])
b takes action: stay(['b'])
a takes action: return(['a'])
b takes action: flip_down(['b', 'c1'])
Steps: 6
Time cost: 0.064045s
2025-10-12 19:01:15,198 EXP - __main__.Logger.exp:
a takes action: peek(['a'])
b takes action: peek(['b'])
a takes action: flip_up(['a', 'c1'])
b takes action: stay(['b'])
a takes action: return(['a'])
b takes action: flip_down(['b', 'c1'])
Steps: 6
Time cost: 0.063466s
2025-10-12 19:01:15,262 EXP - __main__.Logger.exp:
a takes action: peek(['a'])
b takes action: peek(['b'])
a takes action: flip_up(['a', 'c1'])
b takes action: stay(['b'])
a takes action: return(['a'])
b takes action: flip_down(['b', 'c1'])
Steps: 6
Time cost: 0.063409s
2025-10-12 19:01:15,327 EXP - __main__.Logger.exp:
a takes action: peek(['a'])
b takes action: peek(['b'])
a takes action: flip_up(['a', 'c1'])
b takes action: stay(['b'])
a takes action: return(['a'])
b takes action: flip_down(['b', 'c1'])
Steps: 6
Time cost: 0.064299s
2025-10-12 19:01:15,390 EXP - __main__.Logger.exp:
a takes action: peek(['a'])
b takes action: peek(['b'])
a takes action: flip_up(['a', 'c1'])
b takes action: stay(['b'])
a takes action: return(['a'])
b takes action: flip_down(['b', 'c1'])
Steps: 6
Time cost: 0.063008s
2025-10-12 19:01:15,454 EXP - __main__.Logger.exp:
a takes action: peek(['a'])
b takes action: peek(['b'])
a takes action: flip_up(['a', 'c1'])
b takes action: stay(['b'])
a takes action: return(['a'])
b takes action: flip_down(['b', 'c1'])
Steps: 6
Time cost: 0.063298s
2025-10-12 19:01:15,518 EXP - __main__.Logger.exp:
a takes action: peek(['a'])
b takes action: peek(['b'])
a takes action: flip_up(['a', 'c1'])
b takes action: stay(['b'])
a takes action: return(['a'])
b takes action: flip_down(['b', 'c1'])
Steps: 6
Time cost: 0.063957s
2025-10-12 19:01:15,583 EXP - __main__.Logger.exp:
a takes action: peek(['a'])
b takes action: peek(['b'])
a takes action: flip_up(['a', 'c1'])
b takes action: stay(['b'])
a takes action: return(['a'])
b takes action: flip_down(['b', 'c1'])
Steps: 6
Time cost: 0.064020s
2025-10-12 19:01:15,647 EXP - __main__.Logger.exp:
a takes action: peek(['a'])
b takes action: peek(['b'])
a takes action: flip_up(['a', 'c1'])
b takes action: stay(['b'])
a takes action: return(['a'])
b takes action: flip_down(['b', 'c1'])
Steps: 6
Time cost: 0.063768s
2025-10-12 19:01:15,711 EXP - __main__.Logger.exp:
a takes action: peek(['a'])
b takes action: peek(['b'])
a takes action: flip_up(['a', 'c1'])
b takes action: stay(['b'])
a takes action: return(['a'])
b takes action: flip_down(['b', 'c1'])
Steps: 6
Time cost: 0.063578s
2025-10-12 19:01:15,774 EXP - __main__.Logger.exp:
a takes action: peek(['a'])
b takes action: peek(['b'])
a takes action: flip_up(['a', 'c1'])
b takes action: stay(['b'])
a takes action: return(['a'])
b takes action: flip_down(['b', 'c1'])
Steps: 6
Time cost: 0.063192s
2025-10-12 19:01:15,839 EXP - __main__.Logger.exp:
a takes action: peek(['a'])
b takes action: peek(['b'])
a takes action: flip_up(['a', 'c1'])
b takes action: stay(['b'])
a takes action: return(['a'])
b takes action: flip_down(['b', 'c1'])
Steps: 6
Time cost: 0.063902s
2025-10-12 19:01:15,902 EXP - __main__.Logger.exp:
a takes action: peek(['a'])
b takes action: peek(['b'])
a takes action: flip_up(['a', 'c1'])
b takes action: stay(['b'])
a takes action: return(['a'])
b takes action: flip_down(['b', 'c1'])
Steps: 6
Time cost: 0.063246s
2025-10-12 19:01:15,966 EXP - __main__.Logger.exp:
a takes action: peek(['a'])
b takes action: peek(['b'])
a takes action: flip_up(['a', 'c1'])
b takes action: stay(['b'])
a takes action: return(['a'])
b takes action: flip_down(['b', 'c1'])
Steps: 6
Time cost: 0.063170s
2025-10-12 19:01:16,030 EXP - __main__.Logger.exp:
a takes action: peek(['a'])
b takes action: peek(['b'])
a takes action: flip_up(['a', 'c1'])
b takes action: stay(['b'])
a takes action: return(['a'])
b takes action: flip_down(['b', 'c1'])
Steps: 6
Time cost: 0.063325s
2025-10-12 19:01:16,095 EXP - __main__.Logger.exp:
a takes action: peek(['a'])
b takes action: peek(['b'])
a takes action: flip_up(['a', 'c1'])
b takes action: stay(['b'])
a takes action: return(['a'])
b takes action: flip_down(['b', 'c1'])
Steps: 6
Time cost: 0.065128s
2025-10-12 19:01:16,160 EXP - __main__.Logger.exp:
a takes action: peek(['a'])
b takes action: peek(['b'])
a takes action: flip_up(['a', 'c1'])
b takes action: stay(['b'])
a takes action: return(['a'])
b takes action: flip_down(['b', 'c1'])
Steps: 6
Time cost: 0.064622s
2025-10-12 19:01:16,225 EXP - __main__.Logger.exp:
a takes action: peek(['a'])
b takes action: peek(['b'])
a takes action: flip_up(['a', 'c1'])
b takes action: stay(['b'])
a takes action: return(['a'])
b takes action: flip_down(['b', 'c1'])
Steps: 6
Time cost: 0.064413s
2025-10-12 19:01:16,290 EXP - __main__.Logger.exp:
a takes action: peek(['a'])
b takes action: peek(['b'])
a takes action: flip_up(['a', 'c1'])
b takes action: stay(['b'])
a takes action: return(['a'])
b takes action: flip_down(['b', 'c1'])
Steps: 6
Time cost: 0.064291s
2025-10-12 19:01:16,354 EXP - __main__.Logger.exp:
a takes action: peek(['a'])
b takes action: peek(['b'])
a takes action: flip_up(['a', 'c1'])
b takes action: stay(['b'])
a takes action: return(['a'])
b takes action: flip_down(['b', 'c1'])
Steps: 6
Time cost: 0.063740s
2025-10-12 19:01:16,418 EXP - __main__.Logger.exp:
a takes action: peek(['a'])
b takes action: peek(['b'])
a takes action: flip_up(['a', 'c1'])
b takes action: stay(['b'])
a takes action: return(['a'])
b takes action: flip_down(['b', 'c1'])
Steps: 6
Time cost: 0.063592s
2025-10-12 19:01:16,482 EXP - __main__.Logger.exp:
a takes action: peek(['a'])
b takes action: peek(['b'])
a takes action: flip_up(['a', 'c1'])
b takes action: stay(['b'])
a takes action: return(['a'])
b takes action: flip_down(['b', 'c1'])
Steps: 6
Time cost: 0.063663s
2025-10-12 19:01:16,546 EXP - __main__.Logger.exp:
a takes action: peek(['a'])
b takes action: peek(['b'])
a takes action: flip_up(['a', 'c1'])
b takes action: stay(['b'])
a takes action: return(['a'])
b takes action: flip_down(['b', 'c1'])
Steps: 6
Time cost: 0.063511s
2025-10-12 19:01:16,611 EXP - __main__.Logger.exp:
a takes action: peek(['a'])
b takes action: peek(['b'])
a takes action: flip_up(['a', 'c1'])
b takes action: stay(['b'])
a takes action: return(['a'])
b takes action: flip_down(['b', 'c1'])
Steps: 6
Time cost: 0.063784s
2025-10-12 19:01:16,675 EXP - __main__.Logger.exp:
a takes action: peek(['a'])
b takes action: peek(['b'])
a takes action: flip_up(['a', 'c1'])
b takes action: stay(['b'])
a takes action: return(['a'])
b takes action: flip_down(['b', 'c1'])
Steps: 6
Time cost: 0.063856s
2025-10-12 19:01:16,739 EXP - __main__.Logger.exp:
a takes action: peek(['a'])
b takes action: peek(['b'])
a takes action: flip_up(['a', 'c1'])
b takes action: stay(['b'])
a takes action: return(['a'])
b takes action: flip_down(['b', 'c1'])
Steps: 6
Time cost: 0.064154s
2025-10-12 19:01:16,804 EXP - __main__.Logger.exp:
a takes action: peek(['a'])
b takes action: peek(['b'])
a takes action: flip_up(['a', 'c1'])
b takes action: stay(['b'])
a takes action: return(['a'])
b takes action: flip_down(['b', 'c1'])
Steps: 6
Time cost: 0.064095s
2025-10-12 19:01:16,868 EXP - __main__.Logger.exp:
a takes action: peek(['a'])
b takes action: peek(['b'])
a takes action: flip_up(['a', 'c1'])
b takes action: stay(['b'])
a takes action: return(['a'])
b takes action: flip_down(['b', 'c1'])
Steps: 6
Time cost: 0.063895s
2025-10-12 19:01:16,933 EXP - __main__.Logger.exp:
a takes action: peek(['a'])
b takes action: peek(['b'])
a takes action: flip_up(['a', 'c1'])
b takes action: stay(['b'])
a takes action: return(['a'])
b takes action: flip_down(['b', 'c1'])
Steps: 6
Time cost: 0.063797s
2025-10-12 19:01:16,996 EXP - __main__.Logger.exp:
a takes action: peek(['a'])
b takes action: peek(['b'])
a takes action: flip_up(['a', 'c1'])
b takes action: stay(['b'])
a takes action: return(['a'])
b takes action: flip_down(['b', 'c1'])
Steps: 6
Time cost: 0.063393s
2025-10-12 19:01:17,061 EXP - __main__.Logger.exp:
a takes action: peek(['a'])
b takes action: peek(['b'])
a takes action: flip_up(['a', 'c1'])
b takes action: stay(['b'])
a takes action: return(['a'])
b takes action: flip_down(['b', 'c1'])
Steps: 6
Time cost: 0.063737s
2025-10-12 19:01:17,125 EXP - __main__.Logger.exp:
a takes action: peek(['a'])
b takes action: peek(['b'])
a takes action: flip_up(['a', 'c1'])
b takes action: stay(['b'])
a takes action: return(['a'])
b takes action: flip_down(['b', 'c1'])
Steps: 6
Time cost: 0.063543s
2025-10-12 19:01:17,189 EXP - __main__.Logger.exp:
a takes action: peek(['a'])
b takes action: peek(['b'])
a takes action: flip_up(['a', 'c1'])
b takes action: stay(['b'])
a takes action: return(['a'])
b takes action: flip_down(['b', 'c1'])
Steps: 6
Time cost: 0.064109s
2025-10-12 19:01:17,254 EXP - __main__.Logger.exp:
a takes action: peek(['a'])
b takes action: peek(['b'])
a takes action: flip_up(['a', 'c1'])
b takes action: stay(['b'])
a takes action: return(['a'])
b takes action: flip_down(['b', 'c1'])
Steps: 6
Time cost: 0.064135s
2025-10-12 19:01:17,318 EXP - __main__.Logger.exp:
a takes action: peek(['a'])
b takes action: peek(['b'])
a takes action: flip_up(['a', 'c1'])
b takes action: stay(['b'])
a takes action: return(['a'])
b takes action: flip_down(['b', 'c1'])
Steps: 6
Time cost: 0.064309s
2025-10-12 19:01:17,383 EXP - __main__.Logger.exp:
a takes action: peek(['a'])
b takes action: peek(['b'])
a takes action: flip_up(['a', 'c1'])
b takes action: stay(['b'])
a takes action: return(['a'])
b takes action: flip_down(['b', 'c1'])
Steps: 6
Time cost: 0.064350s
2025-10-12 19:01:17,450 EXP - __main__.Logger.exp:
a takes action: peek(['a'])
b takes action: peek(['b'])
a takes action: flip_up(['a', 'c1'])
b takes action: stay(['b'])
a takes action: return(['a'])
b takes action: flip_down(['b', 'c1'])
Steps: 6
Time cost: 0.065901s
2025-10-12 19:01:17,514 EXP - __main__.Logger.exp:
a takes action: peek(['a'])
b takes action: peek(['b'])
a takes action: flip_up(['a', 'c1'])
b takes action: stay(['b'])
a takes action: return(['a'])
b takes action: flip_down(['b', 'c1'])
Steps: 6
Time cost: 0.063862s
2025-10-12 19:01:17,578 EXP - __main__.Logger.exp:
a takes action: peek(['a'])
b takes action: peek(['b'])
a takes action: flip_up(['a', 'c1'])
b takes action: stay(['b'])
a takes action: return(['a'])
b takes action: flip_down(['b', 'c1'])
Steps: 6
Time cost: 0.064070s
2025-10-12 19:01:17,643 EXP - __main__.Logger.exp:
a takes action: peek(['a'])
b takes action: peek(['b'])
a takes action: flip_up(['a', 'c1'])
b takes action: stay(['b'])
a takes action: return(['a'])
b takes action: flip_down(['b', 'c1'])
Steps: 6
Time cost: 0.063702s
2025-10-12 19:01:17,707 EXP - __main__.Logger.exp:
a takes action: peek(['a'])
b takes action: peek(['b'])
a takes action: flip_up(['a', 'c1'])
b takes action: stay(['b'])
a takes action: return(['a'])
b takes action: flip_down(['b', 'c1'])
Steps: 6
Time cost: 0.064187s
2025-10-12 19:01:17,772 EXP - __main__.Logger.exp:
a takes action: peek(['a'])
b takes action: peek(['b'])
a takes action: flip_up(['a', 'c1'])
b takes action: stay(['b'])
a takes action: return(['a'])
b takes action: flip_down(['b', 'c1'])
Steps: 6
Time cost: 0.064047s
2025-10-12 19:01:17,836 EXP - __main__.Logger.exp:
a takes action: peek(['a'])
b takes action: peek(['b'])
a takes action: flip_up(['a', 'c1'])
b takes action: stay(['b'])
a takes action: return(['a'])
b takes action: flip_down(['b', 'c1'])
Steps: 6
Time cost: 0.064306s
2025-10-12 19:01:17,902 EXP - __main__.Logger.exp:
a takes action: peek(['a'])
b takes action: peek(['b'])
a takes action: flip_up(['a', 'c1'])
b takes action: stay(['b'])
a takes action: return(['a'])
b takes action: flip_down(['b', 'c1'])
Steps: 6
Time cost: 0.064893s
2025-10-12 19:01:17,967 EXP - __main__.Logger.exp:
a takes action: peek(['a'])
b takes action: peek(['b'])
a takes action: flip_up(['a', 'c1'])
b takes action: stay(['b'])
a takes action: return(['a'])
b takes action: flip_down(['b', 'c1'])
Steps: 6
Time cost: 0.065030s
2025-10-12 19:01:18,032 EXP - __main__.Logger.exp:
a takes action: peek(['a'])
b takes action: peek(['b'])
a takes action: flip_up(['a', 'c1'])
b takes action: stay(['b'])
a takes action: return(['a'])
b takes action: flip_down(['b', 'c1'])
Steps: 6
Time cost: 0.064125s
2025-10-12 19:01:18,097 EXP - __main__.Logger.exp:
a takes action: peek(['a'])
b takes action: peek(['b'])
a takes action: flip_up(['a', 'c1'])
b takes action: stay(['b'])
a takes action: return(['a'])
b takes action: flip_down(['b', 'c1'])
Steps: 6
Time cost: 0.064262s
2025-10-12 19:01:18,161 EXP - __main__.Logger.exp:
a takes action: peek(['a'])
b takes action: peek(['b'])
a takes action: flip_up(['a', 'c1'])
b takes action: stay(['b'])
a takes action: return(['a'])
b takes action: flip_down(['b', 'c1'])
Steps: 6
Time cost: 0.063921s
2025-10-12 19:01:18,226 EXP - __main__.Logger.exp:
a takes action: peek(['a'])
b takes action: peek(['b'])
a takes action: flip_up(['a', 'c1'])
b takes action: stay(['b'])
a takes action: return(['a'])
b takes action: flip_down(['b', 'c1'])
Steps: 6
Time cost: 0.064279s
2025-10-12 19:01:18,290 EXP - __main__.Logger.exp:
a takes action: peek(['a'])
b takes action: peek(['b'])
a takes action: flip_up(['a', 'c1'])
b takes action: stay(['b'])
a takes action: return(['a'])
b takes action: flip_down(['b', 'c1'])
Steps: 6
Time cost: 0.063868s
2025-10-12 19:01:18,355 EXP - __main__.Logger.exp:
a takes action: peek(['a'])
b takes action: peek(['b'])
a takes action: flip_up(['a', 'c1'])
b takes action: stay(['b'])
a takes action: return(['a'])
b takes action: flip_down(['b', 'c1'])
Steps: 6
Time cost: 0.064157s
2025-10-12 19:01:18,419 EXP - __main__.Logger.exp:
a takes action: peek(['a'])
b takes action: peek(['b'])
a takes action: flip_up(['a', 'c1'])
b takes action: stay(['b'])
a takes action: return(['a'])
b takes action: flip_down(['b', 'c1'])
Steps: 6
Time cost: 0.064369s
2025-10-12 19:01:18,484 EXP - __main__.Logger.exp:
a takes action: peek(['a'])
b takes action: peek(['b'])
a takes action: flip_up(['a', 'c1'])
b takes action: stay(['b'])
a takes action: return(['a'])
b takes action: flip_down(['b', 'c1'])
Steps: 6
Time cost: 0.064344s
2025-10-12 19:01:18,549 EXP - __main__.Logger.exp:
a takes action: peek(['a'])
b takes action: peek(['b'])
a takes action: flip_up(['a', 'c1'])
b takes action: stay(['b'])
a takes action: return(['a'])
b takes action: flip_down(['b', 'c1'])
Steps: 6
Time cost: 0.063793s
2025-10-12 19:01:18,613 EXP - __main__.Logger.exp:
a takes action: peek(['a'])
b takes action: peek(['b'])
a takes action: flip_up(['a', 'c1'])
b takes action: stay(['b'])
a takes action: return(['a'])
b takes action: flip_down(['b', 'c1'])
Steps: 6
Time cost: 0.063775s
2025-10-12 19:01:18,677 EXP - __main__.Logger.exp:
a takes action: peek(['a'])
b takes action: peek(['b'])
a takes action: flip_up(['a', 'c1'])
b takes action: stay(['b'])
a takes action: return(['a'])
b takes action: flip_down(['b', 'c1'])
Steps: 6
Time cost: 0.063868s
2025-10-12 19:01:18,741 EXP - __main__.Logger.exp:
a takes action: peek(['a'])
b takes action: peek(['b'])
a takes action: flip_up(['a', 'c1'])
b takes action: stay(['b'])
a takes action: return(['a'])
b takes action: flip_down(['b', 'c1'])
Steps: 6
Time cost: 0.063742s
2025-10-12 19:01:18,806 EXP - __main__.Logger.exp:
a takes action: peek(['a'])
b takes action: peek(['b'])
a takes action: flip_up(['a', 'c1'])
b takes action: stay(['b'])
a takes action: return(['a'])
b takes action: flip_down(['b', 'c1'])
Steps: 6
Time cost: 0.063996s
2025-10-12 19:01:18,870 EXP - __main__.Logger.exp:
a takes action: peek(['a'])
b takes action: peek(['b'])
a takes action: flip_up(['a', 'c1'])
b takes action: stay(['b'])
a takes action: return(['a'])
b takes action: flip_down(['b', 'c1'])
Steps: 6
Time cost: 0.063742s
2025-10-12 19:01:18,934 EXP - __main__.Logger.exp:
a takes action: peek(['a'])
b takes action: peek(['b'])
a takes action: flip_up(['a', 'c1'])
b takes action: stay(['b'])
a takes action: return(['a'])
b takes action: flip_down(['b', 'c1'])
Steps: 6
Time cost: 0.063547s
2025-10-12 19:01:18,999 EXP - __main__.Logger.exp:
a takes action: peek(['a'])
b takes action: peek(['b'])
a takes action: flip_up(['a', 'c1'])
b takes action: stay(['b'])
a takes action: return(['a'])
b takes action: flip_down(['b', 'c1'])
Steps: 6
Time cost: 0.065149s
2025-10-12 19:01:19,066 EXP - __main__.Logger.exp:
a takes action: peek(['a'])
b takes action: peek(['b'])
a takes action: flip_up(['a', 'c1'])
b takes action: stay(['b'])
a takes action: return(['a'])
b takes action: flip_down(['b', 'c1'])
Steps: 6
Time cost: 0.065940s
2025-10-12 19:01:19,130 EXP - __main__.Logger.exp:
a takes action: peek(['a'])
b takes action: peek(['b'])
a takes action: flip_up(['a', 'c1'])
b takes action: stay(['b'])
a takes action: return(['a'])
b takes action: flip_down(['b', 'c1'])
Steps: 6
Time cost: 0.063935s
2025-10-12 19:01:19,194 EXP - __main__.Logger.exp:
a takes action: peek(['a'])
b takes action: peek(['b'])
a takes action: flip_up(['a', 'c1'])
b takes action: stay(['b'])
a takes action: return(['a'])
b takes action: flip_down(['b', 'c1'])
Steps: 6
Time cost: 0.063820s
2025-10-12 19:01:19,259 EXP - __main__.Logger.exp:
a takes action: peek(['a'])
b takes action: peek(['b'])
a takes action: flip_up(['a', 'c1'])
b takes action: stay(['b'])
a takes action: return(['a'])
b takes action: flip_down(['b', 'c1'])
Steps: 6
Time cost: 0.063910s
2025-10-12 19:01:19,323 EXP - __main__.Logger.exp:
a takes action: peek(['a'])
b takes action: peek(['b'])
a takes action: flip_up(['a', 'c1'])
b takes action: stay(['b'])
a takes action: return(['a'])
b takes action: flip_down(['b', 'c1'])
Steps: 6
Time cost: 0.064088s
2025-10-12 19:01:19,388 EXP - __main__.Logger.exp:
a takes action: peek(['a'])
b takes action: peek(['b'])
a takes action: flip_up(['a', 'c1'])
b takes action: stay(['b'])
a takes action: return(['a'])
b takes action: flip_down(['b', 'c1'])
Steps: 6
Time cost: 0.063859s
2025-10-12 19:01:19,452 EXP - __main__.Logger.exp:
a takes action: peek(['a'])
b takes action: peek(['b'])
a takes action: flip_up(['a', 'c1'])
b takes action: stay(['b'])
a takes action: return(['a'])
b takes action: flip_down(['b', 'c1'])
Steps: 6
Time cost: 0.064270s
2025-10-12 19:01:19,517 EXP - __main__.Logger.exp:
a takes action: peek(['a'])
b takes action: peek(['b'])
a takes action: flip_up(['a', 'c1'])
b takes action: stay(['b'])
a takes action: return(['a'])
b takes action: flip_down(['b', 'c1'])
Steps: 6
Time cost: 0.064013s
2025-10-12 19:01:19,581 EXP - __main__.Logger.exp:
a takes action: peek(['a'])
b takes action: peek(['b'])
a takes action: flip_up(['a', 'c1'])
b takes action: stay(['b'])
a takes action: return(['a'])
b takes action: flip_down(['b', 'c1'])
Steps: 6
Time cost: 0.063852s
2025-10-12 19:01:19,645 EXP - __main__.Logger.exp:
a takes action: peek(['a'])
b takes action: peek(['b'])
a takes action: flip_up(['a', 'c1'])
b takes action: stay(['b'])
a takes action: return(['a'])
b takes action: flip_down(['b', 'c1'])
Steps: 6
Time cost: 0.063854s
2025-10-12 19:01:19,710 EXP - __main__.Logger.exp:
a takes action: peek(['a'])
b takes action: peek(['b'])
a takes action: flip_up(['a', 'c1'])
b takes action: stay(['b'])
a takes action: return(['a'])
b takes action: flip_down(['b', 'c1'])
Steps: 6
Time cost: 0.064111s
2025-10-12 19:01:19,774 EXP - __main__.Logger.exp:
a takes action: peek(['a'])
b takes action: peek(['b'])
a takes action: flip_up(['a', 'c1'])
b takes action: stay(['b'])
a takes action: return(['a'])
b takes action: flip_down(['b', 'c1'])
Steps: 6
Time cost: 0.063859s
2025-10-12 19:01:19,838 EXP - __main__.Logger.exp:
a takes action: peek(['a'])
b takes action: peek(['b'])
a takes action: flip_up(['a', 'c1'])
b takes action: stay(['b'])
a takes action: return(['a'])
b takes action: flip_down(['b', 'c1'])
Steps: 6
Time cost: 0.063876s
2025-10-12 19:01:19,903 EXP - __main__.Logger.exp:
a takes action: peek(['a'])
b takes action: peek(['b'])
a takes action: flip_up(['a', 'c1'])
b takes action: stay(['b'])
a takes action: return(['a'])
b takes action: flip_down(['b', 'c1'])
Steps: 6
Time cost: 0.064190s
2025-10-12 19:01:19,967 EXP - __main__.Logger.exp:
a takes action: peek(['a'])
b takes action: peek(['b'])
a takes action: flip_up(['a', 'c1'])
b takes action: stay(['b'])
a takes action: return(['a'])
b takes action: flip_down(['b', 'c1'])
Steps: 6
Time cost: 0.063832s
2025-10-12 19:01:20,033 EXP - __main__.Logger.exp:
a takes action: peek(['a'])
b takes action: peek(['b'])
a takes action: flip_up(['a', 'c1'])
b takes action: stay(['b'])
a takes action: return(['a'])
b takes action: flip_down(['b', 'c1'])
Steps: 6
Time cost: 0.065428s
2025-10-12 19:01:20,098 EXP - __main__.Logger.exp:
a takes action: peek(['a'])
b takes action: peek(['b'])
a takes action: flip_up(['a', 'c1'])
b takes action: stay(['b'])
a takes action: return(['a'])
b takes action: flip_down(['b', 'c1'])
Steps: 6
Time cost: 0.064547s
2025-10-12 19:01:20,162 EXP - __main__.Logger.exp:
a takes action: peek(['a'])
b takes action: peek(['b'])
a takes action: flip_up(['a', 'c1'])
b takes action: stay(['b'])
a takes action: return(['a'])
b takes action: flip_down(['b', 'c1'])
Steps: 6
Time cost: 0.063738s
2025-10-12 19:01:20,226 EXP - __main__.Logger.exp:
a takes action: peek(['a'])
b takes action: peek(['b'])
a takes action: flip_up(['a', 'c1'])
b takes action: stay(['b'])
a takes action: return(['a'])
b takes action: flip_down(['b', 'c1'])
Steps: 6
Time cost: 0.063794s
2025-10-12 19:01:20,291 EXP - __main__.Logger.exp:
a takes action: peek(['a'])
b takes action: peek(['b'])
a takes action: flip_up(['a', 'c1'])
b takes action: stay(['b'])
a takes action: return(['a'])
b takes action: flip_down(['b', 'c1'])
Steps: 6
Time cost: 0.063967s
2025-10-12 19:01:20,355 EXP - __main__.Logger.exp:
a takes action: peek(['a'])
b takes action: peek(['b'])
a takes action: flip_up(['a', 'c1'])
b takes action: stay(['b'])
a takes action: return(['a'])
b takes action: flip_down(['b', 'c1'])
Steps: 6
Time cost: 0.063964s
2025-10-12 19:01:20,419 EXP - __main__.Logger.exp:
a takes action: peek(['a'])
b takes action: peek(['b'])
a takes action: flip_up(['a', 'c1'])
b takes action: stay(['b'])
a takes action: return(['a'])
b takes action: flip_down(['b', 'c1'])
Steps: 6
Time cost: 0.063800s
2025-10-12 19:01:20,484 EXP - __main__.Logger.exp:
a takes action: peek(['a'])
b takes action: peek(['b'])
a takes action: flip_up(['a', 'c1'])
b takes action: stay(['b'])
a takes action: return(['a'])
b takes action: flip_down(['b', 'c1'])
Steps: 6
Time cost: 0.063915s
2025-10-12 19:01:20,548 EXP - __main__.Logger.exp:
a takes action: peek(['a'])
b takes action: peek(['b'])
a takes action: flip_up(['a', 'c1'])
b takes action: stay(['b'])
a takes action: return(['a'])
b takes action: flip_down(['b', 'c1'])
Steps: 6
Time cost: 0.063951s
2025-10-12 19:01:20,613 EXP - __main__.Logger.exp:
a takes action: peek(['a'])
b takes action: peek(['b'])
a takes action: flip_up(['a', 'c1'])
b takes action: stay(['b'])
a takes action: return(['a'])
b takes action: flip_down(['b', 'c1'])
Steps: 6
Time cost: 0.063843s
2025-10-12 19:01:20,677 EXP - __main__.Logger.exp:
a takes action: peek(['a'])
b takes action: peek(['b'])
a takes action: flip_up(['a', 'c1'])
b takes action: stay(['b'])
a takes action: return(['a'])
b takes action: flip_down(['b', 'c1'])
Steps: 6
Time cost: 0.063900s
2025-10-12 19:01:20,742 EXP - __main__.Logger.exp:
a takes action: peek(['a'])
b takes action: peek(['b'])
a takes action: flip_up(['a', 'c1'])
b takes action: stay(['b'])
a takes action: return(['a'])
b takes action: flip_down(['b', 'c1'])
Steps: 6
Time cost: 0.064384s
2025-10-12 19:01:20,806 EXP - __main__.Logger.exp:
a takes action: peek(['a'])
b takes action: peek(['b'])
a takes action: flip_up(['a', 'c1'])
b takes action: stay(['b'])
a takes action: return(['a'])
b takes action: flip_down(['b', 'c1'])
Steps: 6
Time cost: 0.063805s
2025-10-12 19:01:20,870 EXP - __main__.Logger.exp:
a takes action: peek(['a'])
b takes action: peek(['b'])
a takes action: flip_up(['a', 'c1'])
b takes action: stay(['b'])
a takes action: return(['a'])
b takes action: flip_down(['b', 'c1'])
Steps: 6
Time cost: 0.063984s
2025-10-12 19:01:20,934 EXP - __main__.Logger.exp:
a takes action: peek(['a'])
b takes action: peek(['b'])
a takes action: flip_up(['a', 'c1'])
b takes action: stay(['b'])
a takes action: return(['a'])
b takes action: flip_down(['b', 'c1'])
Steps: 6
Time cost: 0.063557s
2025-10-12 19:01:20,999 EXP - __main__.Logger.exp:
a takes action: peek(['a'])
b takes action: peek(['b'])
a takes action: flip_up(['a', 'c1'])
b takes action: stay(['b'])
a takes action: return(['a'])
b takes action: flip_down(['b', 'c1'])
Steps: 6
Time cost: 0.064027s
2025-10-12 19:01:21,063 EXP - __main__.Logger.exp:
a takes action: peek(['a'])
b takes action: peek(['b'])
a takes action: flip_up(['a', 'c1'])
b takes action: stay(['b'])
a takes action: return(['a'])
b takes action: flip_down(['b', 'c1'])
Steps: 6
Time cost: 0.064014s
2025-10-12 19:01:21,128 EXP - __main__.Logger.exp:
a takes action: peek(['a'])
b takes action: peek(['b'])
a takes action: flip_up(['a', 'c1'])
b takes action: stay(['b'])
a takes action: return(['a'])
b takes action: flip_down(['b', 'c1'])
Steps: 6
Time cost: 0.063948s
2025-10-12 19:01:21,192 EXP - __main__.Logger.exp:
a takes action: peek(['a'])
b takes action: peek(['b'])
a takes action: flip_up(['a', 'c1'])
b takes action: stay(['b'])
a takes action: return(['a'])
b takes action: flip_down(['b', 'c1'])
Steps: 6
Time cost: 0.063852s
2025-10-12 19:01:21,256 EXP - __main__.Logger.exp:
a takes action: peek(['a'])
b takes action: peek(['b'])
a takes action: flip_up(['a', 'c1'])
b takes action: stay(['b'])
a takes action: return(['a'])
b takes action: flip_down(['b', 'c1'])
Steps: 6
Time cost: 0.063994s
2025-10-12 19:01:21,321 EXP - __main__.Logger.exp:
a takes action: peek(['a'])
b takes action: peek(['b'])
a takes action: flip_up(['a', 'c1'])
b takes action: stay(['b'])
a takes action: return(['a'])
b takes action: flip_down(['b', 'c1'])
Steps: 6
Time cost: 0.063989s
2025-10-12 19:01:21,321 EXP - __main__.Logger.exp:
Avg Steps: 6.0
Avg Time: 0.064016s
