2025-12-07 17:11:35,077 ERROR - __main__._.regex_search:
result not found: \(([!=><]=?|>|<) \(([^\)]+)\) \(?(\d|[^\)]+)\){1,2} in 
2025-12-07 17:11:35,078 ERROR - __main__._.regex_search:
result not found: \s+b\[([\w,]+)\]\s(.+)\((.+)\)=\[(.+)\] in         survivor_loc(all)=[all]
        searched(all)=[all]

2025-12-07 17:11:47,077 EXP - __main__.Logger.exp:
a takes action: stay(['a'])
b takes action: move_and_share(['b', 'r3', 'r5'])
a takes action: stay(['a'])
b takes action: move_and_share(['b', 'r5', 'r3'])
a takes action: stay(['a'])
b takes action: move_and_share(['b', 'r3', 'r2'])
a takes action: stay(['a'])
b takes action: move_and_share(['b', 'r2', 'r4'])
a takes action: stay(['a'])
b takes action: move_and_share(['b', 'r4', 'r1'])
a takes action: stay(['a'])
b takes action: move_and_share_survivor(['b', 's1', 'r1', 'r4'])
Steps: 12
Time cost: 11.614066s
Number of Generated Virtual Problems: 18

2025-12-07 17:11:47,077 EXP - __main__.Logger.exp:
Avg Steps: 12.0
Avg Time: 11.614066s
Avg VMS: 18.0

