2025-12-07 17:11:47,143 ERROR - __main__._.regex_search:
result not found: \s+b\[([\w,]+)\]\s(.+)\((.+)\)=\[(.+)\] in         survivor_loc(all)=[all]
        searched(all)=[all]

2025-12-07 17:13:04,025 EXP - __main__.Logger.exp:
a takes action: move_and_share(['a', 'r1', 'r2'])
b takes action: move_and_share(['b', 'r3', 'r6'])
a takes action: move_and_share(['a', 'r2', 'r3'])
b takes action: move_and_share(['b', 'r6', 'r5'])
a takes action: move(['a', 'r3', 'r2'])
b takes action: move_and_share(['b', 'r5', 'r4'])
a takes action: move_and_share(['a', 'r2', 'r1'])
b takes action: move(['b', 'r4', 'r1'])
a takes action: move(['a', 'r1', 'r2'])
b takes action: move_and_share_survivor(['b', 's1', 'r1', 'r4'])
Steps: 10
Time cost: 76.436816s
Number of Generated Virtual Problems: 62

2025-12-07 17:13:04,025 EXP - __main__.Logger.exp:
Avg Steps: 10.0
Avg Time: 76.436816s
Avg VMS: 62.0

