2025-10-24 12:06:37,179 EXP - __main__.Logger.exp:
a takes action: sharing_own_secret(['a', 'as'])
b takes action: sharing_stay(['b'])
a takes action: quiet(['a', 'as'])
b takes action: sharing_own_secret(['b', 'bs'])
Steps: 4
Time cost: 0.048036s
2025-10-24 12:06:37,227 EXP - __main__.Logger.exp:
a takes action: sharing_own_secret(['a', 'as'])
b takes action: sharing_stay(['b'])
a takes action: quiet(['a', 'as'])
b takes action: sharing_own_secret(['b', 'bs'])
Steps: 4
Time cost: 0.046170s
2025-10-24 12:06:37,275 EXP - __main__.Logger.exp:
a takes action: sharing_own_secret(['a', 'as'])
b takes action: sharing_stay(['b'])
a takes action: quiet(['a', 'as'])
b takes action: sharing_own_secret(['b', 'bs'])
Steps: 4
Time cost: 0.047499s
2025-10-24 12:06:37,275 EXP - __main__.Logger.exp:
Avg Steps: 4.0
Avg Time: 0.047235s
