2025-10-23 14:39:18,544 EXP - __main__.Logger.exp:
a takes action: stay(['a'])
b takes action: pick_up(['b', 'i'])
Steps: 2
Time cost: 0.007334s
2025-10-23 14:39:18,552 EXP - __main__.Logger.exp:
a takes action: stay(['a'])
b takes action: pick_up(['b', 'i'])
Steps: 2
Time cost: 0.007159s
2025-10-23 14:39:18,559 EXP - __main__.Logger.exp:
a takes action: stay(['a'])
b takes action: pick_up(['b', 'i'])
Steps: 2
Time cost: 0.007124s
2025-10-23 14:39:18,567 EXP - __main__.Logger.exp:
a takes action: stay(['a'])
b takes action: pick_up(['b', 'i'])
Steps: 2
Time cost: 0.007148s
2025-10-23 14:39:18,575 EXP - __main__.Logger.exp:
a takes action: stay(['a'])
b takes action: pick_up(['b', 'i'])
Steps: 2
Time cost: 0.007221s
2025-10-23 14:39:18,575 EXP - __main__.Logger.exp:
Avg Steps: 2.0
Avg Time: 0.007197s
