2025-10-23 14:39:18,105 EXP - __main__.Logger.exp:
a takes action: stay(['a'])
b takes action: pick_up(['b', 'i'])
Steps: 2
Time cost: 0.007807s
2025-10-23 14:39:18,113 EXP - __main__.Logger.exp:
a takes action: stay(['a'])
b takes action: pick_up(['b', 'i'])
Steps: 2
Time cost: 0.007515s
2025-10-23 14:39:18,122 EXP - __main__.Logger.exp:
a takes action: stay(['a'])
b takes action: pick_up(['b', 'i'])
Steps: 2
Time cost: 0.007532s
2025-10-23 14:39:18,130 EXP - __main__.Logger.exp:
a takes action: stay(['a'])
b takes action: pick_up(['b', 'i'])
Steps: 2
Time cost: 0.007514s
2025-10-23 14:39:18,138 EXP - __main__.Logger.exp:
a takes action: stay(['a'])
b takes action: pick_up(['b', 'i'])
Steps: 2
Time cost: 0.007592s
2025-10-23 14:39:18,138 EXP - __main__.Logger.exp:
Avg Steps: 2.0
Avg Time: 0.007592s
