2025-10-23 14:39:18,198 EXP - __main__.Logger.exp:
a takes action: stay(['a'])
b takes action: pick_up(['b', 'i'])
Steps: 2
Time cost: 0.006935s
2025-10-23 14:39:18,234 EXP - __main__.Logger.exp:
a takes action: pick_up(['a', 'i'])
b takes action: stay(['b'])
a takes action: stay(['a'])
b takes action: move_right_without_item(['b'])
a takes action: move_right_with_item(['a', 'i'])
b takes action: stay(['b'])
a takes action: drop_item(['a', 'i'])
b takes action: pick_up(['b', 'i'])
Steps: 8
Time cost: 0.035245s
2025-10-23 14:39:18,270 EXP - __main__.Logger.exp:
a takes action: pick_up(['a', 'i'])
b takes action: move_right_without_item(['b'])
a takes action: stay(['a'])
b takes action: stay(['b'])
a takes action: drop_item(['a', 'i'])
b takes action: move_left_without_item(['b'])
a takes action: stay(['a'])
b takes action: pick_up(['b', 'i'])
Steps: 8
Time cost: 0.035130s
2025-10-23 14:39:18,284 EXP - __main__.Logger.exp:
a takes action: move_right_without_item(['a'])
b takes action: pick_up(['b', 'i'])
a takes action: move_left_without_item(['a'])
Steps: 3
Time cost: 0.013657s
2025-10-23 14:39:18,292 EXP - __main__.Logger.exp:
a takes action: stay(['a'])
b takes action: pick_up(['b', 'i'])
Steps: 2
Time cost: 0.006831s
2025-10-23 14:39:18,292 EXP - __main__.Logger.exp:
Avg Steps: 4.6
Avg Time: 0.019559s
