2025-10-31 23:21:55,519 EXP - __main__.Logger.exp:
a takes action: stay(['a'])
b takes action: stay(['b'])
c takes action: move(['c', 'r6', 'r5'])
d takes action: move(['d', 'r7', 'r8'])
a takes action: stay(['a'])
b takes action: stay(['b'])
c takes action: move(['c', 'r5', 'r4'])
d takes action: move(['d', 'r8', 'r5'])
a takes action: stay(['a'])
b takes action: stay(['b'])
c takes action: move(['c', 'r4', 'r7'])
d takes action: move(['d', 'r5', 'r6'])
a takes action: stay(['a'])
b takes action: stay(['b'])
c takes action: stay(['c'])
d takes action: stay(['d'])
a takes action: stay(['a'])
b takes action: stay(['b'])
c takes action: stay(['c'])
d takes action: stay(['d'])
a takes action: move(['a', 'r1', 'r4'])
b takes action: move(['b', 'r2', 'r1'])
c takes action: stay(['c'])
d takes action: stay(['d'])
a takes action: move(['a', 'r4', 'r5'])
b takes action: stay(['b'])
c takes action: stay(['c'])
d takes action: stay(['d'])
a takes action: move(['a', 'r5', 'r2'])
Steps: 29
Time cost: 3.825084s
2025-10-31 23:21:59,352 EXP - __main__.Logger.exp:
a takes action: stay(['a'])
b takes action: stay(['b'])
c takes action: move(['c', 'r6', 'r5'])
d takes action: move(['d', 'r7', 'r8'])
a takes action: stay(['a'])
b takes action: stay(['b'])
c takes action: move(['c', 'r5', 'r4'])
d takes action: move(['d', 'r8', 'r5'])
a takes action: stay(['a'])
b takes action: stay(['b'])
c takes action: move(['c', 'r4', 'r7'])
d takes action: move(['d', 'r5', 'r6'])
a takes action: stay(['a'])
b takes action: stay(['b'])
c takes action: stay(['c'])
d takes action: stay(['d'])
a takes action: stay(['a'])
b takes action: stay(['b'])
c takes action: stay(['c'])
d takes action: stay(['d'])
a takes action: move(['a', 'r1', 'r4'])
b takes action: move(['b', 'r2', 'r1'])
c takes action: stay(['c'])
d takes action: stay(['d'])
a takes action: move(['a', 'r4', 'r5'])
b takes action: stay(['b'])
c takes action: stay(['c'])
d takes action: stay(['d'])
a takes action: move(['a', 'r5', 'r2'])
Steps: 29
Time cost: 3.830871s
2025-10-31 23:22:02,460 EXP - __main__.Logger.exp:
a takes action: stay(['a'])
b takes action: stay(['b'])
c takes action: move(['c', 'r6', 'r5'])
d takes action: move(['d', 'r7', 'r8'])
a takes action: stay(['a'])
b takes action: stay(['b'])
c takes action: move(['c', 'r5', 'r4'])
d takes action: move(['d', 'r8', 'r5'])
a takes action: stay(['a'])
b takes action: stay(['b'])
c takes action: move(['c', 'r4', 'r7'])
d takes action: move(['d', 'r5', 'r6'])
a takes action: move(['a', 'r1', 'r4'])
b takes action: move(['b', 'r2', 'r1'])
c takes action: stay(['c'])
d takes action: stay(['d'])
a takes action: move(['a', 'r4', 'r5'])
b takes action: stay(['b'])
c takes action: stay(['c'])
d takes action: stay(['d'])
a takes action: move(['a', 'r5', 'r2'])
Steps: 21
Time cost: 3.106065s
2025-10-31 23:22:02,460 EXP - __main__.Logger.exp:
Avg Steps: 26.333333333333332
Avg Time: 3.587340s
