2025-10-31 23:22:03,288 EXP - __main__.Logger.exp:
a takes action: stay(['a'])
b takes action: move(['b', 'r2', 'r5'])
c takes action: move(['c', 'r6', 'r9'])
d takes action: move(['d', 'r7', 'r4'])
a takes action: move(['a', 'r1', 'r2'])
b takes action: stay(['b'])
c takes action: move(['c', 'r9', 'r8'])
d takes action: stay(['d'])
a takes action: stay(['a'])
b takes action: stay(['b'])
c takes action: move(['c', 'r8', 'r7'])
d takes action: stay(['d'])
a takes action: stay(['a'])
b takes action: move(['b', 'r5', 'r6'])
c takes action: stay(['c'])
d takes action: move(['d', 'r4', 'r5'])
a takes action: stay(['a'])
b takes action: stay(['b'])
c takes action: stay(['c'])
d takes action: move(['d', 'r5', 'r8'])
a takes action: stay(['a'])
b takes action: move(['b', 'r6', 'r5'])
c takes action: stay(['c'])
d takes action: move(['d', 'r8', 'r9'])
a takes action: stay(['a'])
b takes action: move(['b', 'r5', 'r4'])
c takes action: stay(['c'])
d takes action: move(['d', 'r9', 'r6'])
a takes action: stay(['a'])
b takes action: move(['b', 'r4', 'r1'])
Steps: 30
Time cost: 10.977194s
2025-10-31 23:22:06,581 EXP - __main__.Logger.exp:
a takes action: stay(['a'])
b takes action: move(['b', 'r2', 'r5'])
c takes action: move(['c', 'r6', 'r9'])
d takes action: move(['d', 'r7', 'r8'])
a takes action: move(['a', 'r1', 'r2'])
b takes action: move(['b', 'r5', 'r4'])
c takes action: stay(['c'])
d takes action: move(['d', 'r8', 'r5'])
a takes action: stay(['a'])
b takes action: move(['b', 'r4', 'r1'])
c takes action: move(['c', 'r9', 'r8'])
d takes action: move(['d', 'r5', 'r6'])
a takes action: stay(['a'])
b takes action: stay(['b'])
c takes action: move(['c', 'r8', 'r7'])
Steps: 15
Time cost: 3.290660s
2025-10-31 23:22:09,869 EXP - __main__.Logger.exp:
a takes action: stay(['a'])
b takes action: move(['b', 'r2', 'r5'])
c takes action: move(['c', 'r6', 'r9'])
d takes action: move(['d', 'r7', 'r8'])
a takes action: move(['a', 'r1', 'r2'])
b takes action: move(['b', 'r5', 'r4'])
c takes action: stay(['c'])
d takes action: move(['d', 'r8', 'r5'])
a takes action: stay(['a'])
b takes action: move(['b', 'r4', 'r1'])
c takes action: move(['c', 'r9', 'r8'])
d takes action: move(['d', 'r5', 'r6'])
a takes action: stay(['a'])
b takes action: stay(['b'])
c takes action: move(['c', 'r8', 'r7'])
Steps: 15
Time cost: 3.285236s
2025-10-31 23:22:09,869 EXP - __main__.Logger.exp:
Avg Steps: 20.0
Avg Time: 5.851030s
