2025-10-23 14:26:49,179 EXP - __main__.Logger.exp:
a takes action: stay(['a'])
b takes action: pick_up(['b', 'i'])
Steps: 2
Time cost: 0.007629s
2025-10-23 14:26:49,187 EXP - __main__.Logger.exp:
a takes action: stay(['a'])
b takes action: pick_up(['b', 'i'])
Steps: 2
Time cost: 0.007465s
2025-10-23 14:26:49,195 EXP - __main__.Logger.exp:
a takes action: stay(['a'])
b takes action: pick_up(['b', 'i'])
Steps: 2
Time cost: 0.007443s
2025-10-23 14:26:49,203 EXP - __main__.Logger.exp:
a takes action: stay(['a'])
b takes action: pick_up(['b', 'i'])
Steps: 2
Time cost: 0.007357s
2025-10-23 14:26:49,211 EXP - __main__.Logger.exp:
a takes action: stay(['a'])
b takes action: pick_up(['b', 'i'])
Steps: 2
Time cost: 0.007679s
2025-10-23 14:26:49,211 EXP - __main__.Logger.exp:
Avg Steps: 2.0
Avg Time: 0.007515s
