2025-10-22 16:29:27,148 EXP - __main__.Logger.exp:
a takes action: stay(['a'])
b takes action: pick_up(['b', 'i'])
Steps: 2
Time cost: 0.011477s
2025-10-22 16:29:27,160 EXP - __main__.Logger.exp:
a takes action: stay(['a'])
b takes action: pick_up(['b', 'i'])
Steps: 2
Time cost: 0.011300s
2025-10-22 16:29:27,172 EXP - __main__.Logger.exp:
a takes action: stay(['a'])
b takes action: pick_up(['b', 'i'])
Steps: 2
Time cost: 0.011271s
2025-10-22 16:29:27,184 EXP - __main__.Logger.exp:
a takes action: stay(['a'])
b takes action: pick_up(['b', 'i'])
Steps: 2
Time cost: 0.011237s
2025-10-22 16:29:27,196 EXP - __main__.Logger.exp:
a takes action: stay(['a'])
b takes action: pick_up(['b', 'i'])
Steps: 2
Time cost: 0.011328s
2025-10-22 16:29:27,196 EXP - __main__.Logger.exp:
Avg Steps: 2.0
Avg Time: 0.011322s
