2025-10-22 16:29:26,884 EXP - __main__.Logger.exp:
a takes action: stay(['a'])
b takes action: pick_up(['b', 'i'])
Steps: 2
Time cost: 0.012417s
2025-10-22 16:29:26,898 EXP - __main__.Logger.exp:
a takes action: stay(['a'])
b takes action: pick_up(['b', 'i'])
Steps: 2
Time cost: 0.012378s
2025-10-22 16:29:26,911 EXP - __main__.Logger.exp:
a takes action: stay(['a'])
b takes action: pick_up(['b', 'i'])
Steps: 2
Time cost: 0.012372s
2025-10-22 16:29:26,924 EXP - __main__.Logger.exp:
a takes action: stay(['a'])
b takes action: pick_up(['b', 'i'])
Steps: 2
Time cost: 0.012837s
2025-10-22 16:29:26,937 EXP - __main__.Logger.exp:
a takes action: stay(['a'])
b takes action: pick_up(['b', 'i'])
Steps: 2
Time cost: 0.012607s
2025-10-22 16:29:26,937 EXP - __main__.Logger.exp:
Avg Steps: 2.0
Avg Time: 0.012522s
