2025-10-23 14:26:49,005 EXP - __main__.Logger.exp:
a takes action: stay(['a'])
b takes action: pick_up(['b', 'i'])
Steps: 2
Time cost: 0.007097s
2025-10-23 14:26:49,013 EXP - __main__.Logger.exp:
a takes action: stay(['a'])
b takes action: pick_up(['b', 'i'])
Steps: 2
Time cost: 0.007046s
2025-10-23 14:26:49,029 EXP - __main__.Logger.exp:
a takes action: pick_up(['a', 'i'])
b takes action: stay(['b'])
a takes action: drop_item(['a', 'i'])
b takes action: pick_up(['b', 'i'])
Steps: 4
Time cost: 0.014761s
2025-10-23 14:26:49,054 EXP - __main__.Logger.exp:
a takes action: pick_up(['a', 'i'])
b takes action: move_right_without_item(['b'])
a takes action: stay(['a'])
b takes action: move_left_without_item(['b'])
a takes action: drop_item(['a', 'i'])
b takes action: pick_up(['b', 'i'])
Steps: 6
Time cost: 0.024745s
2025-10-23 14:26:49,117 EXP - __main__.Logger.exp:
a takes action: pick_up(['a', 'i'])
b takes action: move_right_without_item(['b'])
a takes action: move_right_with_item(['a', 'i'])
b takes action: stay(['b'])
a takes action: stay(['a'])
b takes action: move_left_without_item(['b'])
a takes action: move_left_with_item(['a', 'i'])
b takes action: stay(['b'])
a takes action: move_right_with_item(['a', 'i'])
b takes action: move_right_without_item(['b'])
a takes action: drop_item(['a', 'i'])
b takes action: pick_up(['b', 'i'])
Steps: 12
Time cost: 0.062298s
2025-10-23 14:26:49,117 EXP - __main__.Logger.exp:
Avg Steps: 5.2
Avg Time: 0.023189s
