2025-11-01 00:38:07,804 EXP - __main__.Logger.exp:
a takes action: move(['a', 'r1', 'r2'])
b takes action: move(['b', 'r7', 'r4'])
c takes action: move(['c', 'r6', 'r5'])
a takes action: move(['a', 'r2', 'r3'])
b takes action: move(['b', 'r4', 'r1'])
c takes action: move(['c', 'r5', 'r2'])
a takes action: stay(['a'])
b takes action: stay(['b'])
c takes action: stay(['c'])
a takes action: stay(['a'])
b takes action: stay(['b'])
c takes action: stay(['c'])
a takes action: stay(['a'])
b takes action: stay(['b'])
c takes action: stay(['c'])
a takes action: stay(['a'])
b takes action: stay(['b'])
c takes action: stay(['c'])
a takes action: stay(['a'])
b takes action: stay(['b'])
c takes action: stay(['c'])
a takes action: stay(['a'])
b takes action: stay(['b'])
c takes action: stay(['c'])
a takes action: stay(['a'])
b takes action: stay(['b'])
c takes action: stay(['c'])
a takes action: stay(['a'])
b takes action: stay(['b'])
c takes action: stay(['c'])
a takes action: stay(['a'])
b takes action: stay(['b'])
c takes action: stay(['c'])
a takes action: stay(['a'])
b takes action: stay(['b'])
c takes action: stay(['c'])
a takes action: stay(['a'])
b takes action: stay(['b'])
c takes action: stay(['c'])
a takes action: stay(['a'])
b takes action: stay(['b'])
c takes action: stay(['c'])
a takes action: stay(['a'])
b takes action: stay(['b'])
c takes action: stay(['c'])
a takes action: stay(['a'])
b takes action: stay(['b'])
c takes action: stay(['c'])
a takes action: stay(['a'])
b takes action: stay(['b'])
c takes action: stay(['c'])
a takes action: stay(['a'])
b takes action: stay(['b'])
c takes action: stay(['c'])
a takes action: stay(['a'])
b takes action: stay(['b'])
c takes action: stay(['c'])
a takes action: stay(['a'])
b takes action: stay(['b'])
c takes action: stay(['c'])
a takes action: stay(['a'])
b takes action: stay(['b'])
c takes action: stay(['c'])
a takes action: stay(['a'])
b takes action: stay(['b'])
c takes action: stay(['c'])
a takes action: stay(['a'])
b takes action: stay(['b'])
c takes action: stay(['c'])
a takes action: stay(['a'])
b takes action: stay(['b'])
c takes action: stay(['c'])
a takes action: stay(['a'])
b takes action: stay(['b'])
c takes action: stay(['c'])
a takes action: stay(['a'])
b takes action: stay(['b'])
c takes action: stay(['c'])
a takes action: stay(['a'])
b takes action: stay(['b'])
c takes action: stay(['c'])
a takes action: stay(['a'])
b takes action: stay(['b'])
c takes action: stay(['c'])
a takes action: stay(['a'])
b takes action: stay(['b'])
c takes action: stay(['c'])
a takes action: stay(['a'])
b takes action: stay(['b'])
c takes action: stay(['c'])
a takes action: stay(['a'])
b takes action: stay(['b'])
c takes action: stay(['c'])
a takes action: stay(['a'])
b takes action: stay(['b'])
c takes action: stay(['c'])
a takes action: stay(['a'])
b takes action: stay(['b'])
c takes action: stay(['c'])
a takes action: stay(['a'])

