2025-11-01 00:40:36,334 EXP - __main__.Logger.exp:
a takes action: move(['a', 'r1', 'r2'])
b takes action: move(['b', 'r7', 'r4'])
c takes action: move(['c', 'r6', 'r5'])
a takes action: move(['a', 'r2', 'r3'])
b takes action: move(['b', 'r4', 'r1'])
c takes action: move(['c', 'r5', 'r4'])
a takes action: stay(['a'])
b takes action: move(['b', 'r1', 'r2'])
c takes action: move(['c', 'r4', 'r1'])
Steps: 9
Time cost: 142.312153s
2025-11-01 00:42:58,694 EXP - __main__.Logger.exp:
a takes action: move(['a', 'r1', 'r2'])
b takes action: move(['b', 'r7', 'r4'])
c takes action: move(['c', 'r6', 'r5'])
a takes action: move(['a', 'r2', 'r3'])
b takes action: move(['b', 'r4', 'r1'])
c takes action: move(['c', 'r5', 'r4'])
a takes action: stay(['a'])
b takes action: move(['b', 'r1', 'r2'])
c takes action: move(['c', 'r4', 'r1'])
Steps: 9
Time cost: 142.357955s
2025-11-01 00:45:21,147 EXP - __main__.Logger.exp:
a takes action: move(['a', 'r1', 'r2'])
b takes action: move(['b', 'r7', 'r4'])
c takes action: move(['c', 'r6', 'r5'])
a takes action: move(['a', 'r2', 'r3'])
b takes action: move(['b', 'r4', 'r1'])
c takes action: move(['c', 'r5', 'r4'])
a takes action: stay(['a'])
b takes action: move(['b', 'r1', 'r2'])
c takes action: move(['c', 'r4', 'r1'])
Steps: 9
Time cost: 142.447890s
2025-11-01 00:45:21,147 EXP - __main__.Logger.exp:
Avg Steps: 9.0
Avg Time: 142.372666s
