2025-11-01 00:37:42,841 EXP - __main__.Logger.exp:
a takes action: move(['a', 'r1', 'r2'])
b takes action: move(['b', 'r7', 'r8'])
c takes action: move(['c', 'r6', 'r5'])
a takes action: move(['a', 'r2', 'r3'])
b takes action: stay(['b'])
c takes action: move(['c', 'r5', 'r4'])
a takes action: stay(['a'])
b takes action: move(['b', 'r8', 'r5'])
c takes action: move(['c', 'r4', 'r1'])
a takes action: stay(['a'])
b takes action: move(['b', 'r5', 'r2'])
Steps: 11
Time cost: 14.342698s
2025-11-01 00:37:57,108 EXP - __main__.Logger.exp:
a takes action: move(['a', 'r1', 'r2'])
b takes action: move(['b', 'r7', 'r8'])
c takes action: move(['c', 'r6', 'r5'])
a takes action: move(['a', 'r2', 'r3'])
b takes action: stay(['b'])
c takes action: move(['c', 'r5', 'r4'])
a takes action: stay(['a'])
b takes action: move(['b', 'r8', 'r5'])
c takes action: move(['c', 'r4', 'r1'])
a takes action: stay(['a'])
b takes action: move(['b', 'r5', 'r2'])
Steps: 11
Time cost: 14.265393s
2025-11-01 00:38:11,364 EXP - __main__.Logger.exp:
a takes action: move(['a', 'r1', 'r2'])
b takes action: move(['b', 'r7', 'r8'])
c takes action: move(['c', 'r6', 'r5'])
a takes action: move(['a', 'r2', 'r3'])
b takes action: stay(['b'])
c takes action: move(['c', 'r5', 'r4'])
a takes action: stay(['a'])
b takes action: move(['b', 'r8', 'r5'])
c takes action: move(['c', 'r4', 'r1'])
a takes action: stay(['a'])
b takes action: move(['b', 'r5', 'r2'])
Steps: 11
Time cost: 14.254067s
2025-11-01 00:38:11,365 EXP - __main__.Logger.exp:
Avg Steps: 11.0
Avg Time: 14.287386s
