2025-10-22 16:22:39,525 EXP - __main__.Logger.exp:
a takes action: peek(['a'])
b takes action: peek(['b'])
a takes action: flip_up(['a', 'c1'])
b takes action: flip_down(['b', 'c1'])
a takes action: flip_up(['a', 'c1'])
b takes action: return(['b'])
a takes action: flip_down(['a', 'c1'])
Steps: 7
Time cost: 0.233304s
2025-10-22 16:22:39,726 EXP - __main__.Logger.exp:
a takes action: peek(['a'])
b takes action: peek(['b'])
a takes action: flip_up(['a', 'c1'])
b takes action: return(['b'])
a takes action: flip_down(['a', 'c1'])
Steps: 5
Time cost: 0.200610s
2025-10-22 16:22:39,960 EXP - __main__.Logger.exp:
a takes action: peek(['a'])
b takes action: peek(['b'])
a takes action: flip_up(['a', 'c1'])
b takes action: flip_down(['b', 'c1'])
a takes action: flip_up(['a', 'c1'])
b takes action: return(['b'])
a takes action: flip_down(['a', 'c1'])
Steps: 7
Time cost: 0.232843s
2025-10-22 16:22:40,193 EXP - __main__.Logger.exp:
a takes action: peek(['a'])
b takes action: peek(['b'])
a takes action: flip_up(['a', 'c1'])
b takes action: flip_down(['b', 'c1'])
a takes action: flip_up(['a', 'c1'])
b takes action: return(['b'])
a takes action: flip_down(['a', 'c1'])
Steps: 7
Time cost: 0.232842s
2025-10-22 16:22:40,396 EXP - __main__.Logger.exp:
a takes action: peek(['a'])
b takes action: peek(['b'])
a takes action: flip_up(['a', 'c1'])
b takes action: return(['b'])
a takes action: flip_down(['a', 'c1'])
Steps: 5
Time cost: 0.202068s
2025-10-22 16:22:40,598 EXP - __main__.Logger.exp:
a takes action: peek(['a'])
b takes action: peek(['b'])
a takes action: flip_up(['a', 'c1'])
b takes action: return(['b'])
a takes action: flip_down(['a', 'c1'])
Steps: 5
Time cost: 0.202382s
2025-10-22 16:22:40,803 EXP - __main__.Logger.exp:
a takes action: peek(['a'])
b takes action: peek(['b'])
a takes action: flip_up(['a', 'c1'])
b takes action: return(['b'])
a takes action: flip_down(['a', 'c1'])
Steps: 5
Time cost: 0.203993s
2025-10-22 16:22:41,005 EXP - __main__.Logger.exp:
a takes action: peek(['a'])
b takes action: peek(['b'])
a takes action: flip_up(['a', 'c1'])
b takes action: return(['b'])
a takes action: flip_down(['a', 'c1'])
Steps: 5
Time cost: 0.201840s
2025-10-22 16:22:41,240 EXP - __main__.Logger.exp:
a takes action: peek(['a'])
b takes action: peek(['b'])
a takes action: flip_up(['a', 'c1'])
b takes action: flip_down(['b', 'c1'])
a takes action: flip_up(['a', 'c1'])
b takes action: return(['b'])
a takes action: flip_down(['a', 'c1'])
Steps: 7
Time cost: 0.234553s
2025-10-22 16:22:41,442 EXP - __main__.Logger.exp:
a takes action: peek(['a'])
b takes action: peek(['b'])
a takes action: flip_up(['a', 'c1'])
b takes action: return(['b'])
a takes action: flip_down(['a', 'c1'])
Steps: 5
Time cost: 0.201565s
2025-10-22 16:22:41,442 EXP - __main__.Logger.exp:
Avg Steps: 5.8
Avg Time: 0.214600s
