2025-10-22 16:22:25,743 EXP - __main__.Logger.exp:
a takes action: peek(['a'])
b takes action: peek(['b'])
a takes action: flip_up(['a', 'c1'])
b takes action: return(['b'])
a takes action: flip_down(['a', 'c1'])
Steps: 5
Time cost: 0.035339s
2025-10-22 16:22:25,779 EXP - __main__.Logger.exp:
a takes action: peek(['a'])
b takes action: peek(['b'])
a takes action: flip_up(['a', 'c1'])
b takes action: return(['b'])
a takes action: flip_down(['a', 'c1'])
Steps: 5
Time cost: 0.035918s
2025-10-22 16:22:25,815 EXP - __main__.Logger.exp:
a takes action: peek(['a'])
b takes action: peek(['b'])
a takes action: flip_up(['a', 'c1'])
b takes action: return(['b'])
a takes action: flip_down(['a', 'c1'])
Steps: 5
Time cost: 0.035216s
2025-10-22 16:22:25,850 EXP - __main__.Logger.exp:
a takes action: peek(['a'])
b takes action: peek(['b'])
a takes action: flip_up(['a', 'c1'])
b takes action: return(['b'])
a takes action: flip_down(['a', 'c1'])
Steps: 5
Time cost: 0.035264s
2025-10-22 16:22:25,886 EXP - __main__.Logger.exp:
a takes action: peek(['a'])
b takes action: peek(['b'])
a takes action: flip_up(['a', 'c1'])
b takes action: return(['b'])
a takes action: flip_down(['a', 'c1'])
Steps: 5
Time cost: 0.035465s
2025-10-22 16:22:25,922 EXP - __main__.Logger.exp:
a takes action: peek(['a'])
b takes action: peek(['b'])
a takes action: flip_up(['a', 'c1'])
b takes action: return(['b'])
a takes action: flip_down(['a', 'c1'])
Steps: 5
Time cost: 0.035596s
2025-10-22 16:22:25,958 EXP - __main__.Logger.exp:
a takes action: peek(['a'])
b takes action: peek(['b'])
a takes action: flip_up(['a', 'c1'])
b takes action: return(['b'])
a takes action: flip_down(['a', 'c1'])
Steps: 5
Time cost: 0.035633s
2025-10-22 16:22:25,994 EXP - __main__.Logger.exp:
a takes action: peek(['a'])
b takes action: peek(['b'])
a takes action: flip_up(['a', 'c1'])
b takes action: return(['b'])
a takes action: flip_down(['a', 'c1'])
Steps: 5
Time cost: 0.035617s
2025-10-22 16:22:26,031 EXP - __main__.Logger.exp:
a takes action: peek(['a'])
b takes action: peek(['b'])
a takes action: flip_up(['a', 'c1'])
b takes action: return(['b'])
a takes action: flip_down(['a', 'c1'])
Steps: 5
Time cost: 0.036252s
2025-10-22 16:22:26,067 EXP - __main__.Logger.exp:
a takes action: peek(['a'])
b takes action: peek(['b'])
a takes action: flip_up(['a', 'c1'])
b takes action: return(['b'])
a takes action: flip_down(['a', 'c1'])
Steps: 5
Time cost: 0.035719s
2025-10-22 16:22:26,067 EXP - __main__.Logger.exp:
Avg Steps: 5.0
Avg Time: 0.035602s
