2025-10-12 19:36:50,736 EXP - __main__.Logger.exp:
a takes action: move(['a', 'r1', 'r2'])
b takes action: stay(['b'])
a takes action: move(['a', 'r2', 'r3'])
b takes action: move(['b', 'r4', 'r7'])
a takes action: move(['a', 'r3', 'r4'])
b takes action: stay(['b'])
a takes action: move(['a', 'r4', 'r5'])
b takes action: move(['b', 'r7', 'r4'])
a takes action: stay(['a'])
b takes action: move(['b', 'r4', 'r3'])
a takes action: move(['a', 'r5', 'r4'])
b takes action: move(['b', 'r3', 'r2'])
a takes action: move(['a', 'r4', 'r7'])
b takes action: move(['b', 'r2', 'r3'])
a takes action: stay(['a'])
b takes action: move(['b', 'r3', 'r4'])
Steps: 16
Time cost: 5.429356s
2025-10-12 19:36:56,107 EXP - __main__.Logger.exp:
a takes action: move(['a', 'r1', 'r2'])
b takes action: stay(['b'])
a takes action: move(['a', 'r2', 'r3'])
b takes action: move(['b', 'r4', 'r7'])
a takes action: move(['a', 'r3', 'r4'])
b takes action: stay(['b'])
a takes action: move(['a', 'r4', 'r5'])
b takes action: move(['b', 'r7', 'r4'])
a takes action: stay(['a'])
b takes action: move(['b', 'r4', 'r3'])
a takes action: move(['a', 'r5', 'r4'])
b takes action: stay(['b'])
a takes action: move(['a', 'r4', 'r7'])
b takes action: move(['b', 'r3', 'r4'])
Steps: 14
Time cost: 5.368209s
2025-10-12 19:37:01,563 EXP - __main__.Logger.exp:
a takes action: move(['a', 'r1', 'r2'])
b takes action: stay(['b'])
a takes action: move(['a', 'r2', 'r3'])
b takes action: move(['b', 'r4', 'r7'])
a takes action: move(['a', 'r3', 'r4'])
b takes action: stay(['b'])
a takes action: move(['a', 'r4', 'r5'])
b takes action: move(['b', 'r7', 'r4'])
a takes action: stay(['a'])
b takes action: move(['b', 'r4', 'r3'])
a takes action: move(['a', 'r5', 'r4'])
b takes action: move(['b', 'r3', 'r2'])
a takes action: move(['a', 'r4', 'r7'])
b takes action: move(['b', 'r2', 'r3'])
a takes action: stay(['a'])
b takes action: move(['b', 'r3', 'r4'])
Steps: 16
Time cost: 5.453678s
2025-10-12 19:37:06,989 EXP - __main__.Logger.exp:
a takes action: move(['a', 'r1', 'r2'])
b takes action: stay(['b'])
a takes action: move(['a', 'r2', 'r3'])
b takes action: move(['b', 'r4', 'r7'])
a takes action: move(['a', 'r3', 'r4'])
b takes action: stay(['b'])
a takes action: move(['a', 'r4', 'r5'])
b takes action: move(['b', 'r7', 'r4'])
a takes action: stay(['a'])
b takes action: move(['b', 'r4', 'r3'])
a takes action: move(['a', 'r5', 'r4'])
b takes action: move(['b', 'r3', 'r2'])
a takes action: move(['a', 'r4', 'r7'])
b takes action: move(['b', 'r2', 'r3'])
a takes action: stay(['a'])
b takes action: move(['b', 'r3', 'r4'])
Steps: 16
Time cost: 5.424261s
2025-10-12 19:37:12,331 EXP - __main__.Logger.exp:
a takes action: move(['a', 'r1', 'r2'])
b takes action: stay(['b'])
a takes action: move(['a', 'r2', 'r3'])
b takes action: move(['b', 'r4', 'r7'])
a takes action: move(['a', 'r3', 'r4'])
b takes action: stay(['b'])
a takes action: move(['a', 'r4', 'r5'])
b takes action: move(['b', 'r7', 'r4'])
a takes action: stay(['a'])
b takes action: move(['b', 'r4', 'r3'])
a takes action: move(['a', 'r5', 'r4'])
b takes action: stay(['b'])
a takes action: move(['a', 'r4', 'r7'])
b takes action: move(['b', 'r3', 'r4'])
Steps: 14
Time cost: 5.339824s
2025-10-12 19:37:17,681 EXP - __main__.Logger.exp:
a takes action: move(['a', 'r1', 'r2'])
b takes action: stay(['b'])
a takes action: move(['a', 'r2', 'r3'])
b takes action: move(['b', 'r4', 'r7'])
a takes action: move(['a', 'r3', 'r4'])
b takes action: stay(['b'])
a takes action: move(['a', 'r4', 'r5'])
b takes action: move(['b', 'r7', 'r4'])
a takes action: stay(['a'])
b takes action: move(['b', 'r4', 'r3'])
a takes action: move(['a', 'r5', 'r4'])
b takes action: stay(['b'])
a takes action: move(['a', 'r4', 'r7'])
b takes action: move(['b', 'r3', 'r4'])
Steps: 14
Time cost: 5.347409s
2025-10-12 19:37:23,125 EXP - __main__.Logger.exp:
a takes action: move(['a', 'r1', 'r2'])
b takes action: stay(['b'])
a takes action: move(['a', 'r2', 'r3'])
b takes action: move(['b', 'r4', 'r7'])
a takes action: move(['a', 'r3', 'r4'])
b takes action: stay(['b'])
a takes action: move(['a', 'r4', 'r5'])
b takes action: move(['b', 'r7', 'r4'])
a takes action: stay(['a'])
b takes action: move(['b', 'r4', 'r3'])
a takes action: move(['a', 'r5', 'r4'])
b takes action: move(['b', 'r3', 'r2'])
a takes action: move(['a', 'r4', 'r7'])
b takes action: move(['b', 'r2', 'r3'])
a takes action: stay(['a'])
b takes action: move(['b', 'r3', 'r4'])
Steps: 16
Time cost: 5.442348s
2025-10-12 19:37:28,569 EXP - __main__.Logger.exp:
a takes action: move(['a', 'r1', 'r2'])
b takes action: stay(['b'])
a takes action: move(['a', 'r2', 'r3'])
b takes action: move(['b', 'r4', 'r7'])
a takes action: move(['a', 'r3', 'r4'])
b takes action: stay(['b'])
a takes action: move(['a', 'r4', 'r5'])
b takes action: move(['b', 'r7', 'r4'])
a takes action: stay(['a'])
b takes action: move(['b', 'r4', 'r3'])
a takes action: move(['a', 'r5', 'r4'])
b takes action: move(['b', 'r3', 'r2'])
a takes action: move(['a', 'r4', 'r7'])
b takes action: move(['b', 'r2', 'r3'])
a takes action: stay(['a'])
b takes action: move(['b', 'r3', 'r4'])
Steps: 16
Time cost: 5.441286s
2025-10-12 19:37:34,026 EXP - __main__.Logger.exp:
a takes action: move(['a', 'r1', 'r2'])
b takes action: stay(['b'])
a takes action: move(['a', 'r2', 'r3'])
b takes action: move(['b', 'r4', 'r7'])
a takes action: move(['a', 'r3', 'r4'])
b takes action: stay(['b'])
a takes action: move(['a', 'r4', 'r5'])
b takes action: move(['b', 'r7', 'r4'])
a takes action: stay(['a'])
b takes action: move(['b', 'r4', 'r3'])
a takes action: move(['a', 'r5', 'r4'])
b takes action: move(['b', 'r3', 'r2'])
a takes action: move(['a', 'r4', 'r7'])
b takes action: move(['b', 'r2', 'r3'])
a takes action: stay(['a'])
b takes action: move(['b', 'r3', 'r4'])
Steps: 16
Time cost: 5.454089s
2025-10-12 19:37:39,362 EXP - __main__.Logger.exp:
a takes action: move(['a', 'r1', 'r2'])
b takes action: stay(['b'])
a takes action: move(['a', 'r2', 'r3'])
b takes action: move(['b', 'r4', 'r7'])
a takes action: move(['a', 'r3', 'r4'])
b takes action: stay(['b'])
a takes action: move(['a', 'r4', 'r5'])
b takes action: move(['b', 'r7', 'r4'])
a takes action: stay(['a'])
b takes action: move(['b', 'r4', 'r3'])
a takes action: move(['a', 'r5', 'r4'])
b takes action: stay(['b'])
a takes action: move(['a', 'r4', 'r7'])
b takes action: move(['b', 'r3', 'r4'])
Steps: 14
Time cost: 5.333605s
2025-10-12 19:37:44,707 EXP - __main__.Logger.exp:
a takes action: move(['a', 'r1', 'r2'])
b takes action: stay(['b'])
a takes action: move(['a', 'r2', 'r3'])
b takes action: move(['b', 'r4', 'r7'])
a takes action: move(['a', 'r3', 'r4'])
b takes action: stay(['b'])
a takes action: move(['a', 'r4', 'r5'])
b takes action: move(['b', 'r7', 'r4'])
a takes action: stay(['a'])
b takes action: move(['b', 'r4', 'r3'])
a takes action: move(['a', 'r5', 'r4'])
b takes action: stay(['b'])
a takes action: move(['a', 'r4', 'r7'])
b takes action: move(['b', 'r3', 'r4'])
Steps: 14
Time cost: 5.343237s
2025-10-12 19:37:50,056 EXP - __main__.Logger.exp:
a takes action: move(['a', 'r1', 'r2'])
b takes action: stay(['b'])
a takes action: move(['a', 'r2', 'r3'])
b takes action: move(['b', 'r4', 'r7'])
a takes action: move(['a', 'r3', 'r4'])
b takes action: stay(['b'])
a takes action: move(['a', 'r4', 'r5'])
b takes action: move(['b', 'r7', 'r4'])
a takes action: stay(['a'])
b takes action: move(['b', 'r4', 'r3'])
a takes action: move(['a', 'r5', 'r4'])
b takes action: stay(['b'])
a takes action: move(['a', 'r4', 'r7'])
b takes action: move(['b', 'r3', 'r4'])
Steps: 14
Time cost: 5.346610s
2025-10-12 19:37:55,393 EXP - __main__.Logger.exp:
a takes action: move(['a', 'r1', 'r2'])
b takes action: stay(['b'])
a takes action: move(['a', 'r2', 'r3'])
b takes action: move(['b', 'r4', 'r7'])
a takes action: move(['a', 'r3', 'r4'])
b takes action: stay(['b'])
a takes action: move(['a', 'r4', 'r5'])
b takes action: move(['b', 'r7', 'r4'])
a takes action: stay(['a'])
b takes action: move(['b', 'r4', 'r3'])
a takes action: move(['a', 'r5', 'r4'])
b takes action: stay(['b'])
a takes action: move(['a', 'r4', 'r7'])
b takes action: move(['b', 'r3', 'r4'])
Steps: 14
Time cost: 5.334899s
2025-10-12 19:38:00,740 EXP - __main__.Logger.exp:
a takes action: move(['a', 'r1', 'r2'])
b takes action: stay(['b'])
a takes action: move(['a', 'r2', 'r3'])
b takes action: move(['b', 'r4', 'r7'])
a takes action: move(['a', 'r3', 'r4'])
b takes action: stay(['b'])
a takes action: move(['a', 'r4', 'r5'])
b takes action: move(['b', 'r7', 'r4'])
a takes action: stay(['a'])
b takes action: move(['b', 'r4', 'r3'])
a takes action: move(['a', 'r5', 'r4'])
b takes action: stay(['b'])
a takes action: move(['a', 'r4', 'r7'])
b takes action: move(['b', 'r3', 'r4'])
Steps: 14
Time cost: 5.344893s
2025-10-12 19:38:06,078 EXP - __main__.Logger.exp:
a takes action: move(['a', 'r1', 'r2'])
b takes action: stay(['b'])
a takes action: move(['a', 'r2', 'r3'])
b takes action: move(['b', 'r4', 'r7'])
a takes action: move(['a', 'r3', 'r4'])
b takes action: stay(['b'])
a takes action: move(['a', 'r4', 'r5'])
b takes action: move(['b', 'r7', 'r4'])
a takes action: stay(['a'])
b takes action: move(['b', 'r4', 'r3'])
a takes action: move(['a', 'r5', 'r4'])
b takes action: stay(['b'])
a takes action: move(['a', 'r4', 'r7'])
b takes action: move(['b', 'r3', 'r4'])
Steps: 14
Time cost: 5.335247s
2025-10-12 19:38:11,518 EXP - __main__.Logger.exp:
a takes action: move(['a', 'r1', 'r2'])
b takes action: stay(['b'])
a takes action: move(['a', 'r2', 'r3'])
b takes action: move(['b', 'r4', 'r7'])
a takes action: move(['a', 'r3', 'r4'])
b takes action: stay(['b'])
a takes action: move(['a', 'r4', 'r5'])
b takes action: move(['b', 'r7', 'r4'])
a takes action: stay(['a'])
b takes action: move(['b', 'r4', 'r3'])
a takes action: move(['a', 'r5', 'r4'])
b takes action: move(['b', 'r3', 'r2'])
a takes action: move(['a', 'r4', 'r7'])
b takes action: move(['b', 'r2', 'r3'])
a takes action: stay(['a'])
b takes action: move(['b', 'r3', 'r4'])
Steps: 16
Time cost: 5.438261s
2025-10-12 19:38:16,961 EXP - __main__.Logger.exp:
a takes action: move(['a', 'r1', 'r2'])
b takes action: stay(['b'])
a takes action: move(['a', 'r2', 'r3'])
b takes action: move(['b', 'r4', 'r7'])
a takes action: move(['a', 'r3', 'r4'])
b takes action: stay(['b'])
a takes action: move(['a', 'r4', 'r5'])
b takes action: move(['b', 'r7', 'r4'])
a takes action: stay(['a'])
b takes action: move(['b', 'r4', 'r3'])
a takes action: move(['a', 'r5', 'r4'])
b takes action: move(['b', 'r3', 'r2'])
a takes action: move(['a', 'r4', 'r7'])
b takes action: move(['b', 'r2', 'r3'])
a takes action: stay(['a'])
b takes action: move(['b', 'r3', 'r4'])
Steps: 16
Time cost: 5.439940s
2025-10-12 19:38:22,324 EXP - __main__.Logger.exp:
a takes action: move(['a', 'r1', 'r2'])
b takes action: stay(['b'])
a takes action: move(['a', 'r2', 'r3'])
b takes action: move(['b', 'r4', 'r7'])
a takes action: move(['a', 'r3', 'r4'])
b takes action: stay(['b'])
a takes action: move(['a', 'r4', 'r5'])
b takes action: move(['b', 'r7', 'r4'])
a takes action: stay(['a'])
b takes action: move(['b', 'r4', 'r3'])
a takes action: move(['a', 'r5', 'r4'])
b takes action: stay(['b'])
a takes action: move(['a', 'r4', 'r7'])
b takes action: move(['b', 'r3', 'r4'])
Steps: 14
Time cost: 5.360723s
2025-10-12 19:38:26,156 EXP - __main__.Logger.exp:
a takes action: move(['a', 'r1', 'r2'])
b takes action: stay(['b'])
a takes action: move(['a', 'r2', 'r3'])
b takes action: move(['b', 'r4', 'r7'])
a takes action: move(['a', 'r3', 'r4'])
b takes action: stay(['b'])
a takes action: move(['a', 'r4', 'r5'])
b takes action: move(['b', 'r7', 'r4'])
a takes action: stay(['a'])
b takes action: move(['b', 'r4', 'r3'])
a takes action: move(['a', 'r5', 'r4'])
b takes action: move(['b', 'r3', 'r2'])
a takes action: move(['a', 'r4', 'r7'])
b takes action: move(['b', 'r2', 'r3'])
a takes action: stay(['a'])
b takes action: move(['b', 'r3', 'r4'])
Steps: 16
Time cost: 3.830091s
2025-10-12 19:38:29,363 EXP - __main__.Logger.exp:
a takes action: move(['a', 'r1', 'r2'])
b takes action: stay(['b'])
a takes action: move(['a', 'r2', 'r3'])
b takes action: move(['b', 'r4', 'r7'])
a takes action: move(['a', 'r3', 'r4'])
b takes action: stay(['b'])
a takes action: move(['a', 'r4', 'r5'])
b takes action: move(['b', 'r7', 'r4'])
a takes action: stay(['a'])
b takes action: move(['b', 'r4', 'r3'])
a takes action: move(['a', 'r5', 'r4'])
b takes action: stay(['b'])
a takes action: move(['a', 'r4', 'r7'])
b takes action: move(['b', 'r3', 'r4'])
Steps: 14
Time cost: 3.205507s
2025-10-12 19:38:32,650 EXP - __main__.Logger.exp:
a takes action: move(['a', 'r1', 'r2'])
b takes action: stay(['b'])
a takes action: move(['a', 'r2', 'r3'])
b takes action: move(['b', 'r4', 'r7'])
a takes action: move(['a', 'r3', 'r4'])
b takes action: stay(['b'])
a takes action: move(['a', 'r4', 'r5'])
b takes action: move(['b', 'r7', 'r4'])
a takes action: stay(['a'])
b takes action: move(['b', 'r4', 'r3'])
a takes action: move(['a', 'r5', 'r4'])
b takes action: move(['b', 'r3', 'r2'])
a takes action: move(['a', 'r4', 'r7'])
b takes action: move(['b', 'r2', 'r3'])
a takes action: stay(['a'])
b takes action: move(['b', 'r3', 'r4'])
Steps: 16
Time cost: 3.285898s
2025-10-12 19:38:35,929 EXP - __main__.Logger.exp:
a takes action: move(['a', 'r1', 'r2'])
b takes action: stay(['b'])
a takes action: move(['a', 'r2', 'r3'])
b takes action: move(['b', 'r4', 'r7'])
a takes action: move(['a', 'r3', 'r4'])
b takes action: stay(['b'])
a takes action: move(['a', 'r4', 'r5'])
b takes action: move(['b', 'r7', 'r4'])
a takes action: stay(['a'])
b takes action: move(['b', 'r4', 'r3'])
a takes action: move(['a', 'r5', 'r4'])
b takes action: move(['b', 'r3', 'r2'])
a takes action: move(['a', 'r4', 'r7'])
b takes action: move(['b', 'r2', 'r3'])
a takes action: stay(['a'])
b takes action: move(['b', 'r3', 'r4'])
Steps: 16
Time cost: 3.277354s
2025-10-12 19:38:39,202 EXP - __main__.Logger.exp:
a takes action: move(['a', 'r1', 'r2'])
b takes action: stay(['b'])
a takes action: move(['a', 'r2', 'r3'])
b takes action: move(['b', 'r4', 'r7'])
a takes action: move(['a', 'r3', 'r4'])
b takes action: stay(['b'])
a takes action: move(['a', 'r4', 'r5'])
b takes action: move(['b', 'r7', 'r4'])
a takes action: stay(['a'])
b takes action: move(['b', 'r4', 'r3'])
a takes action: move(['a', 'r5', 'r4'])
b takes action: move(['b', 'r3', 'r2'])
a takes action: move(['a', 'r4', 'r7'])
b takes action: move(['b', 'r2', 'r3'])
a takes action: stay(['a'])
b takes action: move(['b', 'r3', 'r4'])
Steps: 16
Time cost: 3.270962s
2025-10-12 19:38:42,411 EXP - __main__.Logger.exp:
a takes action: move(['a', 'r1', 'r2'])
b takes action: stay(['b'])
a takes action: move(['a', 'r2', 'r3'])
b takes action: move(['b', 'r4', 'r7'])
a takes action: move(['a', 'r3', 'r4'])
b takes action: stay(['b'])
a takes action: move(['a', 'r4', 'r5'])
b takes action: move(['b', 'r7', 'r4'])
a takes action: stay(['a'])
b takes action: move(['b', 'r4', 'r3'])
a takes action: move(['a', 'r5', 'r4'])
b takes action: stay(['b'])
a takes action: move(['a', 'r4', 'r7'])
b takes action: move(['b', 'r3', 'r4'])
Steps: 14
Time cost: 3.205761s
2025-10-12 19:38:45,668 EXP - __main__.Logger.exp:
a takes action: move(['a', 'r1', 'r2'])
b takes action: stay(['b'])
a takes action: move(['a', 'r2', 'r3'])
b takes action: move(['b', 'r4', 'r7'])
a takes action: move(['a', 'r3', 'r4'])
b takes action: stay(['b'])
a takes action: move(['a', 'r4', 'r5'])
b takes action: move(['b', 'r7', 'r4'])
a takes action: stay(['a'])
b takes action: move(['b', 'r4', 'r3'])
a takes action: move(['a', 'r5', 'r4'])
b takes action: move(['b', 'r3', 'r2'])
a takes action: move(['a', 'r4', 'r7'])
b takes action: move(['b', 'r2', 'r3'])
a takes action: stay(['a'])
b takes action: move(['b', 'r3', 'r4'])
Steps: 16
Time cost: 3.255364s
2025-10-12 19:38:48,945 EXP - __main__.Logger.exp:
a takes action: move(['a', 'r1', 'r2'])
b takes action: stay(['b'])
a takes action: move(['a', 'r2', 'r3'])
b takes action: move(['b', 'r4', 'r7'])
a takes action: move(['a', 'r3', 'r4'])
b takes action: stay(['b'])
a takes action: move(['a', 'r4', 'r5'])
b takes action: move(['b', 'r7', 'r4'])
a takes action: stay(['a'])
b takes action: move(['b', 'r4', 'r3'])
a takes action: move(['a', 'r5', 'r4'])
b takes action: move(['b', 'r3', 'r2'])
a takes action: move(['a', 'r4', 'r7'])
b takes action: move(['b', 'r2', 'r3'])
a takes action: stay(['a'])
b takes action: move(['b', 'r3', 'r4'])
Steps: 16
Time cost: 3.275342s
2025-10-12 19:38:52,172 EXP - __main__.Logger.exp:
a takes action: move(['a', 'r1', 'r2'])
b takes action: stay(['b'])
a takes action: move(['a', 'r2', 'r3'])
b takes action: move(['b', 'r4', 'r7'])
a takes action: move(['a', 'r3', 'r4'])
b takes action: stay(['b'])
a takes action: move(['a', 'r4', 'r5'])
b takes action: move(['b', 'r7', 'r4'])
a takes action: stay(['a'])
b takes action: move(['b', 'r4', 'r3'])
a takes action: move(['a', 'r5', 'r4'])
b takes action: stay(['b'])
a takes action: move(['a', 'r4', 'r7'])
b takes action: move(['b', 'r3', 'r4'])
Steps: 14
Time cost: 3.225383s
2025-10-12 19:38:55,377 EXP - __main__.Logger.exp:
a takes action: move(['a', 'r1', 'r2'])
b takes action: stay(['b'])
a takes action: move(['a', 'r2', 'r3'])
b takes action: move(['b', 'r4', 'r7'])
a takes action: move(['a', 'r3', 'r4'])
b takes action: stay(['b'])
a takes action: move(['a', 'r4', 'r5'])
b takes action: move(['b', 'r7', 'r4'])
a takes action: stay(['a'])
b takes action: move(['b', 'r4', 'r3'])
a takes action: move(['a', 'r5', 'r4'])
b takes action: stay(['b'])
a takes action: move(['a', 'r4', 'r7'])
b takes action: move(['b', 'r3', 'r4'])
Steps: 14
Time cost: 3.203272s
2025-10-12 19:38:58,599 EXP - __main__.Logger.exp:
a takes action: move(['a', 'r1', 'r2'])
b takes action: stay(['b'])
a takes action: move(['a', 'r2', 'r3'])
b takes action: move(['b', 'r4', 'r7'])
a takes action: move(['a', 'r3', 'r4'])
b takes action: stay(['b'])
a takes action: move(['a', 'r4', 'r5'])
b takes action: move(['b', 'r7', 'r4'])
a takes action: stay(['a'])
b takes action: move(['b', 'r4', 'r3'])
a takes action: move(['a', 'r5', 'r4'])
b takes action: stay(['b'])
a takes action: move(['a', 'r4', 'r7'])
b takes action: move(['b', 'r3', 'r4'])
Steps: 14
Time cost: 3.220949s
2025-10-12 19:39:01,806 EXP - __main__.Logger.exp:
a takes action: move(['a', 'r1', 'r2'])
b takes action: stay(['b'])
a takes action: move(['a', 'r2', 'r3'])
b takes action: move(['b', 'r4', 'r7'])
a takes action: move(['a', 'r3', 'r4'])
b takes action: stay(['b'])
a takes action: move(['a', 'r4', 'r5'])
b takes action: move(['b', 'r7', 'r4'])
a takes action: stay(['a'])
b takes action: move(['b', 'r4', 'r3'])
a takes action: move(['a', 'r5', 'r4'])
b takes action: stay(['b'])
a takes action: move(['a', 'r4', 'r7'])
b takes action: move(['b', 'r3', 'r4'])
Steps: 14
Time cost: 3.204486s
2025-10-12 19:39:05,002 EXP - __main__.Logger.exp:
a takes action: move(['a', 'r1', 'r2'])
b takes action: stay(['b'])
a takes action: move(['a', 'r2', 'r3'])
b takes action: move(['b', 'r4', 'r7'])
a takes action: move(['a', 'r3', 'r4'])
b takes action: stay(['b'])
a takes action: move(['a', 'r4', 'r5'])
b takes action: move(['b', 'r7', 'r4'])
a takes action: stay(['a'])
b takes action: move(['b', 'r4', 'r3'])
a takes action: move(['a', 'r5', 'r4'])
b takes action: stay(['b'])
a takes action: move(['a', 'r4', 'r7'])
b takes action: move(['b', 'r3', 'r4'])
Steps: 14
Time cost: 3.194733s
2025-10-12 19:39:08,260 EXP - __main__.Logger.exp:
a takes action: move(['a', 'r1', 'r2'])
b takes action: stay(['b'])
a takes action: move(['a', 'r2', 'r3'])
b takes action: move(['b', 'r4', 'r7'])
a takes action: move(['a', 'r3', 'r4'])
b takes action: stay(['b'])
a takes action: move(['a', 'r4', 'r5'])
b takes action: move(['b', 'r7', 'r4'])
a takes action: stay(['a'])
b takes action: move(['b', 'r4', 'r3'])
a takes action: move(['a', 'r5', 'r4'])
b takes action: move(['b', 'r3', 'r2'])
a takes action: move(['a', 'r4', 'r7'])
b takes action: move(['b', 'r2', 'r3'])
a takes action: stay(['a'])
b takes action: move(['b', 'r3', 'r4'])
Steps: 16
Time cost: 3.257117s
2025-10-12 19:39:11,517 EXP - __main__.Logger.exp:
a takes action: move(['a', 'r1', 'r2'])
b takes action: stay(['b'])
a takes action: move(['a', 'r2', 'r3'])
b takes action: move(['b', 'r4', 'r7'])
a takes action: move(['a', 'r3', 'r4'])
b takes action: stay(['b'])
a takes action: move(['a', 'r4', 'r5'])
b takes action: move(['b', 'r7', 'r4'])
a takes action: stay(['a'])
b takes action: move(['b', 'r4', 'r3'])
a takes action: move(['a', 'r5', 'r4'])
b takes action: move(['b', 'r3', 'r2'])
a takes action: move(['a', 'r4', 'r7'])
b takes action: move(['b', 'r2', 'r3'])
a takes action: stay(['a'])
b takes action: move(['b', 'r3', 'r4'])
Steps: 16
Time cost: 3.255207s
2025-10-12 19:39:14,734 EXP - __main__.Logger.exp:
a takes action: move(['a', 'r1', 'r2'])
b takes action: stay(['b'])
a takes action: move(['a', 'r2', 'r3'])
b takes action: move(['b', 'r4', 'r7'])
a takes action: move(['a', 'r3', 'r4'])
b takes action: stay(['b'])
a takes action: move(['a', 'r4', 'r5'])
b takes action: move(['b', 'r7', 'r4'])
a takes action: stay(['a'])
b takes action: move(['b', 'r4', 'r3'])
a takes action: move(['a', 'r5', 'r4'])
b takes action: stay(['b'])
a takes action: move(['a', 'r4', 'r7'])
b takes action: move(['b', 'r3', 'r4'])
Steps: 14
Time cost: 3.215438s
2025-10-12 19:39:17,998 EXP - __main__.Logger.exp:
a takes action: move(['a', 'r1', 'r2'])
b takes action: stay(['b'])
a takes action: move(['a', 'r2', 'r3'])
b takes action: move(['b', 'r4', 'r7'])
a takes action: move(['a', 'r3', 'r4'])
b takes action: stay(['b'])
a takes action: move(['a', 'r4', 'r5'])
b takes action: move(['b', 'r7', 'r4'])
a takes action: stay(['a'])
b takes action: move(['b', 'r4', 'r3'])
a takes action: move(['a', 'r5', 'r4'])
b takes action: move(['b', 'r3', 'r2'])
a takes action: move(['a', 'r4', 'r7'])
b takes action: move(['b', 'r2', 'r3'])
a takes action: stay(['a'])
b takes action: move(['b', 'r3', 'r4'])
Steps: 16
Time cost: 3.262432s
2025-10-12 19:39:21,276 EXP - __main__.Logger.exp:
a takes action: move(['a', 'r1', 'r2'])
b takes action: stay(['b'])
a takes action: move(['a', 'r2', 'r3'])
b takes action: move(['b', 'r4', 'r7'])
a takes action: move(['a', 'r3', 'r4'])
b takes action: stay(['b'])
a takes action: move(['a', 'r4', 'r5'])
b takes action: move(['b', 'r7', 'r4'])
a takes action: stay(['a'])
b takes action: move(['b', 'r4', 'r3'])
a takes action: move(['a', 'r5', 'r4'])
b takes action: move(['b', 'r3', 'r2'])
a takes action: move(['a', 'r4', 'r7'])
b takes action: move(['b', 'r2', 'r3'])
a takes action: stay(['a'])
b takes action: move(['b', 'r3', 'r4'])
Steps: 16
Time cost: 3.276492s
2025-10-12 19:39:24,553 EXP - __main__.Logger.exp:
a takes action: move(['a', 'r1', 'r2'])
b takes action: stay(['b'])
a takes action: move(['a', 'r2', 'r3'])
b takes action: move(['b', 'r4', 'r7'])
a takes action: move(['a', 'r3', 'r4'])
b takes action: stay(['b'])
a takes action: move(['a', 'r4', 'r5'])
b takes action: move(['b', 'r7', 'r4'])
a takes action: stay(['a'])
b takes action: move(['b', 'r4', 'r3'])
a takes action: move(['a', 'r5', 'r4'])
b takes action: move(['b', 'r3', 'r2'])
a takes action: move(['a', 'r4', 'r7'])
b takes action: move(['b', 'r2', 'r3'])
a takes action: stay(['a'])
b takes action: move(['b', 'r3', 'r4'])
Steps: 16
Time cost: 3.275494s
2025-10-12 19:39:27,841 EXP - __main__.Logger.exp:
a takes action: move(['a', 'r1', 'r2'])
b takes action: stay(['b'])
a takes action: move(['a', 'r2', 'r3'])
b takes action: move(['b', 'r4', 'r7'])
a takes action: move(['a', 'r3', 'r4'])
b takes action: stay(['b'])
a takes action: move(['a', 'r4', 'r5'])
b takes action: move(['b', 'r7', 'r4'])
a takes action: stay(['a'])
b takes action: move(['b', 'r4', 'r3'])
a takes action: move(['a', 'r5', 'r4'])
b takes action: move(['b', 'r3', 'r2'])
a takes action: move(['a', 'r4', 'r7'])
b takes action: move(['b', 'r2', 'r3'])
a takes action: stay(['a'])
b takes action: move(['b', 'r3', 'r4'])
Steps: 16
Time cost: 3.283100s
2025-10-12 19:39:31,070 EXP - __main__.Logger.exp:
a takes action: move(['a', 'r1', 'r2'])
b takes action: stay(['b'])
a takes action: move(['a', 'r2', 'r3'])
b takes action: move(['b', 'r4', 'r7'])
a takes action: move(['a', 'r3', 'r4'])
b takes action: stay(['b'])
a takes action: move(['a', 'r4', 'r5'])
b takes action: move(['b', 'r7', 'r4'])
a takes action: stay(['a'])
b takes action: move(['b', 'r4', 'r3'])
a takes action: move(['a', 'r5', 'r4'])
b takes action: stay(['b'])
a takes action: move(['a', 'r4', 'r7'])
b takes action: move(['b', 'r3', 'r4'])
Steps: 14
Time cost: 3.227732s
2025-10-12 19:39:34,352 EXP - __main__.Logger.exp:
a takes action: move(['a', 'r1', 'r2'])
b takes action: stay(['b'])
a takes action: move(['a', 'r2', 'r3'])
b takes action: move(['b', 'r4', 'r7'])
a takes action: move(['a', 'r3', 'r4'])
b takes action: stay(['b'])
a takes action: move(['a', 'r4', 'r5'])
b takes action: move(['b', 'r7', 'r4'])
a takes action: stay(['a'])
b takes action: move(['b', 'r4', 'r3'])
a takes action: move(['a', 'r5', 'r4'])
b takes action: move(['b', 'r3', 'r2'])
a takes action: move(['a', 'r4', 'r7'])
b takes action: move(['b', 'r2', 'r3'])
a takes action: stay(['a'])
b takes action: move(['b', 'r3', 'r4'])
Steps: 16
Time cost: 3.280351s
2025-10-12 19:39:37,623 EXP - __main__.Logger.exp:
a takes action: move(['a', 'r1', 'r2'])
b takes action: stay(['b'])
a takes action: move(['a', 'r2', 'r3'])
b takes action: move(['b', 'r4', 'r7'])
a takes action: move(['a', 'r3', 'r4'])
b takes action: stay(['b'])
a takes action: move(['a', 'r4', 'r5'])
b takes action: move(['b', 'r7', 'r4'])
a takes action: stay(['a'])
b takes action: move(['b', 'r4', 'r3'])
a takes action: move(['a', 'r5', 'r4'])
b takes action: move(['b', 'r3', 'r2'])
a takes action: move(['a', 'r4', 'r7'])
b takes action: move(['b', 'r2', 'r3'])
a takes action: stay(['a'])
b takes action: move(['b', 'r3', 'r4'])
Steps: 16
Time cost: 3.269889s
2025-10-12 19:39:40,850 EXP - __main__.Logger.exp:
a takes action: move(['a', 'r1', 'r2'])
b takes action: stay(['b'])
a takes action: move(['a', 'r2', 'r3'])
b takes action: move(['b', 'r4', 'r7'])
a takes action: move(['a', 'r3', 'r4'])
b takes action: stay(['b'])
a takes action: move(['a', 'r4', 'r5'])
b takes action: move(['b', 'r7', 'r4'])
a takes action: stay(['a'])
b takes action: move(['b', 'r4', 'r3'])
a takes action: move(['a', 'r5', 'r4'])
b takes action: stay(['b'])
a takes action: move(['a', 'r4', 'r7'])
b takes action: move(['b', 'r3', 'r4'])
Steps: 14
Time cost: 3.224867s
2025-10-12 19:39:44,071 EXP - __main__.Logger.exp:
a takes action: move(['a', 'r1', 'r2'])
b takes action: stay(['b'])
a takes action: move(['a', 'r2', 'r3'])
b takes action: move(['b', 'r4', 'r7'])
a takes action: move(['a', 'r3', 'r4'])
b takes action: stay(['b'])
a takes action: move(['a', 'r4', 'r5'])
b takes action: move(['b', 'r7', 'r4'])
a takes action: stay(['a'])
b takes action: move(['b', 'r4', 'r3'])
a takes action: move(['a', 'r5', 'r4'])
b takes action: stay(['b'])
a takes action: move(['a', 'r4', 'r7'])
b takes action: move(['b', 'r3', 'r4'])
Steps: 14
Time cost: 3.219703s
2025-10-12 19:39:47,347 EXP - __main__.Logger.exp:
a takes action: move(['a', 'r1', 'r2'])
b takes action: stay(['b'])
a takes action: move(['a', 'r2', 'r3'])
b takes action: move(['b', 'r4', 'r7'])
a takes action: move(['a', 'r3', 'r4'])
b takes action: stay(['b'])
a takes action: move(['a', 'r4', 'r5'])
b takes action: move(['b', 'r7', 'r4'])
a takes action: stay(['a'])
b takes action: move(['b', 'r4', 'r3'])
a takes action: move(['a', 'r5', 'r4'])
b takes action: move(['b', 'r3', 'r2'])
a takes action: move(['a', 'r4', 'r7'])
b takes action: move(['b', 'r2', 'r3'])
a takes action: stay(['a'])
b takes action: move(['b', 'r3', 'r4'])
Steps: 16
Time cost: 3.274759s
2025-10-12 19:39:50,637 EXP - __main__.Logger.exp:
a takes action: move(['a', 'r1', 'r2'])
b takes action: stay(['b'])
a takes action: move(['a', 'r2', 'r3'])
b takes action: move(['b', 'r4', 'r7'])
a takes action: move(['a', 'r3', 'r4'])
b takes action: stay(['b'])
a takes action: move(['a', 'r4', 'r5'])
b takes action: move(['b', 'r7', 'r4'])
a takes action: stay(['a'])
b takes action: move(['b', 'r4', 'r3'])
a takes action: move(['a', 'r5', 'r4'])
b takes action: move(['b', 'r3', 'r2'])
a takes action: move(['a', 'r4', 'r7'])
b takes action: move(['b', 'r2', 'r3'])
a takes action: stay(['a'])
b takes action: move(['b', 'r3', 'r4'])
Steps: 16
Time cost: 3.288729s
2025-10-12 19:39:53,908 EXP - __main__.Logger.exp:
a takes action: move(['a', 'r1', 'r2'])
b takes action: stay(['b'])
a takes action: move(['a', 'r2', 'r3'])
b takes action: move(['b', 'r4', 'r7'])
a takes action: move(['a', 'r3', 'r4'])
b takes action: stay(['b'])
a takes action: move(['a', 'r4', 'r5'])
b takes action: move(['b', 'r7', 'r4'])
a takes action: stay(['a'])
b takes action: move(['b', 'r4', 'r3'])
a takes action: move(['a', 'r5', 'r4'])
b takes action: move(['b', 'r3', 'r2'])
a takes action: move(['a', 'r4', 'r7'])
b takes action: move(['b', 'r2', 'r3'])
a takes action: stay(['a'])
b takes action: move(['b', 'r3', 'r4'])
Steps: 16
Time cost: 3.269594s
2025-10-12 19:39:57,195 EXP - __main__.Logger.exp:
a takes action: move(['a', 'r1', 'r2'])
b takes action: stay(['b'])
a takes action: move(['a', 'r2', 'r3'])
b takes action: move(['b', 'r4', 'r7'])
a takes action: move(['a', 'r3', 'r4'])
b takes action: stay(['b'])
a takes action: move(['a', 'r4', 'r5'])
b takes action: move(['b', 'r7', 'r4'])
a takes action: stay(['a'])
b takes action: move(['b', 'r4', 'r3'])
a takes action: move(['a', 'r5', 'r4'])
b takes action: move(['b', 'r3', 'r2'])
a takes action: move(['a', 'r4', 'r7'])
b takes action: move(['b', 'r2', 'r3'])
a takes action: stay(['a'])
b takes action: move(['b', 'r3', 'r4'])
Steps: 16
Time cost: 3.284546s
2025-10-12 19:40:00,477 EXP - __main__.Logger.exp:
a takes action: move(['a', 'r1', 'r2'])
b takes action: stay(['b'])
a takes action: move(['a', 'r2', 'r3'])
b takes action: move(['b', 'r4', 'r7'])
a takes action: move(['a', 'r3', 'r4'])
b takes action: stay(['b'])
a takes action: move(['a', 'r4', 'r5'])
b takes action: move(['b', 'r7', 'r4'])
a takes action: stay(['a'])
b takes action: move(['b', 'r4', 'r3'])
a takes action: move(['a', 'r5', 'r4'])
b takes action: move(['b', 'r3', 'r2'])
a takes action: move(['a', 'r4', 'r7'])
b takes action: move(['b', 'r2', 'r3'])
a takes action: stay(['a'])
b takes action: move(['b', 'r3', 'r4'])
Steps: 16
Time cost: 3.280208s
2025-10-12 19:40:03,694 EXP - __main__.Logger.exp:
a takes action: move(['a', 'r1', 'r2'])
b takes action: stay(['b'])
a takes action: move(['a', 'r2', 'r3'])
b takes action: move(['b', 'r4', 'r7'])
a takes action: move(['a', 'r3', 'r4'])
b takes action: stay(['b'])
a takes action: move(['a', 'r4', 'r5'])
b takes action: move(['b', 'r7', 'r4'])
a takes action: stay(['a'])
b takes action: move(['b', 'r4', 'r3'])
a takes action: move(['a', 'r5', 'r4'])
b takes action: stay(['b'])
a takes action: move(['a', 'r4', 'r7'])
b takes action: move(['b', 'r3', 'r4'])
Steps: 14
Time cost: 3.215432s
2025-10-12 19:40:06,919 EXP - __main__.Logger.exp:
a takes action: move(['a', 'r1', 'r2'])
b takes action: stay(['b'])
a takes action: move(['a', 'r2', 'r3'])
b takes action: move(['b', 'r4', 'r7'])
a takes action: move(['a', 'r3', 'r4'])
b takes action: stay(['b'])
a takes action: move(['a', 'r4', 'r5'])
b takes action: move(['b', 'r7', 'r4'])
a takes action: stay(['a'])
b takes action: move(['b', 'r4', 'r3'])
a takes action: move(['a', 'r5', 'r4'])
b takes action: stay(['b'])
a takes action: move(['a', 'r4', 'r7'])
b takes action: move(['b', 'r3', 'r4'])
Steps: 14
Time cost: 3.223188s
2025-10-12 19:40:10,149 EXP - __main__.Logger.exp:
a takes action: move(['a', 'r1', 'r2'])
b takes action: stay(['b'])
a takes action: move(['a', 'r2', 'r3'])
b takes action: move(['b', 'r4', 'r7'])
a takes action: move(['a', 'r3', 'r4'])
b takes action: stay(['b'])
a takes action: move(['a', 'r4', 'r5'])
b takes action: move(['b', 'r7', 'r4'])
a takes action: stay(['a'])
b takes action: move(['b', 'r4', 'r3'])
a takes action: move(['a', 'r5', 'r4'])
b takes action: stay(['b'])
a takes action: move(['a', 'r4', 'r7'])
b takes action: move(['b', 'r3', 'r4'])
Steps: 14
Time cost: 3.229082s
2025-10-12 19:40:13,364 EXP - __main__.Logger.exp:
a takes action: move(['a', 'r1', 'r2'])
b takes action: stay(['b'])
a takes action: move(['a', 'r2', 'r3'])
b takes action: move(['b', 'r4', 'r7'])
a takes action: move(['a', 'r3', 'r4'])
b takes action: stay(['b'])
a takes action: move(['a', 'r4', 'r5'])
b takes action: move(['b', 'r7', 'r4'])
a takes action: stay(['a'])
b takes action: move(['b', 'r4', 'r3'])
a takes action: move(['a', 'r5', 'r4'])
b takes action: stay(['b'])
a takes action: move(['a', 'r4', 'r7'])
b takes action: move(['b', 'r3', 'r4'])
Steps: 14
Time cost: 3.213770s
2025-10-12 19:40:16,641 EXP - __main__.Logger.exp:
a takes action: move(['a', 'r1', 'r2'])
b takes action: stay(['b'])
a takes action: move(['a', 'r2', 'r3'])
b takes action: move(['b', 'r4', 'r7'])
a takes action: move(['a', 'r3', 'r4'])
b takes action: stay(['b'])
a takes action: move(['a', 'r4', 'r5'])
b takes action: move(['b', 'r7', 'r4'])
a takes action: stay(['a'])
b takes action: move(['b', 'r4', 'r3'])
a takes action: move(['a', 'r5', 'r4'])
b takes action: move(['b', 'r3', 'r2'])
a takes action: move(['a', 'r4', 'r7'])
b takes action: move(['b', 'r2', 'r3'])
a takes action: stay(['a'])
b takes action: move(['b', 'r3', 'r4'])
Steps: 16
Time cost: 3.274946s
2025-10-12 19:40:19,886 EXP - __main__.Logger.exp:
a takes action: move(['a', 'r1', 'r2'])
b takes action: stay(['b'])
a takes action: move(['a', 'r2', 'r3'])
b takes action: move(['b', 'r4', 'r7'])
a takes action: move(['a', 'r3', 'r4'])
b takes action: stay(['b'])
a takes action: move(['a', 'r4', 'r5'])
b takes action: move(['b', 'r7', 'r4'])
a takes action: stay(['a'])
b takes action: move(['b', 'r4', 'r3'])
a takes action: move(['a', 'r5', 'r4'])
b takes action: stay(['b'])
a takes action: move(['a', 'r4', 'r7'])
b takes action: move(['b', 'r3', 'r4'])
Steps: 14
Time cost: 3.243046s
2025-10-12 19:40:23,088 EXP - __main__.Logger.exp:
a takes action: move(['a', 'r1', 'r2'])
b takes action: stay(['b'])
a takes action: move(['a', 'r2', 'r3'])
b takes action: move(['b', 'r4', 'r7'])
a takes action: move(['a', 'r3', 'r4'])
b takes action: stay(['b'])
a takes action: move(['a', 'r4', 'r5'])
b takes action: move(['b', 'r7', 'r4'])
a takes action: stay(['a'])
b takes action: move(['b', 'r4', 'r3'])
a takes action: move(['a', 'r5', 'r4'])
b takes action: stay(['b'])
a takes action: move(['a', 'r4', 'r7'])
b takes action: move(['b', 'r3', 'r4'])
Steps: 14
Time cost: 3.201035s
2025-10-12 19:40:26,359 EXP - __main__.Logger.exp:
a takes action: move(['a', 'r1', 'r2'])
b takes action: stay(['b'])
a takes action: move(['a', 'r2', 'r3'])
b takes action: move(['b', 'r4', 'r7'])
a takes action: move(['a', 'r3', 'r4'])
b takes action: stay(['b'])
a takes action: move(['a', 'r4', 'r5'])
b takes action: move(['b', 'r7', 'r4'])
a takes action: stay(['a'])
b takes action: move(['b', 'r4', 'r3'])
a takes action: move(['a', 'r5', 'r4'])
b takes action: move(['b', 'r3', 'r2'])
a takes action: move(['a', 'r4', 'r7'])
b takes action: move(['b', 'r2', 'r3'])
a takes action: stay(['a'])
b takes action: move(['b', 'r3', 'r4'])
Steps: 16
Time cost: 3.269378s
2025-10-12 19:40:29,571 EXP - __main__.Logger.exp:
a takes action: move(['a', 'r1', 'r2'])
b takes action: stay(['b'])
a takes action: move(['a', 'r2', 'r3'])
b takes action: move(['b', 'r4', 'r7'])
a takes action: move(['a', 'r3', 'r4'])
b takes action: stay(['b'])
a takes action: move(['a', 'r4', 'r5'])
b takes action: move(['b', 'r7', 'r4'])
a takes action: stay(['a'])
b takes action: move(['b', 'r4', 'r3'])
a takes action: move(['a', 'r5', 'r4'])
b takes action: stay(['b'])
a takes action: move(['a', 'r4', 'r7'])
b takes action: move(['b', 'r3', 'r4'])
Steps: 14
Time cost: 3.210627s
2025-10-12 19:40:32,786 EXP - __main__.Logger.exp:
a takes action: move(['a', 'r1', 'r2'])
b takes action: stay(['b'])
a takes action: move(['a', 'r2', 'r3'])
b takes action: move(['b', 'r4', 'r7'])
a takes action: move(['a', 'r3', 'r4'])
b takes action: stay(['b'])
a takes action: move(['a', 'r4', 'r5'])
b takes action: move(['b', 'r7', 'r4'])
a takes action: stay(['a'])
b takes action: move(['b', 'r4', 'r3'])
a takes action: move(['a', 'r5', 'r4'])
b takes action: stay(['b'])
a takes action: move(['a', 'r4', 'r7'])
b takes action: move(['b', 'r3', 'r4'])
Steps: 14
Time cost: 3.212851s
2025-10-12 19:40:36,000 EXP - __main__.Logger.exp:
a takes action: move(['a', 'r1', 'r2'])
b takes action: stay(['b'])
a takes action: move(['a', 'r2', 'r3'])
b takes action: move(['b', 'r4', 'r7'])
a takes action: move(['a', 'r3', 'r4'])
b takes action: stay(['b'])
a takes action: move(['a', 'r4', 'r5'])
b takes action: move(['b', 'r7', 'r4'])
a takes action: stay(['a'])
b takes action: move(['b', 'r4', 'r3'])
a takes action: move(['a', 'r5', 'r4'])
b takes action: stay(['b'])
a takes action: move(['a', 'r4', 'r7'])
b takes action: move(['b', 'r3', 'r4'])
Steps: 14
Time cost: 3.212716s
2025-10-12 19:40:39,290 EXP - __main__.Logger.exp:
a takes action: move(['a', 'r1', 'r2'])
b takes action: stay(['b'])
a takes action: move(['a', 'r2', 'r3'])
b takes action: move(['b', 'r4', 'r7'])
a takes action: move(['a', 'r3', 'r4'])
b takes action: stay(['b'])
a takes action: move(['a', 'r4', 'r5'])
b takes action: move(['b', 'r7', 'r4'])
a takes action: stay(['a'])
b takes action: move(['b', 'r4', 'r3'])
a takes action: move(['a', 'r5', 'r4'])
b takes action: move(['b', 'r3', 'r2'])
a takes action: move(['a', 'r4', 'r7'])
b takes action: move(['b', 'r2', 'r3'])
a takes action: stay(['a'])
b takes action: move(['b', 'r3', 'r4'])
Steps: 16
Time cost: 3.288632s
2025-10-12 19:40:42,568 EXP - __main__.Logger.exp:
a takes action: move(['a', 'r1', 'r2'])
b takes action: stay(['b'])
a takes action: move(['a', 'r2', 'r3'])
b takes action: move(['b', 'r4', 'r7'])
a takes action: move(['a', 'r3', 'r4'])
b takes action: stay(['b'])
a takes action: move(['a', 'r4', 'r5'])
b takes action: move(['b', 'r7', 'r4'])
a takes action: stay(['a'])
b takes action: move(['b', 'r4', 'r3'])
a takes action: move(['a', 'r5', 'r4'])
b takes action: move(['b', 'r3', 'r2'])
a takes action: move(['a', 'r4', 'r7'])
b takes action: move(['b', 'r2', 'r3'])
a takes action: stay(['a'])
b takes action: move(['b', 'r3', 'r4'])
Steps: 16
Time cost: 3.276134s
2025-10-12 19:40:45,789 EXP - __main__.Logger.exp:
a takes action: move(['a', 'r1', 'r2'])
b takes action: stay(['b'])
a takes action: move(['a', 'r2', 'r3'])
b takes action: move(['b', 'r4', 'r7'])
a takes action: move(['a', 'r3', 'r4'])
b takes action: stay(['b'])
a takes action: move(['a', 'r4', 'r5'])
b takes action: move(['b', 'r7', 'r4'])
a takes action: stay(['a'])
b takes action: move(['b', 'r4', 'r3'])
a takes action: move(['a', 'r5', 'r4'])
b takes action: stay(['b'])
a takes action: move(['a', 'r4', 'r7'])
b takes action: move(['b', 'r3', 'r4'])
Steps: 14
Time cost: 3.219653s
2025-10-12 19:40:48,994 EXP - __main__.Logger.exp:
a takes action: move(['a', 'r1', 'r2'])
b takes action: stay(['b'])
a takes action: move(['a', 'r2', 'r3'])
b takes action: move(['b', 'r4', 'r7'])
a takes action: move(['a', 'r3', 'r4'])
b takes action: stay(['b'])
a takes action: move(['a', 'r4', 'r5'])
b takes action: move(['b', 'r7', 'r4'])
a takes action: stay(['a'])
b takes action: move(['b', 'r4', 'r3'])
a takes action: move(['a', 'r5', 'r4'])
b takes action: stay(['b'])
a takes action: move(['a', 'r4', 'r7'])
b takes action: move(['b', 'r3', 'r4'])
Steps: 14
Time cost: 3.203704s
2025-10-12 19:40:52,197 EXP - __main__.Logger.exp:
a takes action: move(['a', 'r1', 'r2'])
b takes action: stay(['b'])
a takes action: move(['a', 'r2', 'r3'])
b takes action: move(['b', 'r4', 'r7'])
a takes action: move(['a', 'r3', 'r4'])
b takes action: stay(['b'])
a takes action: move(['a', 'r4', 'r5'])
b takes action: move(['b', 'r7', 'r4'])
a takes action: stay(['a'])
b takes action: move(['b', 'r4', 'r3'])
a takes action: move(['a', 'r5', 'r4'])
b takes action: stay(['b'])
a takes action: move(['a', 'r4', 'r7'])
b takes action: move(['b', 'r3', 'r4'])
Steps: 14
Time cost: 3.201264s
2025-10-12 19:40:55,422 EXP - __main__.Logger.exp:
a takes action: move(['a', 'r1', 'r2'])
b takes action: stay(['b'])
a takes action: move(['a', 'r2', 'r3'])
b takes action: move(['b', 'r4', 'r7'])
a takes action: move(['a', 'r3', 'r4'])
b takes action: stay(['b'])
a takes action: move(['a', 'r4', 'r5'])
b takes action: move(['b', 'r7', 'r4'])
a takes action: stay(['a'])
b takes action: move(['b', 'r4', 'r3'])
a takes action: move(['a', 'r5', 'r4'])
b takes action: stay(['b'])
a takes action: move(['a', 'r4', 'r7'])
b takes action: move(['b', 'r3', 'r4'])
Steps: 14
Time cost: 3.223668s
2025-10-12 19:40:58,687 EXP - __main__.Logger.exp:
a takes action: move(['a', 'r1', 'r2'])
b takes action: stay(['b'])
a takes action: move(['a', 'r2', 'r3'])
b takes action: move(['b', 'r4', 'r7'])
a takes action: move(['a', 'r3', 'r4'])
b takes action: stay(['b'])
a takes action: move(['a', 'r4', 'r5'])
b takes action: move(['b', 'r7', 'r4'])
a takes action: stay(['a'])
b takes action: move(['b', 'r4', 'r3'])
a takes action: move(['a', 'r5', 'r4'])
b takes action: move(['b', 'r3', 'r2'])
a takes action: move(['a', 'r4', 'r7'])
b takes action: move(['b', 'r2', 'r3'])
a takes action: stay(['a'])
b takes action: move(['b', 'r3', 'r4'])
Steps: 16
Time cost: 3.263495s
2025-10-12 19:41:01,923 EXP - __main__.Logger.exp:
a takes action: move(['a', 'r1', 'r2'])
b takes action: stay(['b'])
a takes action: move(['a', 'r2', 'r3'])
b takes action: move(['b', 'r4', 'r7'])
a takes action: move(['a', 'r3', 'r4'])
b takes action: stay(['b'])
a takes action: move(['a', 'r4', 'r5'])
b takes action: move(['b', 'r7', 'r4'])
a takes action: stay(['a'])
b takes action: move(['b', 'r4', 'r3'])
a takes action: move(['a', 'r5', 'r4'])
b takes action: stay(['b'])
a takes action: move(['a', 'r4', 'r7'])
b takes action: move(['b', 'r3', 'r4'])
Steps: 14
Time cost: 3.234404s
2025-10-12 19:41:05,198 EXP - __main__.Logger.exp:
a takes action: move(['a', 'r1', 'r2'])
b takes action: stay(['b'])
a takes action: move(['a', 'r2', 'r3'])
b takes action: move(['b', 'r4', 'r7'])
a takes action: move(['a', 'r3', 'r4'])
b takes action: stay(['b'])
a takes action: move(['a', 'r4', 'r5'])
b takes action: move(['b', 'r7', 'r4'])
a takes action: stay(['a'])
b takes action: move(['b', 'r4', 'r3'])
a takes action: move(['a', 'r5', 'r4'])
b takes action: move(['b', 'r3', 'r2'])
a takes action: move(['a', 'r4', 'r7'])
b takes action: move(['b', 'r2', 'r3'])
a takes action: stay(['a'])
b takes action: move(['b', 'r3', 'r4'])
Steps: 16
Time cost: 3.272981s
2025-10-12 19:41:08,467 EXP - __main__.Logger.exp:
a takes action: move(['a', 'r1', 'r2'])
b takes action: stay(['b'])
a takes action: move(['a', 'r2', 'r3'])
b takes action: move(['b', 'r4', 'r7'])
a takes action: move(['a', 'r3', 'r4'])
b takes action: stay(['b'])
a takes action: move(['a', 'r4', 'r5'])
b takes action: move(['b', 'r7', 'r4'])
a takes action: stay(['a'])
b takes action: move(['b', 'r4', 'r3'])
a takes action: move(['a', 'r5', 'r4'])
b takes action: move(['b', 'r3', 'r2'])
a takes action: move(['a', 'r4', 'r7'])
b takes action: move(['b', 'r2', 'r3'])
a takes action: stay(['a'])
b takes action: move(['b', 'r3', 'r4'])
Steps: 16
Time cost: 3.267682s
2025-10-12 19:41:11,755 EXP - __main__.Logger.exp:
a takes action: move(['a', 'r1', 'r2'])
b takes action: stay(['b'])
a takes action: move(['a', 'r2', 'r3'])
b takes action: move(['b', 'r4', 'r7'])
a takes action: move(['a', 'r3', 'r4'])
b takes action: stay(['b'])
a takes action: move(['a', 'r4', 'r5'])
b takes action: move(['b', 'r7', 'r4'])
a takes action: stay(['a'])
b takes action: move(['b', 'r4', 'r3'])
a takes action: move(['a', 'r5', 'r4'])
b takes action: move(['b', 'r3', 'r2'])
a takes action: move(['a', 'r4', 'r7'])
b takes action: move(['b', 'r2', 'r3'])
a takes action: stay(['a'])
b takes action: move(['b', 'r3', 'r4'])
Steps: 16
Time cost: 3.286399s
2025-10-12 19:41:14,985 EXP - __main__.Logger.exp:
a takes action: move(['a', 'r1', 'r2'])
b takes action: stay(['b'])
a takes action: move(['a', 'r2', 'r3'])
b takes action: move(['b', 'r4', 'r7'])
a takes action: move(['a', 'r3', 'r4'])
b takes action: stay(['b'])
a takes action: move(['a', 'r4', 'r5'])
b takes action: move(['b', 'r7', 'r4'])
a takes action: stay(['a'])
b takes action: move(['b', 'r4', 'r3'])
a takes action: move(['a', 'r5', 'r4'])
b takes action: stay(['b'])
a takes action: move(['a', 'r4', 'r7'])
b takes action: move(['b', 'r3', 'r4'])
Steps: 14
Time cost: 3.228812s
2025-10-12 19:41:18,253 EXP - __main__.Logger.exp:
a takes action: move(['a', 'r1', 'r2'])
b takes action: stay(['b'])
a takes action: move(['a', 'r2', 'r3'])
b takes action: move(['b', 'r4', 'r7'])
a takes action: move(['a', 'r3', 'r4'])
b takes action: stay(['b'])
a takes action: move(['a', 'r4', 'r5'])
b takes action: move(['b', 'r7', 'r4'])
a takes action: stay(['a'])
b takes action: move(['b', 'r4', 'r3'])
a takes action: move(['a', 'r5', 'r4'])
b takes action: move(['b', 'r3', 'r2'])
a takes action: move(['a', 'r4', 'r7'])
b takes action: move(['b', 'r2', 'r3'])
a takes action: stay(['a'])
b takes action: move(['b', 'r3', 'r4'])
Steps: 16
Time cost: 3.266632s
2025-10-12 19:41:21,546 EXP - __main__.Logger.exp:
a takes action: move(['a', 'r1', 'r2'])
b takes action: stay(['b'])
a takes action: move(['a', 'r2', 'r3'])
b takes action: move(['b', 'r4', 'r7'])
a takes action: move(['a', 'r3', 'r4'])
b takes action: stay(['b'])
a takes action: move(['a', 'r4', 'r5'])
b takes action: move(['b', 'r7', 'r4'])
a takes action: stay(['a'])
b takes action: move(['b', 'r4', 'r3'])
a takes action: move(['a', 'r5', 'r4'])
b takes action: move(['b', 'r3', 'r2'])
a takes action: move(['a', 'r4', 'r7'])
b takes action: move(['b', 'r2', 'r3'])
a takes action: stay(['a'])
b takes action: move(['b', 'r3', 'r4'])
Steps: 16
Time cost: 3.291086s
2025-10-12 19:41:24,819 EXP - __main__.Logger.exp:
a takes action: move(['a', 'r1', 'r2'])
b takes action: stay(['b'])
a takes action: move(['a', 'r2', 'r3'])
b takes action: move(['b', 'r4', 'r7'])
a takes action: move(['a', 'r3', 'r4'])
b takes action: stay(['b'])
a takes action: move(['a', 'r4', 'r5'])
b takes action: move(['b', 'r7', 'r4'])
a takes action: stay(['a'])
b takes action: move(['b', 'r4', 'r3'])
a takes action: move(['a', 'r5', 'r4'])
b takes action: move(['b', 'r3', 'r2'])
a takes action: move(['a', 'r4', 'r7'])
b takes action: move(['b', 'r2', 'r3'])
a takes action: stay(['a'])
b takes action: move(['b', 'r3', 'r4'])
Steps: 16
Time cost: 3.271800s
2025-10-12 19:41:28,081 EXP - __main__.Logger.exp:
a takes action: move(['a', 'r1', 'r2'])
b takes action: stay(['b'])
a takes action: move(['a', 'r2', 'r3'])
b takes action: move(['b', 'r4', 'r7'])
a takes action: move(['a', 'r3', 'r4'])
b takes action: stay(['b'])
a takes action: move(['a', 'r4', 'r5'])
b takes action: move(['b', 'r7', 'r4'])
a takes action: stay(['a'])
b takes action: move(['b', 'r4', 'r3'])
a takes action: move(['a', 'r5', 'r4'])
b takes action: move(['b', 'r3', 'r2'])
a takes action: move(['a', 'r4', 'r7'])
b takes action: move(['b', 'r2', 'r3'])
a takes action: stay(['a'])
b takes action: move(['b', 'r3', 'r4'])
Steps: 16
Time cost: 3.260652s
2025-10-12 19:41:31,285 EXP - __main__.Logger.exp:
a takes action: move(['a', 'r1', 'r2'])
b takes action: stay(['b'])
a takes action: move(['a', 'r2', 'r3'])
b takes action: move(['b', 'r4', 'r7'])
a takes action: move(['a', 'r3', 'r4'])
b takes action: stay(['b'])
a takes action: move(['a', 'r4', 'r5'])
b takes action: move(['b', 'r7', 'r4'])
a takes action: stay(['a'])
b takes action: move(['b', 'r4', 'r3'])
a takes action: move(['a', 'r5', 'r4'])
b takes action: stay(['b'])
a takes action: move(['a', 'r4', 'r7'])
b takes action: move(['b', 'r3', 'r4'])
Steps: 14
Time cost: 3.202366s
2025-10-12 19:41:34,539 EXP - __main__.Logger.exp:
a takes action: move(['a', 'r1', 'r2'])
b takes action: stay(['b'])
a takes action: move(['a', 'r2', 'r3'])
b takes action: move(['b', 'r4', 'r7'])
a takes action: move(['a', 'r3', 'r4'])
b takes action: stay(['b'])
a takes action: move(['a', 'r4', 'r5'])
b takes action: move(['b', 'r7', 'r4'])
a takes action: stay(['a'])
b takes action: move(['b', 'r4', 'r3'])
a takes action: move(['a', 'r5', 'r4'])
b takes action: move(['b', 'r3', 'r2'])
a takes action: move(['a', 'r4', 'r7'])
b takes action: move(['b', 'r2', 'r3'])
a takes action: stay(['a'])
b takes action: move(['b', 'r3', 'r4'])
Steps: 16
Time cost: 3.252237s
2025-10-12 19:41:37,741 EXP - __main__.Logger.exp:
a takes action: move(['a', 'r1', 'r2'])
b takes action: stay(['b'])
a takes action: move(['a', 'r2', 'r3'])
b takes action: move(['b', 'r4', 'r7'])
a takes action: move(['a', 'r3', 'r4'])
b takes action: stay(['b'])
a takes action: move(['a', 'r4', 'r5'])
b takes action: move(['b', 'r7', 'r4'])
a takes action: stay(['a'])
b takes action: move(['b', 'r4', 'r3'])
a takes action: move(['a', 'r5', 'r4'])
b takes action: stay(['b'])
a takes action: move(['a', 'r4', 'r7'])
b takes action: move(['b', 'r3', 'r4'])
Steps: 14
Time cost: 3.200320s
2025-10-12 19:41:41,015 EXP - __main__.Logger.exp:
a takes action: move(['a', 'r1', 'r2'])
b takes action: stay(['b'])
a takes action: move(['a', 'r2', 'r3'])
b takes action: move(['b', 'r4', 'r7'])
a takes action: move(['a', 'r3', 'r4'])
b takes action: stay(['b'])
a takes action: move(['a', 'r4', 'r5'])
b takes action: move(['b', 'r7', 'r4'])
a takes action: stay(['a'])
b takes action: move(['b', 'r4', 'r3'])
a takes action: move(['a', 'r5', 'r4'])
b takes action: move(['b', 'r3', 'r2'])
a takes action: move(['a', 'r4', 'r7'])
b takes action: move(['b', 'r2', 'r3'])
a takes action: stay(['a'])
b takes action: move(['b', 'r3', 'r4'])
Steps: 16
Time cost: 3.272435s
2025-10-12 19:41:44,211 EXP - __main__.Logger.exp:
a takes action: move(['a', 'r1', 'r2'])
b takes action: stay(['b'])
a takes action: move(['a', 'r2', 'r3'])
b takes action: move(['b', 'r4', 'r7'])
a takes action: move(['a', 'r3', 'r4'])
b takes action: stay(['b'])
a takes action: move(['a', 'r4', 'r5'])
b takes action: move(['b', 'r7', 'r4'])
a takes action: stay(['a'])
b takes action: move(['b', 'r4', 'r3'])
a takes action: move(['a', 'r5', 'r4'])
b takes action: stay(['b'])
a takes action: move(['a', 'r4', 'r7'])
b takes action: move(['b', 'r3', 'r4'])
Steps: 14
Time cost: 3.194093s
2025-10-12 19:41:47,492 EXP - __main__.Logger.exp:
a takes action: move(['a', 'r1', 'r2'])
b takes action: stay(['b'])
a takes action: move(['a', 'r2', 'r3'])
b takes action: move(['b', 'r4', 'r7'])
a takes action: move(['a', 'r3', 'r4'])
b takes action: stay(['b'])
a takes action: move(['a', 'r4', 'r5'])
b takes action: move(['b', 'r7', 'r4'])
a takes action: stay(['a'])
b takes action: move(['b', 'r4', 'r3'])
a takes action: move(['a', 'r5', 'r4'])
b takes action: move(['b', 'r3', 'r2'])
a takes action: move(['a', 'r4', 'r7'])
b takes action: move(['b', 'r2', 'r3'])
a takes action: stay(['a'])
b takes action: move(['b', 'r3', 'r4'])
Steps: 16
Time cost: 3.280263s
2025-10-12 19:41:50,775 EXP - __main__.Logger.exp:
a takes action: move(['a', 'r1', 'r2'])
b takes action: stay(['b'])
a takes action: move(['a', 'r2', 'r3'])
b takes action: move(['b', 'r4', 'r7'])
a takes action: move(['a', 'r3', 'r4'])
b takes action: stay(['b'])
a takes action: move(['a', 'r4', 'r5'])
b takes action: move(['b', 'r7', 'r4'])
a takes action: stay(['a'])
b takes action: move(['b', 'r4', 'r3'])
a takes action: move(['a', 'r5', 'r4'])
b takes action: move(['b', 'r3', 'r2'])
a takes action: move(['a', 'r4', 'r7'])
b takes action: move(['b', 'r2', 'r3'])
a takes action: stay(['a'])
b takes action: move(['b', 'r3', 'r4'])
Steps: 16
Time cost: 3.280816s
2025-10-12 19:41:54,027 EXP - __main__.Logger.exp:
a takes action: move(['a', 'r1', 'r2'])
b takes action: stay(['b'])
a takes action: move(['a', 'r2', 'r3'])
b takes action: move(['b', 'r4', 'r7'])
a takes action: move(['a', 'r3', 'r4'])
b takes action: stay(['b'])
a takes action: move(['a', 'r4', 'r5'])
b takes action: move(['b', 'r7', 'r4'])
a takes action: stay(['a'])
b takes action: move(['b', 'r4', 'r3'])
a takes action: move(['a', 'r5', 'r4'])
b takes action: move(['b', 'r3', 'r2'])
a takes action: move(['a', 'r4', 'r7'])
b takes action: move(['b', 'r2', 'r3'])
a takes action: stay(['a'])
b takes action: move(['b', 'r3', 'r4'])
Steps: 16
Time cost: 3.250140s
2025-10-12 19:41:57,292 EXP - __main__.Logger.exp:
a takes action: move(['a', 'r1', 'r2'])
b takes action: stay(['b'])
a takes action: move(['a', 'r2', 'r3'])
b takes action: move(['b', 'r4', 'r7'])
a takes action: move(['a', 'r3', 'r4'])
b takes action: stay(['b'])
a takes action: move(['a', 'r4', 'r5'])
b takes action: move(['b', 'r7', 'r4'])
a takes action: stay(['a'])
b takes action: move(['b', 'r4', 'r3'])
a takes action: move(['a', 'r5', 'r4'])
b takes action: move(['b', 'r3', 'r2'])
a takes action: move(['a', 'r4', 'r7'])
b takes action: move(['b', 'r2', 'r3'])
a takes action: stay(['a'])
b takes action: move(['b', 'r3', 'r4'])
Steps: 16
Time cost: 3.263939s
2025-10-12 19:42:00,490 EXP - __main__.Logger.exp:
a takes action: move(['a', 'r1', 'r2'])
b takes action: stay(['b'])
a takes action: move(['a', 'r2', 'r3'])
b takes action: move(['b', 'r4', 'r7'])
a takes action: move(['a', 'r3', 'r4'])
b takes action: stay(['b'])
a takes action: move(['a', 'r4', 'r5'])
b takes action: move(['b', 'r7', 'r4'])
a takes action: stay(['a'])
b takes action: move(['b', 'r4', 'r3'])
a takes action: move(['a', 'r5', 'r4'])
b takes action: stay(['b'])
a takes action: move(['a', 'r4', 'r7'])
b takes action: move(['b', 'r3', 'r4'])
Steps: 14
Time cost: 3.196671s
2025-10-12 19:42:03,674 EXP - __main__.Logger.exp:
a takes action: move(['a', 'r1', 'r2'])
b takes action: stay(['b'])
a takes action: move(['a', 'r2', 'r3'])
b takes action: move(['b', 'r4', 'r7'])
a takes action: move(['a', 'r3', 'r4'])
b takes action: stay(['b'])
a takes action: move(['a', 'r4', 'r5'])
b takes action: move(['b', 'r7', 'r4'])
a takes action: stay(['a'])
b takes action: move(['b', 'r4', 'r3'])
a takes action: move(['a', 'r5', 'r4'])
b takes action: stay(['b'])
a takes action: move(['a', 'r4', 'r7'])
b takes action: move(['b', 'r3', 'r4'])
Steps: 14
Time cost: 3.182334s
2025-10-12 19:42:06,878 EXP - __main__.Logger.exp:
a takes action: move(['a', 'r1', 'r2'])
b takes action: stay(['b'])
a takes action: move(['a', 'r2', 'r3'])
b takes action: move(['b', 'r4', 'r7'])
a takes action: move(['a', 'r3', 'r4'])
b takes action: stay(['b'])
a takes action: move(['a', 'r4', 'r5'])
b takes action: move(['b', 'r7', 'r4'])
a takes action: stay(['a'])
b takes action: move(['b', 'r4', 'r3'])
a takes action: move(['a', 'r5', 'r4'])
b takes action: stay(['b'])
a takes action: move(['a', 'r4', 'r7'])
b takes action: move(['b', 'r3', 'r4'])
Steps: 14
Time cost: 3.202089s
2025-10-12 19:42:10,088 EXP - __main__.Logger.exp:
a takes action: move(['a', 'r1', 'r2'])
b takes action: stay(['b'])
a takes action: move(['a', 'r2', 'r3'])
b takes action: move(['b', 'r4', 'r7'])
a takes action: move(['a', 'r3', 'r4'])
b takes action: stay(['b'])
a takes action: move(['a', 'r4', 'r5'])
b takes action: move(['b', 'r7', 'r4'])
a takes action: stay(['a'])
b takes action: move(['b', 'r4', 'r3'])
a takes action: move(['a', 'r5', 'r4'])
b takes action: stay(['b'])
a takes action: move(['a', 'r4', 'r7'])
b takes action: move(['b', 'r3', 'r4'])
Steps: 14
Time cost: 3.209236s
2025-10-12 19:42:13,350 EXP - __main__.Logger.exp:
a takes action: move(['a', 'r1', 'r2'])
b takes action: stay(['b'])
a takes action: move(['a', 'r2', 'r3'])
b takes action: move(['b', 'r4', 'r7'])
a takes action: move(['a', 'r3', 'r4'])
b takes action: stay(['b'])
a takes action: move(['a', 'r4', 'r5'])
b takes action: move(['b', 'r7', 'r4'])
a takes action: stay(['a'])
b takes action: move(['b', 'r4', 'r3'])
a takes action: move(['a', 'r5', 'r4'])
b takes action: move(['b', 'r3', 'r2'])
a takes action: move(['a', 'r4', 'r7'])
b takes action: move(['b', 'r2', 'r3'])
a takes action: stay(['a'])
b takes action: move(['b', 'r3', 'r4'])
Steps: 16
Time cost: 3.260069s
2025-10-12 19:42:16,556 EXP - __main__.Logger.exp:
a takes action: move(['a', 'r1', 'r2'])
b takes action: stay(['b'])
a takes action: move(['a', 'r2', 'r3'])
b takes action: move(['b', 'r4', 'r7'])
a takes action: move(['a', 'r3', 'r4'])
b takes action: stay(['b'])
a takes action: move(['a', 'r4', 'r5'])
b takes action: move(['b', 'r7', 'r4'])
a takes action: stay(['a'])
b takes action: move(['b', 'r4', 'r3'])
a takes action: move(['a', 'r5', 'r4'])
b takes action: stay(['b'])
a takes action: move(['a', 'r4', 'r7'])
b takes action: move(['b', 'r3', 'r4'])
Steps: 14
Time cost: 3.204297s
2025-10-12 19:42:19,851 EXP - __main__.Logger.exp:
a takes action: move(['a', 'r1', 'r2'])
b takes action: stay(['b'])
a takes action: move(['a', 'r2', 'r3'])
b takes action: move(['b', 'r4', 'r7'])
a takes action: move(['a', 'r3', 'r4'])
b takes action: stay(['b'])
a takes action: move(['a', 'r4', 'r5'])
b takes action: move(['b', 'r7', 'r4'])
a takes action: stay(['a'])
b takes action: move(['b', 'r4', 'r3'])
a takes action: move(['a', 'r5', 'r4'])
b takes action: move(['b', 'r3', 'r2'])
a takes action: move(['a', 'r4', 'r7'])
b takes action: move(['b', 'r2', 'r3'])
a takes action: stay(['a'])
b takes action: move(['b', 'r3', 'r4'])
Steps: 16
Time cost: 3.293294s
2025-10-12 19:42:23,057 EXP - __main__.Logger.exp:
a takes action: move(['a', 'r1', 'r2'])
b takes action: stay(['b'])
a takes action: move(['a', 'r2', 'r3'])
b takes action: move(['b', 'r4', 'r7'])
a takes action: move(['a', 'r3', 'r4'])
b takes action: stay(['b'])
a takes action: move(['a', 'r4', 'r5'])
b takes action: move(['b', 'r7', 'r4'])
a takes action: stay(['a'])
b takes action: move(['b', 'r4', 'r3'])
a takes action: move(['a', 'r5', 'r4'])
b takes action: stay(['b'])
a takes action: move(['a', 'r4', 'r7'])
b takes action: move(['b', 'r3', 'r4'])
Steps: 14
Time cost: 3.204921s
2025-10-12 19:42:26,335 EXP - __main__.Logger.exp:
a takes action: move(['a', 'r1', 'r2'])
b takes action: stay(['b'])
a takes action: move(['a', 'r2', 'r3'])
b takes action: move(['b', 'r4', 'r7'])
a takes action: move(['a', 'r3', 'r4'])
b takes action: stay(['b'])
a takes action: move(['a', 'r4', 'r5'])
b takes action: move(['b', 'r7', 'r4'])
a takes action: stay(['a'])
b takes action: move(['b', 'r4', 'r3'])
a takes action: move(['a', 'r5', 'r4'])
b takes action: move(['b', 'r3', 'r2'])
a takes action: move(['a', 'r4', 'r7'])
b takes action: move(['b', 'r2', 'r3'])
a takes action: stay(['a'])
b takes action: move(['b', 'r3', 'r4'])
Steps: 16
Time cost: 3.275875s
2025-10-12 19:42:29,602 EXP - __main__.Logger.exp:
a takes action: move(['a', 'r1', 'r2'])
b takes action: stay(['b'])
a takes action: move(['a', 'r2', 'r3'])
b takes action: move(['b', 'r4', 'r7'])
a takes action: move(['a', 'r3', 'r4'])
b takes action: stay(['b'])
a takes action: move(['a', 'r4', 'r5'])
b takes action: move(['b', 'r7', 'r4'])
a takes action: stay(['a'])
b takes action: move(['b', 'r4', 'r3'])
a takes action: move(['a', 'r5', 'r4'])
b takes action: move(['b', 'r3', 'r2'])
a takes action: move(['a', 'r4', 'r7'])
b takes action: move(['b', 'r2', 'r3'])
a takes action: stay(['a'])
b takes action: move(['b', 'r3', 'r4'])
Steps: 16
Time cost: 3.265537s
2025-10-12 19:42:32,812 EXP - __main__.Logger.exp:
a takes action: move(['a', 'r1', 'r2'])
b takes action: stay(['b'])
a takes action: move(['a', 'r2', 'r3'])
b takes action: move(['b', 'r4', 'r7'])
a takes action: move(['a', 'r3', 'r4'])
b takes action: stay(['b'])
a takes action: move(['a', 'r4', 'r5'])
b takes action: move(['b', 'r7', 'r4'])
a takes action: stay(['a'])
b takes action: move(['b', 'r4', 'r3'])
a takes action: move(['a', 'r5', 'r4'])
b takes action: stay(['b'])
a takes action: move(['a', 'r4', 'r7'])
b takes action: move(['b', 'r3', 'r4'])
Steps: 14
Time cost: 3.209155s
2025-10-12 19:42:36,088 EXP - __main__.Logger.exp:
a takes action: move(['a', 'r1', 'r2'])
b takes action: stay(['b'])
a takes action: move(['a', 'r2', 'r3'])
b takes action: move(['b', 'r4', 'r7'])
a takes action: move(['a', 'r3', 'r4'])
b takes action: stay(['b'])
a takes action: move(['a', 'r4', 'r5'])
b takes action: move(['b', 'r7', 'r4'])
a takes action: stay(['a'])
b takes action: move(['b', 'r4', 'r3'])
a takes action: move(['a', 'r5', 'r4'])
b takes action: move(['b', 'r3', 'r2'])
a takes action: move(['a', 'r4', 'r7'])
b takes action: move(['b', 'r2', 'r3'])
a takes action: stay(['a'])
b takes action: move(['b', 'r3', 'r4'])
Steps: 16
Time cost: 3.273744s
2025-10-12 19:42:39,349 EXP - __main__.Logger.exp:
a takes action: move(['a', 'r1', 'r2'])
b takes action: stay(['b'])
a takes action: move(['a', 'r2', 'r3'])
b takes action: move(['b', 'r4', 'r7'])
a takes action: move(['a', 'r3', 'r4'])
b takes action: stay(['b'])
a takes action: move(['a', 'r4', 'r5'])
b takes action: move(['b', 'r7', 'r4'])
a takes action: stay(['a'])
b takes action: move(['b', 'r4', 'r3'])
a takes action: move(['a', 'r5', 'r4'])
b takes action: move(['b', 'r3', 'r2'])
a takes action: move(['a', 'r4', 'r7'])
b takes action: move(['b', 'r2', 'r3'])
a takes action: stay(['a'])
b takes action: move(['b', 'r3', 'r4'])
Steps: 16
Time cost: 3.259455s
2025-10-12 19:42:42,618 EXP - __main__.Logger.exp:
a takes action: move(['a', 'r1', 'r2'])
b takes action: stay(['b'])
a takes action: move(['a', 'r2', 'r3'])
b takes action: move(['b', 'r4', 'r7'])
a takes action: move(['a', 'r3', 'r4'])
b takes action: stay(['b'])
a takes action: move(['a', 'r4', 'r5'])
b takes action: move(['b', 'r7', 'r4'])
a takes action: stay(['a'])
b takes action: move(['b', 'r4', 'r3'])
a takes action: move(['a', 'r5', 'r4'])
b takes action: move(['b', 'r3', 'r2'])
a takes action: move(['a', 'r4', 'r7'])
b takes action: move(['b', 'r2', 'r3'])
a takes action: stay(['a'])
b takes action: move(['b', 'r3', 'r4'])
Steps: 16
Time cost: 3.267546s
2025-10-12 19:42:45,826 EXP - __main__.Logger.exp:
a takes action: move(['a', 'r1', 'r2'])
b takes action: stay(['b'])
a takes action: move(['a', 'r2', 'r3'])
b takes action: move(['b', 'r4', 'r7'])
a takes action: move(['a', 'r3', 'r4'])
b takes action: stay(['b'])
a takes action: move(['a', 'r4', 'r5'])
b takes action: move(['b', 'r7', 'r4'])
a takes action: stay(['a'])
b takes action: move(['b', 'r4', 'r3'])
a takes action: move(['a', 'r5', 'r4'])
b takes action: stay(['b'])
a takes action: move(['a', 'r4', 'r7'])
b takes action: move(['b', 'r3', 'r4'])
Steps: 14
Time cost: 3.206909s
2025-10-12 19:42:49,080 EXP - __main__.Logger.exp:
a takes action: move(['a', 'r1', 'r2'])
b takes action: stay(['b'])
a takes action: move(['a', 'r2', 'r3'])
b takes action: move(['b', 'r4', 'r7'])
a takes action: move(['a', 'r3', 'r4'])
b takes action: stay(['b'])
a takes action: move(['a', 'r4', 'r5'])
b takes action: move(['b', 'r7', 'r4'])
a takes action: stay(['a'])
b takes action: move(['b', 'r4', 'r3'])
a takes action: move(['a', 'r5', 'r4'])
b takes action: move(['b', 'r3', 'r2'])
a takes action: move(['a', 'r4', 'r7'])
b takes action: move(['b', 'r2', 'r3'])
a takes action: stay(['a'])
b takes action: move(['b', 'r3', 'r4'])
Steps: 16
Time cost: 3.252304s
2025-10-12 19:42:49,080 EXP - __main__.Logger.exp:
Avg Steps: 15.06
Avg Time: 3.636017s
