2025-10-24 20:08:50,814 EXP - __main__.Logger.exp:
a takes action: stay(['a'])
b takes action: move(['b', 'r2', 'r5'])
c takes action: stay(['c'])
d takes action: move(['d', 'r7', 'r8'])
a takes action: move(['a', 'r1', 'r2'])
b takes action: move(['b', 'r5', 'r4'])
c takes action: stay(['c'])
d takes action: move(['d', 'r8', 'r9'])
a takes action: move(['a', 'r2', 'r3'])
b takes action: stay(['b'])
c takes action: move(['c', 'r6', 'r5'])
d takes action: stay(['d'])
a takes action: stay(['a'])
b takes action: stay(['b'])
c takes action: move(['c', 'r5', 'r8'])
Steps: 15
Time cost: 32.379179s
2025-10-24 20:09:23,489 EXP - __main__.Logger.exp:
a takes action: stay(['a'])
b takes action: move(['b', 'r2', 'r5'])
c takes action: stay(['c'])
d takes action: move(['d', 'r7', 'r8'])
a takes action: move(['a', 'r1', 'r2'])
b takes action: move(['b', 'r5', 'r4'])
c takes action: stay(['c'])
d takes action: move(['d', 'r8', 'r9'])
a takes action: move(['a', 'r2', 'r3'])
b takes action: stay(['b'])
c takes action: move(['c', 'r6', 'r5'])
d takes action: stay(['d'])
a takes action: stay(['a'])
b takes action: stay(['b'])
c takes action: move(['c', 'r5', 'r8'])
Steps: 15
Time cost: 32.672711s
2025-10-24 20:09:56,174 EXP - __main__.Logger.exp:
a takes action: stay(['a'])
b takes action: move(['b', 'r2', 'r5'])
c takes action: stay(['c'])
d takes action: move(['d', 'r7', 'r8'])
a takes action: move(['a', 'r1', 'r2'])
b takes action: move(['b', 'r5', 'r4'])
c takes action: stay(['c'])
d takes action: move(['d', 'r8', 'r9'])
a takes action: move(['a', 'r2', 'r3'])
b takes action: stay(['b'])
c takes action: move(['c', 'r6', 'r5'])
d takes action: stay(['d'])
a takes action: stay(['a'])
b takes action: stay(['b'])
c takes action: move(['c', 'r5', 'r8'])
Steps: 15
Time cost: 32.682653s
2025-10-24 20:09:56,174 EXP - __main__.Logger.exp:
Avg Steps: 15.0
Avg Time: 32.578181s
