2025-10-24 20:08:19,083 EXP - __main__.Logger.exp:
a takes action: move(['a', 'r1', 'r4'])
b takes action: stay(['b'])
c takes action: move(['c', 'r6', 'r9'])
d takes action: stay(['d'])
a takes action: move(['a', 'r4', 'r5'])
b takes action: move(['b', 'r2', 'r1'])
c takes action: move(['c', 'r9', 'r8'])
d takes action: move(['d', 'r7', 'r4'])
a takes action: move(['a', 'r5', 'r2'])
b takes action: stay(['b'])
c takes action: stay(['c'])
d takes action: move(['d', 'r4', 'r5'])
a takes action: move(['a', 'r2', 'r3'])
b takes action: move(['b', 'r1', 'r4'])
c takes action: stay(['c'])
d takes action: move(['d', 'r5', 'r6'])
a takes action: stay(['a'])
b takes action: stay(['b'])
c takes action: stay(['c'])
d takes action: move(['d', 'r6', 'r9'])
Steps: 20
Time cost: 0.246189s
2025-10-24 20:08:20,053 EXP - __main__.Logger.exp:
a takes action: stay(['a'])
b takes action: move(['b', 'r2', 'r5'])
c takes action: move(['c', 'r6', 'r9'])
d takes action: stay(['d'])
a takes action: move(['a', 'r1', 'r2'])
b takes action: move(['b', 'r5', 'r4'])
c takes action: move(['c', 'r9', 'r8'])
d takes action: stay(['d'])
a takes action: move(['a', 'r2', 'r3'])
b takes action: stay(['b'])
c takes action: stay(['c'])
d takes action: stay(['d'])
a takes action: stay(['a'])
b takes action: stay(['b'])
c takes action: stay(['c'])
d takes action: stay(['d'])
a takes action: stay(['a'])
b takes action: stay(['b'])
c takes action: stay(['c'])
d takes action: stay(['d'])
a takes action: stay(['a'])
b takes action: stay(['b'])
c takes action: stay(['c'])
d takes action: stay(['d'])
a takes action: stay(['a'])
b takes action: stay(['b'])
c takes action: stay(['c'])
d takes action: stay(['d'])
a takes action: stay(['a'])
b takes action: stay(['b'])
c takes action: stay(['c'])
d takes action: stay(['d'])
a takes action: stay(['a'])
b takes action: stay(['b'])
c takes action: stay(['c'])
d takes action: stay(['d'])
a takes action: stay(['a'])
b takes action: stay(['b'])
c takes action: stay(['c'])
d takes action: stay(['d'])
a takes action: stay(['a'])
b takes action: stay(['b'])
c takes action: stay(['c'])
d takes action: stay(['d'])
a takes action: stay(['a'])
b takes action: stay(['b'])
c takes action: stay(['c'])
d takes action: stay(['d'])
a takes action: stay(['a'])
b takes action: stay(['b'])
c takes action: stay(['c'])
d takes action: stay(['d'])
a takes action: stay(['a'])
b takes action: stay(['b'])
c takes action: stay(['c'])
d takes action: stay(['d'])
a takes action: stay(['a'])
b takes action: stay(['b'])
c takes action: stay(['c'])
d takes action: stay(['d'])
a takes action: stay(['a'])
b takes action: stay(['b'])
c takes action: stay(['c'])
d takes action: stay(['d'])
a takes action: stay(['a'])
b takes action: stay(['b'])
c takes action: stay(['c'])
d takes action: stay(['d'])
a takes action: stay(['a'])
b takes action: stay(['b'])
c takes action: stay(['c'])
d takes action: stay(['d'])
a takes action: stay(['a'])
b takes action: stay(['b'])
c takes action: stay(['c'])
d takes action: stay(['d'])
a takes action: stay(['a'])
b takes action: stay(['b'])
c takes action: stay(['c'])
d takes action: stay(['d'])
a takes action: stay(['a'])
b takes action: stay(['b'])
c takes action: stay(['c'])
d takes action: stay(['d'])
a takes action: stay(['a'])
b takes action: stay(['b'])
c takes action: stay(['c'])
d takes action: stay(['d'])
a takes action: stay(['a'])
b takes action: stay(['b'])
c takes action: stay(['c'])
d takes action: stay(['d'])
a takes action: stay(['a'])
b takes action: stay(['b'])
c takes action: stay(['c'])
d takes action: stay(['d'])
a takes action: stay(['a'])
b takes action: stay(['b'])
c takes action: stay(['c'])
d takes action: stay(['d'])

