2025-10-12 19:02:36,880 EXP - __main__.Logger.exp:
a takes action: move_right_with_item(['a', 'i'])
b takes action: drop_item(['b', 'j'])
a takes action: drop_item(['a', 'i'])
b takes action: pick_up(['b', 'i'])
a takes action: pick_up(['a', 'j'])
b takes action: stay(['b'])
a takes action: drop_item(['a', 'j'])
b takes action: move_left_with_item(['b', 'i'])
a takes action: pick_up(['a', 'j'])
b takes action: drop_item(['b', 'i'])
Steps: 10
Time cost: 8.665834s
2025-10-12 19:02:45,593 EXP - __main__.Logger.exp:
a takes action: move_right_with_item(['a', 'i'])
b takes action: drop_item(['b', 'j'])
a takes action: drop_item(['a', 'i'])
b takes action: pick_up(['b', 'i'])
a takes action: pick_up(['a', 'j'])
b takes action: stay(['b'])
a takes action: drop_item(['a', 'j'])
b takes action: move_left_with_item(['b', 'i'])
a takes action: pick_up(['a', 'j'])
b takes action: drop_item(['b', 'i'])
Steps: 10
Time cost: 8.711881s
2025-10-12 19:02:54,563 EXP - __main__.Logger.exp:
a takes action: move_right_with_item(['a', 'i'])
b takes action: drop_item(['b', 'j'])
a takes action: drop_item(['a', 'i'])
b takes action: pick_up(['b', 'i'])
a takes action: pick_up(['a', 'j'])
b takes action: drop_item(['b', 'i'])
a takes action: drop_item(['a', 'j'])
b takes action: pick_up(['b', 'i'])
a takes action: stay(['a'])
b takes action: move_left_with_item(['b', 'i'])
a takes action: pick_up(['a', 'j'])
b takes action: drop_item(['b', 'i'])
Steps: 12
Time cost: 8.968877s
2025-10-12 19:03:03,583 EXP - __main__.Logger.exp:
a takes action: move_right_with_item(['a', 'i'])
b takes action: drop_item(['b', 'j'])
a takes action: drop_item(['a', 'i'])
b takes action: pick_up(['b', 'i'])
a takes action: pick_up(['a', 'j'])
b takes action: drop_item(['b', 'i'])
a takes action: drop_item(['a', 'j'])
b takes action: pick_up(['b', 'i'])
a takes action: stay(['a'])
b takes action: move_left_with_item(['b', 'i'])
a takes action: pick_up(['a', 'j'])
b takes action: drop_item(['b', 'i'])
Steps: 12
Time cost: 9.019018s
2025-10-12 19:03:12,313 EXP - __main__.Logger.exp:
a takes action: move_right_with_item(['a', 'i'])
b takes action: drop_item(['b', 'j'])
a takes action: drop_item(['a', 'i'])
b takes action: pick_up(['b', 'i'])
a takes action: pick_up(['a', 'j'])
b takes action: stay(['b'])
a takes action: drop_item(['a', 'j'])
b takes action: move_left_with_item(['b', 'i'])
a takes action: pick_up(['a', 'j'])
b takes action: drop_item(['b', 'i'])
Steps: 10
Time cost: 8.728389s
2025-10-12 19:03:24,209 EXP - __main__.Logger.exp:
a takes action: move_right_with_item(['a', 'i'])
b takes action: drop_item(['b', 'j'])
a takes action: drop_item(['a', 'i'])
b takes action: pick_up(['b', 'i'])
a takes action: pick_up(['a', 'j'])
b takes action: stay(['b'])
a takes action: move_left_with_item(['a', 'j'])
b takes action: move_left_with_item(['b', 'i'])
a takes action: move_right_with_item(['a', 'j'])
b takes action: move_right_with_item(['b', 'i'])
a takes action: move_left_with_item(['a', 'j'])
b takes action: move_left_with_item(['b', 'i'])
a takes action: drop_item(['a', 'j'])
b takes action: move_right_with_item(['b', 'i'])
a takes action: pick_up(['a', 'j'])
b takes action: drop_item(['b', 'i'])
Steps: 16
Time cost: 11.895364s
2025-10-12 19:03:33,186 EXP - __main__.Logger.exp:
a takes action: move_right_with_item(['a', 'i'])
b takes action: drop_item(['b', 'j'])
a takes action: drop_item(['a', 'i'])
b takes action: pick_up(['b', 'i'])
a takes action: pick_up(['a', 'j'])
b takes action: drop_item(['b', 'i'])
a takes action: drop_item(['a', 'j'])
b takes action: pick_up(['b', 'i'])
a takes action: stay(['a'])
b takes action: move_left_with_item(['b', 'i'])
a takes action: pick_up(['a', 'j'])
b takes action: drop_item(['b', 'i'])
Steps: 12
Time cost: 8.975969s
2025-10-12 19:03:42,863 EXP - __main__.Logger.exp:
a takes action: move_right_with_item(['a', 'i'])
b takes action: drop_item(['b', 'j'])
a takes action: drop_item(['a', 'i'])
b takes action: pick_up(['b', 'i'])
a takes action: pick_up(['a', 'j'])
b takes action: stay(['b'])
a takes action: move_left_with_item(['a', 'j'])
b takes action: move_left_with_item(['b', 'i'])
a takes action: drop_item(['a', 'j'])
b takes action: move_right_with_item(['b', 'i'])
a takes action: pick_up(['a', 'j'])
b takes action: drop_item(['b', 'i'])
Steps: 12
Time cost: 9.676089s
2025-10-12 19:03:51,855 EXP - __main__.Logger.exp:
a takes action: move_right_with_item(['a', 'i'])
b takes action: drop_item(['b', 'j'])
a takes action: drop_item(['a', 'i'])
b takes action: pick_up(['b', 'i'])
a takes action: pick_up(['a', 'j'])
b takes action: drop_item(['b', 'i'])
a takes action: drop_item(['a', 'j'])
b takes action: pick_up(['b', 'i'])
a takes action: stay(['a'])
b takes action: move_left_with_item(['b', 'i'])
a takes action: pick_up(['a', 'j'])
b takes action: drop_item(['b', 'i'])
Steps: 12
Time cost: 8.990907s
2025-10-12 19:04:00,579 EXP - __main__.Logger.exp:
a takes action: move_right_with_item(['a', 'i'])
b takes action: drop_item(['b', 'j'])
a takes action: drop_item(['a', 'i'])
b takes action: pick_up(['b', 'i'])
a takes action: pick_up(['a', 'j'])
b takes action: stay(['b'])
a takes action: drop_item(['a', 'j'])
b takes action: move_left_with_item(['b', 'i'])
a takes action: pick_up(['a', 'j'])
b takes action: drop_item(['b', 'i'])
Steps: 10
Time cost: 8.722852s
2025-10-12 19:04:09,328 EXP - __main__.Logger.exp:
a takes action: move_right_with_item(['a', 'i'])
b takes action: drop_item(['b', 'j'])
a takes action: drop_item(['a', 'i'])
b takes action: pick_up(['b', 'i'])
a takes action: pick_up(['a', 'j'])
b takes action: stay(['b'])
a takes action: drop_item(['a', 'j'])
b takes action: move_left_with_item(['b', 'i'])
a takes action: pick_up(['a', 'j'])
b takes action: drop_item(['b', 'i'])
Steps: 10
Time cost: 8.748012s
2025-10-12 19:04:18,357 EXP - __main__.Logger.exp:
a takes action: move_right_with_item(['a', 'i'])
b takes action: drop_item(['b', 'j'])
a takes action: drop_item(['a', 'i'])
b takes action: pick_up(['b', 'i'])
a takes action: pick_up(['a', 'j'])
b takes action: drop_item(['b', 'i'])
a takes action: drop_item(['a', 'j'])
b takes action: pick_up(['b', 'i'])
a takes action: stay(['a'])
b takes action: move_left_with_item(['b', 'i'])
a takes action: pick_up(['a', 'j'])
b takes action: drop_item(['b', 'i'])
Steps: 12
Time cost: 9.027813s
2025-10-12 19:04:28,458 EXP - __main__.Logger.exp:
a takes action: move_right_with_item(['a', 'i'])
b takes action: drop_item(['b', 'j'])
a takes action: drop_item(['a', 'i'])
b takes action: pick_up(['b', 'i'])
a takes action: pick_up(['a', 'j'])
b takes action: stay(['b'])
a takes action: move_left_with_item(['a', 'j'])
b takes action: drop_item(['b', 'i'])
a takes action: move_right_with_item(['a', 'j'])
b takes action: pick_up(['b', 'i'])
a takes action: drop_item(['a', 'j'])
b takes action: move_left_with_item(['b', 'i'])
a takes action: pick_up(['a', 'j'])
b takes action: drop_item(['b', 'i'])
Steps: 14
Time cost: 10.099738s
2025-10-12 19:04:38,175 EXP - __main__.Logger.exp:
a takes action: move_right_with_item(['a', 'i'])
b takes action: drop_item(['b', 'j'])
a takes action: drop_item(['a', 'i'])
b takes action: pick_up(['b', 'i'])
a takes action: pick_up(['a', 'j'])
b takes action: stay(['b'])
a takes action: move_left_with_item(['a', 'j'])
b takes action: move_left_with_item(['b', 'i'])
a takes action: drop_item(['a', 'j'])
b takes action: move_right_with_item(['b', 'i'])
a takes action: pick_up(['a', 'j'])
b takes action: drop_item(['b', 'i'])
Steps: 12
Time cost: 9.716155s
2025-10-12 19:04:47,203 EXP - __main__.Logger.exp:
a takes action: move_right_with_item(['a', 'i'])
b takes action: drop_item(['b', 'j'])
a takes action: drop_item(['a', 'i'])
b takes action: pick_up(['b', 'i'])
a takes action: pick_up(['a', 'j'])
b takes action: drop_item(['b', 'i'])
a takes action: drop_item(['a', 'j'])
b takes action: pick_up(['b', 'i'])
a takes action: stay(['a'])
b takes action: move_left_with_item(['b', 'i'])
a takes action: pick_up(['a', 'j'])
b takes action: drop_item(['b', 'i'])
Steps: 12
Time cost: 9.027257s
2025-10-12 19:05:01,588 EXP - __main__.Logger.exp:
a takes action: move_right_with_item(['a', 'i'])
b takes action: drop_item(['b', 'j'])
a takes action: drop_item(['a', 'i'])
b takes action: pick_up(['b', 'i'])
a takes action: pick_up(['a', 'j'])
b takes action: stay(['b'])
a takes action: move_left_with_item(['a', 'j'])
b takes action: move_left_with_item(['b', 'i'])
a takes action: move_right_with_item(['a', 'j'])
b takes action: move_right_with_item(['b', 'i'])
a takes action: move_left_with_item(['a', 'j'])
b takes action: drop_item(['b', 'i'])
a takes action: stay(['a'])
b takes action: pick_up(['b', 'i'])
a takes action: drop_item(['a', 'j'])
b takes action: drop_item(['b', 'i'])
a takes action: move_right_without_item(['a'])
b takes action: pick_up(['b', 'i'])
a takes action: move_left_without_item(['a'])
b takes action: stay(['b'])
a takes action: pick_up(['a', 'j'])
b takes action: drop_item(['b', 'i'])
Steps: 22
Time cost: 14.383425s
2025-10-12 19:05:10,607 EXP - __main__.Logger.exp:
a takes action: move_right_with_item(['a', 'i'])
b takes action: drop_item(['b', 'j'])
a takes action: drop_item(['a', 'i'])
b takes action: pick_up(['b', 'i'])
a takes action: pick_up(['a', 'j'])
b takes action: drop_item(['b', 'i'])
a takes action: drop_item(['a', 'j'])
b takes action: pick_up(['b', 'i'])
a takes action: stay(['a'])
b takes action: move_left_with_item(['b', 'i'])
a takes action: pick_up(['a', 'j'])
b takes action: drop_item(['b', 'i'])
Steps: 12
Time cost: 9.018087s
2025-10-12 19:05:19,651 EXP - __main__.Logger.exp:
a takes action: move_right_with_item(['a', 'i'])
b takes action: drop_item(['b', 'j'])
a takes action: drop_item(['a', 'i'])
b takes action: pick_up(['b', 'i'])
a takes action: pick_up(['a', 'j'])
b takes action: drop_item(['b', 'i'])
a takes action: drop_item(['a', 'j'])
b takes action: pick_up(['b', 'i'])
a takes action: stay(['a'])
b takes action: move_left_with_item(['b', 'i'])
a takes action: pick_up(['a', 'j'])
b takes action: drop_item(['b', 'i'])
Steps: 12
Time cost: 9.043075s
2025-10-12 19:05:28,437 EXP - __main__.Logger.exp:
a takes action: move_right_with_item(['a', 'i'])
b takes action: drop_item(['b', 'j'])
a takes action: drop_item(['a', 'i'])
b takes action: pick_up(['b', 'i'])
a takes action: pick_up(['a', 'j'])
b takes action: stay(['b'])
a takes action: drop_item(['a', 'j'])
b takes action: move_left_with_item(['b', 'i'])
a takes action: pick_up(['a', 'j'])
b takes action: drop_item(['b', 'i'])
Steps: 10
Time cost: 8.784459s
2025-10-12 19:05:37,403 EXP - __main__.Logger.exp:
a takes action: move_right_with_item(['a', 'i'])
b takes action: drop_item(['b', 'j'])
a takes action: drop_item(['a', 'i'])
b takes action: pick_up(['b', 'i'])
a takes action: pick_up(['a', 'j'])
b takes action: drop_item(['b', 'i'])
a takes action: drop_item(['a', 'j'])
b takes action: pick_up(['b', 'i'])
a takes action: stay(['a'])
b takes action: move_left_with_item(['b', 'i'])
a takes action: pick_up(['a', 'j'])
b takes action: drop_item(['b', 'i'])
Steps: 12
Time cost: 8.964557s
2025-10-12 19:05:46,307 EXP - __main__.Logger.exp:
a takes action: move_right_with_item(['a', 'i'])
b takes action: drop_item(['b', 'j'])
a takes action: drop_item(['a', 'i'])
b takes action: pick_up(['b', 'i'])
a takes action: pick_up(['a', 'j'])
b takes action: drop_item(['b', 'i'])
a takes action: drop_item(['a', 'j'])
b takes action: pick_up(['b', 'i'])
a takes action: stay(['a'])
b takes action: move_left_with_item(['b', 'i'])
a takes action: pick_up(['a', 'j'])
b takes action: drop_item(['b', 'i'])
Steps: 12
Time cost: 8.903288s
2025-10-12 19:05:55,181 EXP - __main__.Logger.exp:
a takes action: move_right_with_item(['a', 'i'])
b takes action: drop_item(['b', 'j'])
a takes action: drop_item(['a', 'i'])
b takes action: pick_up(['b', 'i'])
a takes action: pick_up(['a', 'j'])
b takes action: drop_item(['b', 'i'])
a takes action: drop_item(['a', 'j'])
b takes action: pick_up(['b', 'i'])
a takes action: stay(['a'])
b takes action: move_left_with_item(['b', 'i'])
a takes action: pick_up(['a', 'j'])
b takes action: drop_item(['b', 'i'])
Steps: 12
Time cost: 8.872227s
2025-10-12 19:06:04,047 EXP - __main__.Logger.exp:
a takes action: move_right_with_item(['a', 'i'])
b takes action: drop_item(['b', 'j'])
a takes action: drop_item(['a', 'i'])
b takes action: pick_up(['b', 'i'])
a takes action: pick_up(['a', 'j'])
b takes action: drop_item(['b', 'i'])
a takes action: drop_item(['a', 'j'])
b takes action: pick_up(['b', 'i'])
a takes action: stay(['a'])
b takes action: move_left_with_item(['b', 'i'])
a takes action: pick_up(['a', 'j'])
b takes action: drop_item(['b', 'i'])
Steps: 12
Time cost: 8.865863s
2025-10-12 19:06:12,919 EXP - __main__.Logger.exp:
a takes action: move_right_with_item(['a', 'i'])
b takes action: drop_item(['b', 'j'])
a takes action: drop_item(['a', 'i'])
b takes action: pick_up(['b', 'i'])
a takes action: pick_up(['a', 'j'])
b takes action: drop_item(['b', 'i'])
a takes action: drop_item(['a', 'j'])
b takes action: pick_up(['b', 'i'])
a takes action: stay(['a'])
b takes action: move_left_with_item(['b', 'i'])
a takes action: pick_up(['a', 'j'])
b takes action: drop_item(['b', 'i'])
Steps: 12
Time cost: 8.870160s
2025-10-12 19:06:22,521 EXP - __main__.Logger.exp:
a takes action: move_right_with_item(['a', 'i'])
b takes action: drop_item(['b', 'j'])
a takes action: drop_item(['a', 'i'])
b takes action: pick_up(['b', 'i'])
a takes action: pick_up(['a', 'j'])
b takes action: stay(['b'])
a takes action: move_left_with_item(['a', 'j'])
b takes action: move_left_with_item(['b', 'i'])
a takes action: drop_item(['a', 'j'])
b takes action: move_right_with_item(['b', 'i'])
a takes action: pick_up(['a', 'j'])
b takes action: drop_item(['b', 'i'])
Steps: 12
Time cost: 9.600998s
2025-10-12 19:06:35,737 EXP - __main__.Logger.exp:
a takes action: move_right_with_item(['a', 'i'])
b takes action: drop_item(['b', 'j'])
a takes action: drop_item(['a', 'i'])
b takes action: pick_up(['b', 'i'])
a takes action: pick_up(['a', 'j'])
b takes action: stay(['b'])
a takes action: move_left_with_item(['a', 'j'])
b takes action: move_left_with_item(['b', 'i'])
a takes action: move_right_with_item(['a', 'j'])
b takes action: drop_item(['b', 'i'])
a takes action: stay(['a'])
b takes action: pick_up(['b', 'i'])
a takes action: move_left_with_item(['a', 'j'])
b takes action: drop_item(['b', 'i'])
a takes action: drop_item(['a', 'j'])
b takes action: pick_up(['b', 'i'])
a takes action: stay(['a'])
b takes action: move_right_with_item(['b', 'i'])
a takes action: pick_up(['a', 'j'])
b takes action: drop_item(['b', 'i'])
Steps: 20
Time cost: 13.215683s
2025-10-12 19:06:44,614 EXP - __main__.Logger.exp:
a takes action: move_right_with_item(['a', 'i'])
b takes action: drop_item(['b', 'j'])
a takes action: drop_item(['a', 'i'])
b takes action: pick_up(['b', 'i'])
a takes action: pick_up(['a', 'j'])
b takes action: drop_item(['b', 'i'])
a takes action: drop_item(['a', 'j'])
b takes action: pick_up(['b', 'i'])
a takes action: stay(['a'])
b takes action: move_left_with_item(['b', 'i'])
a takes action: pick_up(['a', 'j'])
b takes action: drop_item(['b', 'i'])
Steps: 12
Time cost: 8.875542s
2025-10-12 19:06:54,212 EXP - __main__.Logger.exp:
a takes action: move_right_with_item(['a', 'i'])
b takes action: drop_item(['b', 'j'])
a takes action: drop_item(['a', 'i'])
b takes action: pick_up(['b', 'i'])
a takes action: pick_up(['a', 'j'])
b takes action: stay(['b'])
a takes action: move_left_with_item(['a', 'j'])
b takes action: move_left_with_item(['b', 'i'])
a takes action: drop_item(['a', 'j'])
b takes action: move_right_with_item(['b', 'i'])
a takes action: pick_up(['a', 'j'])
b takes action: drop_item(['b', 'i'])
Steps: 12
Time cost: 9.597045s
2025-10-12 19:07:02,840 EXP - __main__.Logger.exp:
a takes action: move_right_with_item(['a', 'i'])
b takes action: drop_item(['b', 'j'])
a takes action: drop_item(['a', 'i'])
b takes action: pick_up(['b', 'i'])
a takes action: pick_up(['a', 'j'])
b takes action: stay(['b'])
a takes action: drop_item(['a', 'j'])
b takes action: move_left_with_item(['b', 'i'])
a takes action: pick_up(['a', 'j'])
b takes action: drop_item(['b', 'i'])
Steps: 10
Time cost: 8.627068s
2025-10-12 19:07:11,714 EXP - __main__.Logger.exp:
a takes action: move_right_with_item(['a', 'i'])
b takes action: drop_item(['b', 'j'])
a takes action: drop_item(['a', 'i'])
b takes action: pick_up(['b', 'i'])
a takes action: pick_up(['a', 'j'])
b takes action: drop_item(['b', 'i'])
a takes action: drop_item(['a', 'j'])
b takes action: pick_up(['b', 'i'])
a takes action: stay(['a'])
b takes action: move_left_with_item(['b', 'i'])
a takes action: pick_up(['a', 'j'])
b takes action: drop_item(['b', 'i'])
Steps: 12
Time cost: 8.872768s
2025-10-12 19:07:21,298 EXP - __main__.Logger.exp:
a takes action: move_right_with_item(['a', 'i'])
b takes action: drop_item(['b', 'j'])
a takes action: drop_item(['a', 'i'])
b takes action: pick_up(['b', 'i'])
a takes action: pick_up(['a', 'j'])
b takes action: stay(['b'])
a takes action: move_left_with_item(['a', 'j'])
b takes action: move_left_with_item(['b', 'i'])
a takes action: drop_item(['a', 'j'])
b takes action: move_right_with_item(['b', 'i'])
a takes action: pick_up(['a', 'j'])
b takes action: drop_item(['b', 'i'])
Steps: 12
Time cost: 9.583021s
2025-10-12 19:07:30,170 EXP - __main__.Logger.exp:
a takes action: move_right_with_item(['a', 'i'])
b takes action: drop_item(['b', 'j'])
a takes action: drop_item(['a', 'i'])
b takes action: pick_up(['b', 'i'])
a takes action: pick_up(['a', 'j'])
b takes action: drop_item(['b', 'i'])
a takes action: drop_item(['a', 'j'])
b takes action: pick_up(['b', 'i'])
a takes action: stay(['a'])
b takes action: move_left_with_item(['b', 'i'])
a takes action: pick_up(['a', 'j'])
b takes action: drop_item(['b', 'i'])
Steps: 12
Time cost: 8.870341s
2025-10-12 19:07:39,077 EXP - __main__.Logger.exp:
a takes action: move_right_with_item(['a', 'i'])
b takes action: drop_item(['b', 'j'])
a takes action: drop_item(['a', 'i'])
b takes action: pick_up(['b', 'i'])
a takes action: pick_up(['a', 'j'])
b takes action: drop_item(['b', 'i'])
a takes action: drop_item(['a', 'j'])
b takes action: pick_up(['b', 'i'])
a takes action: stay(['a'])
b takes action: move_left_with_item(['b', 'i'])
a takes action: pick_up(['a', 'j'])
b takes action: drop_item(['b', 'i'])
Steps: 12
Time cost: 8.906161s
2025-10-12 19:07:47,944 EXP - __main__.Logger.exp:
a takes action: move_right_with_item(['a', 'i'])
b takes action: drop_item(['b', 'j'])
a takes action: drop_item(['a', 'i'])
b takes action: pick_up(['b', 'i'])
a takes action: pick_up(['a', 'j'])
b takes action: drop_item(['b', 'i'])
a takes action: drop_item(['a', 'j'])
b takes action: pick_up(['b', 'i'])
a takes action: stay(['a'])
b takes action: move_left_with_item(['b', 'i'])
a takes action: pick_up(['a', 'j'])
b takes action: drop_item(['b', 'i'])
Steps: 12
Time cost: 8.866193s
2025-10-12 19:07:56,615 EXP - __main__.Logger.exp:
a takes action: move_right_with_item(['a', 'i'])
b takes action: drop_item(['b', 'j'])
a takes action: drop_item(['a', 'i'])
b takes action: pick_up(['b', 'i'])
a takes action: pick_up(['a', 'j'])
b takes action: stay(['b'])
a takes action: drop_item(['a', 'j'])
b takes action: move_left_with_item(['b', 'i'])
a takes action: pick_up(['a', 'j'])
b takes action: drop_item(['b', 'i'])
Steps: 10
Time cost: 8.669635s
2025-10-12 19:08:05,485 EXP - __main__.Logger.exp:
a takes action: move_right_with_item(['a', 'i'])
b takes action: drop_item(['b', 'j'])
a takes action: drop_item(['a', 'i'])
b takes action: pick_up(['b', 'i'])
a takes action: pick_up(['a', 'j'])
b takes action: drop_item(['b', 'i'])
a takes action: drop_item(['a', 'j'])
b takes action: pick_up(['b', 'i'])
a takes action: stay(['a'])
b takes action: move_left_with_item(['b', 'i'])
a takes action: pick_up(['a', 'j'])
b takes action: drop_item(['b', 'i'])
Steps: 12
Time cost: 8.869362s
2025-10-12 19:08:14,382 EXP - __main__.Logger.exp:
a takes action: move_right_with_item(['a', 'i'])
b takes action: drop_item(['b', 'j'])
a takes action: drop_item(['a', 'i'])
b takes action: pick_up(['b', 'i'])
a takes action: pick_up(['a', 'j'])
b takes action: drop_item(['b', 'i'])
a takes action: drop_item(['a', 'j'])
b takes action: pick_up(['b', 'i'])
a takes action: stay(['a'])
b takes action: move_left_with_item(['b', 'i'])
a takes action: pick_up(['a', 'j'])
b takes action: drop_item(['b', 'i'])
Steps: 12
Time cost: 8.895841s
2025-10-12 19:08:23,246 EXP - __main__.Logger.exp:
a takes action: move_right_with_item(['a', 'i'])
b takes action: drop_item(['b', 'j'])
a takes action: drop_item(['a', 'i'])
b takes action: pick_up(['b', 'i'])
a takes action: pick_up(['a', 'j'])
b takes action: drop_item(['b', 'i'])
a takes action: drop_item(['a', 'j'])
b takes action: pick_up(['b', 'i'])
a takes action: stay(['a'])
b takes action: move_left_with_item(['b', 'i'])
a takes action: pick_up(['a', 'j'])
b takes action: drop_item(['b', 'i'])
Steps: 12
Time cost: 8.862784s
2025-10-12 19:08:32,136 EXP - __main__.Logger.exp:
a takes action: move_right_with_item(['a', 'i'])
b takes action: drop_item(['b', 'j'])
a takes action: drop_item(['a', 'i'])
b takes action: pick_up(['b', 'i'])
a takes action: pick_up(['a', 'j'])
b takes action: drop_item(['b', 'i'])
a takes action: drop_item(['a', 'j'])
b takes action: pick_up(['b', 'i'])
a takes action: stay(['a'])
b takes action: move_left_with_item(['b', 'i'])
a takes action: pick_up(['a', 'j'])
b takes action: drop_item(['b', 'i'])
Steps: 12
Time cost: 8.889608s
2025-10-12 19:08:42,079 EXP - __main__.Logger.exp:
a takes action: move_right_with_item(['a', 'i'])
b takes action: drop_item(['b', 'j'])
a takes action: drop_item(['a', 'i'])
b takes action: pick_up(['b', 'i'])
a takes action: pick_up(['a', 'j'])
b takes action: stay(['b'])
a takes action: move_left_with_item(['a', 'j'])
b takes action: drop_item(['b', 'i'])
a takes action: move_right_with_item(['a', 'j'])
b takes action: pick_up(['b', 'i'])
a takes action: drop_item(['a', 'j'])
b takes action: move_left_with_item(['b', 'i'])
a takes action: pick_up(['a', 'j'])
b takes action: drop_item(['b', 'i'])
Steps: 14
Time cost: 9.941585s
2025-10-12 19:08:50,706 EXP - __main__.Logger.exp:
a takes action: move_right_with_item(['a', 'i'])
b takes action: drop_item(['b', 'j'])
a takes action: drop_item(['a', 'i'])
b takes action: pick_up(['b', 'i'])
a takes action: pick_up(['a', 'j'])
b takes action: stay(['b'])
a takes action: drop_item(['a', 'j'])
b takes action: move_left_with_item(['b', 'i'])
a takes action: pick_up(['a', 'j'])
b takes action: drop_item(['b', 'i'])
Steps: 10
Time cost: 8.625974s
2025-10-12 19:08:59,576 EXP - __main__.Logger.exp:
a takes action: move_right_with_item(['a', 'i'])
b takes action: drop_item(['b', 'j'])
a takes action: drop_item(['a', 'i'])
b takes action: pick_up(['b', 'i'])
a takes action: pick_up(['a', 'j'])
b takes action: drop_item(['b', 'i'])
a takes action: drop_item(['a', 'j'])
b takes action: pick_up(['b', 'i'])
a takes action: stay(['a'])
b takes action: move_left_with_item(['b', 'i'])
a takes action: pick_up(['a', 'j'])
b takes action: drop_item(['b', 'i'])
Steps: 12
Time cost: 8.868663s
2025-10-12 19:09:08,213 EXP - __main__.Logger.exp:
a takes action: move_right_with_item(['a', 'i'])
b takes action: drop_item(['b', 'j'])
a takes action: drop_item(['a', 'i'])
b takes action: pick_up(['b', 'i'])
a takes action: pick_up(['a', 'j'])
b takes action: stay(['b'])
a takes action: drop_item(['a', 'j'])
b takes action: move_left_with_item(['b', 'i'])
a takes action: pick_up(['a', 'j'])
b takes action: drop_item(['b', 'i'])
Steps: 10
Time cost: 8.636002s
2025-10-12 19:09:17,820 EXP - __main__.Logger.exp:
a takes action: move_right_with_item(['a', 'i'])
b takes action: drop_item(['b', 'j'])
a takes action: drop_item(['a', 'i'])
b takes action: pick_up(['b', 'i'])
a takes action: pick_up(['a', 'j'])
b takes action: stay(['b'])
a takes action: move_left_with_item(['a', 'j'])
b takes action: move_left_with_item(['b', 'i'])
a takes action: drop_item(['a', 'j'])
b takes action: move_right_with_item(['b', 'i'])
a takes action: pick_up(['a', 'j'])
b takes action: drop_item(['b', 'i'])
Steps: 12
Time cost: 9.605639s
2025-10-12 19:09:29,546 EXP - __main__.Logger.exp:
a takes action: move_right_with_item(['a', 'i'])
b takes action: drop_item(['b', 'j'])
a takes action: drop_item(['a', 'i'])
b takes action: pick_up(['b', 'i'])
a takes action: pick_up(['a', 'j'])
b takes action: stay(['b'])
a takes action: move_left_with_item(['a', 'j'])
b takes action: move_left_with_item(['b', 'i'])
a takes action: move_right_with_item(['a', 'j'])
b takes action: move_right_with_item(['b', 'i'])
a takes action: move_left_with_item(['a', 'j'])
b takes action: move_left_with_item(['b', 'i'])
a takes action: drop_item(['a', 'j'])
b takes action: move_right_with_item(['b', 'i'])
a takes action: pick_up(['a', 'j'])
b takes action: drop_item(['b', 'i'])
Steps: 16
Time cost: 11.725144s
2025-10-12 19:09:38,194 EXP - __main__.Logger.exp:
a takes action: move_right_with_item(['a', 'i'])
b takes action: drop_item(['b', 'j'])
a takes action: drop_item(['a', 'i'])
b takes action: pick_up(['b', 'i'])
a takes action: pick_up(['a', 'j'])
b takes action: stay(['b'])
a takes action: drop_item(['a', 'j'])
b takes action: move_left_with_item(['b', 'i'])
a takes action: pick_up(['a', 'j'])
b takes action: drop_item(['b', 'i'])
Steps: 10
Time cost: 8.646755s
2025-10-12 19:09:58,407 EXP - __main__.Logger.exp:
a takes action: move_right_with_item(['a', 'i'])
b takes action: drop_item(['b', 'j'])
a takes action: drop_item(['a', 'i'])
b takes action: pick_up(['b', 'i'])
a takes action: pick_up(['a', 'j'])
b takes action: stay(['b'])
a takes action: move_left_with_item(['a', 'j'])
b takes action: drop_item(['b', 'i'])
a takes action: drop_item(['a', 'j'])
b takes action: pick_up(['b', 'i'])
a takes action: pick_up(['a', 'j'])
b takes action: move_left_with_item(['b', 'i'])
a takes action: move_right_with_item(['a', 'j'])
b takes action: move_right_with_item(['b', 'i'])
a takes action: move_left_with_item(['a', 'j'])
b takes action: drop_item(['b', 'i'])
a takes action: stay(['a'])
b takes action: pick_up(['b', 'i'])
a takes action: drop_item(['a', 'j'])
b takes action: drop_item(['b', 'i'])
a takes action: move_right_without_item(['a'])
b takes action: pick_up(['b', 'i'])
a takes action: move_left_without_item(['a'])
b takes action: move_left_with_item(['b', 'i'])
a takes action: pick_up(['a', 'j'])
b takes action: drop_item(['b', 'i'])
a takes action: drop_item(['a', 'j'])
b takes action: pick_up(['b', 'i'])
a takes action: stay(['a'])
b takes action: move_right_with_item(['b', 'i'])
a takes action: pick_up(['a', 'j'])
b takes action: drop_item(['b', 'i'])
Steps: 32
Time cost: 20.212839s
2025-10-12 19:10:10,419 EXP - __main__.Logger.exp:
a takes action: move_right_with_item(['a', 'i'])
b takes action: drop_item(['b', 'j'])
a takes action: drop_item(['a', 'i'])
b takes action: pick_up(['b', 'i'])
a takes action: pick_up(['a', 'j'])
b takes action: stay(['b'])
a takes action: move_left_with_item(['a', 'j'])
b takes action: drop_item(['b', 'i'])
a takes action: stay(['a'])
b takes action: pick_up(['b', 'i'])
a takes action: move_right_with_item(['a', 'j'])
b takes action: drop_item(['b', 'i'])
a takes action: drop_item(['a', 'j'])
b takes action: pick_up(['b', 'i'])
a takes action: stay(['a'])
b takes action: move_left_with_item(['b', 'i'])
a takes action: pick_up(['a', 'j'])
b takes action: drop_item(['b', 'i'])
Steps: 18
Time cost: 12.010672s
2025-10-12 19:10:19,324 EXP - __main__.Logger.exp:
a takes action: move_right_with_item(['a', 'i'])
b takes action: drop_item(['b', 'j'])
a takes action: drop_item(['a', 'i'])
b takes action: pick_up(['b', 'i'])
a takes action: pick_up(['a', 'j'])
b takes action: drop_item(['b', 'i'])
a takes action: drop_item(['a', 'j'])
b takes action: pick_up(['b', 'i'])
a takes action: stay(['a'])
b takes action: move_left_with_item(['b', 'i'])
a takes action: pick_up(['a', 'j'])
b takes action: drop_item(['b', 'i'])
Steps: 12
Time cost: 8.903370s
2025-10-12 19:10:28,185 EXP - __main__.Logger.exp:
a takes action: move_right_with_item(['a', 'i'])
b takes action: drop_item(['b', 'j'])
a takes action: drop_item(['a', 'i'])
b takes action: pick_up(['b', 'i'])
a takes action: pick_up(['a', 'j'])
b takes action: drop_item(['b', 'i'])
a takes action: drop_item(['a', 'j'])
b takes action: pick_up(['b', 'i'])
a takes action: stay(['a'])
b takes action: move_left_with_item(['b', 'i'])
a takes action: pick_up(['a', 'j'])
b takes action: drop_item(['b', 'i'])
Steps: 12
Time cost: 8.860685s
2025-10-12 19:10:37,051 EXP - __main__.Logger.exp:
a takes action: move_right_with_item(['a', 'i'])
b takes action: drop_item(['b', 'j'])
a takes action: drop_item(['a', 'i'])
b takes action: pick_up(['b', 'i'])
a takes action: pick_up(['a', 'j'])
b takes action: drop_item(['b', 'i'])
a takes action: drop_item(['a', 'j'])
b takes action: pick_up(['b', 'i'])
a takes action: stay(['a'])
b takes action: move_left_with_item(['b', 'i'])
a takes action: pick_up(['a', 'j'])
b takes action: drop_item(['b', 'i'])
Steps: 12
Time cost: 8.864844s
2025-10-12 19:10:45,954 EXP - __main__.Logger.exp:
a takes action: move_right_with_item(['a', 'i'])
b takes action: drop_item(['b', 'j'])
a takes action: drop_item(['a', 'i'])
b takes action: pick_up(['b', 'i'])
a takes action: pick_up(['a', 'j'])
b takes action: drop_item(['b', 'i'])
a takes action: drop_item(['a', 'j'])
b takes action: pick_up(['b', 'i'])
a takes action: stay(['a'])
b takes action: move_left_with_item(['b', 'i'])
a takes action: pick_up(['a', 'j'])
b takes action: drop_item(['b', 'i'])
Steps: 12
Time cost: 8.901599s
2025-10-12 19:10:54,594 EXP - __main__.Logger.exp:
a takes action: move_right_with_item(['a', 'i'])
b takes action: drop_item(['b', 'j'])
a takes action: drop_item(['a', 'i'])
b takes action: pick_up(['b', 'i'])
a takes action: pick_up(['a', 'j'])
b takes action: stay(['b'])
a takes action: drop_item(['a', 'j'])
b takes action: move_left_with_item(['b', 'i'])
a takes action: pick_up(['a', 'j'])
b takes action: drop_item(['b', 'i'])
Steps: 10
Time cost: 8.639113s
2025-10-12 19:11:03,473 EXP - __main__.Logger.exp:
a takes action: move_right_with_item(['a', 'i'])
b takes action: drop_item(['b', 'j'])
a takes action: drop_item(['a', 'i'])
b takes action: pick_up(['b', 'i'])
a takes action: pick_up(['a', 'j'])
b takes action: drop_item(['b', 'i'])
a takes action: drop_item(['a', 'j'])
b takes action: pick_up(['b', 'i'])
a takes action: stay(['a'])
b takes action: move_left_with_item(['b', 'i'])
a takes action: pick_up(['a', 'j'])
b takes action: drop_item(['b', 'i'])
Steps: 12
Time cost: 8.877815s
2025-10-12 19:11:12,137 EXP - __main__.Logger.exp:
a takes action: move_right_with_item(['a', 'i'])
b takes action: drop_item(['b', 'j'])
a takes action: drop_item(['a', 'i'])
b takes action: pick_up(['b', 'i'])
a takes action: pick_up(['a', 'j'])
b takes action: stay(['b'])
a takes action: drop_item(['a', 'j'])
b takes action: move_left_with_item(['b', 'i'])
a takes action: pick_up(['a', 'j'])
b takes action: drop_item(['b', 'i'])
Steps: 10
Time cost: 8.663134s
2025-10-12 19:11:22,778 EXP - __main__.Logger.exp:
a takes action: move_right_with_item(['a', 'i'])
b takes action: drop_item(['b', 'j'])
a takes action: drop_item(['a', 'i'])
b takes action: pick_up(['b', 'i'])
a takes action: pick_up(['a', 'j'])
b takes action: stay(['b'])
a takes action: move_left_with_item(['a', 'j'])
b takes action: move_left_with_item(['b', 'i'])
a takes action: move_right_with_item(['a', 'j'])
b takes action: move_right_with_item(['b', 'i'])
a takes action: drop_item(['a', 'j'])
b takes action: move_left_with_item(['b', 'i'])
a takes action: pick_up(['a', 'j'])
b takes action: drop_item(['b', 'i'])
Steps: 14
Time cost: 10.639792s
2025-10-12 19:11:31,666 EXP - __main__.Logger.exp:
a takes action: move_right_with_item(['a', 'i'])
b takes action: drop_item(['b', 'j'])
a takes action: drop_item(['a', 'i'])
b takes action: pick_up(['b', 'i'])
a takes action: pick_up(['a', 'j'])
b takes action: drop_item(['b', 'i'])
a takes action: drop_item(['a', 'j'])
b takes action: pick_up(['b', 'i'])
a takes action: stay(['a'])
b takes action: move_left_with_item(['b', 'i'])
a takes action: pick_up(['a', 'j'])
b takes action: drop_item(['b', 'i'])
Steps: 12
Time cost: 8.887285s
2025-10-12 19:11:40,556 EXP - __main__.Logger.exp:
a takes action: move_right_with_item(['a', 'i'])
b takes action: drop_item(['b', 'j'])
a takes action: drop_item(['a', 'i'])
b takes action: pick_up(['b', 'i'])
a takes action: pick_up(['a', 'j'])
b takes action: drop_item(['b', 'i'])
a takes action: drop_item(['a', 'j'])
b takes action: pick_up(['b', 'i'])
a takes action: stay(['a'])
b takes action: move_left_with_item(['b', 'i'])
a takes action: pick_up(['a', 'j'])
b takes action: drop_item(['b', 'i'])
Steps: 12
Time cost: 8.889127s
2025-10-12 19:11:49,423 EXP - __main__.Logger.exp:
a takes action: move_right_with_item(['a', 'i'])
b takes action: drop_item(['b', 'j'])
a takes action: drop_item(['a', 'i'])
b takes action: pick_up(['b', 'i'])
a takes action: pick_up(['a', 'j'])
b takes action: drop_item(['b', 'i'])
a takes action: drop_item(['a', 'j'])
b takes action: pick_up(['b', 'i'])
a takes action: stay(['a'])
b takes action: move_left_with_item(['b', 'i'])
a takes action: pick_up(['a', 'j'])
b takes action: drop_item(['b', 'i'])
Steps: 12
Time cost: 8.865112s
2025-10-12 19:12:00,447 EXP - __main__.Logger.exp:
a takes action: move_right_with_item(['a', 'i'])
b takes action: drop_item(['b', 'j'])
a takes action: drop_item(['a', 'i'])
b takes action: pick_up(['b', 'i'])
a takes action: pick_up(['a', 'j'])
b takes action: stay(['b'])
a takes action: move_left_with_item(['a', 'j'])
b takes action: move_left_with_item(['b', 'i'])
a takes action: move_right_with_item(['a', 'j'])
b takes action: drop_item(['b', 'i'])
a takes action: move_left_with_item(['a', 'j'])
b takes action: pick_up(['b', 'i'])
a takes action: drop_item(['a', 'j'])
b takes action: move_right_with_item(['b', 'i'])
a takes action: pick_up(['a', 'j'])
b takes action: drop_item(['b', 'i'])
Steps: 16
Time cost: 11.023409s
2025-10-12 19:12:12,148 EXP - __main__.Logger.exp:
a takes action: move_right_with_item(['a', 'i'])
b takes action: drop_item(['b', 'j'])
a takes action: drop_item(['a', 'i'])
b takes action: pick_up(['b', 'i'])
a takes action: pick_up(['a', 'j'])
b takes action: stay(['b'])
a takes action: move_left_with_item(['a', 'j'])
b takes action: drop_item(['b', 'i'])
a takes action: stay(['a'])
b takes action: pick_up(['b', 'i'])
a takes action: drop_item(['a', 'j'])
b takes action: drop_item(['b', 'i'])
a takes action: move_right_without_item(['a'])
b takes action: pick_up(['b', 'i'])
a takes action: move_left_without_item(['a'])
b takes action: stay(['b'])
a takes action: pick_up(['a', 'j'])
b takes action: drop_item(['b', 'i'])
Steps: 18
Time cost: 11.700097s
2025-10-12 19:12:21,065 EXP - __main__.Logger.exp:
a takes action: move_right_with_item(['a', 'i'])
b takes action: drop_item(['b', 'j'])
a takes action: drop_item(['a', 'i'])
b takes action: pick_up(['b', 'i'])
a takes action: pick_up(['a', 'j'])
b takes action: drop_item(['b', 'i'])
a takes action: drop_item(['a', 'j'])
b takes action: pick_up(['b', 'i'])
a takes action: stay(['a'])
b takes action: move_left_with_item(['b', 'i'])
a takes action: pick_up(['a', 'j'])
b takes action: drop_item(['b', 'i'])
Steps: 12
Time cost: 8.915715s
2025-10-12 19:12:29,962 EXP - __main__.Logger.exp:
a takes action: move_right_with_item(['a', 'i'])
b takes action: drop_item(['b', 'j'])
a takes action: drop_item(['a', 'i'])
b takes action: pick_up(['b', 'i'])
a takes action: pick_up(['a', 'j'])
b takes action: drop_item(['b', 'i'])
a takes action: drop_item(['a', 'j'])
b takes action: pick_up(['b', 'i'])
a takes action: stay(['a'])
b takes action: move_left_with_item(['b', 'i'])
a takes action: pick_up(['a', 'j'])
b takes action: drop_item(['b', 'i'])
Steps: 12
Time cost: 8.895716s
2025-10-12 19:12:39,581 EXP - __main__.Logger.exp:
a takes action: move_right_with_item(['a', 'i'])
b takes action: drop_item(['b', 'j'])
a takes action: drop_item(['a', 'i'])
b takes action: pick_up(['b', 'i'])
a takes action: pick_up(['a', 'j'])
b takes action: stay(['b'])
a takes action: move_left_with_item(['a', 'j'])
b takes action: move_left_with_item(['b', 'i'])
a takes action: drop_item(['a', 'j'])
b takes action: move_right_with_item(['b', 'i'])
a takes action: pick_up(['a', 'j'])
b takes action: drop_item(['b', 'i'])
Steps: 12
Time cost: 9.618567s
2025-10-12 19:12:49,533 EXP - __main__.Logger.exp:
a takes action: move_right_with_item(['a', 'i'])
b takes action: drop_item(['b', 'j'])
a takes action: drop_item(['a', 'i'])
b takes action: pick_up(['b', 'i'])
a takes action: pick_up(['a', 'j'])
b takes action: stay(['b'])
a takes action: move_left_with_item(['a', 'j'])
b takes action: drop_item(['b', 'i'])
a takes action: move_right_with_item(['a', 'j'])
b takes action: pick_up(['b', 'i'])
a takes action: drop_item(['a', 'j'])
b takes action: move_left_with_item(['b', 'i'])
a takes action: pick_up(['a', 'j'])
b takes action: drop_item(['b', 'i'])
Steps: 14
Time cost: 9.950242s
2025-10-12 19:13:14,076 EXP - __main__.Logger.exp:
a takes action: move_right_with_item(['a', 'i'])
b takes action: drop_item(['b', 'j'])
a takes action: drop_item(['a', 'i'])
b takes action: pick_up(['b', 'i'])
a takes action: pick_up(['a', 'j'])
b takes action: stay(['b'])
a takes action: move_left_with_item(['a', 'j'])
b takes action: drop_item(['b', 'i'])
a takes action: drop_item(['a', 'j'])
b takes action: pick_up(['b', 'i'])
a takes action: pick_up(['a', 'j'])
b takes action: drop_item(['b', 'i'])
a takes action: drop_item(['a', 'j'])
b takes action: pick_up(['b', 'i'])
a takes action: pick_up(['a', 'j'])
b takes action: move_left_with_item(['b', 'i'])
a takes action: move_right_with_item(['a', 'j'])
b takes action: move_right_with_item(['b', 'i'])
a takes action: move_left_with_item(['a', 'j'])
b takes action: move_left_with_item(['b', 'i'])
a takes action: move_right_with_item(['a', 'j'])
b takes action: move_right_with_item(['b', 'i'])
a takes action: move_left_with_item(['a', 'j'])
b takes action: move_left_with_item(['b', 'i'])
a takes action: move_right_with_item(['a', 'j'])
b takes action: move_right_with_item(['b', 'i'])
a takes action: move_left_with_item(['a', 'j'])
b takes action: move_left_with_item(['b', 'i'])
a takes action: drop_item(['a', 'j'])
b takes action: move_right_with_item(['b', 'i'])
a takes action: pick_up(['a', 'j'])
b takes action: drop_item(['b', 'i'])
Steps: 32
Time cost: 24.542445s
2025-10-12 19:13:23,026 EXP - __main__.Logger.exp:
a takes action: move_right_with_item(['a', 'i'])
b takes action: drop_item(['b', 'j'])
a takes action: drop_item(['a', 'i'])
b takes action: pick_up(['b', 'i'])
a takes action: pick_up(['a', 'j'])
b takes action: drop_item(['b', 'i'])
a takes action: drop_item(['a', 'j'])
b takes action: pick_up(['b', 'i'])
a takes action: stay(['a'])
b takes action: move_left_with_item(['b', 'i'])
a takes action: pick_up(['a', 'j'])
b takes action: drop_item(['b', 'i'])
Steps: 12
Time cost: 8.948849s
2025-10-12 19:13:31,695 EXP - __main__.Logger.exp:
a takes action: move_right_with_item(['a', 'i'])
b takes action: drop_item(['b', 'j'])
a takes action: drop_item(['a', 'i'])
b takes action: pick_up(['b', 'i'])
a takes action: pick_up(['a', 'j'])
b takes action: stay(['b'])
a takes action: drop_item(['a', 'j'])
b takes action: move_left_with_item(['b', 'i'])
a takes action: pick_up(['a', 'j'])
b takes action: drop_item(['b', 'i'])
Steps: 10
Time cost: 8.668345s
2025-10-12 19:13:40,571 EXP - __main__.Logger.exp:
a takes action: move_right_with_item(['a', 'i'])
b takes action: drop_item(['b', 'j'])
a takes action: drop_item(['a', 'i'])
b takes action: pick_up(['b', 'i'])
a takes action: pick_up(['a', 'j'])
b takes action: drop_item(['b', 'i'])
a takes action: drop_item(['a', 'j'])
b takes action: pick_up(['b', 'i'])
a takes action: stay(['a'])
b takes action: move_left_with_item(['b', 'i'])
a takes action: pick_up(['a', 'j'])
b takes action: drop_item(['b', 'i'])
Steps: 12
Time cost: 8.874861s
2025-10-12 19:13:52,320 EXP - __main__.Logger.exp:
a takes action: move_right_with_item(['a', 'i'])
b takes action: drop_item(['b', 'j'])
a takes action: drop_item(['a', 'i'])
b takes action: pick_up(['b', 'i'])
a takes action: pick_up(['a', 'j'])
b takes action: stay(['b'])
a takes action: move_left_with_item(['a', 'j'])
b takes action: move_left_with_item(['b', 'i'])
a takes action: move_right_with_item(['a', 'j'])
b takes action: move_right_with_item(['b', 'i'])
a takes action: move_left_with_item(['a', 'j'])
b takes action: move_left_with_item(['b', 'i'])
a takes action: drop_item(['a', 'j'])
b takes action: move_right_with_item(['b', 'i'])
a takes action: pick_up(['a', 'j'])
b takes action: drop_item(['b', 'i'])
Steps: 16
Time cost: 11.748015s
2025-10-12 19:14:06,269 EXP - __main__.Logger.exp:
a takes action: move_right_with_item(['a', 'i'])
b takes action: drop_item(['b', 'j'])
a takes action: drop_item(['a', 'i'])
b takes action: pick_up(['b', 'i'])
a takes action: pick_up(['a', 'j'])
b takes action: stay(['b'])
a takes action: move_left_with_item(['a', 'j'])
b takes action: drop_item(['b', 'i'])
a takes action: stay(['a'])
b takes action: pick_up(['b', 'i'])
a takes action: drop_item(['a', 'j'])
b takes action: drop_item(['b', 'i'])
a takes action: move_right_without_item(['a'])
b takes action: pick_up(['b', 'i'])
a takes action: move_left_without_item(['a'])
b takes action: move_left_with_item(['b', 'i'])
a takes action: pick_up(['a', 'j'])
b takes action: drop_item(['b', 'i'])
a takes action: drop_item(['a', 'j'])
b takes action: pick_up(['b', 'i'])
a takes action: stay(['a'])
b takes action: move_right_with_item(['b', 'i'])
a takes action: pick_up(['a', 'j'])
b takes action: drop_item(['b', 'i'])
Steps: 24
Time cost: 13.947615s
2025-10-12 19:14:15,177 EXP - __main__.Logger.exp:
a takes action: move_right_with_item(['a', 'i'])
b takes action: drop_item(['b', 'j'])
a takes action: drop_item(['a', 'i'])
b takes action: pick_up(['b', 'i'])
a takes action: pick_up(['a', 'j'])
b takes action: drop_item(['b', 'i'])
a takes action: drop_item(['a', 'j'])
b takes action: pick_up(['b', 'i'])
a takes action: stay(['a'])
b takes action: move_left_with_item(['b', 'i'])
a takes action: pick_up(['a', 'j'])
b takes action: drop_item(['b', 'i'])
Steps: 12
Time cost: 8.907409s
2025-10-12 19:14:23,776 EXP - __main__.Logger.exp:
a takes action: move_right_with_item(['a', 'i'])
b takes action: drop_item(['b', 'j'])
a takes action: drop_item(['a', 'i'])
b takes action: pick_up(['b', 'i'])
a takes action: pick_up(['a', 'j'])
b takes action: stay(['b'])
a takes action: drop_item(['a', 'j'])
b takes action: move_left_with_item(['b', 'i'])
a takes action: pick_up(['a', 'j'])
b takes action: drop_item(['b', 'i'])
Steps: 10
Time cost: 8.597048s
2025-10-12 19:14:33,355 EXP - __main__.Logger.exp:
a takes action: move_right_with_item(['a', 'i'])
b takes action: drop_item(['b', 'j'])
a takes action: drop_item(['a', 'i'])
b takes action: pick_up(['b', 'i'])
a takes action: pick_up(['a', 'j'])
b takes action: stay(['b'])
a takes action: move_left_with_item(['a', 'j'])
b takes action: move_left_with_item(['b', 'i'])
a takes action: drop_item(['a', 'j'])
b takes action: move_right_with_item(['b', 'i'])
a takes action: pick_up(['a', 'j'])
b takes action: drop_item(['b', 'i'])
Steps: 12
Time cost: 9.578336s
2025-10-12 19:14:42,929 EXP - __main__.Logger.exp:
a takes action: move_right_with_item(['a', 'i'])
b takes action: drop_item(['b', 'j'])
a takes action: drop_item(['a', 'i'])
b takes action: pick_up(['b', 'i'])
a takes action: pick_up(['a', 'j'])
b takes action: stay(['b'])
a takes action: move_left_with_item(['a', 'j'])
b takes action: move_left_with_item(['b', 'i'])
a takes action: drop_item(['a', 'j'])
b takes action: move_right_with_item(['b', 'i'])
a takes action: pick_up(['a', 'j'])
b takes action: drop_item(['b', 'i'])
Steps: 12
Time cost: 9.573013s
2025-10-12 19:14:51,798 EXP - __main__.Logger.exp:
a takes action: move_right_with_item(['a', 'i'])
b takes action: drop_item(['b', 'j'])
a takes action: drop_item(['a', 'i'])
b takes action: pick_up(['b', 'i'])
a takes action: pick_up(['a', 'j'])
b takes action: drop_item(['b', 'i'])
a takes action: drop_item(['a', 'j'])
b takes action: pick_up(['b', 'i'])
a takes action: stay(['a'])
b takes action: move_left_with_item(['b', 'i'])
a takes action: pick_up(['a', 'j'])
b takes action: drop_item(['b', 'i'])
Steps: 12
Time cost: 8.867586s
2025-10-12 19:15:05,407 EXP - __main__.Logger.exp:
a takes action: move_right_with_item(['a', 'i'])
b takes action: drop_item(['b', 'j'])
a takes action: drop_item(['a', 'i'])
b takes action: pick_up(['b', 'i'])
a takes action: pick_up(['a', 'j'])
b takes action: stay(['b'])
a takes action: move_left_with_item(['a', 'j'])
b takes action: move_left_with_item(['b', 'i'])
a takes action: move_right_with_item(['a', 'j'])
b takes action: drop_item(['b', 'i'])
a takes action: drop_item(['a', 'j'])
b takes action: pick_up(['b', 'i'])
a takes action: pick_up(['a', 'j'])
b takes action: drop_item(['b', 'i'])
a takes action: move_left_with_item(['a', 'j'])
b takes action: pick_up(['b', 'i'])
a takes action: drop_item(['a', 'j'])
b takes action: move_right_with_item(['b', 'i'])
a takes action: pick_up(['a', 'j'])
b takes action: drop_item(['b', 'i'])
Steps: 20
Time cost: 13.608484s
2025-10-12 19:15:14,251 EXP - __main__.Logger.exp:
a takes action: move_right_with_item(['a', 'i'])
b takes action: drop_item(['b', 'j'])
a takes action: drop_item(['a', 'i'])
b takes action: pick_up(['b', 'i'])
a takes action: pick_up(['a', 'j'])
b takes action: drop_item(['b', 'i'])
a takes action: drop_item(['a', 'j'])
b takes action: pick_up(['b', 'i'])
a takes action: stay(['a'])
b takes action: move_left_with_item(['b', 'i'])
a takes action: pick_up(['a', 'j'])
b takes action: drop_item(['b', 'i'])
Steps: 12
Time cost: 8.842504s
2025-10-12 19:15:22,887 EXP - __main__.Logger.exp:
a takes action: move_right_with_item(['a', 'i'])
b takes action: drop_item(['b', 'j'])
a takes action: drop_item(['a', 'i'])
b takes action: pick_up(['b', 'i'])
a takes action: pick_up(['a', 'j'])
b takes action: stay(['b'])
a takes action: drop_item(['a', 'j'])
b takes action: move_left_with_item(['b', 'i'])
a takes action: pick_up(['a', 'j'])
b takes action: drop_item(['b', 'i'])
Steps: 10
Time cost: 8.635767s
2025-10-12 19:15:31,512 EXP - __main__.Logger.exp:
a takes action: move_right_with_item(['a', 'i'])
b takes action: drop_item(['b', 'j'])
a takes action: drop_item(['a', 'i'])
b takes action: pick_up(['b', 'i'])
a takes action: pick_up(['a', 'j'])
b takes action: stay(['b'])
a takes action: drop_item(['a', 'j'])
b takes action: move_left_with_item(['b', 'i'])
a takes action: pick_up(['a', 'j'])
b takes action: drop_item(['b', 'i'])
Steps: 10
Time cost: 8.623470s
2025-10-12 19:15:40,390 EXP - __main__.Logger.exp:
a takes action: move_right_with_item(['a', 'i'])
b takes action: drop_item(['b', 'j'])
a takes action: drop_item(['a', 'i'])
b takes action: pick_up(['b', 'i'])
a takes action: pick_up(['a', 'j'])
b takes action: drop_item(['b', 'i'])
a takes action: drop_item(['a', 'j'])
b takes action: pick_up(['b', 'i'])
a takes action: stay(['a'])
b takes action: move_left_with_item(['b', 'i'])
a takes action: pick_up(['a', 'j'])
b takes action: drop_item(['b', 'i'])
Steps: 12
Time cost: 8.876793s
2025-10-12 19:15:49,256 EXP - __main__.Logger.exp:
a takes action: move_right_with_item(['a', 'i'])
b takes action: drop_item(['b', 'j'])
a takes action: drop_item(['a', 'i'])
b takes action: pick_up(['b', 'i'])
a takes action: pick_up(['a', 'j'])
b takes action: drop_item(['b', 'i'])
a takes action: drop_item(['a', 'j'])
b takes action: pick_up(['b', 'i'])
a takes action: stay(['a'])
b takes action: move_left_with_item(['b', 'i'])
a takes action: pick_up(['a', 'j'])
b takes action: drop_item(['b', 'i'])
Steps: 12
Time cost: 8.865479s
2025-10-12 19:15:58,145 EXP - __main__.Logger.exp:
a takes action: move_right_with_item(['a', 'i'])
b takes action: drop_item(['b', 'j'])
a takes action: drop_item(['a', 'i'])
b takes action: pick_up(['b', 'i'])
a takes action: pick_up(['a', 'j'])
b takes action: drop_item(['b', 'i'])
a takes action: drop_item(['a', 'j'])
b takes action: pick_up(['b', 'i'])
a takes action: stay(['a'])
b takes action: move_left_with_item(['b', 'i'])
a takes action: pick_up(['a', 'j'])
b takes action: drop_item(['b', 'i'])
Steps: 12
Time cost: 8.887616s
2025-10-12 19:16:07,005 EXP - __main__.Logger.exp:
a takes action: move_right_with_item(['a', 'i'])
b takes action: drop_item(['b', 'j'])
a takes action: drop_item(['a', 'i'])
b takes action: pick_up(['b', 'i'])
a takes action: pick_up(['a', 'j'])
b takes action: drop_item(['b', 'i'])
a takes action: drop_item(['a', 'j'])
b takes action: pick_up(['b', 'i'])
a takes action: stay(['a'])
b takes action: move_left_with_item(['b', 'i'])
a takes action: pick_up(['a', 'j'])
b takes action: drop_item(['b', 'i'])
Steps: 12
Time cost: 8.859159s
2025-10-12 19:16:18,964 EXP - __main__.Logger.exp:
a takes action: move_right_with_item(['a', 'i'])
b takes action: drop_item(['b', 'j'])
a takes action: drop_item(['a', 'i'])
b takes action: pick_up(['b', 'i'])
a takes action: pick_up(['a', 'j'])
b takes action: stay(['b'])
a takes action: move_left_with_item(['a', 'j'])
b takes action: drop_item(['b', 'i'])
a takes action: stay(['a'])
b takes action: pick_up(['b', 'i'])
a takes action: stay(['a'])
b takes action: move_left_with_item(['b', 'i'])
a takes action: drop_item(['a', 'j'])
b takes action: move_right_with_item(['b', 'i'])
a takes action: pick_up(['a', 'j'])
b takes action: drop_item(['b', 'i'])
Steps: 16
Time cost: 11.957596s
2025-10-12 19:16:27,588 EXP - __main__.Logger.exp:
a takes action: move_right_with_item(['a', 'i'])
b takes action: drop_item(['b', 'j'])
a takes action: drop_item(['a', 'i'])
b takes action: pick_up(['b', 'i'])
a takes action: pick_up(['a', 'j'])
b takes action: stay(['b'])
a takes action: drop_item(['a', 'j'])
b takes action: move_left_with_item(['b', 'i'])
a takes action: pick_up(['a', 'j'])
b takes action: drop_item(['b', 'i'])
Steps: 10
Time cost: 8.622836s
2025-10-12 19:16:36,463 EXP - __main__.Logger.exp:
a takes action: move_right_with_item(['a', 'i'])
b takes action: drop_item(['b', 'j'])
a takes action: drop_item(['a', 'i'])
b takes action: pick_up(['b', 'i'])
a takes action: pick_up(['a', 'j'])
b takes action: drop_item(['b', 'i'])
a takes action: drop_item(['a', 'j'])
b takes action: pick_up(['b', 'i'])
a takes action: stay(['a'])
b takes action: move_left_with_item(['b', 'i'])
a takes action: pick_up(['a', 'j'])
b takes action: drop_item(['b', 'i'])
Steps: 12
Time cost: 8.874848s
2025-10-12 19:16:49,615 EXP - __main__.Logger.exp:
a takes action: move_right_with_item(['a', 'i'])
b takes action: drop_item(['b', 'j'])
a takes action: drop_item(['a', 'i'])
b takes action: pick_up(['b', 'i'])
a takes action: pick_up(['a', 'j'])
b takes action: stay(['b'])
a takes action: move_left_with_item(['a', 'j'])
b takes action: drop_item(['b', 'i'])
a takes action: drop_item(['a', 'j'])
b takes action: pick_up(['b', 'i'])
a takes action: pick_up(['a', 'j'])
b takes action: move_left_with_item(['b', 'i'])
a takes action: move_right_with_item(['a', 'j'])
b takes action: move_right_with_item(['b', 'i'])
a takes action: drop_item(['a', 'j'])
b takes action: move_left_with_item(['b', 'i'])
a takes action: pick_up(['a', 'j'])
b takes action: drop_item(['b', 'i'])
Steps: 18
Time cost: 13.150442s
2025-10-12 19:16:58,229 EXP - __main__.Logger.exp:
a takes action: move_right_with_item(['a', 'i'])
b takes action: drop_item(['b', 'j'])
a takes action: drop_item(['a', 'i'])
b takes action: pick_up(['b', 'i'])
a takes action: pick_up(['a', 'j'])
b takes action: stay(['b'])
a takes action: drop_item(['a', 'j'])
b takes action: move_left_with_item(['b', 'i'])
a takes action: pick_up(['a', 'j'])
b takes action: drop_item(['b', 'i'])
Steps: 10
Time cost: 8.612782s
2025-10-12 19:17:14,615 EXP - __main__.Logger.exp:
a takes action: move_right_with_item(['a', 'i'])
b takes action: drop_item(['b', 'j'])
a takes action: drop_item(['a', 'i'])
b takes action: pick_up(['b', 'i'])
a takes action: pick_up(['a', 'j'])
b takes action: stay(['b'])
a takes action: move_left_with_item(['a', 'j'])
b takes action: drop_item(['b', 'i'])
a takes action: stay(['a'])
b takes action: pick_up(['b', 'i'])
a takes action: stay(['a'])
b takes action: move_left_with_item(['b', 'i'])
a takes action: move_right_with_item(['a', 'j'])
b takes action: move_right_with_item(['b', 'i'])
a takes action: move_left_with_item(['a', 'j'])
b takes action: move_left_with_item(['b', 'i'])
a takes action: move_right_with_item(['a', 'j'])
b takes action: drop_item(['b', 'i'])
a takes action: move_left_with_item(['a', 'j'])
b takes action: pick_up(['b', 'i'])
a takes action: drop_item(['a', 'j'])
b takes action: move_right_with_item(['b', 'i'])
a takes action: pick_up(['a', 'j'])
b takes action: drop_item(['b', 'i'])
Steps: 24
Time cost: 16.385631s
2025-10-12 19:17:23,483 EXP - __main__.Logger.exp:
a takes action: move_right_with_item(['a', 'i'])
b takes action: drop_item(['b', 'j'])
a takes action: drop_item(['a', 'i'])
b takes action: pick_up(['b', 'i'])
a takes action: pick_up(['a', 'j'])
b takes action: drop_item(['b', 'i'])
a takes action: drop_item(['a', 'j'])
b takes action: pick_up(['b', 'i'])
a takes action: stay(['a'])
b takes action: move_left_with_item(['b', 'i'])
a takes action: pick_up(['a', 'j'])
b takes action: drop_item(['b', 'i'])
Steps: 12
Time cost: 8.866966s
2025-10-12 19:17:35,128 EXP - __main__.Logger.exp:
a takes action: move_right_with_item(['a', 'i'])
b takes action: drop_item(['b', 'j'])
a takes action: drop_item(['a', 'i'])
b takes action: pick_up(['b', 'i'])
a takes action: pick_up(['a', 'j'])
b takes action: stay(['b'])
a takes action: move_left_with_item(['a', 'j'])
b takes action: drop_item(['b', 'i'])
a takes action: stay(['a'])
b takes action: pick_up(['b', 'i'])
a takes action: move_right_with_item(['a', 'j'])
b takes action: stay(['b'])
a takes action: drop_item(['a', 'j'])
b takes action: move_left_with_item(['b', 'i'])
a takes action: pick_up(['a', 'j'])
b takes action: drop_item(['b', 'i'])
Steps: 16
Time cost: 11.643763s
2025-10-12 19:17:44,683 EXP - __main__.Logger.exp:
a takes action: move_right_with_item(['a', 'i'])
b takes action: drop_item(['b', 'j'])
a takes action: drop_item(['a', 'i'])
b takes action: pick_up(['b', 'i'])
a takes action: pick_up(['a', 'j'])
b takes action: stay(['b'])
a takes action: move_left_with_item(['a', 'j'])
b takes action: move_left_with_item(['b', 'i'])
a takes action: drop_item(['a', 'j'])
b takes action: move_right_with_item(['b', 'i'])
a takes action: pick_up(['a', 'j'])
b takes action: drop_item(['b', 'i'])
Steps: 12
Time cost: 9.553813s
2025-10-12 19:17:53,558 EXP - __main__.Logger.exp:
a takes action: move_right_with_item(['a', 'i'])
b takes action: drop_item(['b', 'j'])
a takes action: drop_item(['a', 'i'])
b takes action: pick_up(['b', 'i'])
a takes action: pick_up(['a', 'j'])
b takes action: drop_item(['b', 'i'])
a takes action: drop_item(['a', 'j'])
b takes action: pick_up(['b', 'i'])
a takes action: stay(['a'])
b takes action: move_left_with_item(['b', 'i'])
a takes action: pick_up(['a', 'j'])
b takes action: drop_item(['b', 'i'])
Steps: 12
Time cost: 8.874222s
2025-10-12 19:18:02,431 EXP - __main__.Logger.exp:
a takes action: move_right_with_item(['a', 'i'])
b takes action: drop_item(['b', 'j'])
a takes action: drop_item(['a', 'i'])
b takes action: pick_up(['b', 'i'])
a takes action: pick_up(['a', 'j'])
b takes action: drop_item(['b', 'i'])
a takes action: drop_item(['a', 'j'])
b takes action: pick_up(['b', 'i'])
a takes action: stay(['a'])
b takes action: move_left_with_item(['b', 'i'])
a takes action: pick_up(['a', 'j'])
b takes action: drop_item(['b', 'i'])
Steps: 12
Time cost: 8.871213s
2025-10-12 19:18:11,262 EXP - __main__.Logger.exp:
a takes action: move_right_with_item(['a', 'i'])
b takes action: drop_item(['b', 'j'])
a takes action: drop_item(['a', 'i'])
b takes action: pick_up(['b', 'i'])
a takes action: pick_up(['a', 'j'])
b takes action: drop_item(['b', 'i'])
a takes action: drop_item(['a', 'j'])
b takes action: pick_up(['b', 'i'])
a takes action: stay(['a'])
b takes action: move_left_with_item(['b', 'i'])
a takes action: pick_up(['a', 'j'])
b takes action: drop_item(['b', 'i'])
Steps: 12
Time cost: 8.830655s
2025-10-12 19:18:19,886 EXP - __main__.Logger.exp:
a takes action: move_right_with_item(['a', 'i'])
b takes action: drop_item(['b', 'j'])
a takes action: drop_item(['a', 'i'])
b takes action: pick_up(['b', 'i'])
a takes action: pick_up(['a', 'j'])
b takes action: stay(['b'])
a takes action: drop_item(['a', 'j'])
b takes action: move_left_with_item(['b', 'i'])
a takes action: pick_up(['a', 'j'])
b takes action: drop_item(['b', 'i'])
Steps: 10
Time cost: 8.622365s
2025-10-12 19:18:28,746 EXP - __main__.Logger.exp:
a takes action: move_right_with_item(['a', 'i'])
b takes action: drop_item(['b', 'j'])
a takes action: drop_item(['a', 'i'])
b takes action: pick_up(['b', 'i'])
a takes action: pick_up(['a', 'j'])
b takes action: drop_item(['b', 'i'])
a takes action: drop_item(['a', 'j'])
b takes action: pick_up(['b', 'i'])
a takes action: stay(['a'])
b takes action: move_left_with_item(['b', 'i'])
a takes action: pick_up(['a', 'j'])
b takes action: drop_item(['b', 'i'])
Steps: 12
Time cost: 8.859314s
2025-10-12 19:18:38,311 EXP - __main__.Logger.exp:
a takes action: move_right_with_item(['a', 'i'])
b takes action: drop_item(['b', 'j'])
a takes action: drop_item(['a', 'i'])
b takes action: pick_up(['b', 'i'])
a takes action: pick_up(['a', 'j'])
b takes action: stay(['b'])
a takes action: move_left_with_item(['a', 'j'])
b takes action: move_left_with_item(['b', 'i'])
a takes action: drop_item(['a', 'j'])
b takes action: move_right_with_item(['b', 'i'])
a takes action: pick_up(['a', 'j'])
b takes action: drop_item(['b', 'i'])
Steps: 12
Time cost: 9.563962s
2025-10-12 19:18:47,883 EXP - __main__.Logger.exp:
a takes action: move_right_with_item(['a', 'i'])
b takes action: drop_item(['b', 'j'])
a takes action: drop_item(['a', 'i'])
b takes action: pick_up(['b', 'i'])
a takes action: pick_up(['a', 'j'])
b takes action: stay(['b'])
a takes action: move_left_with_item(['a', 'j'])
b takes action: move_left_with_item(['b', 'i'])
a takes action: drop_item(['a', 'j'])
b takes action: move_right_with_item(['b', 'i'])
a takes action: pick_up(['a', 'j'])
b takes action: drop_item(['b', 'i'])
Steps: 12
Time cost: 9.570947s
2025-10-12 19:18:47,883 EXP - __main__.Logger.exp:
Avg Steps: 13.0
Avg Time: 9.795644s
