2025-10-12 19:03:06,735 EXP - __main__.Logger.exp:
a takes action: move_right_with_item(['a', 'i'])
b takes action: drop_item(['b', 'j'])
a takes action: drop_item(['a', 'i'])
b takes action: pick_up(['b', 'i'])
a takes action: pick_up(['a', 'j'])
b takes action: drop_item(['b', 'i'])
a takes action: drop_item(['a', 'j'])
b takes action: pick_up(['b', 'i'])
a takes action: stay(['a'])
b takes action: move_left_with_item(['b', 'i'])
a takes action: pick_up(['a', 'j'])
b takes action: drop_item(['b', 'i'])
Steps: 12
Time cost: 9.147670s
2025-10-12 19:03:15,692 EXP - __main__.Logger.exp:
a takes action: move_right_with_item(['a', 'i'])
b takes action: drop_item(['b', 'j'])
a takes action: drop_item(['a', 'i'])
b takes action: pick_up(['b', 'i'])
a takes action: pick_up(['a', 'j'])
b takes action: stay(['b'])
a takes action: drop_item(['a', 'j'])
b takes action: move_left_with_item(['b', 'i'])
a takes action: pick_up(['a', 'j'])
b takes action: drop_item(['b', 'i'])
Steps: 10
Time cost: 8.955305s
2025-10-12 19:03:24,849 EXP - __main__.Logger.exp:
a takes action: move_right_with_item(['a', 'i'])
b takes action: drop_item(['b', 'j'])
a takes action: drop_item(['a', 'i'])
b takes action: pick_up(['b', 'i'])
a takes action: pick_up(['a', 'j'])
b takes action: drop_item(['b', 'i'])
a takes action: drop_item(['a', 'j'])
b takes action: pick_up(['b', 'i'])
a takes action: stay(['a'])
b takes action: move_left_with_item(['b', 'i'])
a takes action: pick_up(['a', 'j'])
b takes action: drop_item(['b', 'i'])
Steps: 12
Time cost: 9.156615s
2025-10-12 19:03:34,028 EXP - __main__.Logger.exp:
a takes action: move_right_with_item(['a', 'i'])
b takes action: drop_item(['b', 'j'])
a takes action: drop_item(['a', 'i'])
b takes action: pick_up(['b', 'i'])
a takes action: pick_up(['a', 'j'])
b takes action: drop_item(['b', 'i'])
a takes action: drop_item(['a', 'j'])
b takes action: pick_up(['b', 'i'])
a takes action: stay(['a'])
b takes action: move_left_with_item(['b', 'i'])
a takes action: pick_up(['a', 'j'])
b takes action: drop_item(['b', 'i'])
Steps: 12
Time cost: 9.177493s
2025-10-12 19:03:42,964 EXP - __main__.Logger.exp:
a takes action: move_right_with_item(['a', 'i'])
b takes action: drop_item(['b', 'j'])
a takes action: drop_item(['a', 'i'])
b takes action: pick_up(['b', 'i'])
a takes action: pick_up(['a', 'j'])
b takes action: stay(['b'])
a takes action: drop_item(['a', 'j'])
b takes action: move_left_with_item(['b', 'i'])
a takes action: pick_up(['a', 'j'])
b takes action: drop_item(['b', 'i'])
Steps: 10
Time cost: 8.934665s
2025-10-12 19:03:52,218 EXP - __main__.Logger.exp:
a takes action: move_right_with_item(['a', 'i'])
b takes action: drop_item(['b', 'j'])
a takes action: drop_item(['a', 'i'])
b takes action: pick_up(['b', 'i'])
a takes action: pick_up(['a', 'j'])
b takes action: drop_item(['b', 'i'])
a takes action: drop_item(['a', 'j'])
b takes action: pick_up(['b', 'i'])
a takes action: stay(['a'])
b takes action: move_left_with_item(['b', 'i'])
a takes action: pick_up(['a', 'j'])
b takes action: drop_item(['b', 'i'])
Steps: 12
Time cost: 9.253122s
2025-10-12 19:04:06,378 EXP - __main__.Logger.exp:
a takes action: move_right_with_item(['a', 'i'])
b takes action: drop_item(['b', 'j'])
a takes action: drop_item(['a', 'i'])
b takes action: pick_up(['b', 'i'])
a takes action: pick_up(['a', 'j'])
b takes action: stay(['b'])
a takes action: move_left_with_item(['a', 'j'])
b takes action: move_left_with_item(['b', 'i'])
a takes action: move_right_with_item(['a', 'j'])
b takes action: drop_item(['b', 'i'])
a takes action: stay(['a'])
b takes action: pick_up(['b', 'i'])
a takes action: move_left_with_item(['a', 'j'])
b takes action: drop_item(['b', 'i'])
a takes action: drop_item(['a', 'j'])
b takes action: pick_up(['b', 'i'])
a takes action: stay(['a'])
b takes action: move_right_with_item(['b', 'i'])
a takes action: pick_up(['a', 'j'])
b takes action: drop_item(['b', 'i'])
Steps: 20
Time cost: 14.158838s
2025-10-12 19:04:15,571 EXP - __main__.Logger.exp:
a takes action: move_right_with_item(['a', 'i'])
b takes action: drop_item(['b', 'j'])
a takes action: drop_item(['a', 'i'])
b takes action: pick_up(['b', 'i'])
a takes action: pick_up(['a', 'j'])
b takes action: drop_item(['b', 'i'])
a takes action: drop_item(['a', 'j'])
b takes action: pick_up(['b', 'i'])
a takes action: stay(['a'])
b takes action: move_left_with_item(['b', 'i'])
a takes action: pick_up(['a', 'j'])
b takes action: drop_item(['b', 'i'])
Steps: 12
Time cost: 9.192646s
2025-10-12 19:04:24,745 EXP - __main__.Logger.exp:
a takes action: move_right_with_item(['a', 'i'])
b takes action: drop_item(['b', 'j'])
a takes action: drop_item(['a', 'i'])
b takes action: pick_up(['b', 'i'])
a takes action: pick_up(['a', 'j'])
b takes action: drop_item(['b', 'i'])
a takes action: drop_item(['a', 'j'])
b takes action: pick_up(['b', 'i'])
a takes action: stay(['a'])
b takes action: move_left_with_item(['b', 'i'])
a takes action: pick_up(['a', 'j'])
b takes action: drop_item(['b', 'i'])
Steps: 12
Time cost: 9.172239s
2025-10-12 19:04:39,976 EXP - __main__.Logger.exp:
a takes action: move_right_with_item(['a', 'i'])
b takes action: drop_item(['b', 'j'])
a takes action: drop_item(['a', 'i'])
b takes action: pick_up(['b', 'i'])
a takes action: pick_up(['a', 'j'])
b takes action: stay(['b'])
a takes action: move_left_with_item(['a', 'j'])
b takes action: drop_item(['b', 'i'])
a takes action: drop_item(['a', 'j'])
b takes action: pick_up(['b', 'i'])
a takes action: pick_up(['a', 'j'])
b takes action: drop_item(['b', 'i'])
a takes action: drop_item(['a', 'j'])
b takes action: pick_up(['b', 'i'])
a takes action: pick_up(['a', 'j'])
b takes action: move_left_with_item(['b', 'i'])
a takes action: drop_item(['a', 'j'])
b takes action: move_right_with_item(['b', 'i'])
a takes action: pick_up(['a', 'j'])
b takes action: drop_item(['b', 'i'])
Steps: 20
Time cost: 15.229902s
2025-10-12 19:04:50,034 EXP - __main__.Logger.exp:
a takes action: move_right_with_item(['a', 'i'])
b takes action: drop_item(['b', 'j'])
a takes action: drop_item(['a', 'i'])
b takes action: pick_up(['b', 'i'])
a takes action: pick_up(['a', 'j'])
b takes action: stay(['b'])
a takes action: move_left_with_item(['a', 'j'])
b takes action: move_left_with_item(['b', 'i'])
a takes action: drop_item(['a', 'j'])
b takes action: move_right_with_item(['b', 'i'])
a takes action: pick_up(['a', 'j'])
b takes action: drop_item(['b', 'i'])
Steps: 12
Time cost: 10.057715s
2025-10-12 19:04:59,208 EXP - __main__.Logger.exp:
a takes action: move_right_with_item(['a', 'i'])
b takes action: drop_item(['b', 'j'])
a takes action: drop_item(['a', 'i'])
b takes action: pick_up(['b', 'i'])
a takes action: pick_up(['a', 'j'])
b takes action: drop_item(['b', 'i'])
a takes action: drop_item(['a', 'j'])
b takes action: pick_up(['b', 'i'])
a takes action: stay(['a'])
b takes action: move_left_with_item(['b', 'i'])
a takes action: pick_up(['a', 'j'])
b takes action: drop_item(['b', 'i'])
Steps: 12
Time cost: 9.172237s
2025-10-12 19:05:08,145 EXP - __main__.Logger.exp:
a takes action: move_right_with_item(['a', 'i'])
b takes action: drop_item(['b', 'j'])
a takes action: drop_item(['a', 'i'])
b takes action: pick_up(['b', 'i'])
a takes action: pick_up(['a', 'j'])
b takes action: stay(['b'])
a takes action: drop_item(['a', 'j'])
b takes action: move_left_with_item(['b', 'i'])
a takes action: pick_up(['a', 'j'])
b takes action: drop_item(['b', 'i'])
Steps: 10
Time cost: 8.936080s
2025-10-12 19:05:17,327 EXP - __main__.Logger.exp:
a takes action: move_right_with_item(['a', 'i'])
b takes action: drop_item(['b', 'j'])
a takes action: drop_item(['a', 'i'])
b takes action: pick_up(['b', 'i'])
a takes action: pick_up(['a', 'j'])
b takes action: drop_item(['b', 'i'])
a takes action: drop_item(['a', 'j'])
b takes action: pick_up(['b', 'i'])
a takes action: stay(['a'])
b takes action: move_left_with_item(['b', 'i'])
a takes action: pick_up(['a', 'j'])
b takes action: drop_item(['b', 'i'])
Steps: 12
Time cost: 9.180719s
2025-10-12 19:05:26,535 EXP - __main__.Logger.exp:
a takes action: move_right_with_item(['a', 'i'])
b takes action: drop_item(['b', 'j'])
a takes action: drop_item(['a', 'i'])
b takes action: pick_up(['b', 'i'])
a takes action: pick_up(['a', 'j'])
b takes action: drop_item(['b', 'i'])
a takes action: drop_item(['a', 'j'])
b takes action: pick_up(['b', 'i'])
a takes action: stay(['a'])
b takes action: move_left_with_item(['b', 'i'])
a takes action: pick_up(['a', 'j'])
b takes action: drop_item(['b', 'i'])
Steps: 12
Time cost: 9.207687s
2025-10-12 19:05:38,019 EXP - __main__.Logger.exp:
a takes action: move_right_with_item(['a', 'i'])
b takes action: drop_item(['b', 'j'])
a takes action: drop_item(['a', 'i'])
b takes action: pick_up(['b', 'i'])
a takes action: pick_up(['a', 'j'])
b takes action: stay(['b'])
a takes action: move_left_with_item(['a', 'j'])
b takes action: drop_item(['b', 'i'])
a takes action: drop_item(['a', 'j'])
b takes action: pick_up(['b', 'i'])
a takes action: move_right_without_item(['a'])
b takes action: move_left_with_item(['b', 'i'])
a takes action: move_left_without_item(['a'])
b takes action: move_right_with_item(['b', 'i'])
a takes action: pick_up(['a', 'j'])
b takes action: drop_item(['b', 'i'])
Steps: 16
Time cost: 11.482941s
2025-10-12 19:05:47,107 EXP - __main__.Logger.exp:
a takes action: move_right_with_item(['a', 'i'])
b takes action: drop_item(['b', 'j'])
a takes action: drop_item(['a', 'i'])
b takes action: pick_up(['b', 'i'])
a takes action: pick_up(['a', 'j'])
b takes action: drop_item(['b', 'i'])
a takes action: drop_item(['a', 'j'])
b takes action: pick_up(['b', 'i'])
a takes action: stay(['a'])
b takes action: move_left_with_item(['b', 'i'])
a takes action: pick_up(['a', 'j'])
b takes action: drop_item(['b', 'i'])
Steps: 12
Time cost: 9.086105s
2025-10-12 19:06:02,182 EXP - __main__.Logger.exp:
a takes action: move_right_with_item(['a', 'i'])
b takes action: drop_item(['b', 'j'])
a takes action: drop_item(['a', 'i'])
b takes action: pick_up(['b', 'i'])
a takes action: pick_up(['a', 'j'])
b takes action: stay(['b'])
a takes action: move_left_with_item(['a', 'j'])
b takes action: drop_item(['b', 'i'])
a takes action: drop_item(['a', 'j'])
b takes action: pick_up(['b', 'i'])
a takes action: pick_up(['a', 'j'])
b takes action: move_left_with_item(['b', 'i'])
a takes action: move_right_with_item(['a', 'j'])
b takes action: drop_item(['b', 'i'])
a takes action: move_left_with_item(['a', 'j'])
b takes action: stay(['b'])
a takes action: drop_item(['a', 'j'])
b takes action: pick_up(['b', 'i'])
a takes action: stay(['a'])
b takes action: move_right_with_item(['b', 'i'])
a takes action: pick_up(['a', 'j'])
b takes action: drop_item(['b', 'i'])
Steps: 22
Time cost: 15.074423s
2025-10-12 19:06:11,022 EXP - __main__.Logger.exp:
a takes action: move_right_with_item(['a', 'i'])
b takes action: drop_item(['b', 'j'])
a takes action: drop_item(['a', 'i'])
b takes action: pick_up(['b', 'i'])
a takes action: pick_up(['a', 'j'])
b takes action: stay(['b'])
a takes action: drop_item(['a', 'j'])
b takes action: move_left_with_item(['b', 'i'])
a takes action: pick_up(['a', 'j'])
b takes action: drop_item(['b', 'i'])
Steps: 10
Time cost: 8.839307s
2025-10-12 19:06:19,861 EXP - __main__.Logger.exp:
a takes action: move_right_with_item(['a', 'i'])
b takes action: drop_item(['b', 'j'])
a takes action: drop_item(['a', 'i'])
b takes action: pick_up(['b', 'i'])
a takes action: pick_up(['a', 'j'])
b takes action: stay(['b'])
a takes action: drop_item(['a', 'j'])
b takes action: move_left_with_item(['b', 'i'])
a takes action: pick_up(['a', 'j'])
b takes action: drop_item(['b', 'i'])
Steps: 10
Time cost: 8.837146s
2025-10-12 19:06:28,952 EXP - __main__.Logger.exp:
a takes action: move_right_with_item(['a', 'i'])
b takes action: drop_item(['b', 'j'])
a takes action: drop_item(['a', 'i'])
b takes action: pick_up(['b', 'i'])
a takes action: pick_up(['a', 'j'])
b takes action: drop_item(['b', 'i'])
a takes action: drop_item(['a', 'j'])
b takes action: pick_up(['b', 'i'])
a takes action: stay(['a'])
b takes action: move_left_with_item(['b', 'i'])
a takes action: pick_up(['a', 'j'])
b takes action: drop_item(['b', 'i'])
Steps: 12
Time cost: 9.090131s
2025-10-12 19:06:41,265 EXP - __main__.Logger.exp:
a takes action: move_right_with_item(['a', 'i'])
b takes action: drop_item(['b', 'j'])
a takes action: drop_item(['a', 'i'])
b takes action: pick_up(['b', 'i'])
a takes action: pick_up(['a', 'j'])
b takes action: stay(['b'])
a takes action: move_left_with_item(['a', 'j'])
b takes action: move_left_with_item(['b', 'i'])
a takes action: move_right_with_item(['a', 'j'])
b takes action: drop_item(['b', 'i'])
a takes action: move_left_with_item(['a', 'j'])
b takes action: stay(['b'])
a takes action: drop_item(['a', 'j'])
b takes action: pick_up(['b', 'i'])
a takes action: stay(['a'])
b takes action: move_right_with_item(['b', 'i'])
a takes action: pick_up(['a', 'j'])
b takes action: drop_item(['b', 'i'])
Steps: 18
Time cost: 12.312006s
2025-10-12 19:06:50,378 EXP - __main__.Logger.exp:
a takes action: move_right_with_item(['a', 'i'])
b takes action: drop_item(['b', 'j'])
a takes action: drop_item(['a', 'i'])
b takes action: pick_up(['b', 'i'])
a takes action: pick_up(['a', 'j'])
b takes action: drop_item(['b', 'i'])
a takes action: drop_item(['a', 'j'])
b takes action: pick_up(['b', 'i'])
a takes action: stay(['a'])
b takes action: move_left_with_item(['b', 'i'])
a takes action: pick_up(['a', 'j'])
b takes action: drop_item(['b', 'i'])
Steps: 12
Time cost: 9.112220s
2025-10-12 19:06:59,447 EXP - __main__.Logger.exp:
a takes action: move_right_with_item(['a', 'i'])
b takes action: drop_item(['b', 'j'])
a takes action: drop_item(['a', 'i'])
b takes action: pick_up(['b', 'i'])
a takes action: pick_up(['a', 'j'])
b takes action: drop_item(['b', 'i'])
a takes action: drop_item(['a', 'j'])
b takes action: pick_up(['b', 'i'])
a takes action: stay(['a'])
b takes action: move_left_with_item(['b', 'i'])
a takes action: pick_up(['a', 'j'])
b takes action: drop_item(['b', 'i'])
Steps: 12
Time cost: 9.067792s
2025-10-12 19:07:08,533 EXP - __main__.Logger.exp:
a takes action: move_right_with_item(['a', 'i'])
b takes action: drop_item(['b', 'j'])
a takes action: drop_item(['a', 'i'])
b takes action: pick_up(['b', 'i'])
a takes action: pick_up(['a', 'j'])
b takes action: drop_item(['b', 'i'])
a takes action: drop_item(['a', 'j'])
b takes action: pick_up(['b', 'i'])
a takes action: stay(['a'])
b takes action: move_left_with_item(['b', 'i'])
a takes action: pick_up(['a', 'j'])
b takes action: drop_item(['b', 'i'])
Steps: 12
Time cost: 9.085282s
2025-10-12 19:07:27,343 EXP - __main__.Logger.exp:
a takes action: move_right_with_item(['a', 'i'])
b takes action: drop_item(['b', 'j'])
a takes action: drop_item(['a', 'i'])
b takes action: pick_up(['b', 'i'])
a takes action: pick_up(['a', 'j'])
b takes action: stay(['b'])
a takes action: move_left_with_item(['a', 'j'])
b takes action: drop_item(['b', 'i'])
a takes action: drop_item(['a', 'j'])
b takes action: pick_up(['b', 'i'])
a takes action: pick_up(['a', 'j'])
b takes action: move_left_with_item(['b', 'i'])
a takes action: move_right_with_item(['a', 'j'])
b takes action: drop_item(['b', 'i'])
a takes action: drop_item(['a', 'j'])
b takes action: pick_up(['b', 'i'])
a takes action: pick_up(['a', 'j'])
b takes action: drop_item(['b', 'i'])
a takes action: drop_item(['a', 'j'])
b takes action: pick_up(['b', 'i'])
a takes action: move_left_without_item(['a'])
b takes action: move_right_with_item(['b', 'i'])
a takes action: move_right_without_item(['a'])
b takes action: move_left_with_item(['b', 'i'])
a takes action: pick_up(['a', 'j'])
b takes action: drop_item(['b', 'i'])
Steps: 26
Time cost: 18.808588s
2025-10-12 19:07:36,451 EXP - __main__.Logger.exp:
a takes action: move_right_with_item(['a', 'i'])
b takes action: drop_item(['b', 'j'])
a takes action: drop_item(['a', 'i'])
b takes action: pick_up(['b', 'i'])
a takes action: pick_up(['a', 'j'])
b takes action: drop_item(['b', 'i'])
a takes action: drop_item(['a', 'j'])
b takes action: pick_up(['b', 'i'])
a takes action: stay(['a'])
b takes action: move_left_with_item(['b', 'i'])
a takes action: pick_up(['a', 'j'])
b takes action: drop_item(['b', 'i'])
Steps: 12
Time cost: 9.106650s
2025-10-12 19:07:45,521 EXP - __main__.Logger.exp:
a takes action: move_right_with_item(['a', 'i'])
b takes action: drop_item(['b', 'j'])
a takes action: drop_item(['a', 'i'])
b takes action: pick_up(['b', 'i'])
a takes action: pick_up(['a', 'j'])
b takes action: drop_item(['b', 'i'])
a takes action: drop_item(['a', 'j'])
b takes action: pick_up(['b', 'i'])
a takes action: stay(['a'])
b takes action: move_left_with_item(['b', 'i'])
a takes action: pick_up(['a', 'j'])
b takes action: drop_item(['b', 'i'])
Steps: 12
Time cost: 9.068808s
2025-10-12 19:07:54,583 EXP - __main__.Logger.exp:
a takes action: move_right_with_item(['a', 'i'])
b takes action: drop_item(['b', 'j'])
a takes action: drop_item(['a', 'i'])
b takes action: pick_up(['b', 'i'])
a takes action: pick_up(['a', 'j'])
b takes action: drop_item(['b', 'i'])
a takes action: drop_item(['a', 'j'])
b takes action: pick_up(['b', 'i'])
a takes action: stay(['a'])
b takes action: move_left_with_item(['b', 'i'])
a takes action: pick_up(['a', 'j'])
b takes action: drop_item(['b', 'i'])
Steps: 12
Time cost: 9.061527s
2025-10-12 19:08:03,685 EXP - __main__.Logger.exp:
a takes action: move_right_with_item(['a', 'i'])
b takes action: drop_item(['b', 'j'])
a takes action: drop_item(['a', 'i'])
b takes action: pick_up(['b', 'i'])
a takes action: pick_up(['a', 'j'])
b takes action: drop_item(['b', 'i'])
a takes action: drop_item(['a', 'j'])
b takes action: pick_up(['b', 'i'])
a takes action: stay(['a'])
b takes action: move_left_with_item(['b', 'i'])
a takes action: pick_up(['a', 'j'])
b takes action: drop_item(['b', 'i'])
Steps: 12
Time cost: 9.101276s
2025-10-12 19:08:12,532 EXP - __main__.Logger.exp:
a takes action: move_right_with_item(['a', 'i'])
b takes action: drop_item(['b', 'j'])
a takes action: drop_item(['a', 'i'])
b takes action: pick_up(['b', 'i'])
a takes action: pick_up(['a', 'j'])
b takes action: stay(['b'])
a takes action: drop_item(['a', 'j'])
b takes action: move_left_with_item(['b', 'i'])
a takes action: pick_up(['a', 'j'])
b takes action: drop_item(['b', 'i'])
Steps: 10
Time cost: 8.845443s
2025-10-12 19:08:21,383 EXP - __main__.Logger.exp:
a takes action: move_right_with_item(['a', 'i'])
b takes action: drop_item(['b', 'j'])
a takes action: drop_item(['a', 'i'])
b takes action: pick_up(['b', 'i'])
a takes action: pick_up(['a', 'j'])
b takes action: stay(['b'])
a takes action: drop_item(['a', 'j'])
b takes action: move_left_with_item(['b', 'i'])
a takes action: pick_up(['a', 'j'])
b takes action: drop_item(['b', 'i'])
Steps: 10
Time cost: 8.850158s
2025-10-12 19:08:30,271 EXP - __main__.Logger.exp:
a takes action: move_right_with_item(['a', 'i'])
b takes action: drop_item(['b', 'j'])
a takes action: drop_item(['a', 'i'])
b takes action: pick_up(['b', 'i'])
a takes action: pick_up(['a', 'j'])
b takes action: stay(['b'])
a takes action: drop_item(['a', 'j'])
b takes action: move_left_with_item(['b', 'i'])
a takes action: pick_up(['a', 'j'])
b takes action: drop_item(['b', 'i'])
Steps: 10
Time cost: 8.886544s
2025-10-12 19:08:40,222 EXP - __main__.Logger.exp:
a takes action: move_right_with_item(['a', 'i'])
b takes action: drop_item(['b', 'j'])
a takes action: drop_item(['a', 'i'])
b takes action: pick_up(['b', 'i'])
a takes action: pick_up(['a', 'j'])
b takes action: stay(['b'])
a takes action: move_left_with_item(['a', 'j'])
b takes action: move_left_with_item(['b', 'i'])
a takes action: drop_item(['a', 'j'])
b takes action: move_right_with_item(['b', 'i'])
a takes action: pick_up(['a', 'j'])
b takes action: drop_item(['b', 'i'])
Steps: 12
Time cost: 9.950247s
2025-10-12 19:08:49,084 EXP - __main__.Logger.exp:
a takes action: move_right_with_item(['a', 'i'])
b takes action: drop_item(['b', 'j'])
a takes action: drop_item(['a', 'i'])
b takes action: pick_up(['b', 'i'])
a takes action: pick_up(['a', 'j'])
b takes action: stay(['b'])
a takes action: drop_item(['a', 'j'])
b takes action: move_left_with_item(['b', 'i'])
a takes action: pick_up(['a', 'j'])
b takes action: drop_item(['b', 'i'])
Steps: 10
Time cost: 8.861210s
2025-10-12 19:08:57,938 EXP - __main__.Logger.exp:
a takes action: move_right_with_item(['a', 'i'])
b takes action: drop_item(['b', 'j'])
a takes action: drop_item(['a', 'i'])
b takes action: pick_up(['b', 'i'])
a takes action: pick_up(['a', 'j'])
b takes action: stay(['b'])
a takes action: drop_item(['a', 'j'])
b takes action: move_left_with_item(['b', 'i'])
a takes action: pick_up(['a', 'j'])
b takes action: drop_item(['b', 'i'])
Steps: 10
Time cost: 8.852371s
2025-10-12 19:09:06,822 EXP - __main__.Logger.exp:
a takes action: move_right_with_item(['a', 'i'])
b takes action: drop_item(['b', 'j'])
a takes action: drop_item(['a', 'i'])
b takes action: pick_up(['b', 'i'])
a takes action: pick_up(['a', 'j'])
b takes action: stay(['b'])
a takes action: drop_item(['a', 'j'])
b takes action: move_left_with_item(['b', 'i'])
a takes action: pick_up(['a', 'j'])
b takes action: drop_item(['b', 'i'])
Steps: 10
Time cost: 8.883124s
2025-10-12 19:09:15,703 EXP - __main__.Logger.exp:
a takes action: move_right_with_item(['a', 'i'])
b takes action: drop_item(['b', 'j'])
a takes action: drop_item(['a', 'i'])
b takes action: pick_up(['b', 'i'])
a takes action: pick_up(['a', 'j'])
b takes action: stay(['b'])
a takes action: drop_item(['a', 'j'])
b takes action: move_left_with_item(['b', 'i'])
a takes action: pick_up(['a', 'j'])
b takes action: drop_item(['b', 'i'])
Steps: 10
Time cost: 8.880671s
2025-10-12 19:09:24,545 EXP - __main__.Logger.exp:
a takes action: move_right_with_item(['a', 'i'])
b takes action: drop_item(['b', 'j'])
a takes action: drop_item(['a', 'i'])
b takes action: pick_up(['b', 'i'])
a takes action: pick_up(['a', 'j'])
b takes action: stay(['b'])
a takes action: drop_item(['a', 'j'])
b takes action: move_left_with_item(['b', 'i'])
a takes action: pick_up(['a', 'j'])
b takes action: drop_item(['b', 'i'])
Steps: 10
Time cost: 8.840451s
2025-10-12 19:09:33,397 EXP - __main__.Logger.exp:
a takes action: move_right_with_item(['a', 'i'])
b takes action: drop_item(['b', 'j'])
a takes action: drop_item(['a', 'i'])
b takes action: pick_up(['b', 'i'])
a takes action: pick_up(['a', 'j'])
b takes action: stay(['b'])
a takes action: drop_item(['a', 'j'])
b takes action: move_left_with_item(['b', 'i'])
a takes action: pick_up(['a', 'j'])
b takes action: drop_item(['b', 'i'])
Steps: 10
Time cost: 8.851207s
2025-10-12 19:09:46,110 EXP - __main__.Logger.exp:
a takes action: move_right_with_item(['a', 'i'])
b takes action: drop_item(['b', 'j'])
a takes action: drop_item(['a', 'i'])
b takes action: pick_up(['b', 'i'])
a takes action: pick_up(['a', 'j'])
b takes action: stay(['b'])
a takes action: move_left_with_item(['a', 'j'])
b takes action: move_left_with_item(['b', 'i'])
a takes action: move_right_with_item(['a', 'j'])
b takes action: drop_item(['b', 'i'])
a takes action: drop_item(['a', 'j'])
b takes action: pick_up(['b', 'i'])
a takes action: move_left_without_item(['a'])
b takes action: move_right_with_item(['b', 'i'])
a takes action: move_right_without_item(['a'])
b takes action: move_left_with_item(['b', 'i'])
a takes action: pick_up(['a', 'j'])
b takes action: drop_item(['b', 'i'])
Steps: 18
Time cost: 12.711828s
2025-10-12 19:10:01,014 EXP - __main__.Logger.exp:
a takes action: move_right_with_item(['a', 'i'])
b takes action: drop_item(['b', 'j'])
a takes action: drop_item(['a', 'i'])
b takes action: pick_up(['b', 'i'])
a takes action: pick_up(['a', 'j'])
b takes action: stay(['b'])
a takes action: move_left_with_item(['a', 'j'])
b takes action: drop_item(['b', 'i'])
a takes action: drop_item(['a', 'j'])
b takes action: pick_up(['b', 'i'])
a takes action: move_right_without_item(['a'])
b takes action: stay(['b'])
a takes action: move_left_without_item(['a'])
b takes action: stay(['b'])
a takes action: pick_up(['a', 'j'])
b takes action: move_left_with_item(['b', 'i'])
a takes action: move_right_with_item(['a', 'j'])
b takes action: drop_item(['b', 'i'])
a takes action: move_left_with_item(['a', 'j'])
b takes action: stay(['b'])
a takes action: drop_item(['a', 'j'])
b takes action: pick_up(['b', 'i'])
a takes action: stay(['a'])
b takes action: move_right_with_item(['b', 'i'])
a takes action: pick_up(['a', 'j'])
b takes action: drop_item(['b', 'i'])
Steps: 26
Time cost: 14.903331s
2025-10-12 19:10:10,947 EXP - __main__.Logger.exp:
a takes action: move_right_with_item(['a', 'i'])
b takes action: drop_item(['b', 'j'])
a takes action: drop_item(['a', 'i'])
b takes action: pick_up(['b', 'i'])
a takes action: pick_up(['a', 'j'])
b takes action: stay(['b'])
a takes action: move_left_with_item(['a', 'j'])
b takes action: move_left_with_item(['b', 'i'])
a takes action: drop_item(['a', 'j'])
b takes action: move_right_with_item(['b', 'i'])
a takes action: pick_up(['a', 'j'])
b takes action: drop_item(['b', 'i'])
Steps: 12
Time cost: 9.931469s
2025-10-12 19:10:19,808 EXP - __main__.Logger.exp:
a takes action: move_right_with_item(['a', 'i'])
b takes action: drop_item(['b', 'j'])
a takes action: drop_item(['a', 'i'])
b takes action: pick_up(['b', 'i'])
a takes action: pick_up(['a', 'j'])
b takes action: stay(['b'])
a takes action: drop_item(['a', 'j'])
b takes action: move_left_with_item(['b', 'i'])
a takes action: pick_up(['a', 'j'])
b takes action: drop_item(['b', 'i'])
Steps: 10
Time cost: 8.859484s
2025-10-12 19:10:32,014 EXP - __main__.Logger.exp:
a takes action: move_right_with_item(['a', 'i'])
b takes action: drop_item(['b', 'j'])
a takes action: drop_item(['a', 'i'])
b takes action: pick_up(['b', 'i'])
a takes action: pick_up(['a', 'j'])
b takes action: stay(['b'])
a takes action: move_left_with_item(['a', 'j'])
b takes action: drop_item(['b', 'i'])
a takes action: drop_item(['a', 'j'])
b takes action: pick_up(['b', 'i'])
a takes action: pick_up(['a', 'j'])
b takes action: move_left_with_item(['b', 'i'])
a takes action: drop_item(['a', 'j'])
b takes action: move_right_with_item(['b', 'i'])
a takes action: pick_up(['a', 'j'])
b takes action: drop_item(['b', 'i'])
Steps: 16
Time cost: 12.205061s
2025-10-12 19:10:40,908 EXP - __main__.Logger.exp:
a takes action: move_right_with_item(['a', 'i'])
b takes action: drop_item(['b', 'j'])
a takes action: drop_item(['a', 'i'])
b takes action: pick_up(['b', 'i'])
a takes action: pick_up(['a', 'j'])
b takes action: stay(['b'])
a takes action: drop_item(['a', 'j'])
b takes action: move_left_with_item(['b', 'i'])
a takes action: pick_up(['a', 'j'])
b takes action: drop_item(['b', 'i'])
Steps: 10
Time cost: 8.893157s
2025-10-12 19:10:55,959 EXP - __main__.Logger.exp:
a takes action: move_right_with_item(['a', 'i'])
b takes action: drop_item(['b', 'j'])
a takes action: drop_item(['a', 'i'])
b takes action: pick_up(['b', 'i'])
a takes action: pick_up(['a', 'j'])
b takes action: stay(['b'])
a takes action: move_left_with_item(['a', 'j'])
b takes action: drop_item(['b', 'i'])
a takes action: drop_item(['a', 'j'])
b takes action: pick_up(['b', 'i'])
a takes action: pick_up(['a', 'j'])
b takes action: move_left_with_item(['b', 'i'])
a takes action: move_right_with_item(['a', 'j'])
b takes action: drop_item(['b', 'i'])
a takes action: move_left_with_item(['a', 'j'])
b takes action: stay(['b'])
a takes action: drop_item(['a', 'j'])
b takes action: pick_up(['b', 'i'])
a takes action: stay(['a'])
b takes action: move_right_with_item(['b', 'i'])
a takes action: pick_up(['a', 'j'])
b takes action: drop_item(['b', 'i'])
Steps: 22
Time cost: 15.049982s
2025-10-12 19:11:05,881 EXP - __main__.Logger.exp:
a takes action: move_right_with_item(['a', 'i'])
b takes action: drop_item(['b', 'j'])
a takes action: drop_item(['a', 'i'])
b takes action: pick_up(['b', 'i'])
a takes action: pick_up(['a', 'j'])
b takes action: stay(['b'])
a takes action: move_left_with_item(['a', 'j'])
b takes action: move_left_with_item(['b', 'i'])
a takes action: drop_item(['a', 'j'])
b takes action: move_right_with_item(['b', 'i'])
a takes action: pick_up(['a', 'j'])
b takes action: drop_item(['b', 'i'])
Steps: 12
Time cost: 9.921074s
2025-10-12 19:11:14,993 EXP - __main__.Logger.exp:
a takes action: move_right_with_item(['a', 'i'])
b takes action: drop_item(['b', 'j'])
a takes action: drop_item(['a', 'i'])
b takes action: pick_up(['b', 'i'])
a takes action: pick_up(['a', 'j'])
b takes action: drop_item(['b', 'i'])
a takes action: drop_item(['a', 'j'])
b takes action: pick_up(['b', 'i'])
a takes action: stay(['a'])
b takes action: move_left_with_item(['b', 'i'])
a takes action: pick_up(['a', 'j'])
b takes action: drop_item(['b', 'i'])
Steps: 12
Time cost: 9.110561s
2025-10-12 19:11:27,941 EXP - __main__.Logger.exp:
a takes action: move_right_with_item(['a', 'i'])
b takes action: drop_item(['b', 'j'])
a takes action: drop_item(['a', 'i'])
b takes action: pick_up(['b', 'i'])
a takes action: pick_up(['a', 'j'])
b takes action: stay(['b'])
a takes action: move_left_with_item(['a', 'j'])
b takes action: drop_item(['b', 'i'])
a takes action: drop_item(['a', 'j'])
b takes action: pick_up(['b', 'i'])
a takes action: move_right_without_item(['a'])
b takes action: stay(['b'])
a takes action: move_left_without_item(['a'])
b takes action: move_left_with_item(['b', 'i'])
a takes action: pick_up(['a', 'j'])
b takes action: drop_item(['b', 'i'])
a takes action: drop_item(['a', 'j'])
b takes action: pick_up(['b', 'i'])
a takes action: stay(['a'])
b takes action: move_right_with_item(['b', 'i'])
a takes action: pick_up(['a', 'j'])
b takes action: drop_item(['b', 'i'])
Steps: 22
Time cost: 12.947332s
2025-10-12 19:11:37,050 EXP - __main__.Logger.exp:
a takes action: move_right_with_item(['a', 'i'])
b takes action: drop_item(['b', 'j'])
a takes action: drop_item(['a', 'i'])
b takes action: pick_up(['b', 'i'])
a takes action: pick_up(['a', 'j'])
b takes action: drop_item(['b', 'i'])
a takes action: drop_item(['a', 'j'])
b takes action: pick_up(['b', 'i'])
a takes action: stay(['a'])
b takes action: move_left_with_item(['b', 'i'])
a takes action: pick_up(['a', 'j'])
b takes action: drop_item(['b', 'i'])
Steps: 12
Time cost: 9.107998s
2025-10-12 19:11:46,134 EXP - __main__.Logger.exp:
a takes action: move_right_with_item(['a', 'i'])
b takes action: drop_item(['b', 'j'])
a takes action: drop_item(['a', 'i'])
b takes action: pick_up(['b', 'i'])
a takes action: pick_up(['a', 'j'])
b takes action: drop_item(['b', 'i'])
a takes action: drop_item(['a', 'j'])
b takes action: pick_up(['b', 'i'])
a takes action: stay(['a'])
b takes action: move_left_with_item(['b', 'i'])
a takes action: pick_up(['a', 'j'])
b takes action: drop_item(['b', 'i'])
Steps: 12
Time cost: 9.083118s
2025-10-12 19:11:55,003 EXP - __main__.Logger.exp:
a takes action: move_right_with_item(['a', 'i'])
b takes action: drop_item(['b', 'j'])
a takes action: drop_item(['a', 'i'])
b takes action: pick_up(['b', 'i'])
a takes action: pick_up(['a', 'j'])
b takes action: stay(['b'])
a takes action: drop_item(['a', 'j'])
b takes action: move_left_with_item(['b', 'i'])
a takes action: pick_up(['a', 'j'])
b takes action: drop_item(['b', 'i'])
Steps: 10
Time cost: 8.867728s
2025-10-12 19:12:03,869 EXP - __main__.Logger.exp:
a takes action: move_right_with_item(['a', 'i'])
b takes action: drop_item(['b', 'j'])
a takes action: drop_item(['a', 'i'])
b takes action: pick_up(['b', 'i'])
a takes action: pick_up(['a', 'j'])
b takes action: stay(['b'])
a takes action: drop_item(['a', 'j'])
b takes action: move_left_with_item(['b', 'i'])
a takes action: pick_up(['a', 'j'])
b takes action: drop_item(['b', 'i'])
Steps: 10
Time cost: 8.865116s
2025-10-12 19:12:12,941 EXP - __main__.Logger.exp:
a takes action: move_right_with_item(['a', 'i'])
b takes action: drop_item(['b', 'j'])
a takes action: drop_item(['a', 'i'])
b takes action: pick_up(['b', 'i'])
a takes action: pick_up(['a', 'j'])
b takes action: drop_item(['b', 'i'])
a takes action: drop_item(['a', 'j'])
b takes action: pick_up(['b', 'i'])
a takes action: stay(['a'])
b takes action: move_left_with_item(['b', 'i'])
a takes action: pick_up(['a', 'j'])
b takes action: drop_item(['b', 'i'])
Steps: 12
Time cost: 9.070871s
2025-10-12 19:12:33,402 EXP - __main__.Logger.exp:
a takes action: move_right_with_item(['a', 'i'])
b takes action: drop_item(['b', 'j'])
a takes action: drop_item(['a', 'i'])
b takes action: pick_up(['b', 'i'])
a takes action: pick_up(['a', 'j'])
b takes action: stay(['b'])
a takes action: move_left_with_item(['a', 'j'])
b takes action: drop_item(['b', 'i'])
a takes action: drop_item(['a', 'j'])
b takes action: pick_up(['b', 'i'])
a takes action: pick_up(['a', 'j'])
b takes action: drop_item(['b', 'i'])
a takes action: drop_item(['a', 'j'])
b takes action: pick_up(['b', 'i'])
a takes action: move_right_without_item(['a'])
b takes action: drop_item(['b', 'i'])
a takes action: stay(['a'])
b takes action: pick_up(['b', 'i'])
a takes action: move_left_without_item(['a'])
b takes action: move_left_with_item(['b', 'i'])
a takes action: pick_up(['a', 'j'])
b takes action: stay(['b'])
a takes action: move_right_with_item(['a', 'j'])
b takes action: drop_item(['b', 'i'])
a takes action: drop_item(['a', 'j'])
b takes action: pick_up(['b', 'i'])
a takes action: move_left_without_item(['a'])
b takes action: stay(['b'])
a takes action: move_right_without_item(['a'])
b takes action: move_right_with_item(['b', 'i'])
a takes action: stay(['a'])
b takes action: move_left_with_item(['b', 'i'])
a takes action: pick_up(['a', 'j'])
b takes action: drop_item(['b', 'i'])
Steps: 34
Time cost: 20.459932s
2025-10-12 19:12:42,500 EXP - __main__.Logger.exp:
a takes action: move_right_with_item(['a', 'i'])
b takes action: drop_item(['b', 'j'])
a takes action: drop_item(['a', 'i'])
b takes action: pick_up(['b', 'i'])
a takes action: pick_up(['a', 'j'])
b takes action: drop_item(['b', 'i'])
a takes action: drop_item(['a', 'j'])
b takes action: pick_up(['b', 'i'])
a takes action: stay(['a'])
b takes action: move_left_with_item(['b', 'i'])
a takes action: pick_up(['a', 'j'])
b takes action: drop_item(['b', 'i'])
Steps: 12
Time cost: 9.097013s
2025-10-12 19:12:51,566 EXP - __main__.Logger.exp:
a takes action: move_right_with_item(['a', 'i'])
b takes action: drop_item(['b', 'j'])
a takes action: drop_item(['a', 'i'])
b takes action: pick_up(['b', 'i'])
a takes action: pick_up(['a', 'j'])
b takes action: drop_item(['b', 'i'])
a takes action: drop_item(['a', 'j'])
b takes action: pick_up(['b', 'i'])
a takes action: stay(['a'])
b takes action: move_left_with_item(['b', 'i'])
a takes action: pick_up(['a', 'j'])
b takes action: drop_item(['b', 'i'])
Steps: 12
Time cost: 9.065007s
2025-10-12 19:13:00,661 EXP - __main__.Logger.exp:
a takes action: move_right_with_item(['a', 'i'])
b takes action: drop_item(['b', 'j'])
a takes action: drop_item(['a', 'i'])
b takes action: pick_up(['b', 'i'])
a takes action: pick_up(['a', 'j'])
b takes action: drop_item(['b', 'i'])
a takes action: drop_item(['a', 'j'])
b takes action: pick_up(['b', 'i'])
a takes action: stay(['a'])
b takes action: move_left_with_item(['b', 'i'])
a takes action: pick_up(['a', 'j'])
b takes action: drop_item(['b', 'i'])
Steps: 12
Time cost: 9.094074s
2025-10-12 19:13:09,737 EXP - __main__.Logger.exp:
a takes action: move_right_with_item(['a', 'i'])
b takes action: drop_item(['b', 'j'])
a takes action: drop_item(['a', 'i'])
b takes action: pick_up(['b', 'i'])
a takes action: pick_up(['a', 'j'])
b takes action: drop_item(['b', 'i'])
a takes action: drop_item(['a', 'j'])
b takes action: pick_up(['b', 'i'])
a takes action: stay(['a'])
b takes action: move_left_with_item(['b', 'i'])
a takes action: pick_up(['a', 'j'])
b takes action: drop_item(['b', 'i'])
Steps: 12
Time cost: 9.074666s
2025-10-12 19:13:18,860 EXP - __main__.Logger.exp:
a takes action: move_right_with_item(['a', 'i'])
b takes action: drop_item(['b', 'j'])
a takes action: drop_item(['a', 'i'])
b takes action: pick_up(['b', 'i'])
a takes action: pick_up(['a', 'j'])
b takes action: drop_item(['b', 'i'])
a takes action: drop_item(['a', 'j'])
b takes action: pick_up(['b', 'i'])
a takes action: stay(['a'])
b takes action: move_left_with_item(['b', 'i'])
a takes action: pick_up(['a', 'j'])
b takes action: drop_item(['b', 'i'])
Steps: 12
Time cost: 9.122369s
2025-10-12 19:13:27,735 EXP - __main__.Logger.exp:
a takes action: move_right_with_item(['a', 'i'])
b takes action: drop_item(['b', 'j'])
a takes action: drop_item(['a', 'i'])
b takes action: pick_up(['b', 'i'])
a takes action: pick_up(['a', 'j'])
b takes action: stay(['b'])
a takes action: drop_item(['a', 'j'])
b takes action: move_left_with_item(['b', 'i'])
a takes action: pick_up(['a', 'j'])
b takes action: drop_item(['b', 'i'])
Steps: 10
Time cost: 8.874041s
2025-10-12 19:13:36,824 EXP - __main__.Logger.exp:
a takes action: move_right_with_item(['a', 'i'])
b takes action: drop_item(['b', 'j'])
a takes action: drop_item(['a', 'i'])
b takes action: pick_up(['b', 'i'])
a takes action: pick_up(['a', 'j'])
b takes action: drop_item(['b', 'i'])
a takes action: drop_item(['a', 'j'])
b takes action: pick_up(['b', 'i'])
a takes action: stay(['a'])
b takes action: move_left_with_item(['b', 'i'])
a takes action: pick_up(['a', 'j'])
b takes action: drop_item(['b', 'i'])
Steps: 12
Time cost: 9.087960s
2025-10-12 19:13:45,696 EXP - __main__.Logger.exp:
a takes action: move_right_with_item(['a', 'i'])
b takes action: drop_item(['b', 'j'])
a takes action: drop_item(['a', 'i'])
b takes action: pick_up(['b', 'i'])
a takes action: pick_up(['a', 'j'])
b takes action: stay(['b'])
a takes action: drop_item(['a', 'j'])
b takes action: move_left_with_item(['b', 'i'])
a takes action: pick_up(['a', 'j'])
b takes action: drop_item(['b', 'i'])
Steps: 10
Time cost: 8.870846s
2025-10-12 19:13:54,561 EXP - __main__.Logger.exp:
a takes action: move_right_with_item(['a', 'i'])
b takes action: drop_item(['b', 'j'])
a takes action: drop_item(['a', 'i'])
b takes action: pick_up(['b', 'i'])
a takes action: pick_up(['a', 'j'])
b takes action: stay(['b'])
a takes action: drop_item(['a', 'j'])
b takes action: move_left_with_item(['b', 'i'])
a takes action: pick_up(['a', 'j'])
b takes action: drop_item(['b', 'i'])
Steps: 10
Time cost: 8.863184s
2025-10-12 19:14:03,390 EXP - __main__.Logger.exp:
a takes action: move_right_with_item(['a', 'i'])
b takes action: drop_item(['b', 'j'])
a takes action: drop_item(['a', 'i'])
b takes action: pick_up(['b', 'i'])
a takes action: pick_up(['a', 'j'])
b takes action: stay(['b'])
a takes action: drop_item(['a', 'j'])
b takes action: move_left_with_item(['b', 'i'])
a takes action: pick_up(['a', 'j'])
b takes action: drop_item(['b', 'i'])
Steps: 10
Time cost: 8.828643s
2025-10-12 19:14:12,454 EXP - __main__.Logger.exp:
a takes action: move_right_with_item(['a', 'i'])
b takes action: drop_item(['b', 'j'])
a takes action: drop_item(['a', 'i'])
b takes action: pick_up(['b', 'i'])
a takes action: pick_up(['a', 'j'])
b takes action: drop_item(['b', 'i'])
a takes action: drop_item(['a', 'j'])
b takes action: pick_up(['b', 'i'])
a takes action: stay(['a'])
b takes action: move_left_with_item(['b', 'i'])
a takes action: pick_up(['a', 'j'])
b takes action: drop_item(['b', 'i'])
Steps: 12
Time cost: 9.063025s
2025-10-12 19:14:21,543 EXP - __main__.Logger.exp:
a takes action: move_right_with_item(['a', 'i'])
b takes action: drop_item(['b', 'j'])
a takes action: drop_item(['a', 'i'])
b takes action: pick_up(['b', 'i'])
a takes action: pick_up(['a', 'j'])
b takes action: drop_item(['b', 'i'])
a takes action: drop_item(['a', 'j'])
b takes action: pick_up(['b', 'i'])
a takes action: stay(['a'])
b takes action: move_left_with_item(['b', 'i'])
a takes action: pick_up(['a', 'j'])
b takes action: drop_item(['b', 'i'])
Steps: 12
Time cost: 9.088046s
2025-10-12 19:14:30,634 EXP - __main__.Logger.exp:
a takes action: move_right_with_item(['a', 'i'])
b takes action: drop_item(['b', 'j'])
a takes action: drop_item(['a', 'i'])
b takes action: pick_up(['b', 'i'])
a takes action: pick_up(['a', 'j'])
b takes action: drop_item(['b', 'i'])
a takes action: drop_item(['a', 'j'])
b takes action: pick_up(['b', 'i'])
a takes action: stay(['a'])
b takes action: move_left_with_item(['b', 'i'])
a takes action: pick_up(['a', 'j'])
b takes action: drop_item(['b', 'i'])
Steps: 12
Time cost: 9.089618s
2025-10-12 19:14:40,571 EXP - __main__.Logger.exp:
a takes action: move_right_with_item(['a', 'i'])
b takes action: drop_item(['b', 'j'])
a takes action: drop_item(['a', 'i'])
b takes action: pick_up(['b', 'i'])
a takes action: pick_up(['a', 'j'])
b takes action: stay(['b'])
a takes action: move_left_with_item(['a', 'j'])
b takes action: move_left_with_item(['b', 'i'])
a takes action: drop_item(['a', 'j'])
b takes action: move_right_with_item(['b', 'i'])
a takes action: pick_up(['a', 'j'])
b takes action: drop_item(['b', 'i'])
Steps: 12
Time cost: 9.936219s
2025-10-12 19:14:49,456 EXP - __main__.Logger.exp:
a takes action: move_right_with_item(['a', 'i'])
b takes action: drop_item(['b', 'j'])
a takes action: drop_item(['a', 'i'])
b takes action: pick_up(['b', 'i'])
a takes action: pick_up(['a', 'j'])
b takes action: stay(['b'])
a takes action: drop_item(['a', 'j'])
b takes action: move_left_with_item(['b', 'i'])
a takes action: pick_up(['a', 'j'])
b takes action: drop_item(['b', 'i'])
Steps: 10
Time cost: 8.883378s
2025-10-12 19:15:01,793 EXP - __main__.Logger.exp:
a takes action: move_right_with_item(['a', 'i'])
b takes action: drop_item(['b', 'j'])
a takes action: drop_item(['a', 'i'])
b takes action: pick_up(['b', 'i'])
a takes action: pick_up(['a', 'j'])
b takes action: stay(['b'])
a takes action: move_left_with_item(['a', 'j'])
b takes action: move_left_with_item(['b', 'i'])
a takes action: move_right_with_item(['a', 'j'])
b takes action: drop_item(['b', 'i'])
a takes action: move_left_with_item(['a', 'j'])
b takes action: stay(['b'])
a takes action: drop_item(['a', 'j'])
b takes action: pick_up(['b', 'i'])
a takes action: stay(['a'])
b takes action: move_right_with_item(['b', 'i'])
a takes action: pick_up(['a', 'j'])
b takes action: drop_item(['b', 'i'])
Steps: 18
Time cost: 12.335935s
2025-10-12 19:15:10,886 EXP - __main__.Logger.exp:
a takes action: move_right_with_item(['a', 'i'])
b takes action: drop_item(['b', 'j'])
a takes action: drop_item(['a', 'i'])
b takes action: pick_up(['b', 'i'])
a takes action: pick_up(['a', 'j'])
b takes action: drop_item(['b', 'i'])
a takes action: drop_item(['a', 'j'])
b takes action: pick_up(['b', 'i'])
a takes action: stay(['a'])
b takes action: move_left_with_item(['b', 'i'])
a takes action: pick_up(['a', 'j'])
b takes action: drop_item(['b', 'i'])
Steps: 12
Time cost: 9.092574s
2025-10-12 19:15:20,031 EXP - __main__.Logger.exp:
a takes action: move_right_with_item(['a', 'i'])
b takes action: drop_item(['b', 'j'])
a takes action: drop_item(['a', 'i'])
b takes action: pick_up(['b', 'i'])
a takes action: pick_up(['a', 'j'])
b takes action: drop_item(['b', 'i'])
a takes action: drop_item(['a', 'j'])
b takes action: pick_up(['b', 'i'])
a takes action: stay(['a'])
b takes action: move_left_with_item(['b', 'i'])
a takes action: pick_up(['a', 'j'])
b takes action: drop_item(['b', 'i'])
Steps: 12
Time cost: 9.143286s
2025-10-12 19:15:28,942 EXP - __main__.Logger.exp:
a takes action: move_right_with_item(['a', 'i'])
b takes action: drop_item(['b', 'j'])
a takes action: drop_item(['a', 'i'])
b takes action: pick_up(['b', 'i'])
a takes action: pick_up(['a', 'j'])
b takes action: stay(['b'])
a takes action: drop_item(['a', 'j'])
b takes action: move_left_with_item(['b', 'i'])
a takes action: pick_up(['a', 'j'])
b takes action: drop_item(['b', 'i'])
Steps: 10
Time cost: 8.909713s
2025-10-12 19:15:37,810 EXP - __main__.Logger.exp:
a takes action: move_right_with_item(['a', 'i'])
b takes action: drop_item(['b', 'j'])
a takes action: drop_item(['a', 'i'])
b takes action: pick_up(['b', 'i'])
a takes action: pick_up(['a', 'j'])
b takes action: stay(['b'])
a takes action: drop_item(['a', 'j'])
b takes action: move_left_with_item(['b', 'i'])
a takes action: pick_up(['a', 'j'])
b takes action: drop_item(['b', 'i'])
Steps: 10
Time cost: 8.867912s
2025-10-12 19:15:46,900 EXP - __main__.Logger.exp:
a takes action: move_right_with_item(['a', 'i'])
b takes action: drop_item(['b', 'j'])
a takes action: drop_item(['a', 'i'])
b takes action: pick_up(['b', 'i'])
a takes action: pick_up(['a', 'j'])
b takes action: drop_item(['b', 'i'])
a takes action: drop_item(['a', 'j'])
b takes action: pick_up(['b', 'i'])
a takes action: stay(['a'])
b takes action: move_left_with_item(['b', 'i'])
a takes action: pick_up(['a', 'j'])
b takes action: drop_item(['b', 'i'])
Steps: 12
Time cost: 9.088229s
2025-10-12 19:15:55,980 EXP - __main__.Logger.exp:
a takes action: move_right_with_item(['a', 'i'])
b takes action: drop_item(['b', 'j'])
a takes action: drop_item(['a', 'i'])
b takes action: pick_up(['b', 'i'])
a takes action: pick_up(['a', 'j'])
b takes action: drop_item(['b', 'i'])
a takes action: drop_item(['a', 'j'])
b takes action: pick_up(['b', 'i'])
a takes action: stay(['a'])
b takes action: move_left_with_item(['b', 'i'])
a takes action: pick_up(['a', 'j'])
b takes action: drop_item(['b', 'i'])
Steps: 12
Time cost: 9.079004s
2025-10-12 19:16:05,064 EXP - __main__.Logger.exp:
a takes action: move_right_with_item(['a', 'i'])
b takes action: drop_item(['b', 'j'])
a takes action: drop_item(['a', 'i'])
b takes action: pick_up(['b', 'i'])
a takes action: pick_up(['a', 'j'])
b takes action: drop_item(['b', 'i'])
a takes action: drop_item(['a', 'j'])
b takes action: pick_up(['b', 'i'])
a takes action: stay(['a'])
b takes action: move_left_with_item(['b', 'i'])
a takes action: pick_up(['a', 'j'])
b takes action: drop_item(['b', 'i'])
Steps: 12
Time cost: 9.082665s
2025-10-12 19:16:24,956 EXP - __main__.Logger.exp:
a takes action: move_right_with_item(['a', 'i'])
b takes action: drop_item(['b', 'j'])
a takes action: drop_item(['a', 'i'])
b takes action: pick_up(['b', 'i'])
a takes action: pick_up(['a', 'j'])
b takes action: stay(['b'])
a takes action: move_left_with_item(['a', 'j'])
b takes action: move_left_with_item(['b', 'i'])
a takes action: move_right_with_item(['a', 'j'])
b takes action: drop_item(['b', 'i'])
a takes action: stay(['a'])
b takes action: pick_up(['b', 'i'])
a takes action: drop_item(['a', 'j'])
b takes action: drop_item(['b', 'i'])
a takes action: move_left_without_item(['a'])
b takes action: move_right_without_item(['b'])
a takes action: move_right_without_item(['a'])
b takes action: move_left_without_item(['b'])
a takes action: pick_up(['a', 'j'])
b takes action: pick_up(['b', 'i'])
a takes action: move_left_with_item(['a', 'j'])
b takes action: drop_item(['b', 'i'])
a takes action: drop_item(['a', 'j'])
b takes action: pick_up(['b', 'i'])
a takes action: stay(['a'])
b takes action: move_right_with_item(['b', 'i'])
a takes action: pick_up(['a', 'j'])
b takes action: drop_item(['b', 'i'])
Steps: 28
Time cost: 19.891456s
2025-10-12 19:16:34,039 EXP - __main__.Logger.exp:
a takes action: move_right_with_item(['a', 'i'])
b takes action: drop_item(['b', 'j'])
a takes action: drop_item(['a', 'i'])
b takes action: pick_up(['b', 'i'])
a takes action: pick_up(['a', 'j'])
b takes action: drop_item(['b', 'i'])
a takes action: drop_item(['a', 'j'])
b takes action: pick_up(['b', 'i'])
a takes action: stay(['a'])
b takes action: move_left_with_item(['b', 'i'])
a takes action: pick_up(['a', 'j'])
b takes action: drop_item(['b', 'i'])
Steps: 12
Time cost: 9.081844s
2025-10-12 19:16:47,992 EXP - __main__.Logger.exp:
a takes action: move_right_with_item(['a', 'i'])
b takes action: drop_item(['b', 'j'])
a takes action: drop_item(['a', 'i'])
b takes action: pick_up(['b', 'i'])
a takes action: pick_up(['a', 'j'])
b takes action: stay(['b'])
a takes action: move_left_with_item(['a', 'j'])
b takes action: move_left_with_item(['b', 'i'])
a takes action: move_right_with_item(['a', 'j'])
b takes action: drop_item(['b', 'i'])
a takes action: stay(['a'])
b takes action: pick_up(['b', 'i'])
a takes action: move_left_with_item(['a', 'j'])
b takes action: drop_item(['b', 'i'])
a takes action: drop_item(['a', 'j'])
b takes action: pick_up(['b', 'i'])
a takes action: stay(['a'])
b takes action: move_right_with_item(['b', 'i'])
a takes action: pick_up(['a', 'j'])
b takes action: drop_item(['b', 'i'])
Steps: 20
Time cost: 13.952384s
2025-10-12 19:16:57,082 EXP - __main__.Logger.exp:
a takes action: move_right_with_item(['a', 'i'])
b takes action: drop_item(['b', 'j'])
a takes action: drop_item(['a', 'i'])
b takes action: pick_up(['b', 'i'])
a takes action: pick_up(['a', 'j'])
b takes action: drop_item(['b', 'i'])
a takes action: drop_item(['a', 'j'])
b takes action: pick_up(['b', 'i'])
a takes action: stay(['a'])
b takes action: move_left_with_item(['b', 'i'])
a takes action: pick_up(['a', 'j'])
b takes action: drop_item(['b', 'i'])
Steps: 12
Time cost: 9.088880s
2025-10-12 19:17:06,184 EXP - __main__.Logger.exp:
a takes action: move_right_with_item(['a', 'i'])
b takes action: drop_item(['b', 'j'])
a takes action: drop_item(['a', 'i'])
b takes action: pick_up(['b', 'i'])
a takes action: pick_up(['a', 'j'])
b takes action: drop_item(['b', 'i'])
a takes action: drop_item(['a', 'j'])
b takes action: pick_up(['b', 'i'])
a takes action: stay(['a'])
b takes action: move_left_with_item(['b', 'i'])
a takes action: pick_up(['a', 'j'])
b takes action: drop_item(['b', 'i'])
Steps: 12
Time cost: 9.100877s
2025-10-12 19:17:15,260 EXP - __main__.Logger.exp:
a takes action: move_right_with_item(['a', 'i'])
b takes action: drop_item(['b', 'j'])
a takes action: drop_item(['a', 'i'])
b takes action: pick_up(['b', 'i'])
a takes action: pick_up(['a', 'j'])
b takes action: drop_item(['b', 'i'])
a takes action: drop_item(['a', 'j'])
b takes action: pick_up(['b', 'i'])
a takes action: stay(['a'])
b takes action: move_left_with_item(['b', 'i'])
a takes action: pick_up(['a', 'j'])
b takes action: drop_item(['b', 'i'])
Steps: 12
Time cost: 9.074790s
2025-10-12 19:17:24,369 EXP - __main__.Logger.exp:
a takes action: move_right_with_item(['a', 'i'])
b takes action: drop_item(['b', 'j'])
a takes action: drop_item(['a', 'i'])
b takes action: pick_up(['b', 'i'])
a takes action: pick_up(['a', 'j'])
b takes action: drop_item(['b', 'i'])
a takes action: drop_item(['a', 'j'])
b takes action: pick_up(['b', 'i'])
a takes action: stay(['a'])
b takes action: move_left_with_item(['b', 'i'])
a takes action: pick_up(['a', 'j'])
b takes action: drop_item(['b', 'i'])
Steps: 12
Time cost: 9.107479s
2025-10-12 19:17:34,298 EXP - __main__.Logger.exp:
a takes action: move_right_with_item(['a', 'i'])
b takes action: drop_item(['b', 'j'])
a takes action: drop_item(['a', 'i'])
b takes action: pick_up(['b', 'i'])
a takes action: pick_up(['a', 'j'])
b takes action: stay(['b'])
a takes action: move_left_with_item(['a', 'j'])
b takes action: move_left_with_item(['b', 'i'])
a takes action: drop_item(['a', 'j'])
b takes action: move_right_with_item(['b', 'i'])
a takes action: pick_up(['a', 'j'])
b takes action: drop_item(['b', 'i'])
Steps: 12
Time cost: 9.928284s
2025-10-12 19:17:43,170 EXP - __main__.Logger.exp:
a takes action: move_right_with_item(['a', 'i'])
b takes action: drop_item(['b', 'j'])
a takes action: drop_item(['a', 'i'])
b takes action: pick_up(['b', 'i'])
a takes action: pick_up(['a', 'j'])
b takes action: stay(['b'])
a takes action: drop_item(['a', 'j'])
b takes action: move_left_with_item(['b', 'i'])
a takes action: pick_up(['a', 'j'])
b takes action: drop_item(['b', 'i'])
Steps: 10
Time cost: 8.871024s
2025-10-12 19:17:52,251 EXP - __main__.Logger.exp:
a takes action: move_right_with_item(['a', 'i'])
b takes action: drop_item(['b', 'j'])
a takes action: drop_item(['a', 'i'])
b takes action: pick_up(['b', 'i'])
a takes action: pick_up(['a', 'j'])
b takes action: drop_item(['b', 'i'])
a takes action: drop_item(['a', 'j'])
b takes action: pick_up(['b', 'i'])
a takes action: stay(['a'])
b takes action: move_left_with_item(['b', 'i'])
a takes action: pick_up(['a', 'j'])
b takes action: drop_item(['b', 'i'])
Steps: 12
Time cost: 9.080041s
2025-10-12 19:18:01,356 EXP - __main__.Logger.exp:
a takes action: move_right_with_item(['a', 'i'])
b takes action: drop_item(['b', 'j'])
a takes action: drop_item(['a', 'i'])
b takes action: pick_up(['b', 'i'])
a takes action: pick_up(['a', 'j'])
b takes action: drop_item(['b', 'i'])
a takes action: drop_item(['a', 'j'])
b takes action: pick_up(['b', 'i'])
a takes action: stay(['a'])
b takes action: move_left_with_item(['b', 'i'])
a takes action: pick_up(['a', 'j'])
b takes action: drop_item(['b', 'i'])
Steps: 12
Time cost: 9.104032s
2025-10-12 19:18:10,417 EXP - __main__.Logger.exp:
a takes action: move_right_with_item(['a', 'i'])
b takes action: drop_item(['b', 'j'])
a takes action: drop_item(['a', 'i'])
b takes action: pick_up(['b', 'i'])
a takes action: pick_up(['a', 'j'])
b takes action: drop_item(['b', 'i'])
a takes action: drop_item(['a', 'j'])
b takes action: pick_up(['b', 'i'])
a takes action: stay(['a'])
b takes action: move_left_with_item(['b', 'i'])
a takes action: pick_up(['a', 'j'])
b takes action: drop_item(['b', 'i'])
Steps: 12
Time cost: 9.059138s
2025-10-12 19:18:19,512 EXP - __main__.Logger.exp:
a takes action: move_right_with_item(['a', 'i'])
b takes action: drop_item(['b', 'j'])
a takes action: drop_item(['a', 'i'])
b takes action: pick_up(['b', 'i'])
a takes action: pick_up(['a', 'j'])
b takes action: drop_item(['b', 'i'])
a takes action: drop_item(['a', 'j'])
b takes action: pick_up(['b', 'i'])
a takes action: stay(['a'])
b takes action: move_left_with_item(['b', 'i'])
a takes action: pick_up(['a', 'j'])
b takes action: drop_item(['b', 'i'])
Steps: 12
Time cost: 9.094825s
2025-10-12 19:18:31,842 EXP - __main__.Logger.exp:
a takes action: move_right_with_item(['a', 'i'])
b takes action: drop_item(['b', 'j'])
a takes action: drop_item(['a', 'i'])
b takes action: pick_up(['b', 'i'])
a takes action: pick_up(['a', 'j'])
b takes action: stay(['b'])
a takes action: move_left_with_item(['a', 'j'])
b takes action: move_left_with_item(['b', 'i'])
a takes action: move_right_with_item(['a', 'j'])
b takes action: drop_item(['b', 'i'])
a takes action: move_left_with_item(['a', 'j'])
b takes action: stay(['b'])
a takes action: drop_item(['a', 'j'])
b takes action: pick_up(['b', 'i'])
a takes action: stay(['a'])
b takes action: move_right_with_item(['b', 'i'])
a takes action: pick_up(['a', 'j'])
b takes action: drop_item(['b', 'i'])
Steps: 18
Time cost: 12.329025s
2025-10-12 19:18:42,629 EXP - __main__.Logger.exp:
a takes action: move_right_with_item(['a', 'i'])
b takes action: drop_item(['b', 'j'])
a takes action: drop_item(['a', 'i'])
b takes action: pick_up(['b', 'i'])
a takes action: pick_up(['a', 'j'])
b takes action: stay(['b'])
a takes action: move_left_with_item(['a', 'j'])
b takes action: drop_item(['b', 'i'])
a takes action: drop_item(['a', 'j'])
b takes action: pick_up(['b', 'i'])
a takes action: move_right_without_item(['a'])
b takes action: stay(['b'])
a takes action: move_left_without_item(['a'])
b takes action: stay(['b'])
a takes action: pick_up(['a', 'j'])
b takes action: drop_item(['b', 'i'])
Steps: 16
Time cost: 10.785517s
2025-10-12 19:18:51,690 EXP - __main__.Logger.exp:
a takes action: move_right_with_item(['a', 'i'])
b takes action: drop_item(['b', 'j'])
a takes action: drop_item(['a', 'i'])
b takes action: pick_up(['b', 'i'])
a takes action: pick_up(['a', 'j'])
b takes action: drop_item(['b', 'i'])
a takes action: drop_item(['a', 'j'])
b takes action: pick_up(['b', 'i'])
a takes action: stay(['a'])
b takes action: move_left_with_item(['b', 'i'])
a takes action: pick_up(['a', 'j'])
b takes action: drop_item(['b', 'i'])
Steps: 12
Time cost: 9.059641s
2025-10-12 19:19:00,515 EXP - __main__.Logger.exp:
a takes action: move_right_with_item(['a', 'i'])
b takes action: drop_item(['b', 'j'])
a takes action: drop_item(['a', 'i'])
b takes action: pick_up(['b', 'i'])
a takes action: pick_up(['a', 'j'])
b takes action: stay(['b'])
a takes action: drop_item(['a', 'j'])
b takes action: move_left_with_item(['b', 'i'])
a takes action: pick_up(['a', 'j'])
b takes action: drop_item(['b', 'i'])
Steps: 10
Time cost: 8.824198s
2025-10-12 19:19:09,582 EXP - __main__.Logger.exp:
a takes action: move_right_with_item(['a', 'i'])
b takes action: drop_item(['b', 'j'])
a takes action: drop_item(['a', 'i'])
b takes action: pick_up(['b', 'i'])
a takes action: pick_up(['a', 'j'])
b takes action: drop_item(['b', 'i'])
a takes action: drop_item(['a', 'j'])
b takes action: pick_up(['b', 'i'])
a takes action: stay(['a'])
b takes action: move_left_with_item(['b', 'i'])
a takes action: pick_up(['a', 'j'])
b takes action: drop_item(['b', 'i'])
Steps: 12
Time cost: 9.065567s
2025-10-12 19:19:24,523 EXP - __main__.Logger.exp:
a takes action: move_right_with_item(['a', 'i'])
b takes action: drop_item(['b', 'j'])
a takes action: drop_item(['a', 'i'])
b takes action: pick_up(['b', 'i'])
a takes action: pick_up(['a', 'j'])
b takes action: stay(['b'])
a takes action: move_left_with_item(['a', 'j'])
b takes action: drop_item(['b', 'i'])
a takes action: drop_item(['a', 'j'])
b takes action: pick_up(['b', 'i'])
a takes action: move_right_without_item(['a'])
b takes action: drop_item(['b', 'i'])
a takes action: stay(['a'])
b takes action: stay(['b'])
a takes action: move_left_without_item(['a'])
b takes action: stay(['b'])
a takes action: pick_up(['a', 'j'])
b takes action: stay(['b'])
a takes action: move_right_with_item(['a', 'j'])
b takes action: stay(['b'])
a takes action: drop_item(['a', 'j'])
b takes action: pick_up(['b', 'i'])
a takes action: stay(['a'])
b takes action: move_left_with_item(['b', 'i'])
a takes action: pick_up(['a', 'j'])
b takes action: drop_item(['b', 'i'])
Steps: 26
Time cost: 14.940224s
2025-10-12 19:19:33,388 EXP - __main__.Logger.exp:
a takes action: move_right_with_item(['a', 'i'])
b takes action: drop_item(['b', 'j'])
a takes action: drop_item(['a', 'i'])
b takes action: pick_up(['b', 'i'])
a takes action: pick_up(['a', 'j'])
b takes action: stay(['b'])
a takes action: drop_item(['a', 'j'])
b takes action: move_left_with_item(['b', 'i'])
a takes action: pick_up(['a', 'j'])
b takes action: drop_item(['b', 'i'])
Steps: 10
Time cost: 8.863954s
2025-10-12 19:19:42,487 EXP - __main__.Logger.exp:
a takes action: move_right_with_item(['a', 'i'])
b takes action: drop_item(['b', 'j'])
a takes action: drop_item(['a', 'i'])
b takes action: pick_up(['b', 'i'])
a takes action: pick_up(['a', 'j'])
b takes action: drop_item(['b', 'i'])
a takes action: drop_item(['a', 'j'])
b takes action: pick_up(['b', 'i'])
a takes action: stay(['a'])
b takes action: move_left_with_item(['b', 'i'])
a takes action: pick_up(['a', 'j'])
b takes action: drop_item(['b', 'i'])
Steps: 12
Time cost: 9.097684s
2025-10-12 19:19:42,487 EXP - __main__.Logger.exp:
Avg Steps: 13.14
Avg Time: 10.047949s
