2025-10-23 14:39:19,378 EXP - __main__.Logger.exp:
a takes action: pick_up(['a', 'i'])
b takes action: pick_up(['b', 'j'])
Steps: 2
Time cost: 0.006118s
2025-10-23 14:39:19,384 EXP - __main__.Logger.exp:
a takes action: pick_up(['a', 'i'])
b takes action: pick_up(['b', 'j'])
Steps: 2
Time cost: 0.005980s
2025-10-23 14:39:19,391 EXP - __main__.Logger.exp:
a takes action: pick_up(['a', 'i'])
b takes action: pick_up(['b', 'j'])
Steps: 2
Time cost: 0.005893s
2025-10-23 14:39:19,398 EXP - __main__.Logger.exp:
a takes action: pick_up(['a', 'i'])
b takes action: pick_up(['b', 'j'])
Steps: 2
Time cost: 0.005958s
2025-10-23 14:39:19,404 EXP - __main__.Logger.exp:
a takes action: pick_up(['a', 'i'])
b takes action: pick_up(['b', 'j'])
Steps: 2
Time cost: 0.005889s
2025-10-23 14:39:19,404 EXP - __main__.Logger.exp:
Avg Steps: 2.0
Avg Time: 0.005968s
