2025-11-01 14:11:51,281 EXP - __main__.Logger.exp:
a takes action: sharing_own_secret(['a', 'as'])
b takes action: sharing_stay(['b'])
a takes action: quiet(['a', 'as'])
b takes action: sharing_own_secret(['b', 'bs'])
a takes action: sharing_stay(['a'])
b takes action: quiet(['b', 'bs'])
a takes action: move_right(['a'])
b takes action: stay(['b'])
a takes action: lying_own_secret(['a', 'as'])
Steps: 9
Time cost: 0.122108s
2025-11-01 14:11:51,404 EXP - __main__.Logger.exp:
a takes action: sharing_own_secret(['a', 'as'])
b takes action: sharing_stay(['b'])
a takes action: quiet(['a', 'as'])
b takes action: sharing_own_secret(['b', 'bs'])
a takes action: sharing_stay(['a'])
b takes action: quiet(['b', 'bs'])
a takes action: move_right(['a'])
b takes action: stay(['b'])
a takes action: lying_own_secret(['a', 'as'])
Steps: 9
Time cost: 0.121090s
2025-11-01 14:11:51,526 EXP - __main__.Logger.exp:
a takes action: sharing_own_secret(['a', 'as'])
b takes action: sharing_stay(['b'])
a takes action: quiet(['a', 'as'])
b takes action: sharing_own_secret(['b', 'bs'])
a takes action: sharing_stay(['a'])
b takes action: quiet(['b', 'bs'])
a takes action: move_right(['a'])
b takes action: stay(['b'])
a takes action: lying_own_secret(['a', 'as'])
Steps: 9
Time cost: 0.121554s
2025-11-01 14:11:51,649 EXP - __main__.Logger.exp:
a takes action: sharing_own_secret(['a', 'as'])
b takes action: sharing_stay(['b'])
a takes action: quiet(['a', 'as'])
b takes action: sharing_own_secret(['b', 'bs'])
a takes action: sharing_stay(['a'])
b takes action: quiet(['b', 'bs'])
a takes action: move_right(['a'])
b takes action: stay(['b'])
a takes action: lying_own_secret(['a', 'as'])
Steps: 9
Time cost: 0.121044s
2025-11-01 14:11:51,773 EXP - __main__.Logger.exp:
a takes action: sharing_own_secret(['a', 'as'])
b takes action: sharing_stay(['b'])
a takes action: quiet(['a', 'as'])
b takes action: sharing_own_secret(['b', 'bs'])
a takes action: sharing_stay(['a'])
b takes action: quiet(['b', 'bs'])
a takes action: move_right(['a'])
b takes action: stay(['b'])
a takes action: lying_own_secret(['a', 'as'])
Steps: 9
Time cost: 0.122790s
2025-11-01 14:11:51,773 EXP - __main__.Logger.exp:
Avg Steps: 9.0
Avg Time: 0.121717s
