2025-11-01 14:11:50,809 EXP - __main__.Logger.exp:
a takes action: sharing_own_secret(['a', 'as'])
b takes action: sharing_stay(['b'])
a takes action: quiet(['a', 'as'])
b takes action: sharing_own_secret(['b', 'bs'])
a takes action: sharing_stay(['a'])
b takes action: quiet(['b', 'bs'])
a takes action: move_right(['a'])
b takes action: stay(['b'])
a takes action: lying_own_secret(['a', 'as'])
Steps: 9
Time cost: 0.119044s
2025-11-01 14:11:50,930 EXP - __main__.Logger.exp:
a takes action: sharing_own_secret(['a', 'as'])
b takes action: sharing_stay(['b'])
a takes action: quiet(['a', 'as'])
b takes action: sharing_own_secret(['b', 'bs'])
a takes action: sharing_stay(['a'])
b takes action: quiet(['b', 'bs'])
a takes action: move_right(['a'])
b takes action: stay(['b'])
a takes action: lying_own_secret(['a', 'as'])
Steps: 9
Time cost: 0.119223s
2025-11-01 14:11:51,051 EXP - __main__.Logger.exp:
a takes action: sharing_own_secret(['a', 'as'])
b takes action: sharing_stay(['b'])
a takes action: quiet(['a', 'as'])
b takes action: sharing_own_secret(['b', 'bs'])
a takes action: sharing_stay(['a'])
b takes action: quiet(['b', 'bs'])
a takes action: move_right(['a'])
b takes action: stay(['b'])
a takes action: lying_own_secret(['a', 'as'])
Steps: 9
Time cost: 0.120027s
2025-11-01 14:11:51,170 EXP - __main__.Logger.exp:
a takes action: sharing_own_secret(['a', 'as'])
b takes action: sharing_stay(['b'])
a takes action: quiet(['a', 'as'])
b takes action: sharing_own_secret(['b', 'bs'])
a takes action: sharing_stay(['a'])
b takes action: quiet(['b', 'bs'])
a takes action: move_right(['a'])
b takes action: stay(['b'])
a takes action: lying_own_secret(['a', 'as'])
Steps: 9
Time cost: 0.117970s
2025-11-01 14:11:51,291 EXP - __main__.Logger.exp:
a takes action: sharing_own_secret(['a', 'as'])
b takes action: sharing_stay(['b'])
a takes action: quiet(['a', 'as'])
b takes action: sharing_own_secret(['b', 'bs'])
a takes action: sharing_stay(['a'])
b takes action: quiet(['b', 'bs'])
a takes action: move_right(['a'])
b takes action: stay(['b'])
a takes action: lying_own_secret(['a', 'as'])
Steps: 9
Time cost: 0.119847s
2025-11-01 14:11:51,291 EXP - __main__.Logger.exp:
Avg Steps: 9.0
Avg Time: 0.119222s
