2025-10-24 20:50:34,427 EXP - __main__.Logger.exp:
a takes action: move(['a', 'r1', 'r2'])
b takes action: move(['b', 'r4', 'r5'])
a takes action: move(['a', 'r2', 'r3'])
b takes action: stay(['b'])
a takes action: move(['a', 'r3', 'r4'])
b takes action: stay(['b'])
a takes action: move(['a', 'r4', 'r7'])
b takes action: move(['b', 'r5', 'r4'])
Steps: 8
Time cost: 0.210325s
2025-10-24 20:50:34,639 EXP - __main__.Logger.exp:
a takes action: move(['a', 'r1', 'r2'])
b takes action: move(['b', 'r4', 'r5'])
a takes action: move(['a', 'r2', 'r3'])
b takes action: stay(['b'])
a takes action: move(['a', 'r3', 'r4'])
b takes action: stay(['b'])
a takes action: move(['a', 'r4', 'r7'])
b takes action: move(['b', 'r5', 'r4'])
Steps: 8
Time cost: 0.210225s
2025-10-24 20:50:34,852 EXP - __main__.Logger.exp:
a takes action: move(['a', 'r1', 'r2'])
b takes action: move(['b', 'r4', 'r5'])
a takes action: move(['a', 'r2', 'r3'])
b takes action: stay(['b'])
a takes action: move(['a', 'r3', 'r4'])
b takes action: stay(['b'])
a takes action: move(['a', 'r4', 'r7'])
b takes action: move(['b', 'r5', 'r4'])
Steps: 8
Time cost: 0.211986s
2025-10-24 20:50:34,852 EXP - __main__.Logger.exp:
Avg Steps: 8.0
Avg Time: 0.210845s
