2025-10-22 16:21:05,011 EXP - __main__.Logger.exp:
a takes action: peek(['a'])
b takes action: peek(['b'])
a takes action: flip_up(['a', 'c1'])
b takes action: return(['b'])
a takes action: flip_down(['a', 'c1'])
b takes action: stay(['b'])
a takes action: return(['a'])
b takes action: peek(['b'])
a takes action: stay(['a'])
b takes action: return(['b'])
Steps: 10
Time cost: 0.277525s
2025-10-22 16:21:05,290 EXP - __main__.Logger.exp:
a takes action: peek(['a'])
b takes action: peek(['b'])
a takes action: flip_up(['a', 'c1'])
b takes action: return(['b'])
a takes action: flip_down(['a', 'c1'])
b takes action: stay(['b'])
a takes action: return(['a'])
b takes action: peek(['b'])
a takes action: stay(['a'])
b takes action: return(['b'])
Steps: 10
Time cost: 0.278653s
2025-10-22 16:21:05,570 EXP - __main__.Logger.exp:
a takes action: peek(['a'])
b takes action: peek(['b'])
a takes action: flip_up(['a', 'c1'])
b takes action: return(['b'])
a takes action: flip_down(['a', 'c1'])
b takes action: stay(['b'])
a takes action: return(['a'])
b takes action: peek(['b'])
a takes action: stay(['a'])
b takes action: return(['b'])
Steps: 10
Time cost: 0.279749s
2025-10-22 16:21:05,852 EXP - __main__.Logger.exp:
a takes action: peek(['a'])
b takes action: peek(['b'])
a takes action: flip_up(['a', 'c1'])
b takes action: return(['b'])
a takes action: flip_down(['a', 'c1'])
b takes action: stay(['b'])
a takes action: return(['a'])
b takes action: peek(['b'])
a takes action: stay(['a'])
b takes action: return(['b'])
Steps: 10
Time cost: 0.280678s
2025-10-22 16:21:06,134 EXP - __main__.Logger.exp:
a takes action: peek(['a'])
b takes action: peek(['b'])
a takes action: flip_up(['a', 'c1'])
b takes action: return(['b'])
a takes action: flip_down(['a', 'c1'])
b takes action: stay(['b'])
a takes action: return(['a'])
b takes action: peek(['b'])
a takes action: stay(['a'])
b takes action: return(['b'])
Steps: 10
Time cost: 0.282074s
2025-10-22 16:21:06,416 EXP - __main__.Logger.exp:
a takes action: peek(['a'])
b takes action: peek(['b'])
a takes action: flip_up(['a', 'c1'])
b takes action: return(['b'])
a takes action: flip_down(['a', 'c1'])
b takes action: stay(['b'])
a takes action: return(['a'])
b takes action: peek(['b'])
a takes action: stay(['a'])
b takes action: return(['b'])
Steps: 10
Time cost: 0.281362s
2025-10-22 16:21:06,698 EXP - __main__.Logger.exp:
a takes action: peek(['a'])
b takes action: peek(['b'])
a takes action: flip_up(['a', 'c1'])
b takes action: return(['b'])
a takes action: flip_down(['a', 'c1'])
b takes action: stay(['b'])
a takes action: return(['a'])
b takes action: peek(['b'])
a takes action: stay(['a'])
b takes action: return(['b'])
Steps: 10
Time cost: 0.281114s
2025-10-22 16:21:06,981 EXP - __main__.Logger.exp:
a takes action: peek(['a'])
b takes action: peek(['b'])
a takes action: flip_up(['a', 'c1'])
b takes action: return(['b'])
a takes action: flip_down(['a', 'c1'])
b takes action: stay(['b'])
a takes action: return(['a'])
b takes action: peek(['b'])
a takes action: stay(['a'])
b takes action: return(['b'])
Steps: 10
Time cost: 0.282956s
2025-10-22 16:21:07,259 EXP - __main__.Logger.exp:
a takes action: peek(['a'])
b takes action: peek(['b'])
a takes action: flip_up(['a', 'c1'])
b takes action: return(['b'])
a takes action: flip_down(['a', 'c1'])
b takes action: stay(['b'])
a takes action: return(['a'])
b takes action: peek(['b'])
a takes action: stay(['a'])
b takes action: return(['b'])
Steps: 10
Time cost: 0.276928s
2025-10-22 16:21:07,538 EXP - __main__.Logger.exp:
a takes action: peek(['a'])
b takes action: peek(['b'])
a takes action: flip_up(['a', 'c1'])
b takes action: return(['b'])
a takes action: flip_down(['a', 'c1'])
b takes action: stay(['b'])
a takes action: return(['a'])
b takes action: peek(['b'])
a takes action: stay(['a'])
b takes action: return(['b'])
Steps: 10
Time cost: 0.279025s
2025-10-22 16:21:07,538 EXP - __main__.Logger.exp:
Avg Steps: 10.0
Avg Time: 0.280006s
