2025-10-24 12:06:35,489 EXP - __main__.Logger.exp:
a takes action: sharing_own_secret(['a', 'as'])
b takes action: sharing_stay(['b'])
a takes action: quiet(['a', 'as'])
b takes action: normal_stay(['b'])
a takes action: normal_stay(['a'])
b takes action: normal_stay(['b'])
a takes action: move_right(['a'])
b takes action: move_right(['b'])
a takes action: sharing_own_secret(['a', 'as'])
b takes action: sharing_stay(['b'])
a takes action: quiet(['a', 'as'])
b takes action: normal_stay(['b'])
a takes action: lying_own_secret(['a', 'as'])
b takes action: sharing_stay(['b'])
a takes action: quiet(['a', 'as'])
b takes action: sharing_others_secret(['b', 'as'])
a takes action: sharing_stay(['a'])
b takes action: quiet(['b', 'as'])
a takes action: sharing_own_secret(['a', 'as'])
b takes action: sharing_stay(['b'])
a takes action: quiet(['a', 'as'])
b takes action: normal_stay(['b'])
a takes action: sharing_own_secret(['a', 'as'])
b takes action: sharing_stay(['b'])
a takes action: quiet(['a', 'as'])
b takes action: normal_stay(['b'])
a takes action: move_left(['a'])
b takes action: move_left(['b'])
a takes action: normal_stay(['a'])
b takes action: normal_stay(['b'])
a takes action: move_right(['a'])
b takes action: move_right(['b'])
a takes action: move_left(['a'])
b takes action: move_left(['b'])
a takes action: lying_own_secret(['a', 'as'])
b takes action: sharing_stay(['b'])
a takes action: quiet(['a', 'as'])
b takes action: move_right(['b'])
a takes action: sharing_own_secret(['a', 'as'])
Steps: 39
Time cost: 0.163496s
2025-10-24 12:06:36,231 EXP - __main__.Logger.exp:
a takes action: sharing_own_secret(['a', 'as'])
b takes action: sharing_stay(['b'])
a takes action: quiet(['a', 'as'])
b takes action: normal_stay(['b'])
a takes action: lying_own_secret(['a', 'as'])
b takes action: sharing_stay(['b'])
a takes action: quiet(['a', 'as'])
b takes action: sharing_others_secret(['b', 'as'])
a takes action: sharing_stay(['a'])
b takes action: quiet(['b', 'as'])
a takes action: sharing_own_secret(['a', 'as'])
b takes action: sharing_stay(['b'])
a takes action: quiet(['a', 'as'])
b takes action: normal_stay(['b'])
a takes action: normal_stay(['a'])
b takes action: normal_stay(['b'])
a takes action: sharing_own_secret(['a', 'as'])
b takes action: sharing_stay(['b'])
a takes action: quiet(['a', 'as'])
b takes action: normal_stay(['b'])
a takes action: move_right(['a'])
b takes action: move_right(['b'])
a takes action: move_left(['a'])
b takes action: move_left(['b'])
a takes action: normal_stay(['a'])
b takes action: normal_stay(['b'])
a takes action: sharing_own_secret(['a', 'as'])
b takes action: sharing_stay(['b'])
a takes action: quiet(['a', 'as'])
b takes action: normal_stay(['b'])
a takes action: sharing_own_secret(['a', 'as'])
b takes action: sharing_stay(['b'])
a takes action: quiet(['a', 'as'])
b takes action: normal_stay(['b'])
a takes action: normal_stay(['a'])
b takes action: normal_stay(['b'])
a takes action: sharing_own_secret(['a', 'as'])
b takes action: sharing_stay(['b'])
a takes action: quiet(['a', 'as'])
b takes action: normal_stay(['b'])
a takes action: move_right(['a'])
b takes action: move_right(['b'])
a takes action: sharing_own_secret(['a', 'as'])
b takes action: sharing_stay(['b'])
a takes action: quiet(['a', 'as'])
b takes action: normal_stay(['b'])
a takes action: move_left(['a'])
b takes action: move_left(['b'])
a takes action: sharing_own_secret(['a', 'as'])
b takes action: sharing_stay(['b'])
a takes action: quiet(['a', 'as'])
b takes action: normal_stay(['b'])
a takes action: lying_own_secret(['a', 'as'])
b takes action: sharing_stay(['b'])
a takes action: quiet(['a', 'as'])
b takes action: normal_stay(['b'])
a takes action: sharing_own_secret(['a', 'as'])
b takes action: sharing_stay(['b'])
a takes action: quiet(['a', 'as'])
b takes action: normal_stay(['b'])
a takes action: lying_own_secret(['a', 'as'])
b takes action: sharing_stay(['b'])
a takes action: quiet(['a', 'as'])
b takes action: sharing_others_secret(['b', 'as'])
a takes action: sharing_stay(['a'])
b takes action: quiet(['b', 'as'])
a takes action: sharing_own_secret(['a', 'as'])
b takes action: sharing_stay(['b'])
a takes action: quiet(['a', 'as'])
b takes action: normal_stay(['b'])
a takes action: sharing_own_secret(['a', 'as'])
b takes action: sharing_stay(['b'])
a takes action: quiet(['a', 'as'])
b takes action: normal_stay(['b'])
a takes action: move_right(['a'])
b takes action: move_right(['b'])
a takes action: sharing_own_secret(['a', 'as'])
b takes action: sharing_stay(['b'])
a takes action: quiet(['a', 'as'])
b takes action: normal_stay(['b'])
a takes action: normal_stay(['a'])
b takes action: normal_stay(['b'])
a takes action: sharing_own_secret(['a', 'as'])
b takes action: sharing_stay(['b'])
a takes action: quiet(['a', 'as'])
b takes action: normal_stay(['b'])
a takes action: lying_own_secret(['a', 'as'])
b takes action: sharing_stay(['b'])
a takes action: quiet(['a', 'as'])
b takes action: move_left(['b'])
a takes action: sharing_own_secret(['a', 'as'])
Steps: 91
Time cost: 0.740355s
2025-10-24 12:06:36,274 EXP - __main__.Logger.exp:
a takes action: sharing_own_secret(['a', 'as'])
b takes action: sharing_stay(['b'])
a takes action: quiet(['a', 'as'])
b takes action: normal_stay(['b'])
a takes action: move_right(['a'])
b takes action: move_right(['b'])
a takes action: move_left(['a'])
b takes action: move_left(['b'])
a takes action: sharing_own_secret(['a', 'as'])
b takes action: sharing_stay(['b'])
a takes action: quiet(['a', 'as'])
b takes action: normal_stay(['b'])
a takes action: lying_own_secret(['a', 'as'])
b takes action: sharing_stay(['b'])
a takes action: quiet(['a', 'as'])
b takes action: move_right(['b'])
a takes action: sharing_own_secret(['a', 'as'])
Steps: 17
Time cost: 0.041783s
2025-10-24 12:06:36,274 EXP - __main__.Logger.exp:
Avg Steps: 49.0
Avg Time: 0.315211s
