2025-10-20 22:11:31,521 EXP - __main__.Logger.exp:
a takes action: pick_up(['a', 'o1'])
b takes action: stay(['b'])
c takes action: stay(['c'])
d takes action: stay(['d'])
a takes action: move_right_with_item(['a', 'o1'])
b takes action: stay(['b'])
c takes action: move_right_without_item(['c'])
d takes action: stay(['d'])
a takes action: drop_item(['a', 'o1'])
Steps: 9
Time cost: 4.317963s
2025-10-20 22:11:35,857 EXP - __main__.Logger.exp:
a takes action: pick_up(['a', 'o1'])
b takes action: stay(['b'])
c takes action: stay(['c'])
d takes action: stay(['d'])
a takes action: move_right_with_item(['a', 'o1'])
b takes action: stay(['b'])
c takes action: move_right_without_item(['c'])
d takes action: stay(['d'])
a takes action: drop_item(['a', 'o1'])
Steps: 9
Time cost: 4.334804s
2025-10-20 22:11:40,171 EXP - __main__.Logger.exp:
a takes action: pick_up(['a', 'o1'])
b takes action: stay(['b'])
c takes action: stay(['c'])
d takes action: stay(['d'])
a takes action: move_right_with_item(['a', 'o1'])
b takes action: stay(['b'])
c takes action: move_right_without_item(['c'])
d takes action: stay(['d'])
a takes action: drop_item(['a', 'o1'])
Steps: 9
Time cost: 4.313005s
2025-10-20 22:11:44,495 EXP - __main__.Logger.exp:
a takes action: pick_up(['a', 'o1'])
b takes action: stay(['b'])
c takes action: stay(['c'])
d takes action: stay(['d'])
a takes action: move_right_with_item(['a', 'o1'])
b takes action: stay(['b'])
c takes action: move_right_without_item(['c'])
d takes action: stay(['d'])
a takes action: drop_item(['a', 'o1'])
Steps: 9
Time cost: 4.322535s
2025-10-20 22:11:48,824 EXP - __main__.Logger.exp:
a takes action: pick_up(['a', 'o1'])
b takes action: stay(['b'])
c takes action: stay(['c'])
d takes action: stay(['d'])
a takes action: move_right_with_item(['a', 'o1'])
b takes action: stay(['b'])
c takes action: move_right_without_item(['c'])
d takes action: stay(['d'])
a takes action: drop_item(['a', 'o1'])
Steps: 9
Time cost: 4.328277s
2025-10-20 22:11:48,824 EXP - __main__.Logger.exp:
Avg Steps: 9.0
Avg Time: 4.323317s
