2025-10-20 22:08:49,143 EXP - __main__.Logger.exp:
a takes action: pick_up(['a', 'o1'])
b takes action: move_right_without_item(['b'])
c takes action: stay(['c'])
d takes action: move_right_without_item(['d'])
a takes action: drop_item(['a', 'o1'])
Steps: 5
Time cost: 6.985651s
2025-10-20 22:08:56,072 EXP - __main__.Logger.exp:
a takes action: pick_up(['a', 'o1'])
b takes action: move_right_without_item(['b'])
c takes action: stay(['c'])
d takes action: move_right_without_item(['d'])
a takes action: drop_item(['a', 'o1'])
Steps: 5
Time cost: 6.927441s
2025-10-20 22:09:02,989 EXP - __main__.Logger.exp:
a takes action: pick_up(['a', 'o1'])
b takes action: move_right_without_item(['b'])
c takes action: stay(['c'])
d takes action: move_right_without_item(['d'])
a takes action: drop_item(['a', 'o1'])
Steps: 5
Time cost: 6.916315s
2025-10-20 22:09:09,874 EXP - __main__.Logger.exp:
a takes action: pick_up(['a', 'o1'])
b takes action: move_right_without_item(['b'])
c takes action: stay(['c'])
d takes action: move_right_without_item(['d'])
a takes action: drop_item(['a', 'o1'])
Steps: 5
Time cost: 6.884005s
2025-10-20 22:09:16,763 EXP - __main__.Logger.exp:
a takes action: pick_up(['a', 'o1'])
b takes action: move_right_without_item(['b'])
c takes action: stay(['c'])
d takes action: move_right_without_item(['d'])
a takes action: drop_item(['a', 'o1'])
Steps: 5
Time cost: 6.887952s
2025-10-20 22:09:16,763 EXP - __main__.Logger.exp:
Avg Steps: 5.0
Avg Time: 6.920273s
