2025-10-13 14:42:15,476 EXP - __main__.Logger.exp:
a1 takes action: sharing_own_secret(['a1', 'a1s'])
a2 takes action: sharing_stay(['a2'])
a3 takes action: sharing_stay(['a3'])
a4 takes action: sharing_stay(['a4'])
a5 takes action: sharing_stay(['a5'])
a6 takes action: sharing_stay(['a6'])
a7 takes action: sharing_stay(['a7'])
a8 takes action: sharing_stay(['a8'])
a1 takes action: quiet(['a1', 'a1s'])
a2 takes action: move_right(['a2'])
a3 takes action: move_right(['a3'])
a4 takes action: move_right(['a4'])
a5 takes action: normal_stay(['a5'])
a6 takes action: normal_stay(['a6'])
a7 takes action: normal_stay(['a7'])
a8 takes action: normal_stay(['a8'])
a1 takes action: move_right(['a1'])
a2 takes action: normal_stay(['a2'])
a3 takes action: normal_stay(['a3'])
a4 takes action: normal_stay(['a4'])
a5 takes action: normal_stay(['a5'])
a6 takes action: normal_stay(['a6'])
a7 takes action: normal_stay(['a7'])
a8 takes action: normal_stay(['a8'])
a1 takes action: lying_own_secret(['a1', 'a1s'])
Steps: 25
Time cost: 49.081117s
2025-10-13 14:43:05,054 EXP - __main__.Logger.exp:
a1 takes action: sharing_own_secret(['a1', 'a1s'])
a2 takes action: sharing_stay(['a2'])
a3 takes action: sharing_stay(['a3'])
a4 takes action: sharing_stay(['a4'])
a5 takes action: sharing_stay(['a5'])
a6 takes action: sharing_stay(['a6'])
a7 takes action: sharing_stay(['a7'])
a8 takes action: sharing_stay(['a8'])
a1 takes action: quiet(['a1', 'a1s'])
a2 takes action: move_right(['a2'])
a3 takes action: move_right(['a3'])
a4 takes action: move_right(['a4'])
a5 takes action: normal_stay(['a5'])
a6 takes action: normal_stay(['a6'])
a7 takes action: normal_stay(['a7'])
a8 takes action: normal_stay(['a8'])
a1 takes action: move_right(['a1'])
a2 takes action: normal_stay(['a2'])
a3 takes action: normal_stay(['a3'])
a4 takes action: normal_stay(['a4'])
a5 takes action: normal_stay(['a5'])
a6 takes action: normal_stay(['a6'])
a7 takes action: normal_stay(['a7'])
a8 takes action: normal_stay(['a8'])
a1 takes action: lying_own_secret(['a1', 'a1s'])
Steps: 25
Time cost: 49.575794s
2025-10-13 14:43:53,761 EXP - __main__.Logger.exp:
a1 takes action: sharing_own_secret(['a1', 'a1s'])
a2 takes action: sharing_stay(['a2'])
a3 takes action: sharing_stay(['a3'])
a4 takes action: sharing_stay(['a4'])
a5 takes action: sharing_stay(['a5'])
a6 takes action: sharing_stay(['a6'])
a7 takes action: sharing_stay(['a7'])
a8 takes action: sharing_stay(['a8'])
a1 takes action: quiet(['a1', 'a1s'])
a2 takes action: move_right(['a2'])
a3 takes action: move_right(['a3'])
a4 takes action: move_right(['a4'])
a5 takes action: normal_stay(['a5'])
a6 takes action: normal_stay(['a6'])
a7 takes action: normal_stay(['a7'])
a8 takes action: normal_stay(['a8'])
a1 takes action: move_right(['a1'])
a2 takes action: normal_stay(['a2'])
a3 takes action: normal_stay(['a3'])
a4 takes action: normal_stay(['a4'])
a5 takes action: normal_stay(['a5'])
a6 takes action: normal_stay(['a6'])
a7 takes action: normal_stay(['a7'])
a8 takes action: normal_stay(['a8'])
a1 takes action: lying_own_secret(['a1', 'a1s'])
Steps: 25
Time cost: 48.705508s
2025-10-13 14:43:53,762 EXP - __main__.Logger.exp:
Avg Steps: 25.0
Avg Time: 49.120806s
