2025-11-01 14:12:24,717 EXP - __main__.Logger.exp:
a takes action: sharing_own_secret(['a', 'as'])
Steps: 1
Time cost: 0.006355s
2025-11-01 14:12:24,724 EXP - __main__.Logger.exp:
a takes action: sharing_own_secret(['a', 'as'])
Steps: 1
Time cost: 0.006257s
2025-11-01 14:12:24,731 EXP - __main__.Logger.exp:
a takes action: sharing_own_secret(['a', 'as'])
Steps: 1
Time cost: 0.006167s
2025-11-01 14:12:24,739 EXP - __main__.Logger.exp:
a takes action: sharing_own_secret(['a', 'as'])
Steps: 1
Time cost: 0.006192s
2025-11-01 14:12:24,746 EXP - __main__.Logger.exp:
a takes action: sharing_own_secret(['a', 'as'])
Steps: 1
Time cost: 0.006277s
2025-11-01 14:12:24,746 EXP - __main__.Logger.exp:
Avg Steps: 1.0
Avg Time: 0.006250s
