2025-10-11 17:47:59,829 EXP - __main__.Logger.exp:
a takes action: drop_item(['a', 'i'])
b takes action: move_left_with_item(['b', 'j'])
a takes action: stay(['a'])
b takes action: drop_item(['b', 'j'])
a takes action: stay(['a'])
b takes action: pick_up(['b', 'i'])
a takes action: stay(['a'])
b takes action: move_right_with_item(['b', 'i'])
a takes action: pick_up(['a', 'j'])
b takes action: drop_item(['b', 'i'])
Steps: 10
Time cost: 0.977171s
2025-10-11 17:48:00,805 EXP - __main__.Logger.exp:
a takes action: drop_item(['a', 'i'])
b takes action: move_left_with_item(['b', 'j'])
a takes action: stay(['a'])
b takes action: drop_item(['b', 'j'])
a takes action: stay(['a'])
b takes action: pick_up(['b', 'i'])
a takes action: stay(['a'])
b takes action: move_right_with_item(['b', 'i'])
a takes action: pick_up(['a', 'j'])
b takes action: drop_item(['b', 'i'])
Steps: 10
Time cost: 0.976234s
2025-10-11 17:48:02,074 EXP - __main__.Logger.exp:
a takes action: drop_item(['a', 'i'])
b takes action: drop_item(['b', 'j'])
a takes action: stay(['a'])
b takes action: move_left_without_item(['b'])
a takes action: stay(['a'])
b takes action: pick_up(['b', 'i'])
a takes action: move_right_without_item(['a'])
b takes action: drop_item(['b', 'i'])
a takes action: pick_up(['a', 'j'])
Steps: 9
Time cost: 1.268252s
2025-10-11 17:48:03,341 EXP - __main__.Logger.exp:
a takes action: drop_item(['a', 'i'])
b takes action: drop_item(['b', 'j'])
a takes action: stay(['a'])
b takes action: move_left_without_item(['b'])
a takes action: stay(['a'])
b takes action: pick_up(['b', 'i'])
a takes action: move_right_without_item(['a'])
b takes action: drop_item(['b', 'i'])
a takes action: pick_up(['a', 'j'])
Steps: 9
Time cost: 1.267280s
2025-10-11 17:48:04,614 EXP - __main__.Logger.exp:
a takes action: drop_item(['a', 'i'])
b takes action: drop_item(['b', 'j'])
a takes action: stay(['a'])
b takes action: move_left_without_item(['b'])
a takes action: stay(['a'])
b takes action: pick_up(['b', 'i'])
a takes action: move_right_without_item(['a'])
b takes action: drop_item(['b', 'i'])
a takes action: pick_up(['a', 'j'])
Steps: 9
Time cost: 1.272619s
2025-10-11 17:48:05,591 EXP - __main__.Logger.exp:
a takes action: drop_item(['a', 'i'])
b takes action: move_left_with_item(['b', 'j'])
a takes action: stay(['a'])
b takes action: drop_item(['b', 'j'])
a takes action: stay(['a'])
b takes action: pick_up(['b', 'i'])
a takes action: stay(['a'])
b takes action: move_right_with_item(['b', 'i'])
a takes action: pick_up(['a', 'j'])
b takes action: drop_item(['b', 'i'])
Steps: 10
Time cost: 0.976592s
2025-10-11 17:48:06,567 EXP - __main__.Logger.exp:
a takes action: drop_item(['a', 'i'])
b takes action: move_left_with_item(['b', 'j'])
a takes action: stay(['a'])
b takes action: drop_item(['b', 'j'])
a takes action: stay(['a'])
b takes action: pick_up(['b', 'i'])
a takes action: stay(['a'])
b takes action: move_right_with_item(['b', 'i'])
a takes action: pick_up(['a', 'j'])
b takes action: drop_item(['b', 'i'])
Steps: 10
Time cost: 0.976617s
2025-10-11 17:48:07,836 EXP - __main__.Logger.exp:
a takes action: drop_item(['a', 'i'])
b takes action: drop_item(['b', 'j'])
a takes action: stay(['a'])
b takes action: move_left_without_item(['b'])
a takes action: stay(['a'])
b takes action: pick_up(['b', 'i'])
a takes action: move_right_without_item(['a'])
b takes action: drop_item(['b', 'i'])
a takes action: pick_up(['a', 'j'])
Steps: 9
Time cost: 1.268738s
2025-10-11 17:48:09,108 EXP - __main__.Logger.exp:
a takes action: drop_item(['a', 'i'])
b takes action: drop_item(['b', 'j'])
a takes action: stay(['a'])
b takes action: move_left_without_item(['b'])
a takes action: stay(['a'])
b takes action: pick_up(['b', 'i'])
a takes action: move_right_without_item(['a'])
b takes action: drop_item(['b', 'i'])
a takes action: pick_up(['a', 'j'])
Steps: 9
Time cost: 1.271720s
2025-10-11 17:48:10,296 EXP - __main__.Logger.exp:
a takes action: drop_item(['a', 'i'])
b takes action: drop_item(['b', 'j'])
a takes action: move_right_without_item(['a'])
b takes action: move_left_without_item(['b'])
a takes action: move_left_without_item(['a'])
b takes action: pick_up(['b', 'i'])
a takes action: move_right_without_item(['a'])
b takes action: drop_item(['b', 'i'])
a takes action: pick_up(['a', 'j'])
Steps: 9
Time cost: 1.187239s
2025-10-11 17:48:11,273 EXP - __main__.Logger.exp:
a takes action: drop_item(['a', 'i'])
b takes action: move_left_with_item(['b', 'j'])
a takes action: stay(['a'])
b takes action: drop_item(['b', 'j'])
a takes action: stay(['a'])
b takes action: pick_up(['b', 'i'])
a takes action: stay(['a'])
b takes action: move_right_with_item(['b', 'i'])
a takes action: pick_up(['a', 'j'])
b takes action: drop_item(['b', 'i'])
Steps: 10
Time cost: 0.977317s
2025-10-11 17:48:12,556 EXP - __main__.Logger.exp:
a takes action: drop_item(['a', 'i'])
b takes action: drop_item(['b', 'j'])
a takes action: pick_up(['a', 'i'])
b takes action: move_left_without_item(['b'])
a takes action: drop_item(['a', 'i'])
b takes action: pick_up(['b', 'i'])
a takes action: move_right_without_item(['a'])
b takes action: drop_item(['b', 'i'])
a takes action: pick_up(['a', 'j'])
Steps: 9
Time cost: 1.283083s
2025-10-11 17:48:13,530 EXP - __main__.Logger.exp:
a takes action: drop_item(['a', 'i'])
b takes action: move_left_with_item(['b', 'j'])
a takes action: stay(['a'])
b takes action: drop_item(['b', 'j'])
a takes action: stay(['a'])
b takes action: pick_up(['b', 'i'])
a takes action: stay(['a'])
b takes action: move_right_with_item(['b', 'i'])
a takes action: pick_up(['a', 'j'])
b takes action: drop_item(['b', 'i'])
Steps: 10
Time cost: 0.973079s
2025-10-11 17:48:14,715 EXP - __main__.Logger.exp:
a takes action: drop_item(['a', 'i'])
b takes action: drop_item(['b', 'j'])
a takes action: move_right_without_item(['a'])
b takes action: move_left_without_item(['b'])
a takes action: move_left_without_item(['a'])
b takes action: pick_up(['b', 'i'])
a takes action: move_right_without_item(['a'])
b takes action: drop_item(['b', 'i'])
a takes action: pick_up(['a', 'j'])
Steps: 9
Time cost: 1.185570s
2025-10-11 17:48:15,899 EXP - __main__.Logger.exp:
a takes action: drop_item(['a', 'i'])
b takes action: drop_item(['b', 'j'])
a takes action: move_right_without_item(['a'])
b takes action: move_left_without_item(['b'])
a takes action: move_left_without_item(['a'])
b takes action: pick_up(['b', 'i'])
a takes action: move_right_without_item(['a'])
b takes action: drop_item(['b', 'i'])
a takes action: pick_up(['a', 'j'])
Steps: 9
Time cost: 1.182907s
2025-10-11 17:48:16,877 EXP - __main__.Logger.exp:
a takes action: drop_item(['a', 'i'])
b takes action: move_left_with_item(['b', 'j'])
a takes action: stay(['a'])
b takes action: drop_item(['b', 'j'])
a takes action: stay(['a'])
b takes action: pick_up(['b', 'i'])
a takes action: stay(['a'])
b takes action: move_right_with_item(['b', 'i'])
a takes action: pick_up(['a', 'j'])
b takes action: drop_item(['b', 'i'])
Steps: 10
Time cost: 0.977980s
2025-10-11 17:48:17,851 EXP - __main__.Logger.exp:
a takes action: drop_item(['a', 'i'])
b takes action: move_left_with_item(['b', 'j'])
a takes action: stay(['a'])
b takes action: drop_item(['b', 'j'])
a takes action: stay(['a'])
b takes action: pick_up(['b', 'i'])
a takes action: stay(['a'])
b takes action: move_right_with_item(['b', 'i'])
a takes action: pick_up(['a', 'j'])
b takes action: drop_item(['b', 'i'])
Steps: 10
Time cost: 0.974374s
2025-10-11 17:48:18,824 EXP - __main__.Logger.exp:
a takes action: drop_item(['a', 'i'])
b takes action: move_left_with_item(['b', 'j'])
a takes action: stay(['a'])
b takes action: drop_item(['b', 'j'])
a takes action: stay(['a'])
b takes action: pick_up(['b', 'i'])
a takes action: stay(['a'])
b takes action: move_right_with_item(['b', 'i'])
a takes action: pick_up(['a', 'j'])
b takes action: drop_item(['b', 'i'])
Steps: 10
Time cost: 0.972843s
2025-10-11 17:48:20,007 EXP - __main__.Logger.exp:
a takes action: drop_item(['a', 'i'])
b takes action: drop_item(['b', 'j'])
a takes action: move_right_without_item(['a'])
b takes action: move_left_without_item(['b'])
a takes action: move_left_without_item(['a'])
b takes action: pick_up(['b', 'i'])
a takes action: move_right_without_item(['a'])
b takes action: drop_item(['b', 'i'])
a takes action: pick_up(['a', 'j'])
Steps: 9
Time cost: 1.182243s
2025-10-11 17:48:21,274 EXP - __main__.Logger.exp:
a takes action: drop_item(['a', 'i'])
b takes action: drop_item(['b', 'j'])
a takes action: stay(['a'])
b takes action: move_left_without_item(['b'])
a takes action: stay(['a'])
b takes action: pick_up(['b', 'i'])
a takes action: move_right_without_item(['a'])
b takes action: drop_item(['b', 'i'])
a takes action: pick_up(['a', 'j'])
Steps: 9
Time cost: 1.267086s
2025-10-11 17:48:22,250 EXP - __main__.Logger.exp:
a takes action: drop_item(['a', 'i'])
b takes action: move_left_with_item(['b', 'j'])
a takes action: stay(['a'])
b takes action: drop_item(['b', 'j'])
a takes action: stay(['a'])
b takes action: pick_up(['b', 'i'])
a takes action: stay(['a'])
b takes action: move_right_with_item(['b', 'i'])
a takes action: pick_up(['a', 'j'])
b takes action: drop_item(['b', 'i'])
Steps: 10
Time cost: 0.975576s
2025-10-11 17:48:23,220 EXP - __main__.Logger.exp:
a takes action: drop_item(['a', 'i'])
b takes action: move_left_with_item(['b', 'j'])
a takes action: stay(['a'])
b takes action: drop_item(['b', 'j'])
a takes action: stay(['a'])
b takes action: pick_up(['b', 'i'])
a takes action: stay(['a'])
b takes action: move_right_with_item(['b', 'i'])
a takes action: pick_up(['a', 'j'])
b takes action: drop_item(['b', 'i'])
Steps: 10
Time cost: 0.970413s
2025-10-11 17:48:24,198 EXP - __main__.Logger.exp:
a takes action: drop_item(['a', 'i'])
b takes action: move_left_with_item(['b', 'j'])
a takes action: stay(['a'])
b takes action: drop_item(['b', 'j'])
a takes action: stay(['a'])
b takes action: pick_up(['b', 'i'])
a takes action: stay(['a'])
b takes action: move_right_with_item(['b', 'i'])
a takes action: pick_up(['a', 'j'])
b takes action: drop_item(['b', 'i'])
Steps: 10
Time cost: 0.977376s
2025-10-11 17:48:25,178 EXP - __main__.Logger.exp:
a takes action: drop_item(['a', 'i'])
b takes action: move_left_with_item(['b', 'j'])
a takes action: stay(['a'])
b takes action: drop_item(['b', 'j'])
a takes action: stay(['a'])
b takes action: pick_up(['b', 'i'])
a takes action: stay(['a'])
b takes action: move_right_with_item(['b', 'i'])
a takes action: pick_up(['a', 'j'])
b takes action: drop_item(['b', 'i'])
Steps: 10
Time cost: 0.979650s
2025-10-11 17:48:26,361 EXP - __main__.Logger.exp:
a takes action: drop_item(['a', 'i'])
b takes action: drop_item(['b', 'j'])
a takes action: move_right_without_item(['a'])
b takes action: move_left_without_item(['b'])
a takes action: move_left_without_item(['a'])
b takes action: pick_up(['b', 'i'])
a takes action: move_right_without_item(['a'])
b takes action: drop_item(['b', 'i'])
a takes action: pick_up(['a', 'j'])
Steps: 9
Time cost: 1.183000s
2025-10-11 17:48:27,649 EXP - __main__.Logger.exp:
a takes action: drop_item(['a', 'i'])
b takes action: drop_item(['b', 'j'])
a takes action: pick_up(['a', 'i'])
b takes action: move_left_without_item(['b'])
a takes action: drop_item(['a', 'i'])
b takes action: pick_up(['b', 'i'])
a takes action: move_right_without_item(['a'])
b takes action: drop_item(['b', 'i'])
a takes action: pick_up(['a', 'j'])
Steps: 9
Time cost: 1.287665s
2025-10-11 17:48:28,624 EXP - __main__.Logger.exp:
a takes action: drop_item(['a', 'i'])
b takes action: move_left_with_item(['b', 'j'])
a takes action: stay(['a'])
b takes action: drop_item(['b', 'j'])
a takes action: stay(['a'])
b takes action: pick_up(['b', 'i'])
a takes action: stay(['a'])
b takes action: move_right_with_item(['b', 'i'])
a takes action: pick_up(['a', 'j'])
b takes action: drop_item(['b', 'i'])
Steps: 10
Time cost: 0.975402s
2025-10-11 17:48:29,812 EXP - __main__.Logger.exp:
a takes action: drop_item(['a', 'i'])
b takes action: drop_item(['b', 'j'])
a takes action: move_right_without_item(['a'])
b takes action: move_left_without_item(['b'])
a takes action: move_left_without_item(['a'])
b takes action: pick_up(['b', 'i'])
a takes action: move_right_without_item(['a'])
b takes action: drop_item(['b', 'i'])
a takes action: pick_up(['a', 'j'])
Steps: 9
Time cost: 1.187862s
2025-10-11 17:48:30,787 EXP - __main__.Logger.exp:
a takes action: drop_item(['a', 'i'])
b takes action: move_left_with_item(['b', 'j'])
a takes action: stay(['a'])
b takes action: drop_item(['b', 'j'])
a takes action: stay(['a'])
b takes action: pick_up(['b', 'i'])
a takes action: stay(['a'])
b takes action: move_right_with_item(['b', 'i'])
a takes action: pick_up(['a', 'j'])
b takes action: drop_item(['b', 'i'])
Steps: 10
Time cost: 0.974291s
2025-10-11 17:48:31,762 EXP - __main__.Logger.exp:
a takes action: drop_item(['a', 'i'])
b takes action: move_left_with_item(['b', 'j'])
a takes action: stay(['a'])
b takes action: drop_item(['b', 'j'])
a takes action: stay(['a'])
b takes action: pick_up(['b', 'i'])
a takes action: stay(['a'])
b takes action: move_right_with_item(['b', 'i'])
a takes action: pick_up(['a', 'j'])
b takes action: drop_item(['b', 'i'])
Steps: 10
Time cost: 0.974723s
2025-10-11 17:48:33,030 EXP - __main__.Logger.exp:
a takes action: drop_item(['a', 'i'])
b takes action: drop_item(['b', 'j'])
a takes action: stay(['a'])
b takes action: move_left_without_item(['b'])
a takes action: stay(['a'])
b takes action: pick_up(['b', 'i'])
a takes action: move_right_without_item(['a'])
b takes action: drop_item(['b', 'i'])
a takes action: pick_up(['a', 'j'])
Steps: 9
Time cost: 1.267896s
2025-10-11 17:48:34,002 EXP - __main__.Logger.exp:
a takes action: drop_item(['a', 'i'])
b takes action: move_left_with_item(['b', 'j'])
a takes action: stay(['a'])
b takes action: drop_item(['b', 'j'])
a takes action: stay(['a'])
b takes action: pick_up(['b', 'i'])
a takes action: stay(['a'])
b takes action: move_right_with_item(['b', 'i'])
a takes action: pick_up(['a', 'j'])
b takes action: drop_item(['b', 'i'])
Steps: 10
Time cost: 0.972153s
2025-10-11 17:48:35,294 EXP - __main__.Logger.exp:
a takes action: drop_item(['a', 'i'])
b takes action: drop_item(['b', 'j'])
a takes action: pick_up(['a', 'i'])
b takes action: move_left_without_item(['b'])
a takes action: drop_item(['a', 'i'])
b takes action: pick_up(['b', 'i'])
a takes action: move_right_without_item(['a'])
b takes action: drop_item(['b', 'i'])
a takes action: pick_up(['a', 'j'])
Steps: 9
Time cost: 1.292178s
2025-10-11 17:48:36,478 EXP - __main__.Logger.exp:
a takes action: drop_item(['a', 'i'])
b takes action: drop_item(['b', 'j'])
a takes action: move_right_without_item(['a'])
b takes action: move_left_without_item(['b'])
a takes action: move_left_without_item(['a'])
b takes action: pick_up(['b', 'i'])
a takes action: move_right_without_item(['a'])
b takes action: drop_item(['b', 'i'])
a takes action: pick_up(['a', 'j'])
Steps: 9
Time cost: 1.183120s
2025-10-11 17:48:37,667 EXP - __main__.Logger.exp:
a takes action: drop_item(['a', 'i'])
b takes action: drop_item(['b', 'j'])
a takes action: move_right_without_item(['a'])
b takes action: move_left_without_item(['b'])
a takes action: move_left_without_item(['a'])
b takes action: pick_up(['b', 'i'])
a takes action: move_right_without_item(['a'])
b takes action: drop_item(['b', 'i'])
a takes action: pick_up(['a', 'j'])
Steps: 9
Time cost: 1.189383s
2025-10-11 17:48:38,641 EXP - __main__.Logger.exp:
a takes action: drop_item(['a', 'i'])
b takes action: move_left_with_item(['b', 'j'])
a takes action: stay(['a'])
b takes action: drop_item(['b', 'j'])
a takes action: stay(['a'])
b takes action: pick_up(['b', 'i'])
a takes action: stay(['a'])
b takes action: move_right_with_item(['b', 'i'])
a takes action: pick_up(['a', 'j'])
b takes action: drop_item(['b', 'i'])
Steps: 10
Time cost: 0.973966s
2025-10-11 17:48:39,934 EXP - __main__.Logger.exp:
a takes action: drop_item(['a', 'i'])
b takes action: drop_item(['b', 'j'])
a takes action: pick_up(['a', 'i'])
b takes action: move_left_without_item(['b'])
a takes action: drop_item(['a', 'i'])
b takes action: pick_up(['b', 'i'])
a takes action: move_right_without_item(['a'])
b takes action: drop_item(['b', 'i'])
a takes action: pick_up(['a', 'j'])
Steps: 9
Time cost: 1.292368s
2025-10-11 17:48:41,116 EXP - __main__.Logger.exp:
a takes action: drop_item(['a', 'i'])
b takes action: drop_item(['b', 'j'])
a takes action: move_right_without_item(['a'])
b takes action: move_left_without_item(['b'])
a takes action: move_left_without_item(['a'])
b takes action: pick_up(['b', 'i'])
a takes action: move_right_without_item(['a'])
b takes action: drop_item(['b', 'i'])
a takes action: pick_up(['a', 'j'])
Steps: 9
Time cost: 1.181688s
2025-10-11 17:48:42,089 EXP - __main__.Logger.exp:
a takes action: drop_item(['a', 'i'])
b takes action: move_left_with_item(['b', 'j'])
a takes action: stay(['a'])
b takes action: drop_item(['b', 'j'])
a takes action: stay(['a'])
b takes action: pick_up(['b', 'i'])
a takes action: stay(['a'])
b takes action: move_right_with_item(['b', 'i'])
a takes action: pick_up(['a', 'j'])
b takes action: drop_item(['b', 'i'])
Steps: 10
Time cost: 0.972651s
2025-10-11 17:48:43,360 EXP - __main__.Logger.exp:
a takes action: drop_item(['a', 'i'])
b takes action: drop_item(['b', 'j'])
a takes action: stay(['a'])
b takes action: move_left_without_item(['b'])
a takes action: stay(['a'])
b takes action: pick_up(['b', 'i'])
a takes action: move_right_without_item(['a'])
b takes action: drop_item(['b', 'i'])
a takes action: pick_up(['a', 'j'])
Steps: 9
Time cost: 1.271541s
2025-10-11 17:48:44,333 EXP - __main__.Logger.exp:
a takes action: drop_item(['a', 'i'])
b takes action: move_left_with_item(['b', 'j'])
a takes action: stay(['a'])
b takes action: drop_item(['b', 'j'])
a takes action: stay(['a'])
b takes action: pick_up(['b', 'i'])
a takes action: stay(['a'])
b takes action: move_right_with_item(['b', 'i'])
a takes action: pick_up(['a', 'j'])
b takes action: drop_item(['b', 'i'])
Steps: 10
Time cost: 0.972866s
2025-10-11 17:48:45,519 EXP - __main__.Logger.exp:
a takes action: drop_item(['a', 'i'])
b takes action: drop_item(['b', 'j'])
a takes action: move_right_without_item(['a'])
b takes action: move_left_without_item(['b'])
a takes action: move_left_without_item(['a'])
b takes action: pick_up(['b', 'i'])
a takes action: move_right_without_item(['a'])
b takes action: drop_item(['b', 'i'])
a takes action: pick_up(['a', 'j'])
Steps: 9
Time cost: 1.185625s
2025-10-11 17:48:46,786 EXP - __main__.Logger.exp:
a takes action: drop_item(['a', 'i'])
b takes action: drop_item(['b', 'j'])
a takes action: stay(['a'])
b takes action: move_left_without_item(['b'])
a takes action: stay(['a'])
b takes action: pick_up(['b', 'i'])
a takes action: move_right_without_item(['a'])
b takes action: drop_item(['b', 'i'])
a takes action: pick_up(['a', 'j'])
Steps: 9
Time cost: 1.266653s
2025-10-11 17:48:47,764 EXP - __main__.Logger.exp:
a takes action: drop_item(['a', 'i'])
b takes action: move_left_with_item(['b', 'j'])
a takes action: stay(['a'])
b takes action: drop_item(['b', 'j'])
a takes action: stay(['a'])
b takes action: pick_up(['b', 'i'])
a takes action: stay(['a'])
b takes action: move_right_with_item(['b', 'i'])
a takes action: pick_up(['a', 'j'])
b takes action: drop_item(['b', 'i'])
Steps: 10
Time cost: 0.977668s
2025-10-11 17:48:48,739 EXP - __main__.Logger.exp:
a takes action: drop_item(['a', 'i'])
b takes action: move_left_with_item(['b', 'j'])
a takes action: stay(['a'])
b takes action: drop_item(['b', 'j'])
a takes action: stay(['a'])
b takes action: pick_up(['b', 'i'])
a takes action: stay(['a'])
b takes action: move_right_with_item(['b', 'i'])
a takes action: pick_up(['a', 'j'])
b takes action: drop_item(['b', 'i'])
Steps: 10
Time cost: 0.974551s
2025-10-11 17:48:49,923 EXP - __main__.Logger.exp:
a takes action: drop_item(['a', 'i'])
b takes action: drop_item(['b', 'j'])
a takes action: move_right_without_item(['a'])
b takes action: move_left_without_item(['b'])
a takes action: move_left_without_item(['a'])
b takes action: pick_up(['b', 'i'])
a takes action: move_right_without_item(['a'])
b takes action: drop_item(['b', 'i'])
a takes action: pick_up(['a', 'j'])
Steps: 9
Time cost: 1.184549s
2025-10-11 17:48:51,202 EXP - __main__.Logger.exp:
a takes action: drop_item(['a', 'i'])
b takes action: drop_item(['b', 'j'])
a takes action: stay(['a'])
b takes action: move_left_without_item(['b'])
a takes action: stay(['a'])
b takes action: pick_up(['b', 'i'])
a takes action: move_right_without_item(['a'])
b takes action: drop_item(['b', 'i'])
a takes action: pick_up(['a', 'j'])
Steps: 9
Time cost: 1.278960s
2025-10-11 17:48:52,386 EXP - __main__.Logger.exp:
a takes action: drop_item(['a', 'i'])
b takes action: drop_item(['b', 'j'])
a takes action: move_right_without_item(['a'])
b takes action: move_left_without_item(['b'])
a takes action: move_left_without_item(['a'])
b takes action: pick_up(['b', 'i'])
a takes action: move_right_without_item(['a'])
b takes action: drop_item(['b', 'i'])
a takes action: pick_up(['a', 'j'])
Steps: 9
Time cost: 1.183535s
2025-10-11 17:48:53,672 EXP - __main__.Logger.exp:
a takes action: drop_item(['a', 'i'])
b takes action: drop_item(['b', 'j'])
a takes action: pick_up(['a', 'i'])
b takes action: move_left_without_item(['b'])
a takes action: drop_item(['a', 'i'])
b takes action: pick_up(['b', 'i'])
a takes action: move_right_without_item(['a'])
b takes action: drop_item(['b', 'i'])
a takes action: pick_up(['a', 'j'])
Steps: 9
Time cost: 1.285787s
2025-10-11 17:48:54,859 EXP - __main__.Logger.exp:
a takes action: drop_item(['a', 'i'])
b takes action: drop_item(['b', 'j'])
a takes action: move_right_without_item(['a'])
b takes action: move_left_without_item(['b'])
a takes action: move_left_without_item(['a'])
b takes action: pick_up(['b', 'i'])
a takes action: move_right_without_item(['a'])
b takes action: drop_item(['b', 'i'])
a takes action: pick_up(['a', 'j'])
Steps: 9
Time cost: 1.186460s
2025-10-11 17:48:55,832 EXP - __main__.Logger.exp:
a takes action: drop_item(['a', 'i'])
b takes action: move_left_with_item(['b', 'j'])
a takes action: stay(['a'])
b takes action: drop_item(['b', 'j'])
a takes action: stay(['a'])
b takes action: pick_up(['b', 'i'])
a takes action: stay(['a'])
b takes action: move_right_with_item(['b', 'i'])
a takes action: pick_up(['a', 'j'])
b takes action: drop_item(['b', 'i'])
Steps: 10
Time cost: 0.973429s
2025-10-11 17:48:56,807 EXP - __main__.Logger.exp:
a takes action: drop_item(['a', 'i'])
b takes action: move_left_with_item(['b', 'j'])
a takes action: stay(['a'])
b takes action: drop_item(['b', 'j'])
a takes action: stay(['a'])
b takes action: pick_up(['b', 'i'])
a takes action: stay(['a'])
b takes action: move_right_with_item(['b', 'i'])
a takes action: pick_up(['a', 'j'])
b takes action: drop_item(['b', 'i'])
Steps: 10
Time cost: 0.974967s
2025-10-11 17:48:57,780 EXP - __main__.Logger.exp:
a takes action: drop_item(['a', 'i'])
b takes action: move_left_with_item(['b', 'j'])
a takes action: stay(['a'])
b takes action: drop_item(['b', 'j'])
a takes action: stay(['a'])
b takes action: pick_up(['b', 'i'])
a takes action: stay(['a'])
b takes action: move_right_with_item(['b', 'i'])
a takes action: pick_up(['a', 'j'])
b takes action: drop_item(['b', 'i'])
Steps: 10
Time cost: 0.972045s
2025-10-11 17:48:59,063 EXP - __main__.Logger.exp:
a takes action: drop_item(['a', 'i'])
b takes action: drop_item(['b', 'j'])
a takes action: pick_up(['a', 'i'])
b takes action: move_left_without_item(['b'])
a takes action: drop_item(['a', 'i'])
b takes action: pick_up(['b', 'i'])
a takes action: move_right_without_item(['a'])
b takes action: drop_item(['b', 'i'])
a takes action: pick_up(['a', 'j'])
Steps: 9
Time cost: 1.283424s
2025-10-11 17:49:00,330 EXP - __main__.Logger.exp:
a takes action: drop_item(['a', 'i'])
b takes action: drop_item(['b', 'j'])
a takes action: stay(['a'])
b takes action: move_left_without_item(['b'])
a takes action: stay(['a'])
b takes action: pick_up(['b', 'i'])
a takes action: move_right_without_item(['a'])
b takes action: drop_item(['b', 'i'])
a takes action: pick_up(['a', 'j'])
Steps: 9
Time cost: 1.266860s
2025-10-11 17:49:01,306 EXP - __main__.Logger.exp:
a takes action: drop_item(['a', 'i'])
b takes action: move_left_with_item(['b', 'j'])
a takes action: stay(['a'])
b takes action: drop_item(['b', 'j'])
a takes action: stay(['a'])
b takes action: pick_up(['b', 'i'])
a takes action: stay(['a'])
b takes action: move_right_with_item(['b', 'i'])
a takes action: pick_up(['a', 'j'])
b takes action: drop_item(['b', 'i'])
Steps: 10
Time cost: 0.975005s
2025-10-11 17:49:02,488 EXP - __main__.Logger.exp:
a takes action: drop_item(['a', 'i'])
b takes action: drop_item(['b', 'j'])
a takes action: move_right_without_item(['a'])
b takes action: move_left_without_item(['b'])
a takes action: move_left_without_item(['a'])
b takes action: pick_up(['b', 'i'])
a takes action: move_right_without_item(['a'])
b takes action: drop_item(['b', 'i'])
a takes action: pick_up(['a', 'j'])
Steps: 9
Time cost: 1.182223s
2025-10-11 17:49:03,465 EXP - __main__.Logger.exp:
a takes action: drop_item(['a', 'i'])
b takes action: move_left_with_item(['b', 'j'])
a takes action: stay(['a'])
b takes action: drop_item(['b', 'j'])
a takes action: stay(['a'])
b takes action: pick_up(['b', 'i'])
a takes action: stay(['a'])
b takes action: move_right_with_item(['b', 'i'])
a takes action: pick_up(['a', 'j'])
b takes action: drop_item(['b', 'i'])
Steps: 10
Time cost: 0.976763s
2025-10-11 17:49:04,733 EXP - __main__.Logger.exp:
a takes action: drop_item(['a', 'i'])
b takes action: drop_item(['b', 'j'])
a takes action: stay(['a'])
b takes action: move_left_without_item(['b'])
a takes action: stay(['a'])
b takes action: pick_up(['b', 'i'])
a takes action: move_right_without_item(['a'])
b takes action: drop_item(['b', 'i'])
a takes action: pick_up(['a', 'j'])
Steps: 9
Time cost: 1.267918s
2025-10-11 17:49:05,919 EXP - __main__.Logger.exp:
a takes action: drop_item(['a', 'i'])
b takes action: drop_item(['b', 'j'])
a takes action: move_right_without_item(['a'])
b takes action: move_left_without_item(['b'])
a takes action: move_left_without_item(['a'])
b takes action: pick_up(['b', 'i'])
a takes action: move_right_without_item(['a'])
b takes action: drop_item(['b', 'i'])
a takes action: pick_up(['a', 'j'])
Steps: 9
Time cost: 1.185319s
2025-10-11 17:49:06,893 EXP - __main__.Logger.exp:
a takes action: drop_item(['a', 'i'])
b takes action: move_left_with_item(['b', 'j'])
a takes action: stay(['a'])
b takes action: drop_item(['b', 'j'])
a takes action: stay(['a'])
b takes action: pick_up(['b', 'i'])
a takes action: stay(['a'])
b takes action: move_right_with_item(['b', 'i'])
a takes action: pick_up(['a', 'j'])
b takes action: drop_item(['b', 'i'])
Steps: 10
Time cost: 0.973868s
2025-10-11 17:49:08,176 EXP - __main__.Logger.exp:
a takes action: drop_item(['a', 'i'])
b takes action: drop_item(['b', 'j'])
a takes action: pick_up(['a', 'i'])
b takes action: move_left_without_item(['b'])
a takes action: drop_item(['a', 'i'])
b takes action: pick_up(['b', 'i'])
a takes action: move_right_without_item(['a'])
b takes action: drop_item(['b', 'i'])
a takes action: pick_up(['a', 'j'])
Steps: 9
Time cost: 1.283580s
2025-10-11 17:49:09,149 EXP - __main__.Logger.exp:
a takes action: drop_item(['a', 'i'])
b takes action: move_left_with_item(['b', 'j'])
a takes action: stay(['a'])
b takes action: drop_item(['b', 'j'])
a takes action: stay(['a'])
b takes action: pick_up(['b', 'i'])
a takes action: stay(['a'])
b takes action: move_right_with_item(['b', 'i'])
a takes action: pick_up(['a', 'j'])
b takes action: drop_item(['b', 'i'])
Steps: 10
Time cost: 0.972759s
2025-10-11 17:49:10,334 EXP - __main__.Logger.exp:
a takes action: drop_item(['a', 'i'])
b takes action: drop_item(['b', 'j'])
a takes action: move_right_without_item(['a'])
b takes action: move_left_without_item(['b'])
a takes action: move_left_without_item(['a'])
b takes action: pick_up(['b', 'i'])
a takes action: move_right_without_item(['a'])
b takes action: drop_item(['b', 'i'])
a takes action: pick_up(['a', 'j'])
Steps: 9
Time cost: 1.184798s
2025-10-11 17:49:11,519 EXP - __main__.Logger.exp:
a takes action: drop_item(['a', 'i'])
b takes action: drop_item(['b', 'j'])
a takes action: move_right_without_item(['a'])
b takes action: move_left_without_item(['b'])
a takes action: move_left_without_item(['a'])
b takes action: pick_up(['b', 'i'])
a takes action: move_right_without_item(['a'])
b takes action: drop_item(['b', 'i'])
a takes action: pick_up(['a', 'j'])
Steps: 9
Time cost: 1.184472s
2025-10-11 17:49:12,787 EXP - __main__.Logger.exp:
a takes action: drop_item(['a', 'i'])
b takes action: drop_item(['b', 'j'])
a takes action: stay(['a'])
b takes action: move_left_without_item(['b'])
a takes action: stay(['a'])
b takes action: pick_up(['b', 'i'])
a takes action: move_right_without_item(['a'])
b takes action: drop_item(['b', 'i'])
a takes action: pick_up(['a', 'j'])
Steps: 9
Time cost: 1.267415s
2025-10-11 17:49:13,969 EXP - __main__.Logger.exp:
a takes action: drop_item(['a', 'i'])
b takes action: drop_item(['b', 'j'])
a takes action: move_right_without_item(['a'])
b takes action: move_left_without_item(['b'])
a takes action: move_left_without_item(['a'])
b takes action: pick_up(['b', 'i'])
a takes action: move_right_without_item(['a'])
b takes action: drop_item(['b', 'i'])
a takes action: pick_up(['a', 'j'])
Steps: 9
Time cost: 1.182454s
2025-10-11 17:49:15,233 EXP - __main__.Logger.exp:
a takes action: drop_item(['a', 'i'])
b takes action: drop_item(['b', 'j'])
a takes action: stay(['a'])
b takes action: move_left_without_item(['b'])
a takes action: stay(['a'])
b takes action: pick_up(['b', 'i'])
a takes action: move_right_without_item(['a'])
b takes action: drop_item(['b', 'i'])
a takes action: pick_up(['a', 'j'])
Steps: 9
Time cost: 1.263851s
2025-10-11 17:49:16,529 EXP - __main__.Logger.exp:
a takes action: drop_item(['a', 'i'])
b takes action: drop_item(['b', 'j'])
a takes action: pick_up(['a', 'i'])
b takes action: move_left_without_item(['b'])
a takes action: drop_item(['a', 'i'])
b takes action: pick_up(['b', 'i'])
a takes action: move_right_without_item(['a'])
b takes action: drop_item(['b', 'i'])
a takes action: pick_up(['a', 'j'])
Steps: 9
Time cost: 1.295118s
2025-10-11 17:49:17,500 EXP - __main__.Logger.exp:
a takes action: drop_item(['a', 'i'])
b takes action: move_left_with_item(['b', 'j'])
a takes action: stay(['a'])
b takes action: drop_item(['b', 'j'])
a takes action: stay(['a'])
b takes action: pick_up(['b', 'i'])
a takes action: stay(['a'])
b takes action: move_right_with_item(['b', 'i'])
a takes action: pick_up(['a', 'j'])
b takes action: drop_item(['b', 'i'])
Steps: 10
Time cost: 0.971602s
2025-10-11 17:49:18,472 EXP - __main__.Logger.exp:
a takes action: drop_item(['a', 'i'])
b takes action: move_left_with_item(['b', 'j'])
a takes action: stay(['a'])
b takes action: drop_item(['b', 'j'])
a takes action: stay(['a'])
b takes action: pick_up(['b', 'i'])
a takes action: stay(['a'])
b takes action: move_right_with_item(['b', 'i'])
a takes action: pick_up(['a', 'j'])
b takes action: drop_item(['b', 'i'])
Steps: 10
Time cost: 0.971043s
2025-10-11 17:49:19,755 EXP - __main__.Logger.exp:
a takes action: drop_item(['a', 'i'])
b takes action: drop_item(['b', 'j'])
a takes action: pick_up(['a', 'i'])
b takes action: move_left_without_item(['b'])
a takes action: drop_item(['a', 'i'])
b takes action: pick_up(['b', 'i'])
a takes action: move_right_without_item(['a'])
b takes action: drop_item(['b', 'i'])
a takes action: pick_up(['a', 'j'])
Steps: 9
Time cost: 1.283324s
2025-10-11 17:49:21,022 EXP - __main__.Logger.exp:
a takes action: drop_item(['a', 'i'])
b takes action: drop_item(['b', 'j'])
a takes action: stay(['a'])
b takes action: move_left_without_item(['b'])
a takes action: stay(['a'])
b takes action: pick_up(['b', 'i'])
a takes action: move_right_without_item(['a'])
b takes action: drop_item(['b', 'i'])
a takes action: pick_up(['a', 'j'])
Steps: 9
Time cost: 1.266460s
2025-10-11 17:49:22,308 EXP - __main__.Logger.exp:
a takes action: drop_item(['a', 'i'])
b takes action: drop_item(['b', 'j'])
a takes action: pick_up(['a', 'i'])
b takes action: move_left_without_item(['b'])
a takes action: drop_item(['a', 'i'])
b takes action: pick_up(['b', 'i'])
a takes action: move_right_without_item(['a'])
b takes action: drop_item(['b', 'i'])
a takes action: pick_up(['a', 'j'])
Steps: 9
Time cost: 1.286090s
2025-10-11 17:49:23,282 EXP - __main__.Logger.exp:
a takes action: drop_item(['a', 'i'])
b takes action: move_left_with_item(['b', 'j'])
a takes action: stay(['a'])
b takes action: drop_item(['b', 'j'])
a takes action: stay(['a'])
b takes action: pick_up(['b', 'i'])
a takes action: stay(['a'])
b takes action: move_right_with_item(['b', 'i'])
a takes action: pick_up(['a', 'j'])
b takes action: drop_item(['b', 'i'])
Steps: 10
Time cost: 0.973509s
2025-10-11 17:49:24,259 EXP - __main__.Logger.exp:
a takes action: drop_item(['a', 'i'])
b takes action: move_left_with_item(['b', 'j'])
a takes action: stay(['a'])
b takes action: drop_item(['b', 'j'])
a takes action: stay(['a'])
b takes action: pick_up(['b', 'i'])
a takes action: stay(['a'])
b takes action: move_right_with_item(['b', 'i'])
a takes action: pick_up(['a', 'j'])
b takes action: drop_item(['b', 'i'])
Steps: 10
Time cost: 0.977445s
2025-10-11 17:49:25,547 EXP - __main__.Logger.exp:
a takes action: drop_item(['a', 'i'])
b takes action: drop_item(['b', 'j'])
a takes action: pick_up(['a', 'i'])
b takes action: move_left_without_item(['b'])
a takes action: drop_item(['a', 'i'])
b takes action: pick_up(['b', 'i'])
a takes action: move_right_without_item(['a'])
b takes action: drop_item(['b', 'i'])
a takes action: pick_up(['a', 'j'])
Steps: 9
Time cost: 1.287249s
2025-10-11 17:49:26,522 EXP - __main__.Logger.exp:
a takes action: drop_item(['a', 'i'])
b takes action: move_left_with_item(['b', 'j'])
a takes action: stay(['a'])
b takes action: drop_item(['b', 'j'])
a takes action: stay(['a'])
b takes action: pick_up(['b', 'i'])
a takes action: stay(['a'])
b takes action: move_right_with_item(['b', 'i'])
a takes action: pick_up(['a', 'j'])
b takes action: drop_item(['b', 'i'])
Steps: 10
Time cost: 0.975323s
2025-10-11 17:49:27,496 EXP - __main__.Logger.exp:
a takes action: drop_item(['a', 'i'])
b takes action: move_left_with_item(['b', 'j'])
a takes action: stay(['a'])
b takes action: drop_item(['b', 'j'])
a takes action: stay(['a'])
b takes action: pick_up(['b', 'i'])
a takes action: stay(['a'])
b takes action: move_right_with_item(['b', 'i'])
a takes action: pick_up(['a', 'j'])
b takes action: drop_item(['b', 'i'])
Steps: 10
Time cost: 0.973427s
2025-10-11 17:49:28,469 EXP - __main__.Logger.exp:
a takes action: drop_item(['a', 'i'])
b takes action: move_left_with_item(['b', 'j'])
a takes action: stay(['a'])
b takes action: drop_item(['b', 'j'])
a takes action: stay(['a'])
b takes action: pick_up(['b', 'i'])
a takes action: stay(['a'])
b takes action: move_right_with_item(['b', 'i'])
a takes action: pick_up(['a', 'j'])
b takes action: drop_item(['b', 'i'])
Steps: 10
Time cost: 0.973052s
2025-10-11 17:49:29,446 EXP - __main__.Logger.exp:
a takes action: drop_item(['a', 'i'])
b takes action: move_left_with_item(['b', 'j'])
a takes action: stay(['a'])
b takes action: drop_item(['b', 'j'])
a takes action: stay(['a'])
b takes action: pick_up(['b', 'i'])
a takes action: stay(['a'])
b takes action: move_right_with_item(['b', 'i'])
a takes action: pick_up(['a', 'j'])
b takes action: drop_item(['b', 'i'])
Steps: 10
Time cost: 0.976623s
2025-10-11 17:49:30,421 EXP - __main__.Logger.exp:
a takes action: drop_item(['a', 'i'])
b takes action: move_left_with_item(['b', 'j'])
a takes action: stay(['a'])
b takes action: drop_item(['b', 'j'])
a takes action: stay(['a'])
b takes action: pick_up(['b', 'i'])
a takes action: stay(['a'])
b takes action: move_right_with_item(['b', 'i'])
a takes action: pick_up(['a', 'j'])
b takes action: drop_item(['b', 'i'])
Steps: 10
Time cost: 0.974640s
2025-10-11 17:49:31,706 EXP - __main__.Logger.exp:
a takes action: drop_item(['a', 'i'])
b takes action: drop_item(['b', 'j'])
a takes action: pick_up(['a', 'i'])
b takes action: move_left_without_item(['b'])
a takes action: drop_item(['a', 'i'])
b takes action: pick_up(['b', 'i'])
a takes action: move_right_without_item(['a'])
b takes action: drop_item(['b', 'i'])
a takes action: pick_up(['a', 'j'])
Steps: 9
Time cost: 1.285494s
2025-10-11 17:49:32,678 EXP - __main__.Logger.exp:
a takes action: drop_item(['a', 'i'])
b takes action: move_left_with_item(['b', 'j'])
a takes action: stay(['a'])
b takes action: drop_item(['b', 'j'])
a takes action: stay(['a'])
b takes action: pick_up(['b', 'i'])
a takes action: stay(['a'])
b takes action: move_right_with_item(['b', 'i'])
a takes action: pick_up(['a', 'j'])
b takes action: drop_item(['b', 'i'])
Steps: 10
Time cost: 0.971655s
2025-10-11 17:49:33,958 EXP - __main__.Logger.exp:
a takes action: drop_item(['a', 'i'])
b takes action: drop_item(['b', 'j'])
a takes action: pick_up(['a', 'i'])
b takes action: move_left_without_item(['b'])
a takes action: drop_item(['a', 'i'])
b takes action: pick_up(['b', 'i'])
a takes action: move_right_without_item(['a'])
b takes action: drop_item(['b', 'i'])
a takes action: pick_up(['a', 'j'])
Steps: 9
Time cost: 1.279739s
2025-10-11 17:49:35,143 EXP - __main__.Logger.exp:
a takes action: drop_item(['a', 'i'])
b takes action: drop_item(['b', 'j'])
a takes action: move_right_without_item(['a'])
b takes action: move_left_without_item(['b'])
a takes action: move_left_without_item(['a'])
b takes action: pick_up(['b', 'i'])
a takes action: move_right_without_item(['a'])
b takes action: drop_item(['b', 'i'])
a takes action: pick_up(['a', 'j'])
Steps: 9
Time cost: 1.184579s
2025-10-11 17:49:36,329 EXP - __main__.Logger.exp:
a takes action: drop_item(['a', 'i'])
b takes action: drop_item(['b', 'j'])
a takes action: move_right_without_item(['a'])
b takes action: move_left_without_item(['b'])
a takes action: move_left_without_item(['a'])
b takes action: pick_up(['b', 'i'])
a takes action: move_right_without_item(['a'])
b takes action: drop_item(['b', 'i'])
a takes action: pick_up(['a', 'j'])
Steps: 9
Time cost: 1.185886s
2025-10-11 17:49:37,304 EXP - __main__.Logger.exp:
a takes action: drop_item(['a', 'i'])
b takes action: move_left_with_item(['b', 'j'])
a takes action: stay(['a'])
b takes action: drop_item(['b', 'j'])
a takes action: stay(['a'])
b takes action: pick_up(['b', 'i'])
a takes action: stay(['a'])
b takes action: move_right_with_item(['b', 'i'])
a takes action: pick_up(['a', 'j'])
b takes action: drop_item(['b', 'i'])
Steps: 10
Time cost: 0.975177s
2025-10-11 17:49:38,278 EXP - __main__.Logger.exp:
a takes action: drop_item(['a', 'i'])
b takes action: move_left_with_item(['b', 'j'])
a takes action: stay(['a'])
b takes action: drop_item(['b', 'j'])
a takes action: stay(['a'])
b takes action: pick_up(['b', 'i'])
a takes action: stay(['a'])
b takes action: move_right_with_item(['b', 'i'])
a takes action: pick_up(['a', 'j'])
b takes action: drop_item(['b', 'i'])
Steps: 10
Time cost: 0.973241s
2025-10-11 17:49:39,253 EXP - __main__.Logger.exp:
a takes action: drop_item(['a', 'i'])
b takes action: move_left_with_item(['b', 'j'])
a takes action: stay(['a'])
b takes action: drop_item(['b', 'j'])
a takes action: stay(['a'])
b takes action: pick_up(['b', 'i'])
a takes action: stay(['a'])
b takes action: move_right_with_item(['b', 'i'])
a takes action: pick_up(['a', 'j'])
b takes action: drop_item(['b', 'i'])
Steps: 10
Time cost: 0.974765s
2025-10-11 17:49:40,542 EXP - __main__.Logger.exp:
a takes action: drop_item(['a', 'i'])
b takes action: drop_item(['b', 'j'])
a takes action: pick_up(['a', 'i'])
b takes action: move_left_without_item(['b'])
a takes action: drop_item(['a', 'i'])
b takes action: pick_up(['b', 'i'])
a takes action: move_right_without_item(['a'])
b takes action: drop_item(['b', 'i'])
a takes action: pick_up(['a', 'j'])
Steps: 9
Time cost: 1.288964s
2025-10-11 17:49:41,809 EXP - __main__.Logger.exp:
a takes action: drop_item(['a', 'i'])
b takes action: drop_item(['b', 'j'])
a takes action: stay(['a'])
b takes action: move_left_without_item(['b'])
a takes action: stay(['a'])
b takes action: pick_up(['b', 'i'])
a takes action: move_right_without_item(['a'])
b takes action: drop_item(['b', 'i'])
a takes action: pick_up(['a', 'j'])
Steps: 9
Time cost: 1.266953s
2025-10-11 17:49:42,784 EXP - __main__.Logger.exp:
a takes action: drop_item(['a', 'i'])
b takes action: move_left_with_item(['b', 'j'])
a takes action: stay(['a'])
b takes action: drop_item(['b', 'j'])
a takes action: stay(['a'])
b takes action: pick_up(['b', 'i'])
a takes action: stay(['a'])
b takes action: move_right_with_item(['b', 'i'])
a takes action: pick_up(['a', 'j'])
b takes action: drop_item(['b', 'i'])
Steps: 10
Time cost: 0.974393s
2025-10-11 17:49:43,756 EXP - __main__.Logger.exp:
a takes action: drop_item(['a', 'i'])
b takes action: move_left_with_item(['b', 'j'])
a takes action: stay(['a'])
b takes action: drop_item(['b', 'j'])
a takes action: stay(['a'])
b takes action: pick_up(['b', 'i'])
a takes action: stay(['a'])
b takes action: move_right_with_item(['b', 'i'])
a takes action: pick_up(['a', 'j'])
b takes action: drop_item(['b', 'i'])
Steps: 10
Time cost: 0.972408s
2025-10-11 17:49:45,025 EXP - __main__.Logger.exp:
a takes action: drop_item(['a', 'i'])
b takes action: drop_item(['b', 'j'])
a takes action: stay(['a'])
b takes action: move_left_without_item(['b'])
a takes action: stay(['a'])
b takes action: pick_up(['b', 'i'])
a takes action: move_right_without_item(['a'])
b takes action: drop_item(['b', 'i'])
a takes action: pick_up(['a', 'j'])
Steps: 9
Time cost: 1.268519s
2025-10-11 17:49:46,207 EXP - __main__.Logger.exp:
a takes action: drop_item(['a', 'i'])
b takes action: drop_item(['b', 'j'])
a takes action: move_right_without_item(['a'])
b takes action: move_left_without_item(['b'])
a takes action: move_left_without_item(['a'])
b takes action: pick_up(['b', 'i'])
a takes action: move_right_without_item(['a'])
b takes action: drop_item(['b', 'i'])
a takes action: pick_up(['a', 'j'])
Steps: 9
Time cost: 1.181507s
2025-10-11 17:49:47,184 EXP - __main__.Logger.exp:
a takes action: drop_item(['a', 'i'])
b takes action: move_left_with_item(['b', 'j'])
a takes action: stay(['a'])
b takes action: drop_item(['b', 'j'])
a takes action: stay(['a'])
b takes action: pick_up(['b', 'i'])
a takes action: stay(['a'])
b takes action: move_right_with_item(['b', 'i'])
a takes action: pick_up(['a', 'j'])
b takes action: drop_item(['b', 'i'])
Steps: 10
Time cost: 0.977298s
2025-10-11 17:49:48,452 EXP - __main__.Logger.exp:
a takes action: drop_item(['a', 'i'])
b takes action: drop_item(['b', 'j'])
a takes action: stay(['a'])
b takes action: move_left_without_item(['b'])
a takes action: stay(['a'])
b takes action: pick_up(['b', 'i'])
a takes action: move_right_without_item(['a'])
b takes action: drop_item(['b', 'i'])
a takes action: pick_up(['a', 'j'])
Steps: 9
Time cost: 1.267516s
2025-10-11 17:49:49,736 EXP - __main__.Logger.exp:
a takes action: drop_item(['a', 'i'])
b takes action: drop_item(['b', 'j'])
a takes action: pick_up(['a', 'i'])
b takes action: move_left_without_item(['b'])
a takes action: drop_item(['a', 'i'])
b takes action: pick_up(['b', 'i'])
a takes action: move_right_without_item(['a'])
b takes action: drop_item(['b', 'i'])
a takes action: pick_up(['a', 'j'])
Steps: 9
Time cost: 1.284285s
2025-10-11 17:49:50,922 EXP - __main__.Logger.exp:
a takes action: drop_item(['a', 'i'])
b takes action: drop_item(['b', 'j'])
a takes action: move_right_without_item(['a'])
b takes action: move_left_without_item(['b'])
a takes action: move_left_without_item(['a'])
b takes action: pick_up(['b', 'i'])
a takes action: move_right_without_item(['a'])
b takes action: drop_item(['b', 'i'])
a takes action: pick_up(['a', 'j'])
Steps: 9
Time cost: 1.185429s
2025-10-11 17:49:50,922 EXP - __main__.Logger.exp:
Avg Steps: 9.45
Avg Time: 1.120524s
