2025-10-11 17:56:08,795 EXP - __main__.Logger.exp:
a takes action: drop_item(['a', 'o3'])
b takes action: drop_item(['b', 'o4'])
c takes action: drop_item(['c', 'o1'])
d takes action: drop_item(['d', 'o2'])
a takes action: move_right_without_item(['a'])
b takes action: move_right_without_item(['b'])
c takes action: move_left_without_item(['c'])
d takes action: move_left_without_item(['d'])
a takes action: pick_up(['a', 'o1'])
b takes action: pick_up(['b', 'o2'])
c takes action: pick_up(['c', 'o3'])
d takes action: pick_up(['d', 'o4'])
a takes action: move_left_with_item(['a', 'o1'])
b takes action: move_left_with_item(['b', 'o2'])
Steps: 14
Time cost: 26.559626s
2025-10-11 17:56:35,330 EXP - __main__.Logger.exp:
a takes action: drop_item(['a', 'o3'])
b takes action: drop_item(['b', 'o4'])
c takes action: drop_item(['c', 'o1'])
d takes action: drop_item(['d', 'o2'])
a takes action: move_right_without_item(['a'])
b takes action: move_right_without_item(['b'])
c takes action: move_left_without_item(['c'])
d takes action: move_left_without_item(['d'])
a takes action: pick_up(['a', 'o1'])
b takes action: pick_up(['b', 'o2'])
c takes action: pick_up(['c', 'o3'])
d takes action: pick_up(['d', 'o4'])
a takes action: move_left_with_item(['a', 'o1'])
b takes action: move_left_with_item(['b', 'o2'])
Steps: 14
Time cost: 26.534010s
2025-10-11 17:57:01,875 EXP - __main__.Logger.exp:
a takes action: drop_item(['a', 'o3'])
b takes action: drop_item(['b', 'o4'])
c takes action: drop_item(['c', 'o1'])
d takes action: drop_item(['d', 'o2'])
a takes action: move_right_without_item(['a'])
b takes action: move_right_without_item(['b'])
c takes action: move_left_without_item(['c'])
d takes action: move_left_without_item(['d'])
a takes action: pick_up(['a', 'o1'])
b takes action: pick_up(['b', 'o2'])
c takes action: pick_up(['c', 'o3'])
d takes action: pick_up(['d', 'o4'])
a takes action: move_left_with_item(['a', 'o1'])
b takes action: move_left_with_item(['b', 'o2'])
Steps: 14
Time cost: 26.545542s
2025-10-11 17:57:28,444 EXP - __main__.Logger.exp:
a takes action: drop_item(['a', 'o3'])
b takes action: drop_item(['b', 'o4'])
c takes action: drop_item(['c', 'o1'])
d takes action: drop_item(['d', 'o2'])
a takes action: move_right_without_item(['a'])
b takes action: move_right_without_item(['b'])
c takes action: move_left_without_item(['c'])
d takes action: move_left_without_item(['d'])
a takes action: pick_up(['a', 'o1'])
b takes action: pick_up(['b', 'o2'])
c takes action: pick_up(['c', 'o3'])
d takes action: pick_up(['d', 'o4'])
a takes action: move_left_with_item(['a', 'o1'])
b takes action: move_left_with_item(['b', 'o2'])
Steps: 14
Time cost: 26.568300s
2025-10-11 17:57:54,997 EXP - __main__.Logger.exp:
a takes action: drop_item(['a', 'o3'])
b takes action: drop_item(['b', 'o4'])
c takes action: drop_item(['c', 'o1'])
d takes action: drop_item(['d', 'o2'])
a takes action: move_right_without_item(['a'])
b takes action: move_right_without_item(['b'])
c takes action: move_left_without_item(['c'])
d takes action: move_left_without_item(['d'])
a takes action: pick_up(['a', 'o1'])
b takes action: pick_up(['b', 'o2'])
c takes action: pick_up(['c', 'o3'])
d takes action: pick_up(['d', 'o4'])
a takes action: move_left_with_item(['a', 'o1'])
b takes action: move_left_with_item(['b', 'o2'])
Steps: 14
Time cost: 26.552659s
2025-10-11 17:58:21,552 EXP - __main__.Logger.exp:
a takes action: drop_item(['a', 'o3'])
b takes action: drop_item(['b', 'o4'])
c takes action: drop_item(['c', 'o1'])
d takes action: drop_item(['d', 'o2'])
a takes action: move_right_without_item(['a'])
b takes action: move_right_without_item(['b'])
c takes action: move_left_without_item(['c'])
d takes action: move_left_without_item(['d'])
a takes action: pick_up(['a', 'o1'])
b takes action: pick_up(['b', 'o2'])
c takes action: pick_up(['c', 'o3'])
d takes action: pick_up(['d', 'o4'])
a takes action: move_left_with_item(['a', 'o1'])
b takes action: move_left_with_item(['b', 'o2'])
Steps: 14
Time cost: 26.554566s
2025-10-11 17:58:48,115 EXP - __main__.Logger.exp:
a takes action: drop_item(['a', 'o3'])
b takes action: drop_item(['b', 'o4'])
c takes action: drop_item(['c', 'o1'])
d takes action: drop_item(['d', 'o2'])
a takes action: move_right_without_item(['a'])
b takes action: move_right_without_item(['b'])
c takes action: move_left_without_item(['c'])
d takes action: move_left_without_item(['d'])
a takes action: pick_up(['a', 'o1'])
b takes action: pick_up(['b', 'o2'])
c takes action: pick_up(['c', 'o3'])
d takes action: pick_up(['d', 'o4'])
a takes action: move_left_with_item(['a', 'o1'])
b takes action: move_left_with_item(['b', 'o2'])
Steps: 14
Time cost: 26.563277s
2025-10-11 17:59:14,662 EXP - __main__.Logger.exp:
a takes action: drop_item(['a', 'o3'])
b takes action: drop_item(['b', 'o4'])
c takes action: drop_item(['c', 'o1'])
d takes action: drop_item(['d', 'o2'])
a takes action: move_right_without_item(['a'])
b takes action: move_right_without_item(['b'])
c takes action: move_left_without_item(['c'])
d takes action: move_left_without_item(['d'])
a takes action: pick_up(['a', 'o1'])
b takes action: pick_up(['b', 'o2'])
c takes action: pick_up(['c', 'o3'])
d takes action: pick_up(['d', 'o4'])
a takes action: move_left_with_item(['a', 'o1'])
b takes action: move_left_with_item(['b', 'o2'])
Steps: 14
Time cost: 26.546345s
2025-10-11 17:59:41,242 EXP - __main__.Logger.exp:
a takes action: drop_item(['a', 'o3'])
b takes action: drop_item(['b', 'o4'])
c takes action: drop_item(['c', 'o1'])
d takes action: drop_item(['d', 'o2'])
a takes action: move_right_without_item(['a'])
b takes action: move_right_without_item(['b'])
c takes action: move_left_without_item(['c'])
d takes action: move_left_without_item(['d'])
a takes action: pick_up(['a', 'o1'])
b takes action: pick_up(['b', 'o2'])
c takes action: pick_up(['c', 'o3'])
d takes action: pick_up(['d', 'o4'])
a takes action: move_left_with_item(['a', 'o1'])
b takes action: move_left_with_item(['b', 'o2'])
Steps: 14
Time cost: 26.579699s
2025-10-11 18:00:07,556 EXP - __main__.Logger.exp:
a takes action: drop_item(['a', 'o3'])
b takes action: drop_item(['b', 'o4'])
c takes action: drop_item(['c', 'o1'])
d takes action: drop_item(['d', 'o2'])
a takes action: move_right_without_item(['a'])
b takes action: move_right_without_item(['b'])
c takes action: move_left_without_item(['c'])
d takes action: move_left_without_item(['d'])
a takes action: pick_up(['a', 'o1'])
b takes action: pick_up(['b', 'o2'])
c takes action: pick_up(['c', 'o3'])
d takes action: pick_up(['d', 'o4'])
a takes action: move_left_with_item(['a', 'o1'])
b takes action: move_left_with_item(['b', 'o2'])
Steps: 14
Time cost: 26.313633s
2025-10-11 18:00:07,556 EXP - __main__.Logger.exp:
Avg Steps: 14.0
Avg Time: 26.531766s
