2025-10-11 17:47:51,417 EXP - __main__.Logger.exp:
a takes action: drop_item(['a', 'i'])
b takes action: move_left_with_item(['b', 'j'])
a takes action: stay(['a'])
b takes action: drop_item(['b', 'j'])
a takes action: stay(['a'])
b takes action: pick_up(['b', 'i'])
a takes action: stay(['a'])
b takes action: move_right_with_item(['b', 'i'])
a takes action: pick_up(['a', 'j'])
b takes action: drop_item(['b', 'i'])
Steps: 10
Time cost: 0.502795s
2025-10-11 17:47:51,920 EXP - __main__.Logger.exp:
a takes action: drop_item(['a', 'i'])
b takes action: move_left_with_item(['b', 'j'])
a takes action: stay(['a'])
b takes action: drop_item(['b', 'j'])
a takes action: stay(['a'])
b takes action: pick_up(['b', 'i'])
a takes action: stay(['a'])
b takes action: move_right_with_item(['b', 'i'])
a takes action: pick_up(['a', 'j'])
b takes action: drop_item(['b', 'i'])
Steps: 10
Time cost: 0.502534s
2025-10-11 17:47:52,421 EXP - __main__.Logger.exp:
a takes action: drop_item(['a', 'i'])
b takes action: move_left_with_item(['b', 'j'])
a takes action: stay(['a'])
b takes action: drop_item(['b', 'j'])
a takes action: stay(['a'])
b takes action: pick_up(['b', 'i'])
a takes action: stay(['a'])
b takes action: move_right_with_item(['b', 'i'])
a takes action: pick_up(['a', 'j'])
b takes action: drop_item(['b', 'i'])
Steps: 10
Time cost: 0.500985s
2025-10-11 17:47:53,110 EXP - __main__.Logger.exp:
a takes action: drop_item(['a', 'i'])
b takes action: drop_item(['b', 'j'])
a takes action: stay(['a'])
b takes action: move_left_without_item(['b'])
a takes action: stay(['a'])
b takes action: pick_up(['b', 'i'])
a takes action: move_right_without_item(['a'])
b takes action: drop_item(['b', 'i'])
a takes action: pick_up(['a', 'j'])
Steps: 9
Time cost: 0.688847s
2025-10-11 17:47:53,798 EXP - __main__.Logger.exp:
a takes action: drop_item(['a', 'i'])
b takes action: drop_item(['b', 'j'])
a takes action: pick_up(['a', 'i'])
b takes action: move_left_without_item(['b'])
a takes action: drop_item(['a', 'i'])
b takes action: pick_up(['b', 'i'])
a takes action: move_right_without_item(['a'])
b takes action: drop_item(['b', 'i'])
a takes action: pick_up(['a', 'j'])
Steps: 9
Time cost: 0.687436s
2025-10-11 17:47:54,485 EXP - __main__.Logger.exp:
a takes action: drop_item(['a', 'i'])
b takes action: drop_item(['b', 'j'])
a takes action: pick_up(['a', 'i'])
b takes action: move_left_without_item(['b'])
a takes action: drop_item(['a', 'i'])
b takes action: pick_up(['b', 'i'])
a takes action: move_right_without_item(['a'])
b takes action: drop_item(['b', 'i'])
a takes action: pick_up(['a', 'j'])
Steps: 9
Time cost: 0.686591s
2025-10-11 17:47:54,988 EXP - __main__.Logger.exp:
a takes action: drop_item(['a', 'i'])
b takes action: move_left_with_item(['b', 'j'])
a takes action: stay(['a'])
b takes action: drop_item(['b', 'j'])
a takes action: stay(['a'])
b takes action: pick_up(['b', 'i'])
a takes action: stay(['a'])
b takes action: move_right_with_item(['b', 'i'])
a takes action: pick_up(['a', 'j'])
b takes action: drop_item(['b', 'i'])
Steps: 10
Time cost: 0.503610s
2025-10-11 17:47:55,649 EXP - __main__.Logger.exp:
a takes action: drop_item(['a', 'i'])
b takes action: drop_item(['b', 'j'])
a takes action: move_right_without_item(['a'])
b takes action: move_left_without_item(['b'])
a takes action: move_left_without_item(['a'])
b takes action: pick_up(['b', 'i'])
a takes action: move_right_without_item(['a'])
b takes action: drop_item(['b', 'i'])
a takes action: pick_up(['a', 'j'])
Steps: 9
Time cost: 0.660223s
2025-10-11 17:47:56,150 EXP - __main__.Logger.exp:
a takes action: drop_item(['a', 'i'])
b takes action: move_left_with_item(['b', 'j'])
a takes action: stay(['a'])
b takes action: drop_item(['b', 'j'])
a takes action: stay(['a'])
b takes action: pick_up(['b', 'i'])
a takes action: stay(['a'])
b takes action: move_right_with_item(['b', 'i'])
a takes action: pick_up(['a', 'j'])
b takes action: drop_item(['b', 'i'])
Steps: 10
Time cost: 0.500780s
2025-10-11 17:47:56,651 EXP - __main__.Logger.exp:
a takes action: drop_item(['a', 'i'])
b takes action: move_left_with_item(['b', 'j'])
a takes action: stay(['a'])
b takes action: drop_item(['b', 'j'])
a takes action: stay(['a'])
b takes action: pick_up(['b', 'i'])
a takes action: stay(['a'])
b takes action: move_right_with_item(['b', 'i'])
a takes action: pick_up(['a', 'j'])
b takes action: drop_item(['b', 'i'])
Steps: 10
Time cost: 0.501362s
2025-10-11 17:47:57,345 EXP - __main__.Logger.exp:
a takes action: drop_item(['a', 'i'])
b takes action: drop_item(['b', 'j'])
a takes action: pick_up(['a', 'i'])
b takes action: move_left_without_item(['b'])
a takes action: drop_item(['a', 'i'])
b takes action: pick_up(['b', 'i'])
a takes action: move_right_without_item(['a'])
b takes action: drop_item(['b', 'i'])
a takes action: pick_up(['a', 'j'])
Steps: 9
Time cost: 0.693494s
2025-10-11 17:47:58,005 EXP - __main__.Logger.exp:
a takes action: drop_item(['a', 'i'])
b takes action: drop_item(['b', 'j'])
a takes action: move_right_without_item(['a'])
b takes action: move_left_without_item(['b'])
a takes action: move_left_without_item(['a'])
b takes action: pick_up(['b', 'i'])
a takes action: move_right_without_item(['a'])
b takes action: drop_item(['b', 'i'])
a takes action: pick_up(['a', 'j'])
Steps: 9
Time cost: 0.660016s
2025-10-11 17:47:58,508 EXP - __main__.Logger.exp:
a takes action: drop_item(['a', 'i'])
b takes action: move_left_with_item(['b', 'j'])
a takes action: stay(['a'])
b takes action: drop_item(['b', 'j'])
a takes action: stay(['a'])
b takes action: pick_up(['b', 'i'])
a takes action: stay(['a'])
b takes action: move_right_with_item(['b', 'i'])
a takes action: pick_up(['a', 'j'])
b takes action: drop_item(['b', 'i'])
Steps: 10
Time cost: 0.502931s
2025-10-11 17:47:59,013 EXP - __main__.Logger.exp:
a takes action: drop_item(['a', 'i'])
b takes action: move_left_with_item(['b', 'j'])
a takes action: stay(['a'])
b takes action: drop_item(['b', 'j'])
a takes action: stay(['a'])
b takes action: pick_up(['b', 'i'])
a takes action: stay(['a'])
b takes action: move_right_with_item(['b', 'i'])
a takes action: pick_up(['a', 'j'])
b takes action: drop_item(['b', 'i'])
Steps: 10
Time cost: 0.504189s
2025-10-11 17:47:59,673 EXP - __main__.Logger.exp:
a takes action: drop_item(['a', 'i'])
b takes action: drop_item(['b', 'j'])
a takes action: move_right_without_item(['a'])
b takes action: move_left_without_item(['b'])
a takes action: move_left_without_item(['a'])
b takes action: pick_up(['b', 'i'])
a takes action: move_right_without_item(['a'])
b takes action: drop_item(['b', 'i'])
a takes action: pick_up(['a', 'j'])
Steps: 9
Time cost: 0.660009s
2025-10-11 17:48:00,174 EXP - __main__.Logger.exp:
a takes action: drop_item(['a', 'i'])
b takes action: move_left_with_item(['b', 'j'])
a takes action: stay(['a'])
b takes action: drop_item(['b', 'j'])
a takes action: stay(['a'])
b takes action: pick_up(['b', 'i'])
a takes action: stay(['a'])
b takes action: move_right_with_item(['b', 'i'])
a takes action: pick_up(['a', 'j'])
b takes action: drop_item(['b', 'i'])
Steps: 10
Time cost: 0.501219s
2025-10-11 17:48:00,675 EXP - __main__.Logger.exp:
a takes action: drop_item(['a', 'i'])
b takes action: move_left_with_item(['b', 'j'])
a takes action: stay(['a'])
b takes action: drop_item(['b', 'j'])
a takes action: stay(['a'])
b takes action: pick_up(['b', 'i'])
a takes action: stay(['a'])
b takes action: move_right_with_item(['b', 'i'])
a takes action: pick_up(['a', 'j'])
b takes action: drop_item(['b', 'i'])
Steps: 10
Time cost: 0.500538s
2025-10-11 17:48:01,178 EXP - __main__.Logger.exp:
a takes action: drop_item(['a', 'i'])
b takes action: move_left_with_item(['b', 'j'])
a takes action: stay(['a'])
b takes action: drop_item(['b', 'j'])
a takes action: stay(['a'])
b takes action: pick_up(['b', 'i'])
a takes action: stay(['a'])
b takes action: move_right_with_item(['b', 'i'])
a takes action: pick_up(['a', 'j'])
b takes action: drop_item(['b', 'i'])
Steps: 10
Time cost: 0.503489s
2025-10-11 17:48:01,680 EXP - __main__.Logger.exp:
a takes action: drop_item(['a', 'i'])
b takes action: move_left_with_item(['b', 'j'])
a takes action: stay(['a'])
b takes action: drop_item(['b', 'j'])
a takes action: stay(['a'])
b takes action: pick_up(['b', 'i'])
a takes action: stay(['a'])
b takes action: move_right_with_item(['b', 'i'])
a takes action: pick_up(['a', 'j'])
b takes action: drop_item(['b', 'i'])
Steps: 10
Time cost: 0.500944s
2025-10-11 17:48:02,180 EXP - __main__.Logger.exp:
a takes action: drop_item(['a', 'i'])
b takes action: move_left_with_item(['b', 'j'])
a takes action: stay(['a'])
b takes action: drop_item(['b', 'j'])
a takes action: stay(['a'])
b takes action: pick_up(['b', 'i'])
a takes action: stay(['a'])
b takes action: move_right_with_item(['b', 'i'])
a takes action: pick_up(['a', 'j'])
b takes action: drop_item(['b', 'i'])
Steps: 10
Time cost: 0.500196s
2025-10-11 17:48:02,868 EXP - __main__.Logger.exp:
a takes action: drop_item(['a', 'i'])
b takes action: drop_item(['b', 'j'])
a takes action: stay(['a'])
b takes action: move_left_without_item(['b'])
a takes action: stay(['a'])
b takes action: pick_up(['b', 'i'])
a takes action: move_right_without_item(['a'])
b takes action: drop_item(['b', 'i'])
a takes action: pick_up(['a', 'j'])
Steps: 9
Time cost: 0.687942s
2025-10-11 17:48:03,372 EXP - __main__.Logger.exp:
a takes action: drop_item(['a', 'i'])
b takes action: move_left_with_item(['b', 'j'])
a takes action: stay(['a'])
b takes action: drop_item(['b', 'j'])
a takes action: stay(['a'])
b takes action: pick_up(['b', 'i'])
a takes action: stay(['a'])
b takes action: move_right_with_item(['b', 'i'])
a takes action: pick_up(['a', 'j'])
b takes action: drop_item(['b', 'i'])
Steps: 10
Time cost: 0.504160s
2025-10-11 17:48:04,058 EXP - __main__.Logger.exp:
a takes action: drop_item(['a', 'i'])
b takes action: drop_item(['b', 'j'])
a takes action: pick_up(['a', 'i'])
b takes action: move_left_without_item(['b'])
a takes action: drop_item(['a', 'i'])
b takes action: pick_up(['b', 'i'])
a takes action: move_right_without_item(['a'])
b takes action: drop_item(['b', 'i'])
a takes action: pick_up(['a', 'j'])
Steps: 9
Time cost: 0.685695s
2025-10-11 17:48:04,743 EXP - __main__.Logger.exp:
a takes action: drop_item(['a', 'i'])
b takes action: drop_item(['b', 'j'])
a takes action: pick_up(['a', 'i'])
b takes action: move_left_without_item(['b'])
a takes action: drop_item(['a', 'i'])
b takes action: pick_up(['b', 'i'])
a takes action: move_right_without_item(['a'])
b takes action: drop_item(['b', 'i'])
a takes action: pick_up(['a', 'j'])
Steps: 9
Time cost: 0.685073s
2025-10-11 17:48:05,244 EXP - __main__.Logger.exp:
a takes action: drop_item(['a', 'i'])
b takes action: move_left_with_item(['b', 'j'])
a takes action: stay(['a'])
b takes action: drop_item(['b', 'j'])
a takes action: stay(['a'])
b takes action: pick_up(['b', 'i'])
a takes action: stay(['a'])
b takes action: move_right_with_item(['b', 'i'])
a takes action: pick_up(['a', 'j'])
b takes action: drop_item(['b', 'i'])
Steps: 10
Time cost: 0.500423s
2025-10-11 17:48:05,905 EXP - __main__.Logger.exp:
a takes action: drop_item(['a', 'i'])
b takes action: drop_item(['b', 'j'])
a takes action: move_right_without_item(['a'])
b takes action: move_left_without_item(['b'])
a takes action: move_left_without_item(['a'])
b takes action: pick_up(['b', 'i'])
a takes action: move_right_without_item(['a'])
b takes action: drop_item(['b', 'i'])
a takes action: pick_up(['a', 'j'])
Steps: 9
Time cost: 0.661237s
2025-10-11 17:48:06,405 EXP - __main__.Logger.exp:
a takes action: drop_item(['a', 'i'])
b takes action: move_left_with_item(['b', 'j'])
a takes action: stay(['a'])
b takes action: drop_item(['b', 'j'])
a takes action: stay(['a'])
b takes action: pick_up(['b', 'i'])
a takes action: stay(['a'])
b takes action: move_right_with_item(['b', 'i'])
a takes action: pick_up(['a', 'j'])
b takes action: drop_item(['b', 'i'])
Steps: 10
Time cost: 0.499695s
2025-10-11 17:48:07,092 EXP - __main__.Logger.exp:
a takes action: drop_item(['a', 'i'])
b takes action: drop_item(['b', 'j'])
a takes action: stay(['a'])
b takes action: move_left_without_item(['b'])
a takes action: stay(['a'])
b takes action: pick_up(['b', 'i'])
a takes action: move_right_without_item(['a'])
b takes action: drop_item(['b', 'i'])
a takes action: pick_up(['a', 'j'])
Steps: 9
Time cost: 0.686537s
2025-10-11 17:48:07,597 EXP - __main__.Logger.exp:
a takes action: drop_item(['a', 'i'])
b takes action: move_left_with_item(['b', 'j'])
a takes action: stay(['a'])
b takes action: drop_item(['b', 'j'])
a takes action: stay(['a'])
b takes action: pick_up(['b', 'i'])
a takes action: stay(['a'])
b takes action: move_right_with_item(['b', 'i'])
a takes action: pick_up(['a', 'j'])
b takes action: drop_item(['b', 'i'])
Steps: 10
Time cost: 0.504673s
2025-10-11 17:48:08,256 EXP - __main__.Logger.exp:
a takes action: drop_item(['a', 'i'])
b takes action: drop_item(['b', 'j'])
a takes action: move_right_without_item(['a'])
b takes action: move_left_without_item(['b'])
a takes action: move_left_without_item(['a'])
b takes action: pick_up(['b', 'i'])
a takes action: move_right_without_item(['a'])
b takes action: drop_item(['b', 'i'])
a takes action: pick_up(['a', 'j'])
Steps: 9
Time cost: 0.658578s
2025-10-11 17:48:08,757 EXP - __main__.Logger.exp:
a takes action: drop_item(['a', 'i'])
b takes action: move_left_with_item(['b', 'j'])
a takes action: stay(['a'])
b takes action: drop_item(['b', 'j'])
a takes action: stay(['a'])
b takes action: pick_up(['b', 'i'])
a takes action: stay(['a'])
b takes action: move_right_with_item(['b', 'i'])
a takes action: pick_up(['a', 'j'])
b takes action: drop_item(['b', 'i'])
Steps: 10
Time cost: 0.501120s
2025-10-11 17:48:09,257 EXP - __main__.Logger.exp:
a takes action: drop_item(['a', 'i'])
b takes action: move_left_with_item(['b', 'j'])
a takes action: stay(['a'])
b takes action: drop_item(['b', 'j'])
a takes action: stay(['a'])
b takes action: pick_up(['b', 'i'])
a takes action: stay(['a'])
b takes action: move_right_with_item(['b', 'i'])
a takes action: pick_up(['a', 'j'])
b takes action: drop_item(['b', 'i'])
Steps: 10
Time cost: 0.499722s
2025-10-11 17:48:09,945 EXP - __main__.Logger.exp:
a takes action: drop_item(['a', 'i'])
b takes action: drop_item(['b', 'j'])
a takes action: pick_up(['a', 'i'])
b takes action: move_left_without_item(['b'])
a takes action: drop_item(['a', 'i'])
b takes action: pick_up(['b', 'i'])
a takes action: move_right_without_item(['a'])
b takes action: drop_item(['b', 'i'])
a takes action: pick_up(['a', 'j'])
Steps: 9
Time cost: 0.687841s
2025-10-11 17:48:10,445 EXP - __main__.Logger.exp:
a takes action: drop_item(['a', 'i'])
b takes action: move_left_with_item(['b', 'j'])
a takes action: stay(['a'])
b takes action: drop_item(['b', 'j'])
a takes action: stay(['a'])
b takes action: pick_up(['b', 'i'])
a takes action: stay(['a'])
b takes action: move_right_with_item(['b', 'i'])
a takes action: pick_up(['a', 'j'])
b takes action: drop_item(['b', 'i'])
Steps: 10
Time cost: 0.499878s
2025-10-11 17:48:11,129 EXP - __main__.Logger.exp:
a takes action: drop_item(['a', 'i'])
b takes action: drop_item(['b', 'j'])
a takes action: pick_up(['a', 'i'])
b takes action: move_left_without_item(['b'])
a takes action: drop_item(['a', 'i'])
b takes action: pick_up(['b', 'i'])
a takes action: move_right_without_item(['a'])
b takes action: drop_item(['b', 'i'])
a takes action: pick_up(['a', 'j'])
Steps: 9
Time cost: 0.684255s
2025-10-11 17:48:11,817 EXP - __main__.Logger.exp:
a takes action: drop_item(['a', 'i'])
b takes action: drop_item(['b', 'j'])
a takes action: stay(['a'])
b takes action: move_left_without_item(['b'])
a takes action: stay(['a'])
b takes action: pick_up(['b', 'i'])
a takes action: move_right_without_item(['a'])
b takes action: drop_item(['b', 'i'])
a takes action: pick_up(['a', 'j'])
Steps: 9
Time cost: 0.688088s
2025-10-11 17:48:12,318 EXP - __main__.Logger.exp:
a takes action: drop_item(['a', 'i'])
b takes action: move_left_with_item(['b', 'j'])
a takes action: stay(['a'])
b takes action: drop_item(['b', 'j'])
a takes action: stay(['a'])
b takes action: pick_up(['b', 'i'])
a takes action: stay(['a'])
b takes action: move_right_with_item(['b', 'i'])
a takes action: pick_up(['a', 'j'])
b takes action: drop_item(['b', 'i'])
Steps: 10
Time cost: 0.500651s
2025-10-11 17:48:12,819 EXP - __main__.Logger.exp:
a takes action: drop_item(['a', 'i'])
b takes action: move_left_with_item(['b', 'j'])
a takes action: stay(['a'])
b takes action: drop_item(['b', 'j'])
a takes action: stay(['a'])
b takes action: pick_up(['b', 'i'])
a takes action: stay(['a'])
b takes action: move_right_with_item(['b', 'i'])
a takes action: pick_up(['a', 'j'])
b takes action: drop_item(['b', 'i'])
Steps: 10
Time cost: 0.500884s
2025-10-11 17:48:13,318 EXP - __main__.Logger.exp:
a takes action: drop_item(['a', 'i'])
b takes action: move_left_with_item(['b', 'j'])
a takes action: stay(['a'])
b takes action: drop_item(['b', 'j'])
a takes action: stay(['a'])
b takes action: pick_up(['b', 'i'])
a takes action: stay(['a'])
b takes action: move_right_with_item(['b', 'i'])
a takes action: pick_up(['a', 'j'])
b takes action: drop_item(['b', 'i'])
Steps: 10
Time cost: 0.498846s
2025-10-11 17:48:13,822 EXP - __main__.Logger.exp:
a takes action: drop_item(['a', 'i'])
b takes action: move_left_with_item(['b', 'j'])
a takes action: stay(['a'])
b takes action: drop_item(['b', 'j'])
a takes action: stay(['a'])
b takes action: pick_up(['b', 'i'])
a takes action: stay(['a'])
b takes action: move_right_with_item(['b', 'i'])
a takes action: pick_up(['a', 'j'])
b takes action: drop_item(['b', 'i'])
Steps: 10
Time cost: 0.503723s
2025-10-11 17:48:14,510 EXP - __main__.Logger.exp:
a takes action: drop_item(['a', 'i'])
b takes action: drop_item(['b', 'j'])
a takes action: stay(['a'])
b takes action: move_left_without_item(['b'])
a takes action: stay(['a'])
b takes action: pick_up(['b', 'i'])
a takes action: move_right_without_item(['a'])
b takes action: drop_item(['b', 'i'])
a takes action: pick_up(['a', 'j'])
Steps: 9
Time cost: 0.687549s
2025-10-11 17:48:15,198 EXP - __main__.Logger.exp:
a takes action: drop_item(['a', 'i'])
b takes action: drop_item(['b', 'j'])
a takes action: stay(['a'])
b takes action: move_left_without_item(['b'])
a takes action: stay(['a'])
b takes action: pick_up(['b', 'i'])
a takes action: move_right_without_item(['a'])
b takes action: drop_item(['b', 'i'])
a takes action: pick_up(['a', 'j'])
Steps: 9
Time cost: 0.687931s
2025-10-11 17:48:15,857 EXP - __main__.Logger.exp:
a takes action: drop_item(['a', 'i'])
b takes action: drop_item(['b', 'j'])
a takes action: move_right_without_item(['a'])
b takes action: move_left_without_item(['b'])
a takes action: move_left_without_item(['a'])
b takes action: pick_up(['b', 'i'])
a takes action: move_right_without_item(['a'])
b takes action: drop_item(['b', 'i'])
a takes action: pick_up(['a', 'j'])
Steps: 9
Time cost: 0.658716s
2025-10-11 17:48:16,360 EXP - __main__.Logger.exp:
a takes action: drop_item(['a', 'i'])
b takes action: move_left_with_item(['b', 'j'])
a takes action: stay(['a'])
b takes action: drop_item(['b', 'j'])
a takes action: stay(['a'])
b takes action: pick_up(['b', 'i'])
a takes action: stay(['a'])
b takes action: move_right_with_item(['b', 'i'])
a takes action: pick_up(['a', 'j'])
b takes action: drop_item(['b', 'i'])
Steps: 10
Time cost: 0.502964s
2025-10-11 17:48:16,860 EXP - __main__.Logger.exp:
a takes action: drop_item(['a', 'i'])
b takes action: move_left_with_item(['b', 'j'])
a takes action: stay(['a'])
b takes action: drop_item(['b', 'j'])
a takes action: stay(['a'])
b takes action: pick_up(['b', 'i'])
a takes action: stay(['a'])
b takes action: move_right_with_item(['b', 'i'])
a takes action: pick_up(['a', 'j'])
b takes action: drop_item(['b', 'i'])
Steps: 10
Time cost: 0.499901s
2025-10-11 17:48:17,518 EXP - __main__.Logger.exp:
a takes action: drop_item(['a', 'i'])
b takes action: drop_item(['b', 'j'])
a takes action: move_right_without_item(['a'])
b takes action: move_left_without_item(['b'])
a takes action: move_left_without_item(['a'])
b takes action: pick_up(['b', 'i'])
a takes action: move_right_without_item(['a'])
b takes action: drop_item(['b', 'i'])
a takes action: pick_up(['a', 'j'])
Steps: 9
Time cost: 0.657999s
2025-10-11 17:48:18,181 EXP - __main__.Logger.exp:
a takes action: drop_item(['a', 'i'])
b takes action: drop_item(['b', 'j'])
a takes action: move_right_without_item(['a'])
b takes action: move_left_without_item(['b'])
a takes action: move_left_without_item(['a'])
b takes action: pick_up(['b', 'i'])
a takes action: move_right_without_item(['a'])
b takes action: drop_item(['b', 'i'])
a takes action: pick_up(['a', 'j'])
Steps: 9
Time cost: 0.663043s
2025-10-11 17:48:18,682 EXP - __main__.Logger.exp:
a takes action: drop_item(['a', 'i'])
b takes action: move_left_with_item(['b', 'j'])
a takes action: stay(['a'])
b takes action: drop_item(['b', 'j'])
a takes action: stay(['a'])
b takes action: pick_up(['b', 'i'])
a takes action: stay(['a'])
b takes action: move_right_with_item(['b', 'i'])
a takes action: pick_up(['a', 'j'])
b takes action: drop_item(['b', 'i'])
Steps: 10
Time cost: 0.500229s
2025-10-11 17:48:19,182 EXP - __main__.Logger.exp:
a takes action: drop_item(['a', 'i'])
b takes action: move_left_with_item(['b', 'j'])
a takes action: stay(['a'])
b takes action: drop_item(['b', 'j'])
a takes action: stay(['a'])
b takes action: pick_up(['b', 'i'])
a takes action: stay(['a'])
b takes action: move_right_with_item(['b', 'i'])
a takes action: pick_up(['a', 'j'])
b takes action: drop_item(['b', 'i'])
Steps: 10
Time cost: 0.500068s
2025-10-11 17:48:19,682 EXP - __main__.Logger.exp:
a takes action: drop_item(['a', 'i'])
b takes action: move_left_with_item(['b', 'j'])
a takes action: stay(['a'])
b takes action: drop_item(['b', 'j'])
a takes action: stay(['a'])
b takes action: pick_up(['b', 'i'])
a takes action: stay(['a'])
b takes action: move_right_with_item(['b', 'i'])
a takes action: pick_up(['a', 'j'])
b takes action: drop_item(['b', 'i'])
Steps: 10
Time cost: 0.499766s
2025-10-11 17:48:20,372 EXP - __main__.Logger.exp:
a takes action: drop_item(['a', 'i'])
b takes action: drop_item(['b', 'j'])
a takes action: stay(['a'])
b takes action: move_left_without_item(['b'])
a takes action: stay(['a'])
b takes action: pick_up(['b', 'i'])
a takes action: move_right_without_item(['a'])
b takes action: drop_item(['b', 'i'])
a takes action: pick_up(['a', 'j'])
Steps: 9
Time cost: 0.689687s
2025-10-11 17:48:20,872 EXP - __main__.Logger.exp:
a takes action: drop_item(['a', 'i'])
b takes action: move_left_with_item(['b', 'j'])
a takes action: stay(['a'])
b takes action: drop_item(['b', 'j'])
a takes action: stay(['a'])
b takes action: pick_up(['b', 'i'])
a takes action: stay(['a'])
b takes action: move_right_with_item(['b', 'i'])
a takes action: pick_up(['a', 'j'])
b takes action: drop_item(['b', 'i'])
Steps: 10
Time cost: 0.500596s
2025-10-11 17:48:21,532 EXP - __main__.Logger.exp:
a takes action: drop_item(['a', 'i'])
b takes action: drop_item(['b', 'j'])
a takes action: move_right_without_item(['a'])
b takes action: move_left_without_item(['b'])
a takes action: move_left_without_item(['a'])
b takes action: pick_up(['b', 'i'])
a takes action: move_right_without_item(['a'])
b takes action: drop_item(['b', 'i'])
a takes action: pick_up(['a', 'j'])
Steps: 9
Time cost: 0.659338s
2025-10-11 17:48:22,032 EXP - __main__.Logger.exp:
a takes action: drop_item(['a', 'i'])
b takes action: move_left_with_item(['b', 'j'])
a takes action: stay(['a'])
b takes action: drop_item(['b', 'j'])
a takes action: stay(['a'])
b takes action: pick_up(['b', 'i'])
a takes action: stay(['a'])
b takes action: move_right_with_item(['b', 'i'])
a takes action: pick_up(['a', 'j'])
b takes action: drop_item(['b', 'i'])
Steps: 10
Time cost: 0.499685s
2025-10-11 17:48:22,720 EXP - __main__.Logger.exp:
a takes action: drop_item(['a', 'i'])
b takes action: drop_item(['b', 'j'])
a takes action: pick_up(['a', 'i'])
b takes action: move_left_without_item(['b'])
a takes action: drop_item(['a', 'i'])
b takes action: pick_up(['b', 'i'])
a takes action: move_right_without_item(['a'])
b takes action: drop_item(['b', 'i'])
a takes action: pick_up(['a', 'j'])
Steps: 9
Time cost: 0.688200s
2025-10-11 17:48:23,221 EXP - __main__.Logger.exp:
a takes action: drop_item(['a', 'i'])
b takes action: move_left_with_item(['b', 'j'])
a takes action: stay(['a'])
b takes action: drop_item(['b', 'j'])
a takes action: stay(['a'])
b takes action: pick_up(['b', 'i'])
a takes action: stay(['a'])
b takes action: move_right_with_item(['b', 'i'])
a takes action: pick_up(['a', 'j'])
b takes action: drop_item(['b', 'i'])
Steps: 10
Time cost: 0.501138s
2025-10-11 17:48:23,882 EXP - __main__.Logger.exp:
a takes action: drop_item(['a', 'i'])
b takes action: drop_item(['b', 'j'])
a takes action: move_right_without_item(['a'])
b takes action: move_left_without_item(['b'])
a takes action: move_left_without_item(['a'])
b takes action: pick_up(['b', 'i'])
a takes action: move_right_without_item(['a'])
b takes action: drop_item(['b', 'i'])
a takes action: pick_up(['a', 'j'])
Steps: 9
Time cost: 0.660031s
2025-10-11 17:48:24,571 EXP - __main__.Logger.exp:
a takes action: drop_item(['a', 'i'])
b takes action: drop_item(['b', 'j'])
a takes action: pick_up(['a', 'i'])
b takes action: move_left_without_item(['b'])
a takes action: drop_item(['a', 'i'])
b takes action: pick_up(['b', 'i'])
a takes action: move_right_without_item(['a'])
b takes action: drop_item(['b', 'i'])
a takes action: pick_up(['a', 'j'])
Steps: 9
Time cost: 0.689071s
2025-10-11 17:48:25,230 EXP - __main__.Logger.exp:
a takes action: drop_item(['a', 'i'])
b takes action: drop_item(['b', 'j'])
a takes action: move_right_without_item(['a'])
b takes action: move_left_without_item(['b'])
a takes action: move_left_without_item(['a'])
b takes action: pick_up(['b', 'i'])
a takes action: move_right_without_item(['a'])
b takes action: drop_item(['b', 'i'])
a takes action: pick_up(['a', 'j'])
Steps: 9
Time cost: 0.658471s
2025-10-11 17:48:25,731 EXP - __main__.Logger.exp:
a takes action: drop_item(['a', 'i'])
b takes action: move_left_with_item(['b', 'j'])
a takes action: stay(['a'])
b takes action: drop_item(['b', 'j'])
a takes action: stay(['a'])
b takes action: pick_up(['b', 'i'])
a takes action: stay(['a'])
b takes action: move_right_with_item(['b', 'i'])
a takes action: pick_up(['a', 'j'])
b takes action: drop_item(['b', 'i'])
Steps: 10
Time cost: 0.500941s
2025-10-11 17:48:26,417 EXP - __main__.Logger.exp:
a takes action: drop_item(['a', 'i'])
b takes action: drop_item(['b', 'j'])
a takes action: pick_up(['a', 'i'])
b takes action: move_left_without_item(['b'])
a takes action: drop_item(['a', 'i'])
b takes action: pick_up(['b', 'i'])
a takes action: move_right_without_item(['a'])
b takes action: drop_item(['b', 'i'])
a takes action: pick_up(['a', 'j'])
Steps: 9
Time cost: 0.685932s
2025-10-11 17:48:27,104 EXP - __main__.Logger.exp:
a takes action: drop_item(['a', 'i'])
b takes action: drop_item(['b', 'j'])
a takes action: pick_up(['a', 'i'])
b takes action: move_left_without_item(['b'])
a takes action: drop_item(['a', 'i'])
b takes action: pick_up(['b', 'i'])
a takes action: move_right_without_item(['a'])
b takes action: drop_item(['b', 'i'])
a takes action: pick_up(['a', 'j'])
Steps: 9
Time cost: 0.687128s
2025-10-11 17:48:27,605 EXP - __main__.Logger.exp:
a takes action: drop_item(['a', 'i'])
b takes action: move_left_with_item(['b', 'j'])
a takes action: stay(['a'])
b takes action: drop_item(['b', 'j'])
a takes action: stay(['a'])
b takes action: pick_up(['b', 'i'])
a takes action: stay(['a'])
b takes action: move_right_with_item(['b', 'i'])
a takes action: pick_up(['a', 'j'])
b takes action: drop_item(['b', 'i'])
Steps: 10
Time cost: 0.500522s
2025-10-11 17:48:28,104 EXP - __main__.Logger.exp:
a takes action: drop_item(['a', 'i'])
b takes action: move_left_with_item(['b', 'j'])
a takes action: stay(['a'])
b takes action: drop_item(['b', 'j'])
a takes action: stay(['a'])
b takes action: pick_up(['b', 'i'])
a takes action: stay(['a'])
b takes action: move_right_with_item(['b', 'i'])
a takes action: pick_up(['a', 'j'])
b takes action: drop_item(['b', 'i'])
Steps: 10
Time cost: 0.499485s
2025-10-11 17:48:28,793 EXP - __main__.Logger.exp:
a takes action: drop_item(['a', 'i'])
b takes action: drop_item(['b', 'j'])
a takes action: stay(['a'])
b takes action: move_left_without_item(['b'])
a takes action: stay(['a'])
b takes action: pick_up(['b', 'i'])
a takes action: move_right_without_item(['a'])
b takes action: drop_item(['b', 'i'])
a takes action: pick_up(['a', 'j'])
Steps: 9
Time cost: 0.688015s
2025-10-11 17:48:29,292 EXP - __main__.Logger.exp:
a takes action: drop_item(['a', 'i'])
b takes action: move_left_with_item(['b', 'j'])
a takes action: stay(['a'])
b takes action: drop_item(['b', 'j'])
a takes action: stay(['a'])
b takes action: pick_up(['b', 'i'])
a takes action: stay(['a'])
b takes action: move_right_with_item(['b', 'i'])
a takes action: pick_up(['a', 'j'])
b takes action: drop_item(['b', 'i'])
Steps: 10
Time cost: 0.499809s
2025-10-11 17:48:29,980 EXP - __main__.Logger.exp:
a takes action: drop_item(['a', 'i'])
b takes action: drop_item(['b', 'j'])
a takes action: stay(['a'])
b takes action: move_left_without_item(['b'])
a takes action: stay(['a'])
b takes action: pick_up(['b', 'i'])
a takes action: move_right_without_item(['a'])
b takes action: drop_item(['b', 'i'])
a takes action: pick_up(['a', 'j'])
Steps: 9
Time cost: 0.687212s
2025-10-11 17:48:30,479 EXP - __main__.Logger.exp:
a takes action: drop_item(['a', 'i'])
b takes action: move_left_with_item(['b', 'j'])
a takes action: stay(['a'])
b takes action: drop_item(['b', 'j'])
a takes action: stay(['a'])
b takes action: pick_up(['b', 'i'])
a takes action: stay(['a'])
b takes action: move_right_with_item(['b', 'i'])
a takes action: pick_up(['a', 'j'])
b takes action: drop_item(['b', 'i'])
Steps: 10
Time cost: 0.499017s
2025-10-11 17:48:31,169 EXP - __main__.Logger.exp:
a takes action: drop_item(['a', 'i'])
b takes action: drop_item(['b', 'j'])
a takes action: stay(['a'])
b takes action: move_left_without_item(['b'])
a takes action: stay(['a'])
b takes action: pick_up(['b', 'i'])
a takes action: move_right_without_item(['a'])
b takes action: drop_item(['b', 'i'])
a takes action: pick_up(['a', 'j'])
Steps: 9
Time cost: 0.690176s
2025-10-11 17:48:31,855 EXP - __main__.Logger.exp:
a takes action: drop_item(['a', 'i'])
b takes action: drop_item(['b', 'j'])
a takes action: pick_up(['a', 'i'])
b takes action: move_left_without_item(['b'])
a takes action: drop_item(['a', 'i'])
b takes action: pick_up(['b', 'i'])
a takes action: move_right_without_item(['a'])
b takes action: drop_item(['b', 'i'])
a takes action: pick_up(['a', 'j'])
Steps: 9
Time cost: 0.685282s
2025-10-11 17:48:32,355 EXP - __main__.Logger.exp:
a takes action: drop_item(['a', 'i'])
b takes action: move_left_with_item(['b', 'j'])
a takes action: stay(['a'])
b takes action: drop_item(['b', 'j'])
a takes action: stay(['a'])
b takes action: pick_up(['b', 'i'])
a takes action: stay(['a'])
b takes action: move_right_with_item(['b', 'i'])
a takes action: pick_up(['a', 'j'])
b takes action: drop_item(['b', 'i'])
Steps: 10
Time cost: 0.500228s
2025-10-11 17:48:32,856 EXP - __main__.Logger.exp:
a takes action: drop_item(['a', 'i'])
b takes action: move_left_with_item(['b', 'j'])
a takes action: stay(['a'])
b takes action: drop_item(['b', 'j'])
a takes action: stay(['a'])
b takes action: pick_up(['b', 'i'])
a takes action: stay(['a'])
b takes action: move_right_with_item(['b', 'i'])
a takes action: pick_up(['a', 'j'])
b takes action: drop_item(['b', 'i'])
Steps: 10
Time cost: 0.500523s
2025-10-11 17:48:33,517 EXP - __main__.Logger.exp:
a takes action: drop_item(['a', 'i'])
b takes action: drop_item(['b', 'j'])
a takes action: move_right_without_item(['a'])
b takes action: move_left_without_item(['b'])
a takes action: move_left_without_item(['a'])
b takes action: pick_up(['b', 'i'])
a takes action: move_right_without_item(['a'])
b takes action: drop_item(['b', 'i'])
a takes action: pick_up(['a', 'j'])
Steps: 9
Time cost: 0.661380s
2025-10-11 17:48:34,205 EXP - __main__.Logger.exp:
a takes action: drop_item(['a', 'i'])
b takes action: drop_item(['b', 'j'])
a takes action: stay(['a'])
b takes action: move_left_without_item(['b'])
a takes action: stay(['a'])
b takes action: pick_up(['b', 'i'])
a takes action: move_right_without_item(['a'])
b takes action: drop_item(['b', 'i'])
a takes action: pick_up(['a', 'j'])
Steps: 9
Time cost: 0.687170s
2025-10-11 17:48:34,890 EXP - __main__.Logger.exp:
a takes action: drop_item(['a', 'i'])
b takes action: drop_item(['b', 'j'])
a takes action: pick_up(['a', 'i'])
b takes action: move_left_without_item(['b'])
a takes action: drop_item(['a', 'i'])
b takes action: pick_up(['b', 'i'])
a takes action: move_right_without_item(['a'])
b takes action: drop_item(['b', 'i'])
a takes action: pick_up(['a', 'j'])
Steps: 9
Time cost: 0.685595s
2025-10-11 17:48:35,393 EXP - __main__.Logger.exp:
a takes action: drop_item(['a', 'i'])
b takes action: move_left_with_item(['b', 'j'])
a takes action: stay(['a'])
b takes action: drop_item(['b', 'j'])
a takes action: stay(['a'])
b takes action: pick_up(['b', 'i'])
a takes action: stay(['a'])
b takes action: move_right_with_item(['b', 'i'])
a takes action: pick_up(['a', 'j'])
b takes action: drop_item(['b', 'i'])
Steps: 10
Time cost: 0.502633s
2025-10-11 17:48:35,894 EXP - __main__.Logger.exp:
a takes action: drop_item(['a', 'i'])
b takes action: move_left_with_item(['b', 'j'])
a takes action: stay(['a'])
b takes action: drop_item(['b', 'j'])
a takes action: stay(['a'])
b takes action: pick_up(['b', 'i'])
a takes action: stay(['a'])
b takes action: move_right_with_item(['b', 'i'])
a takes action: pick_up(['a', 'j'])
b takes action: drop_item(['b', 'i'])
Steps: 10
Time cost: 0.500271s
2025-10-11 17:48:36,552 EXP - __main__.Logger.exp:
a takes action: drop_item(['a', 'i'])
b takes action: drop_item(['b', 'j'])
a takes action: move_right_without_item(['a'])
b takes action: move_left_without_item(['b'])
a takes action: move_left_without_item(['a'])
b takes action: pick_up(['b', 'i'])
a takes action: move_right_without_item(['a'])
b takes action: drop_item(['b', 'i'])
a takes action: pick_up(['a', 'j'])
Steps: 9
Time cost: 0.657732s
2025-10-11 17:48:37,240 EXP - __main__.Logger.exp:
a takes action: drop_item(['a', 'i'])
b takes action: drop_item(['b', 'j'])
a takes action: stay(['a'])
b takes action: move_left_without_item(['b'])
a takes action: stay(['a'])
b takes action: pick_up(['b', 'i'])
a takes action: move_right_without_item(['a'])
b takes action: drop_item(['b', 'i'])
a takes action: pick_up(['a', 'j'])
Steps: 9
Time cost: 0.687933s
2025-10-11 17:48:37,744 EXP - __main__.Logger.exp:
a takes action: drop_item(['a', 'i'])
b takes action: move_left_with_item(['b', 'j'])
a takes action: stay(['a'])
b takes action: drop_item(['b', 'j'])
a takes action: stay(['a'])
b takes action: pick_up(['b', 'i'])
a takes action: stay(['a'])
b takes action: move_right_with_item(['b', 'i'])
a takes action: pick_up(['a', 'j'])
b takes action: drop_item(['b', 'i'])
Steps: 10
Time cost: 0.503965s
2025-10-11 17:48:38,245 EXP - __main__.Logger.exp:
a takes action: drop_item(['a', 'i'])
b takes action: move_left_with_item(['b', 'j'])
a takes action: stay(['a'])
b takes action: drop_item(['b', 'j'])
a takes action: stay(['a'])
b takes action: pick_up(['b', 'i'])
a takes action: stay(['a'])
b takes action: move_right_with_item(['b', 'i'])
a takes action: pick_up(['a', 'j'])
b takes action: drop_item(['b', 'i'])
Steps: 10
Time cost: 0.500910s
2025-10-11 17:48:38,745 EXP - __main__.Logger.exp:
a takes action: drop_item(['a', 'i'])
b takes action: move_left_with_item(['b', 'j'])
a takes action: stay(['a'])
b takes action: drop_item(['b', 'j'])
a takes action: stay(['a'])
b takes action: pick_up(['b', 'i'])
a takes action: stay(['a'])
b takes action: move_right_with_item(['b', 'i'])
a takes action: pick_up(['a', 'j'])
b takes action: drop_item(['b', 'i'])
Steps: 10
Time cost: 0.499482s
2025-10-11 17:48:39,432 EXP - __main__.Logger.exp:
a takes action: drop_item(['a', 'i'])
b takes action: drop_item(['b', 'j'])
a takes action: pick_up(['a', 'i'])
b takes action: move_left_without_item(['b'])
a takes action: drop_item(['a', 'i'])
b takes action: pick_up(['b', 'i'])
a takes action: move_right_without_item(['a'])
b takes action: drop_item(['b', 'i'])
a takes action: pick_up(['a', 'j'])
Steps: 9
Time cost: 0.687447s
2025-10-11 17:48:39,932 EXP - __main__.Logger.exp:
a takes action: drop_item(['a', 'i'])
b takes action: move_left_with_item(['b', 'j'])
a takes action: stay(['a'])
b takes action: drop_item(['b', 'j'])
a takes action: stay(['a'])
b takes action: pick_up(['b', 'i'])
a takes action: stay(['a'])
b takes action: move_right_with_item(['b', 'i'])
a takes action: pick_up(['a', 'j'])
b takes action: drop_item(['b', 'i'])
Steps: 10
Time cost: 0.499713s
2025-10-11 17:48:40,433 EXP - __main__.Logger.exp:
a takes action: drop_item(['a', 'i'])
b takes action: move_left_with_item(['b', 'j'])
a takes action: stay(['a'])
b takes action: drop_item(['b', 'j'])
a takes action: stay(['a'])
b takes action: pick_up(['b', 'i'])
a takes action: stay(['a'])
b takes action: move_right_with_item(['b', 'i'])
a takes action: pick_up(['a', 'j'])
b takes action: drop_item(['b', 'i'])
Steps: 10
Time cost: 0.501188s
2025-10-11 17:48:40,934 EXP - __main__.Logger.exp:
a takes action: drop_item(['a', 'i'])
b takes action: move_left_with_item(['b', 'j'])
a takes action: stay(['a'])
b takes action: drop_item(['b', 'j'])
a takes action: stay(['a'])
b takes action: pick_up(['b', 'i'])
a takes action: stay(['a'])
b takes action: move_right_with_item(['b', 'i'])
a takes action: pick_up(['a', 'j'])
b takes action: drop_item(['b', 'i'])
Steps: 10
Time cost: 0.500420s
2025-10-11 17:48:41,622 EXP - __main__.Logger.exp:
a takes action: drop_item(['a', 'i'])
b takes action: drop_item(['b', 'j'])
a takes action: pick_up(['a', 'i'])
b takes action: move_left_without_item(['b'])
a takes action: drop_item(['a', 'i'])
b takes action: pick_up(['b', 'i'])
a takes action: move_right_without_item(['a'])
b takes action: drop_item(['b', 'i'])
a takes action: pick_up(['a', 'j'])
Steps: 9
Time cost: 0.688023s
2025-10-11 17:48:42,308 EXP - __main__.Logger.exp:
a takes action: drop_item(['a', 'i'])
b takes action: drop_item(['b', 'j'])
a takes action: stay(['a'])
b takes action: move_left_without_item(['b'])
a takes action: stay(['a'])
b takes action: pick_up(['b', 'i'])
a takes action: move_right_without_item(['a'])
b takes action: drop_item(['b', 'i'])
a takes action: pick_up(['a', 'j'])
Steps: 9
Time cost: 0.686066s
2025-10-11 17:48:42,994 EXP - __main__.Logger.exp:
a takes action: drop_item(['a', 'i'])
b takes action: drop_item(['b', 'j'])
a takes action: pick_up(['a', 'i'])
b takes action: move_left_without_item(['b'])
a takes action: drop_item(['a', 'i'])
b takes action: pick_up(['b', 'i'])
a takes action: move_right_without_item(['a'])
b takes action: drop_item(['b', 'i'])
a takes action: pick_up(['a', 'j'])
Steps: 9
Time cost: 0.685898s
2025-10-11 17:48:43,495 EXP - __main__.Logger.exp:
a takes action: drop_item(['a', 'i'])
b takes action: move_left_with_item(['b', 'j'])
a takes action: stay(['a'])
b takes action: drop_item(['b', 'j'])
a takes action: stay(['a'])
b takes action: pick_up(['b', 'i'])
a takes action: stay(['a'])
b takes action: move_right_with_item(['b', 'i'])
a takes action: pick_up(['a', 'j'])
b takes action: drop_item(['b', 'i'])
Steps: 10
Time cost: 0.500683s
2025-10-11 17:48:43,998 EXP - __main__.Logger.exp:
a takes action: drop_item(['a', 'i'])
b takes action: move_left_with_item(['b', 'j'])
a takes action: stay(['a'])
b takes action: drop_item(['b', 'j'])
a takes action: stay(['a'])
b takes action: pick_up(['b', 'i'])
a takes action: stay(['a'])
b takes action: move_right_with_item(['b', 'i'])
a takes action: pick_up(['a', 'j'])
b takes action: drop_item(['b', 'i'])
Steps: 10
Time cost: 0.503065s
2025-10-11 17:48:44,657 EXP - __main__.Logger.exp:
a takes action: drop_item(['a', 'i'])
b takes action: drop_item(['b', 'j'])
a takes action: move_right_without_item(['a'])
b takes action: move_left_without_item(['b'])
a takes action: move_left_without_item(['a'])
b takes action: pick_up(['b', 'i'])
a takes action: move_right_without_item(['a'])
b takes action: drop_item(['b', 'i'])
a takes action: pick_up(['a', 'j'])
Steps: 9
Time cost: 0.658914s
2025-10-11 17:48:45,343 EXP - __main__.Logger.exp:
a takes action: drop_item(['a', 'i'])
b takes action: drop_item(['b', 'j'])
a takes action: stay(['a'])
b takes action: move_left_without_item(['b'])
a takes action: stay(['a'])
b takes action: pick_up(['b', 'i'])
a takes action: move_right_without_item(['a'])
b takes action: drop_item(['b', 'i'])
a takes action: pick_up(['a', 'j'])
Steps: 9
Time cost: 0.685689s
2025-10-11 17:48:45,848 EXP - __main__.Logger.exp:
a takes action: drop_item(['a', 'i'])
b takes action: move_left_with_item(['b', 'j'])
a takes action: stay(['a'])
b takes action: drop_item(['b', 'j'])
a takes action: stay(['a'])
b takes action: pick_up(['b', 'i'])
a takes action: stay(['a'])
b takes action: move_right_with_item(['b', 'i'])
a takes action: pick_up(['a', 'j'])
b takes action: drop_item(['b', 'i'])
Steps: 10
Time cost: 0.503997s
2025-10-11 17:48:46,506 EXP - __main__.Logger.exp:
a takes action: drop_item(['a', 'i'])
b takes action: drop_item(['b', 'j'])
a takes action: move_right_without_item(['a'])
b takes action: move_left_without_item(['b'])
a takes action: move_left_without_item(['a'])
b takes action: pick_up(['b', 'i'])
a takes action: move_right_without_item(['a'])
b takes action: drop_item(['b', 'i'])
a takes action: pick_up(['a', 'j'])
Steps: 9
Time cost: 0.658114s
2025-10-11 17:48:47,191 EXP - __main__.Logger.exp:
a takes action: drop_item(['a', 'i'])
b takes action: drop_item(['b', 'j'])
a takes action: pick_up(['a', 'i'])
b takes action: move_left_without_item(['b'])
a takes action: drop_item(['a', 'i'])
b takes action: pick_up(['b', 'i'])
a takes action: move_right_without_item(['a'])
b takes action: drop_item(['b', 'i'])
a takes action: pick_up(['a', 'j'])
Steps: 9
Time cost: 0.685197s
2025-10-11 17:48:47,879 EXP - __main__.Logger.exp:
a takes action: drop_item(['a', 'i'])
b takes action: drop_item(['b', 'j'])
a takes action: pick_up(['a', 'i'])
b takes action: move_left_without_item(['b'])
a takes action: drop_item(['a', 'i'])
b takes action: pick_up(['b', 'i'])
a takes action: move_right_without_item(['a'])
b takes action: drop_item(['b', 'i'])
a takes action: pick_up(['a', 'j'])
Steps: 9
Time cost: 0.688015s
2025-10-11 17:48:48,379 EXP - __main__.Logger.exp:
a takes action: drop_item(['a', 'i'])
b takes action: move_left_with_item(['b', 'j'])
a takes action: stay(['a'])
b takes action: drop_item(['b', 'j'])
a takes action: stay(['a'])
b takes action: pick_up(['b', 'i'])
a takes action: stay(['a'])
b takes action: move_right_with_item(['b', 'i'])
a takes action: pick_up(['a', 'j'])
b takes action: drop_item(['b', 'i'])
Steps: 10
Time cost: 0.499059s
2025-10-11 17:48:49,037 EXP - __main__.Logger.exp:
a takes action: drop_item(['a', 'i'])
b takes action: drop_item(['b', 'j'])
a takes action: move_right_without_item(['a'])
b takes action: move_left_without_item(['b'])
a takes action: move_left_without_item(['a'])
b takes action: pick_up(['b', 'i'])
a takes action: move_right_without_item(['a'])
b takes action: drop_item(['b', 'i'])
a takes action: pick_up(['a', 'j'])
Steps: 9
Time cost: 0.658445s
2025-10-11 17:48:49,695 EXP - __main__.Logger.exp:
a takes action: drop_item(['a', 'i'])
b takes action: drop_item(['b', 'j'])
a takes action: move_right_without_item(['a'])
b takes action: move_left_without_item(['b'])
a takes action: move_left_without_item(['a'])
b takes action: pick_up(['b', 'i'])
a takes action: move_right_without_item(['a'])
b takes action: drop_item(['b', 'i'])
a takes action: pick_up(['a', 'j'])
Steps: 9
Time cost: 0.657984s
2025-10-11 17:48:49,695 EXP - __main__.Logger.exp:
Avg Steps: 9.51
Avg Time: 0.587648s
