2025-10-11 17:47:42,729 EXP - __main__.Logger.exp:
a takes action: move_right_with_item(['a', 'i'])
b takes action: drop_item(['b', 'j'])
a takes action: drop_item(['a', 'i'])
b takes action: pick_up(['b', 'i'])
a takes action: pick_up(['a', 'j'])
Steps: 5
Time cost: 0.082433s
2025-10-11 17:47:42,810 EXP - __main__.Logger.exp:
a takes action: move_right_with_item(['a', 'i'])
b takes action: drop_item(['b', 'j'])
a takes action: drop_item(['a', 'i'])
b takes action: pick_up(['b', 'i'])
a takes action: pick_up(['a', 'j'])
Steps: 5
Time cost: 0.081760s
2025-10-11 17:47:42,892 EXP - __main__.Logger.exp:
a takes action: move_right_with_item(['a', 'i'])
b takes action: drop_item(['b', 'j'])
a takes action: drop_item(['a', 'i'])
b takes action: pick_up(['b', 'i'])
a takes action: pick_up(['a', 'j'])
Steps: 5
Time cost: 0.081429s
2025-10-11 17:47:42,974 EXP - __main__.Logger.exp:
a takes action: move_right_with_item(['a', 'i'])
b takes action: drop_item(['b', 'j'])
a takes action: drop_item(['a', 'i'])
b takes action: pick_up(['b', 'i'])
a takes action: pick_up(['a', 'j'])
Steps: 5
Time cost: 0.081685s
2025-10-11 17:47:43,056 EXP - __main__.Logger.exp:
a takes action: move_right_with_item(['a', 'i'])
b takes action: drop_item(['b', 'j'])
a takes action: drop_item(['a', 'i'])
b takes action: pick_up(['b', 'i'])
a takes action: pick_up(['a', 'j'])
Steps: 5
Time cost: 0.081787s
2025-10-11 17:47:43,140 EXP - __main__.Logger.exp:
a takes action: move_right_with_item(['a', 'i'])
b takes action: drop_item(['b', 'j'])
a takes action: drop_item(['a', 'i'])
b takes action: pick_up(['b', 'i'])
a takes action: pick_up(['a', 'j'])
Steps: 5
Time cost: 0.084192s
2025-10-11 17:47:43,222 EXP - __main__.Logger.exp:
a takes action: move_right_with_item(['a', 'i'])
b takes action: drop_item(['b', 'j'])
a takes action: drop_item(['a', 'i'])
b takes action: pick_up(['b', 'i'])
a takes action: pick_up(['a', 'j'])
Steps: 5
Time cost: 0.082105s
2025-10-11 17:47:43,304 EXP - __main__.Logger.exp:
a takes action: move_right_with_item(['a', 'i'])
b takes action: drop_item(['b', 'j'])
a takes action: drop_item(['a', 'i'])
b takes action: pick_up(['b', 'i'])
a takes action: pick_up(['a', 'j'])
Steps: 5
Time cost: 0.081813s
2025-10-11 17:47:43,386 EXP - __main__.Logger.exp:
a takes action: move_right_with_item(['a', 'i'])
b takes action: drop_item(['b', 'j'])
a takes action: drop_item(['a', 'i'])
b takes action: pick_up(['b', 'i'])
a takes action: pick_up(['a', 'j'])
Steps: 5
Time cost: 0.082054s
2025-10-11 17:47:43,468 EXP - __main__.Logger.exp:
a takes action: move_right_with_item(['a', 'i'])
b takes action: drop_item(['b', 'j'])
a takes action: drop_item(['a', 'i'])
b takes action: pick_up(['b', 'i'])
a takes action: pick_up(['a', 'j'])
Steps: 5
Time cost: 0.081781s
2025-10-11 17:47:43,550 EXP - __main__.Logger.exp:
a takes action: move_right_with_item(['a', 'i'])
b takes action: drop_item(['b', 'j'])
a takes action: drop_item(['a', 'i'])
b takes action: pick_up(['b', 'i'])
a takes action: pick_up(['a', 'j'])
Steps: 5
Time cost: 0.081767s
2025-10-11 17:47:43,635 EXP - __main__.Logger.exp:
a takes action: move_right_with_item(['a', 'i'])
b takes action: drop_item(['b', 'j'])
a takes action: drop_item(['a', 'i'])
b takes action: pick_up(['b', 'i'])
a takes action: pick_up(['a', 'j'])
Steps: 5
Time cost: 0.085051s
2025-10-11 17:47:43,717 EXP - __main__.Logger.exp:
a takes action: move_right_with_item(['a', 'i'])
b takes action: drop_item(['b', 'j'])
a takes action: drop_item(['a', 'i'])
b takes action: pick_up(['b', 'i'])
a takes action: pick_up(['a', 'j'])
Steps: 5
Time cost: 0.082122s
2025-10-11 17:47:43,800 EXP - __main__.Logger.exp:
a takes action: move_right_with_item(['a', 'i'])
b takes action: drop_item(['b', 'j'])
a takes action: drop_item(['a', 'i'])
b takes action: pick_up(['b', 'i'])
a takes action: pick_up(['a', 'j'])
Steps: 5
Time cost: 0.081991s
2025-10-11 17:47:43,881 EXP - __main__.Logger.exp:
a takes action: move_right_with_item(['a', 'i'])
b takes action: drop_item(['b', 'j'])
a takes action: drop_item(['a', 'i'])
b takes action: pick_up(['b', 'i'])
a takes action: pick_up(['a', 'j'])
Steps: 5
Time cost: 0.081712s
2025-10-11 17:47:43,963 EXP - __main__.Logger.exp:
a takes action: move_right_with_item(['a', 'i'])
b takes action: drop_item(['b', 'j'])
a takes action: drop_item(['a', 'i'])
b takes action: pick_up(['b', 'i'])
a takes action: pick_up(['a', 'j'])
Steps: 5
Time cost: 0.081693s
2025-10-11 17:47:44,045 EXP - __main__.Logger.exp:
a takes action: move_right_with_item(['a', 'i'])
b takes action: drop_item(['b', 'j'])
a takes action: drop_item(['a', 'i'])
b takes action: pick_up(['b', 'i'])
a takes action: pick_up(['a', 'j'])
Steps: 5
Time cost: 0.081709s
2025-10-11 17:47:44,127 EXP - __main__.Logger.exp:
a takes action: move_right_with_item(['a', 'i'])
b takes action: drop_item(['b', 'j'])
a takes action: drop_item(['a', 'i'])
b takes action: pick_up(['b', 'i'])
a takes action: pick_up(['a', 'j'])
Steps: 5
Time cost: 0.081662s
2025-10-11 17:47:44,209 EXP - __main__.Logger.exp:
a takes action: move_right_with_item(['a', 'i'])
b takes action: drop_item(['b', 'j'])
a takes action: drop_item(['a', 'i'])
b takes action: pick_up(['b', 'i'])
a takes action: pick_up(['a', 'j'])
Steps: 5
Time cost: 0.081779s
2025-10-11 17:47:44,290 EXP - __main__.Logger.exp:
a takes action: move_right_with_item(['a', 'i'])
b takes action: drop_item(['b', 'j'])
a takes action: drop_item(['a', 'i'])
b takes action: pick_up(['b', 'i'])
a takes action: pick_up(['a', 'j'])
Steps: 5
Time cost: 0.081608s
2025-10-11 17:47:44,372 EXP - __main__.Logger.exp:
a takes action: move_right_with_item(['a', 'i'])
b takes action: drop_item(['b', 'j'])
a takes action: drop_item(['a', 'i'])
b takes action: pick_up(['b', 'i'])
a takes action: pick_up(['a', 'j'])
Steps: 5
Time cost: 0.081636s
2025-10-11 17:47:44,454 EXP - __main__.Logger.exp:
a takes action: move_right_with_item(['a', 'i'])
b takes action: drop_item(['b', 'j'])
a takes action: drop_item(['a', 'i'])
b takes action: pick_up(['b', 'i'])
a takes action: pick_up(['a', 'j'])
Steps: 5
Time cost: 0.081874s
2025-10-11 17:47:44,536 EXP - __main__.Logger.exp:
a takes action: move_right_with_item(['a', 'i'])
b takes action: drop_item(['b', 'j'])
a takes action: drop_item(['a', 'i'])
b takes action: pick_up(['b', 'i'])
a takes action: pick_up(['a', 'j'])
Steps: 5
Time cost: 0.081541s
2025-10-11 17:47:44,618 EXP - __main__.Logger.exp:
a takes action: move_right_with_item(['a', 'i'])
b takes action: drop_item(['b', 'j'])
a takes action: drop_item(['a', 'i'])
b takes action: pick_up(['b', 'i'])
a takes action: pick_up(['a', 'j'])
Steps: 5
Time cost: 0.082164s
2025-10-11 17:47:44,700 EXP - __main__.Logger.exp:
a takes action: move_right_with_item(['a', 'i'])
b takes action: drop_item(['b', 'j'])
a takes action: drop_item(['a', 'i'])
b takes action: pick_up(['b', 'i'])
a takes action: pick_up(['a', 'j'])
Steps: 5
Time cost: 0.082320s
2025-10-11 17:47:44,782 EXP - __main__.Logger.exp:
a takes action: move_right_with_item(['a', 'i'])
b takes action: drop_item(['b', 'j'])
a takes action: drop_item(['a', 'i'])
b takes action: pick_up(['b', 'i'])
a takes action: pick_up(['a', 'j'])
Steps: 5
Time cost: 0.081855s
2025-10-11 17:47:44,867 EXP - __main__.Logger.exp:
a takes action: move_right_with_item(['a', 'i'])
b takes action: drop_item(['b', 'j'])
a takes action: drop_item(['a', 'i'])
b takes action: pick_up(['b', 'i'])
a takes action: pick_up(['a', 'j'])
Steps: 5
Time cost: 0.084848s
2025-10-11 17:47:44,949 EXP - __main__.Logger.exp:
a takes action: move_right_with_item(['a', 'i'])
b takes action: drop_item(['b', 'j'])
a takes action: drop_item(['a', 'i'])
b takes action: pick_up(['b', 'i'])
a takes action: pick_up(['a', 'j'])
Steps: 5
Time cost: 0.081668s
2025-10-11 17:47:45,031 EXP - __main__.Logger.exp:
a takes action: move_right_with_item(['a', 'i'])
b takes action: drop_item(['b', 'j'])
a takes action: drop_item(['a', 'i'])
b takes action: pick_up(['b', 'i'])
a takes action: pick_up(['a', 'j'])
Steps: 5
Time cost: 0.082180s
2025-10-11 17:47:45,113 EXP - __main__.Logger.exp:
a takes action: move_right_with_item(['a', 'i'])
b takes action: drop_item(['b', 'j'])
a takes action: drop_item(['a', 'i'])
b takes action: pick_up(['b', 'i'])
a takes action: pick_up(['a', 'j'])
Steps: 5
Time cost: 0.081593s
2025-10-11 17:47:45,195 EXP - __main__.Logger.exp:
a takes action: move_right_with_item(['a', 'i'])
b takes action: drop_item(['b', 'j'])
a takes action: drop_item(['a', 'i'])
b takes action: pick_up(['b', 'i'])
a takes action: pick_up(['a', 'j'])
Steps: 5
Time cost: 0.081728s
2025-10-11 17:47:45,277 EXP - __main__.Logger.exp:
a takes action: move_right_with_item(['a', 'i'])
b takes action: drop_item(['b', 'j'])
a takes action: drop_item(['a', 'i'])
b takes action: pick_up(['b', 'i'])
a takes action: pick_up(['a', 'j'])
Steps: 5
Time cost: 0.081804s
2025-10-11 17:47:45,359 EXP - __main__.Logger.exp:
a takes action: move_right_with_item(['a', 'i'])
b takes action: drop_item(['b', 'j'])
a takes action: drop_item(['a', 'i'])
b takes action: pick_up(['b', 'i'])
a takes action: pick_up(['a', 'j'])
Steps: 5
Time cost: 0.081586s
2025-10-11 17:47:45,441 EXP - __main__.Logger.exp:
a takes action: move_right_with_item(['a', 'i'])
b takes action: drop_item(['b', 'j'])
a takes action: drop_item(['a', 'i'])
b takes action: pick_up(['b', 'i'])
a takes action: pick_up(['a', 'j'])
Steps: 5
Time cost: 0.081931s
2025-10-11 17:47:45,522 EXP - __main__.Logger.exp:
a takes action: move_right_with_item(['a', 'i'])
b takes action: drop_item(['b', 'j'])
a takes action: drop_item(['a', 'i'])
b takes action: pick_up(['b', 'i'])
a takes action: pick_up(['a', 'j'])
Steps: 5
Time cost: 0.081491s
2025-10-11 17:47:45,604 EXP - __main__.Logger.exp:
a takes action: move_right_with_item(['a', 'i'])
b takes action: drop_item(['b', 'j'])
a takes action: drop_item(['a', 'i'])
b takes action: pick_up(['b', 'i'])
a takes action: pick_up(['a', 'j'])
Steps: 5
Time cost: 0.081745s
2025-10-11 17:47:45,686 EXP - __main__.Logger.exp:
a takes action: move_right_with_item(['a', 'i'])
b takes action: drop_item(['b', 'j'])
a takes action: drop_item(['a', 'i'])
b takes action: pick_up(['b', 'i'])
a takes action: pick_up(['a', 'j'])
Steps: 5
Time cost: 0.082017s
2025-10-11 17:47:45,768 EXP - __main__.Logger.exp:
a takes action: move_right_with_item(['a', 'i'])
b takes action: drop_item(['b', 'j'])
a takes action: drop_item(['a', 'i'])
b takes action: pick_up(['b', 'i'])
a takes action: pick_up(['a', 'j'])
Steps: 5
Time cost: 0.081733s
2025-10-11 17:47:45,851 EXP - __main__.Logger.exp:
a takes action: move_right_with_item(['a', 'i'])
b takes action: drop_item(['b', 'j'])
a takes action: drop_item(['a', 'i'])
b takes action: pick_up(['b', 'i'])
a takes action: pick_up(['a', 'j'])
Steps: 5
Time cost: 0.082423s
2025-10-11 17:47:45,932 EXP - __main__.Logger.exp:
a takes action: move_right_with_item(['a', 'i'])
b takes action: drop_item(['b', 'j'])
a takes action: drop_item(['a', 'i'])
b takes action: pick_up(['b', 'i'])
a takes action: pick_up(['a', 'j'])
Steps: 5
Time cost: 0.081763s
2025-10-11 17:47:46,017 EXP - __main__.Logger.exp:
a takes action: move_right_with_item(['a', 'i'])
b takes action: drop_item(['b', 'j'])
a takes action: drop_item(['a', 'i'])
b takes action: pick_up(['b', 'i'])
a takes action: pick_up(['a', 'j'])
Steps: 5
Time cost: 0.084719s
2025-10-11 17:47:46,099 EXP - __main__.Logger.exp:
a takes action: move_right_with_item(['a', 'i'])
b takes action: drop_item(['b', 'j'])
a takes action: drop_item(['a', 'i'])
b takes action: pick_up(['b', 'i'])
a takes action: pick_up(['a', 'j'])
Steps: 5
Time cost: 0.082022s
2025-10-11 17:47:46,181 EXP - __main__.Logger.exp:
a takes action: move_right_with_item(['a', 'i'])
b takes action: drop_item(['b', 'j'])
a takes action: drop_item(['a', 'i'])
b takes action: pick_up(['b', 'i'])
a takes action: pick_up(['a', 'j'])
Steps: 5
Time cost: 0.081813s
2025-10-11 17:47:46,263 EXP - __main__.Logger.exp:
a takes action: move_right_with_item(['a', 'i'])
b takes action: drop_item(['b', 'j'])
a takes action: drop_item(['a', 'i'])
b takes action: pick_up(['b', 'i'])
a takes action: pick_up(['a', 'j'])
Steps: 5
Time cost: 0.081957s
2025-10-11 17:47:46,345 EXP - __main__.Logger.exp:
a takes action: move_right_with_item(['a', 'i'])
b takes action: drop_item(['b', 'j'])
a takes action: drop_item(['a', 'i'])
b takes action: pick_up(['b', 'i'])
a takes action: pick_up(['a', 'j'])
Steps: 5
Time cost: 0.081842s
2025-10-11 17:47:46,428 EXP - __main__.Logger.exp:
a takes action: move_right_with_item(['a', 'i'])
b takes action: drop_item(['b', 'j'])
a takes action: drop_item(['a', 'i'])
b takes action: pick_up(['b', 'i'])
a takes action: pick_up(['a', 'j'])
Steps: 5
Time cost: 0.082320s
2025-10-11 17:47:46,510 EXP - __main__.Logger.exp:
a takes action: move_right_with_item(['a', 'i'])
b takes action: drop_item(['b', 'j'])
a takes action: drop_item(['a', 'i'])
b takes action: pick_up(['b', 'i'])
a takes action: pick_up(['a', 'j'])
Steps: 5
Time cost: 0.081634s
2025-10-11 17:47:46,591 EXP - __main__.Logger.exp:
a takes action: move_right_with_item(['a', 'i'])
b takes action: drop_item(['b', 'j'])
a takes action: drop_item(['a', 'i'])
b takes action: pick_up(['b', 'i'])
a takes action: pick_up(['a', 'j'])
Steps: 5
Time cost: 0.081601s
2025-10-11 17:47:46,673 EXP - __main__.Logger.exp:
a takes action: move_right_with_item(['a', 'i'])
b takes action: drop_item(['b', 'j'])
a takes action: drop_item(['a', 'i'])
b takes action: pick_up(['b', 'i'])
a takes action: pick_up(['a', 'j'])
Steps: 5
Time cost: 0.082127s
2025-10-11 17:47:46,755 EXP - __main__.Logger.exp:
a takes action: move_right_with_item(['a', 'i'])
b takes action: drop_item(['b', 'j'])
a takes action: drop_item(['a', 'i'])
b takes action: pick_up(['b', 'i'])
a takes action: pick_up(['a', 'j'])
Steps: 5
Time cost: 0.081778s
2025-10-11 17:47:46,837 EXP - __main__.Logger.exp:
a takes action: move_right_with_item(['a', 'i'])
b takes action: drop_item(['b', 'j'])
a takes action: drop_item(['a', 'i'])
b takes action: pick_up(['b', 'i'])
a takes action: pick_up(['a', 'j'])
Steps: 5
Time cost: 0.081665s
2025-10-11 17:47:46,919 EXP - __main__.Logger.exp:
a takes action: move_right_with_item(['a', 'i'])
b takes action: drop_item(['b', 'j'])
a takes action: drop_item(['a', 'i'])
b takes action: pick_up(['b', 'i'])
a takes action: pick_up(['a', 'j'])
Steps: 5
Time cost: 0.081703s
2025-10-11 17:47:47,001 EXP - __main__.Logger.exp:
a takes action: move_right_with_item(['a', 'i'])
b takes action: drop_item(['b', 'j'])
a takes action: drop_item(['a', 'i'])
b takes action: pick_up(['b', 'i'])
a takes action: pick_up(['a', 'j'])
Steps: 5
Time cost: 0.081473s
2025-10-11 17:47:47,082 EXP - __main__.Logger.exp:
a takes action: move_right_with_item(['a', 'i'])
b takes action: drop_item(['b', 'j'])
a takes action: drop_item(['a', 'i'])
b takes action: pick_up(['b', 'i'])
a takes action: pick_up(['a', 'j'])
Steps: 5
Time cost: 0.081791s
2025-10-11 17:47:47,165 EXP - __main__.Logger.exp:
a takes action: move_right_with_item(['a', 'i'])
b takes action: drop_item(['b', 'j'])
a takes action: drop_item(['a', 'i'])
b takes action: pick_up(['b', 'i'])
a takes action: pick_up(['a', 'j'])
Steps: 5
Time cost: 0.082138s
2025-10-11 17:47:47,250 EXP - __main__.Logger.exp:
a takes action: move_right_with_item(['a', 'i'])
b takes action: drop_item(['b', 'j'])
a takes action: drop_item(['a', 'i'])
b takes action: pick_up(['b', 'i'])
a takes action: pick_up(['a', 'j'])
Steps: 5
Time cost: 0.085112s
2025-10-11 17:47:47,332 EXP - __main__.Logger.exp:
a takes action: move_right_with_item(['a', 'i'])
b takes action: drop_item(['b', 'j'])
a takes action: drop_item(['a', 'i'])
b takes action: pick_up(['b', 'i'])
a takes action: pick_up(['a', 'j'])
Steps: 5
Time cost: 0.082074s
2025-10-11 17:47:47,414 EXP - __main__.Logger.exp:
a takes action: move_right_with_item(['a', 'i'])
b takes action: drop_item(['b', 'j'])
a takes action: drop_item(['a', 'i'])
b takes action: pick_up(['b', 'i'])
a takes action: pick_up(['a', 'j'])
Steps: 5
Time cost: 0.081943s
2025-10-11 17:47:47,496 EXP - __main__.Logger.exp:
a takes action: move_right_with_item(['a', 'i'])
b takes action: drop_item(['b', 'j'])
a takes action: drop_item(['a', 'i'])
b takes action: pick_up(['b', 'i'])
a takes action: pick_up(['a', 'j'])
Steps: 5
Time cost: 0.081771s
2025-10-11 17:47:47,578 EXP - __main__.Logger.exp:
a takes action: move_right_with_item(['a', 'i'])
b takes action: drop_item(['b', 'j'])
a takes action: drop_item(['a', 'i'])
b takes action: pick_up(['b', 'i'])
a takes action: pick_up(['a', 'j'])
Steps: 5
Time cost: 0.081679s
2025-10-11 17:47:47,660 EXP - __main__.Logger.exp:
a takes action: move_right_with_item(['a', 'i'])
b takes action: drop_item(['b', 'j'])
a takes action: drop_item(['a', 'i'])
b takes action: pick_up(['b', 'i'])
a takes action: pick_up(['a', 'j'])
Steps: 5
Time cost: 0.082017s
2025-10-11 17:47:47,742 EXP - __main__.Logger.exp:
a takes action: move_right_with_item(['a', 'i'])
b takes action: drop_item(['b', 'j'])
a takes action: drop_item(['a', 'i'])
b takes action: pick_up(['b', 'i'])
a takes action: pick_up(['a', 'j'])
Steps: 5
Time cost: 0.081860s
2025-10-11 17:47:47,824 EXP - __main__.Logger.exp:
a takes action: move_right_with_item(['a', 'i'])
b takes action: drop_item(['b', 'j'])
a takes action: drop_item(['a', 'i'])
b takes action: pick_up(['b', 'i'])
a takes action: pick_up(['a', 'j'])
Steps: 5
Time cost: 0.081780s
2025-10-11 17:47:47,906 EXP - __main__.Logger.exp:
a takes action: move_right_with_item(['a', 'i'])
b takes action: drop_item(['b', 'j'])
a takes action: drop_item(['a', 'i'])
b takes action: pick_up(['b', 'i'])
a takes action: pick_up(['a', 'j'])
Steps: 5
Time cost: 0.081745s
2025-10-11 17:47:47,987 EXP - __main__.Logger.exp:
a takes action: move_right_with_item(['a', 'i'])
b takes action: drop_item(['b', 'j'])
a takes action: drop_item(['a', 'i'])
b takes action: pick_up(['b', 'i'])
a takes action: pick_up(['a', 'j'])
Steps: 5
Time cost: 0.081611s
2025-10-11 17:47:48,071 EXP - __main__.Logger.exp:
a takes action: move_right_with_item(['a', 'i'])
b takes action: drop_item(['b', 'j'])
a takes action: drop_item(['a', 'i'])
b takes action: pick_up(['b', 'i'])
a takes action: pick_up(['a', 'j'])
Steps: 5
Time cost: 0.083869s
2025-10-11 17:47:48,153 EXP - __main__.Logger.exp:
a takes action: move_right_with_item(['a', 'i'])
b takes action: drop_item(['b', 'j'])
a takes action: drop_item(['a', 'i'])
b takes action: pick_up(['b', 'i'])
a takes action: pick_up(['a', 'j'])
Steps: 5
Time cost: 0.081705s
2025-10-11 17:47:48,235 EXP - __main__.Logger.exp:
a takes action: move_right_with_item(['a', 'i'])
b takes action: drop_item(['b', 'j'])
a takes action: drop_item(['a', 'i'])
b takes action: pick_up(['b', 'i'])
a takes action: pick_up(['a', 'j'])
Steps: 5
Time cost: 0.081580s
2025-10-11 17:47:48,316 EXP - __main__.Logger.exp:
a takes action: move_right_with_item(['a', 'i'])
b takes action: drop_item(['b', 'j'])
a takes action: drop_item(['a', 'i'])
b takes action: pick_up(['b', 'i'])
a takes action: pick_up(['a', 'j'])
Steps: 5
Time cost: 0.081526s
2025-10-11 17:47:48,398 EXP - __main__.Logger.exp:
a takes action: move_right_with_item(['a', 'i'])
b takes action: drop_item(['b', 'j'])
a takes action: drop_item(['a', 'i'])
b takes action: pick_up(['b', 'i'])
a takes action: pick_up(['a', 'j'])
Steps: 5
Time cost: 0.081799s
2025-10-11 17:47:48,483 EXP - __main__.Logger.exp:
a takes action: move_right_with_item(['a', 'i'])
b takes action: drop_item(['b', 'j'])
a takes action: drop_item(['a', 'i'])
b takes action: pick_up(['b', 'i'])
a takes action: pick_up(['a', 'j'])
Steps: 5
Time cost: 0.084559s
2025-10-11 17:47:48,565 EXP - __main__.Logger.exp:
a takes action: move_right_with_item(['a', 'i'])
b takes action: drop_item(['b', 'j'])
a takes action: drop_item(['a', 'i'])
b takes action: pick_up(['b', 'i'])
a takes action: pick_up(['a', 'j'])
Steps: 5
Time cost: 0.081626s
2025-10-11 17:47:48,647 EXP - __main__.Logger.exp:
a takes action: move_right_with_item(['a', 'i'])
b takes action: drop_item(['b', 'j'])
a takes action: drop_item(['a', 'i'])
b takes action: pick_up(['b', 'i'])
a takes action: pick_up(['a', 'j'])
Steps: 5
Time cost: 0.081865s
2025-10-11 17:47:48,728 EXP - __main__.Logger.exp:
a takes action: move_right_with_item(['a', 'i'])
b takes action: drop_item(['b', 'j'])
a takes action: drop_item(['a', 'i'])
b takes action: pick_up(['b', 'i'])
a takes action: pick_up(['a', 'j'])
Steps: 5
Time cost: 0.081574s
2025-10-11 17:47:48,810 EXP - __main__.Logger.exp:
a takes action: move_right_with_item(['a', 'i'])
b takes action: drop_item(['b', 'j'])
a takes action: drop_item(['a', 'i'])
b takes action: pick_up(['b', 'i'])
a takes action: pick_up(['a', 'j'])
Steps: 5
Time cost: 0.081673s
2025-10-11 17:47:48,892 EXP - __main__.Logger.exp:
a takes action: move_right_with_item(['a', 'i'])
b takes action: drop_item(['b', 'j'])
a takes action: drop_item(['a', 'i'])
b takes action: pick_up(['b', 'i'])
a takes action: pick_up(['a', 'j'])
Steps: 5
Time cost: 0.081715s
2025-10-11 17:47:48,974 EXP - __main__.Logger.exp:
a takes action: move_right_with_item(['a', 'i'])
b takes action: drop_item(['b', 'j'])
a takes action: drop_item(['a', 'i'])
b takes action: pick_up(['b', 'i'])
a takes action: pick_up(['a', 'j'])
Steps: 5
Time cost: 0.081714s
2025-10-11 17:47:49,056 EXP - __main__.Logger.exp:
a takes action: move_right_with_item(['a', 'i'])
b takes action: drop_item(['b', 'j'])
a takes action: drop_item(['a', 'i'])
b takes action: pick_up(['b', 'i'])
a takes action: pick_up(['a', 'j'])
Steps: 5
Time cost: 0.081711s
2025-10-11 17:47:49,139 EXP - __main__.Logger.exp:
a takes action: move_right_with_item(['a', 'i'])
b takes action: drop_item(['b', 'j'])
a takes action: drop_item(['a', 'i'])
b takes action: pick_up(['b', 'i'])
a takes action: pick_up(['a', 'j'])
Steps: 5
Time cost: 0.083498s
2025-10-11 17:47:49,221 EXP - __main__.Logger.exp:
a takes action: move_right_with_item(['a', 'i'])
b takes action: drop_item(['b', 'j'])
a takes action: drop_item(['a', 'i'])
b takes action: pick_up(['b', 'i'])
a takes action: pick_up(['a', 'j'])
Steps: 5
Time cost: 0.082043s
2025-10-11 17:47:49,303 EXP - __main__.Logger.exp:
a takes action: move_right_with_item(['a', 'i'])
b takes action: drop_item(['b', 'j'])
a takes action: drop_item(['a', 'i'])
b takes action: pick_up(['b', 'i'])
a takes action: pick_up(['a', 'j'])
Steps: 5
Time cost: 0.081497s
2025-10-11 17:47:49,385 EXP - __main__.Logger.exp:
a takes action: move_right_with_item(['a', 'i'])
b takes action: drop_item(['b', 'j'])
a takes action: drop_item(['a', 'i'])
b takes action: pick_up(['b', 'i'])
a takes action: pick_up(['a', 'j'])
Steps: 5
Time cost: 0.081699s
2025-10-11 17:47:49,467 EXP - __main__.Logger.exp:
a takes action: move_right_with_item(['a', 'i'])
b takes action: drop_item(['b', 'j'])
a takes action: drop_item(['a', 'i'])
b takes action: pick_up(['b', 'i'])
a takes action: pick_up(['a', 'j'])
Steps: 5
Time cost: 0.081748s
2025-10-11 17:47:49,548 EXP - __main__.Logger.exp:
a takes action: move_right_with_item(['a', 'i'])
b takes action: drop_item(['b', 'j'])
a takes action: drop_item(['a', 'i'])
b takes action: pick_up(['b', 'i'])
a takes action: pick_up(['a', 'j'])
Steps: 5
Time cost: 0.081586s
2025-10-11 17:47:49,630 EXP - __main__.Logger.exp:
a takes action: move_right_with_item(['a', 'i'])
b takes action: drop_item(['b', 'j'])
a takes action: drop_item(['a', 'i'])
b takes action: pick_up(['b', 'i'])
a takes action: pick_up(['a', 'j'])
Steps: 5
Time cost: 0.081798s
2025-10-11 17:47:49,715 EXP - __main__.Logger.exp:
a takes action: move_right_with_item(['a', 'i'])
b takes action: drop_item(['b', 'j'])
a takes action: drop_item(['a', 'i'])
b takes action: pick_up(['b', 'i'])
a takes action: pick_up(['a', 'j'])
Steps: 5
Time cost: 0.084458s
2025-10-11 17:47:49,797 EXP - __main__.Logger.exp:
a takes action: move_right_with_item(['a', 'i'])
b takes action: drop_item(['b', 'j'])
a takes action: drop_item(['a', 'i'])
b takes action: pick_up(['b', 'i'])
a takes action: pick_up(['a', 'j'])
Steps: 5
Time cost: 0.081632s
2025-10-11 17:47:49,878 EXP - __main__.Logger.exp:
a takes action: move_right_with_item(['a', 'i'])
b takes action: drop_item(['b', 'j'])
a takes action: drop_item(['a', 'i'])
b takes action: pick_up(['b', 'i'])
a takes action: pick_up(['a', 'j'])
Steps: 5
Time cost: 0.081793s
2025-10-11 17:47:49,960 EXP - __main__.Logger.exp:
a takes action: move_right_with_item(['a', 'i'])
b takes action: drop_item(['b', 'j'])
a takes action: drop_item(['a', 'i'])
b takes action: pick_up(['b', 'i'])
a takes action: pick_up(['a', 'j'])
Steps: 5
Time cost: 0.081682s
2025-10-11 17:47:50,042 EXP - __main__.Logger.exp:
a takes action: move_right_with_item(['a', 'i'])
b takes action: drop_item(['b', 'j'])
a takes action: drop_item(['a', 'i'])
b takes action: pick_up(['b', 'i'])
a takes action: pick_up(['a', 'j'])
Steps: 5
Time cost: 0.081849s
2025-10-11 17:47:50,124 EXP - __main__.Logger.exp:
a takes action: move_right_with_item(['a', 'i'])
b takes action: drop_item(['b', 'j'])
a takes action: drop_item(['a', 'i'])
b takes action: pick_up(['b', 'i'])
a takes action: pick_up(['a', 'j'])
Steps: 5
Time cost: 0.081518s
2025-10-11 17:47:50,206 EXP - __main__.Logger.exp:
a takes action: move_right_with_item(['a', 'i'])
b takes action: drop_item(['b', 'j'])
a takes action: drop_item(['a', 'i'])
b takes action: pick_up(['b', 'i'])
a takes action: pick_up(['a', 'j'])
Steps: 5
Time cost: 0.081875s
2025-10-11 17:47:50,289 EXP - __main__.Logger.exp:
a takes action: move_right_with_item(['a', 'i'])
b takes action: drop_item(['b', 'j'])
a takes action: drop_item(['a', 'i'])
b takes action: pick_up(['b', 'i'])
a takes action: pick_up(['a', 'j'])
Steps: 5
Time cost: 0.082634s
2025-10-11 17:47:50,370 EXP - __main__.Logger.exp:
a takes action: move_right_with_item(['a', 'i'])
b takes action: drop_item(['b', 'j'])
a takes action: drop_item(['a', 'i'])
b takes action: pick_up(['b', 'i'])
a takes action: pick_up(['a', 'j'])
Steps: 5
Time cost: 0.081568s
2025-10-11 17:47:50,452 EXP - __main__.Logger.exp:
a takes action: move_right_with_item(['a', 'i'])
b takes action: drop_item(['b', 'j'])
a takes action: drop_item(['a', 'i'])
b takes action: pick_up(['b', 'i'])
a takes action: pick_up(['a', 'j'])
Steps: 5
Time cost: 0.081809s
2025-10-11 17:47:50,534 EXP - __main__.Logger.exp:
a takes action: move_right_with_item(['a', 'i'])
b takes action: drop_item(['b', 'j'])
a takes action: drop_item(['a', 'i'])
b takes action: pick_up(['b', 'i'])
a takes action: pick_up(['a', 'j'])
Steps: 5
Time cost: 0.081496s
2025-10-11 17:47:50,616 EXP - __main__.Logger.exp:
a takes action: move_right_with_item(['a', 'i'])
b takes action: drop_item(['b', 'j'])
a takes action: drop_item(['a', 'i'])
b takes action: pick_up(['b', 'i'])
a takes action: pick_up(['a', 'j'])
Steps: 5
Time cost: 0.081793s
2025-10-11 17:47:50,697 EXP - __main__.Logger.exp:
a takes action: move_right_with_item(['a', 'i'])
b takes action: drop_item(['b', 'j'])
a takes action: drop_item(['a', 'i'])
b takes action: pick_up(['b', 'i'])
a takes action: pick_up(['a', 'j'])
Steps: 5
Time cost: 0.081710s
2025-10-11 17:47:50,780 EXP - __main__.Logger.exp:
a takes action: move_right_with_item(['a', 'i'])
b takes action: drop_item(['b', 'j'])
a takes action: drop_item(['a', 'i'])
b takes action: pick_up(['b', 'i'])
a takes action: pick_up(['a', 'j'])
Steps: 5
Time cost: 0.081893s
2025-10-11 17:47:50,862 EXP - __main__.Logger.exp:
a takes action: move_right_with_item(['a', 'i'])
b takes action: drop_item(['b', 'j'])
a takes action: drop_item(['a', 'i'])
b takes action: pick_up(['b', 'i'])
a takes action: pick_up(['a', 'j'])
Steps: 5
Time cost: 0.082005s
2025-10-11 17:47:50,862 EXP - __main__.Logger.exp:
Avg Steps: 5.0
Avg Time: 0.082047s
