2025-10-11 18:44:32,323 EXP - __main__.Logger.exp:
a takes action: sharing_own_secret(['a', 'as'])
b takes action: stay(['b'])
c takes action: stay(['c'])
a takes action: quiet(['a', 'as'])
b takes action: sharing_own_secret(['b', 'bs'])
c takes action: stay(['c'])
a takes action: stay(['a'])
b takes action: quiet(['b', 'bs'])
c takes action: move_right(['c'])
a takes action: move_right(['a'])
b takes action: lying_own_secret(['b', 'bs'])
c takes action: stay(['c'])
a takes action: stay(['a'])
b takes action: quiet(['b', 'bs'])
c takes action: move_left(['c'])
a takes action: lying_own_secret(['a', 'as'])
Steps: 16
Time cost: 72.929748s
2025-10-11 18:46:03,555 EXP - __main__.Logger.exp:
a takes action: sharing_own_secret(['a', 'as'])
b takes action: stay(['b'])
c takes action: stay(['c'])
a takes action: quiet(['a', 'as'])
b takes action: sharing_own_secret(['b', 'bs'])
c takes action: stay(['c'])
a takes action: stay(['a'])
b takes action: quiet(['b', 'bs'])
c takes action: move_right(['c'])
a takes action: move_right(['a'])
b takes action: lying_own_secret(['b', 'bs'])
c takes action: stay(['c'])
a takes action: stay(['a'])
b takes action: quiet(['b', 'bs'])
c takes action: stay(['c'])
a takes action: stay(['a'])
b takes action: move_right(['b'])
c takes action: stay(['c'])
a takes action: move_left(['a'])
b takes action: stay(['b'])
c takes action: move_left(['c'])
a takes action: stay(['a'])
b takes action: stay(['b'])
c takes action: move_right(['c'])
a takes action: lying_own_secret(['a', 'as'])
Steps: 25
Time cost: 91.231205s
2025-10-11 18:47:23,643 EXP - __main__.Logger.exp:
a takes action: sharing_own_secret(['a', 'as'])
b takes action: stay(['b'])
c takes action: stay(['c'])
a takes action: quiet(['a', 'as'])
b takes action: sharing_own_secret(['b', 'bs'])
c takes action: stay(['c'])
a takes action: stay(['a'])
b takes action: quiet(['b', 'bs'])
c takes action: stay(['c'])
a takes action: move_right(['a'])
b takes action: stay(['b'])
c takes action: stay(['c'])
a takes action: lying_own_secret(['a', 'as'])
b takes action: stay(['b'])
c takes action: stay(['c'])
a takes action: quiet(['a', 'as'])
b takes action: stay(['b'])
c takes action: move_right(['c'])
a takes action: stay(['a'])
b takes action: lying_own_secret(['b', 'bs'])
Steps: 20
Time cost: 80.088261s
2025-10-11 18:49:26,973 EXP - __main__.Logger.exp:
a takes action: sharing_own_secret(['a', 'as'])
b takes action: stay(['b'])
c takes action: stay(['c'])
a takes action: quiet(['a', 'as'])
b takes action: sharing_own_secret(['b', 'bs'])
c takes action: stay(['c'])
a takes action: stay(['a'])
b takes action: quiet(['b', 'bs'])
c takes action: stay(['c'])
a takes action: move_right(['a'])
b takes action: stay(['b'])
c takes action: stay(['c'])
a takes action: lying_own_secret(['a', 'as'])
b takes action: stay(['b'])
c takes action: stay(['c'])
a takes action: quiet(['a', 'as'])
b takes action: stay(['b'])
c takes action: stay(['c'])
a takes action: stay(['a'])
b takes action: stay(['b'])
c takes action: stay(['c'])
a takes action: move_left(['a'])
b takes action: move_right(['b'])
c takes action: move_right(['c'])
a takes action: stay(['a'])
b takes action: stay(['b'])
c takes action: stay(['c'])
a takes action: move_right(['a'])
b takes action: move_left(['b'])
c takes action: move_left(['c'])
a takes action: move_left(['a'])
b takes action: move_right(['b'])
c takes action: move_right(['c'])
a takes action: stay(['a'])
b takes action: stay(['b'])
c takes action: move_left(['c'])
a takes action: stay(['a'])
b takes action: lying_own_secret(['b', 'bs'])
Steps: 38
Time cost: 123.329302s
2025-10-11 18:50:45,479 EXP - __main__.Logger.exp:
a takes action: sharing_own_secret(['a', 'as'])
b takes action: stay(['b'])
c takes action: stay(['c'])
a takes action: quiet(['a', 'as'])
b takes action: sharing_own_secret(['b', 'bs'])
c takes action: stay(['c'])
a takes action: stay(['a'])
b takes action: quiet(['b', 'bs'])
c takes action: stay(['c'])
a takes action: move_right(['a'])
b takes action: stay(['b'])
c takes action: move_right(['c'])
a takes action: stay(['a'])
b takes action: lying_own_secret(['b', 'bs'])
c takes action: stay(['c'])
a takes action: stay(['a'])
b takes action: quiet(['b', 'bs'])
c takes action: move_left(['c'])
a takes action: lying_own_secret(['a', 'as'])
Steps: 19
Time cost: 78.505842s
2025-10-11 18:52:03,767 EXP - __main__.Logger.exp:
a takes action: sharing_own_secret(['a', 'as'])
b takes action: stay(['b'])
c takes action: stay(['c'])
a takes action: quiet(['a', 'as'])
b takes action: sharing_own_secret(['b', 'bs'])
c takes action: stay(['c'])
a takes action: stay(['a'])
b takes action: quiet(['b', 'bs'])
c takes action: stay(['c'])
a takes action: move_right(['a'])
b takes action: stay(['b'])
c takes action: move_right(['c'])
a takes action: stay(['a'])
b takes action: lying_own_secret(['b', 'bs'])
c takes action: stay(['c'])
a takes action: stay(['a'])
b takes action: quiet(['b', 'bs'])
c takes action: move_left(['c'])
a takes action: lying_own_secret(['a', 'as'])
Steps: 19
Time cost: 78.286936s
2025-10-11 18:53:25,617 EXP - __main__.Logger.exp:
a takes action: sharing_own_secret(['a', 'as'])
b takes action: stay(['b'])
c takes action: stay(['c'])
a takes action: quiet(['a', 'as'])
b takes action: sharing_own_secret(['b', 'bs'])
c takes action: stay(['c'])
a takes action: stay(['a'])
b takes action: quiet(['b', 'bs'])
c takes action: move_right(['c'])
a takes action: move_right(['a'])
b takes action: lying_own_secret(['b', 'bs'])
c takes action: stay(['c'])
a takes action: stay(['a'])
b takes action: quiet(['b', 'bs'])
c takes action: stay(['c'])
a takes action: stay(['a'])
b takes action: stay(['b'])
c takes action: stay(['c'])
a takes action: stay(['a'])
b takes action: stay(['b'])
c takes action: move_left(['c'])
a takes action: lying_own_secret(['a', 'as'])
Steps: 22
Time cost: 81.850409s
2025-10-11 18:55:16,590 EXP - __main__.Logger.exp:
a takes action: sharing_own_secret(['a', 'as'])
b takes action: stay(['b'])
c takes action: stay(['c'])
a takes action: quiet(['a', 'as'])
b takes action: sharing_own_secret(['b', 'bs'])
c takes action: stay(['c'])
a takes action: stay(['a'])
b takes action: quiet(['b', 'bs'])
c takes action: move_right(['c'])
a takes action: move_right(['a'])
b takes action: lying_own_secret(['b', 'bs'])
c takes action: stay(['c'])
a takes action: stay(['a'])
b takes action: quiet(['b', 'bs'])
c takes action: stay(['c'])
a takes action: stay(['a'])
b takes action: stay(['b'])
c takes action: stay(['c'])
a takes action: stay(['a'])
b takes action: stay(['b'])
c takes action: stay(['c'])
a takes action: stay(['a'])
b takes action: stay(['b'])
c takes action: stay(['c'])
a takes action: stay(['a'])
b takes action: stay(['b'])
c takes action: stay(['c'])
a takes action: stay(['a'])
b takes action: move_right(['b'])
c takes action: move_left(['c'])
a takes action: move_left(['a'])
b takes action: stay(['b'])
c takes action: move_right(['c'])
a takes action: lying_own_secret(['a', 'as'])
Steps: 34
Time cost: 110.972316s
2025-10-11 18:56:39,796 EXP - __main__.Logger.exp:
a takes action: sharing_own_secret(['a', 'as'])
b takes action: stay(['b'])
c takes action: stay(['c'])
a takes action: quiet(['a', 'as'])
b takes action: sharing_own_secret(['b', 'bs'])
c takes action: stay(['c'])
a takes action: stay(['a'])
b takes action: quiet(['b', 'bs'])
c takes action: stay(['c'])
a takes action: move_right(['a'])
b takes action: stay(['b'])
c takes action: move_right(['c'])
a takes action: stay(['a'])
b takes action: lying_own_secret(['b', 'bs'])
c takes action: stay(['c'])
a takes action: stay(['a'])
b takes action: quiet(['b', 'bs'])
c takes action: stay(['c'])
a takes action: stay(['a'])
b takes action: stay(['b'])
c takes action: move_left(['c'])
a takes action: lying_own_secret(['a', 'as'])
Steps: 22
Time cost: 83.205944s
2025-10-11 18:58:43,087 EXP - __main__.Logger.exp:
a takes action: sharing_own_secret(['a', 'as'])
b takes action: stay(['b'])
c takes action: stay(['c'])
a takes action: quiet(['a', 'as'])
b takes action: sharing_own_secret(['b', 'bs'])
c takes action: stay(['c'])
a takes action: stay(['a'])
b takes action: quiet(['b', 'bs'])
c takes action: stay(['c'])
a takes action: move_right(['a'])
b takes action: stay(['b'])
c takes action: move_right(['c'])
a takes action: stay(['a'])
b takes action: lying_own_secret(['b', 'bs'])
c takes action: stay(['c'])
a takes action: stay(['a'])
b takes action: quiet(['b', 'bs'])
c takes action: stay(['c'])
a takes action: stay(['a'])
b takes action: move_right(['b'])
c takes action: stay(['c'])
a takes action: move_left(['a'])
b takes action: stay(['b'])
c takes action: move_left(['c'])
a takes action: stay(['a'])
b takes action: stay(['b'])
c takes action: stay(['c'])
a takes action: stay(['a'])
b takes action: stay(['b'])
c takes action: stay(['c'])
a takes action: stay(['a'])
b takes action: move_left(['b'])
c takes action: stay(['c'])
a takes action: move_right(['a'])
b takes action: stay(['b'])
c takes action: stay(['c'])
a takes action: lying_own_secret(['a', 'as'])
Steps: 37
Time cost: 123.290146s
2025-10-11 18:58:43,087 EXP - __main__.Logger.exp:
Avg Steps: 25.2
Avg Time: 92.369011s
