2025-10-11 18:43:44,666 EXP - __main__.Logger.exp:
a takes action: sharing_own_secret(['a', 'as'])
b takes action: stay(['b'])
c takes action: stay(['c'])
a takes action: quiet(['a', 'as'])
b takes action: sharing_own_secret(['b', 'bs'])
c takes action: stay(['c'])
a takes action: stay(['a'])
b takes action: quiet(['b', 'bs'])
c takes action: stay(['c'])
a takes action: move_right(['a'])
b takes action: stay(['b'])
c takes action: stay(['c'])
a takes action: lying_own_secret(['a', 'as'])
b takes action: stay(['b'])
c takes action: stay(['c'])
a takes action: quiet(['a', 'as'])
b takes action: stay(['b'])
c takes action: move_right(['c'])
a takes action: stay(['a'])
b takes action: lying_own_secret(['b', 'bs'])
Steps: 20
Time cost: 78.470939s
2025-10-11 18:44:55,602 EXP - __main__.Logger.exp:
a takes action: sharing_own_secret(['a', 'as'])
b takes action: stay(['b'])
c takes action: stay(['c'])
a takes action: quiet(['a', 'as'])
b takes action: sharing_own_secret(['b', 'bs'])
c takes action: stay(['c'])
a takes action: stay(['a'])
b takes action: quiet(['b', 'bs'])
c takes action: move_right(['c'])
a takes action: move_right(['a'])
b takes action: lying_own_secret(['b', 'bs'])
c takes action: stay(['c'])
a takes action: stay(['a'])
b takes action: quiet(['b', 'bs'])
c takes action: move_left(['c'])
a takes action: lying_own_secret(['a', 'as'])
Steps: 16
Time cost: 70.935976s
2025-10-11 18:46:35,859 EXP - __main__.Logger.exp:
a takes action: sharing_own_secret(['a', 'as'])
b takes action: stay(['b'])
c takes action: stay(['c'])
a takes action: quiet(['a', 'as'])
b takes action: sharing_own_secret(['b', 'bs'])
c takes action: stay(['c'])
a takes action: stay(['a'])
b takes action: quiet(['b', 'bs'])
c takes action: stay(['c'])
a takes action: move_right(['a'])
b takes action: stay(['b'])
c takes action: move_right(['c'])
a takes action: stay(['a'])
b takes action: lying_own_secret(['b', 'bs'])
c takes action: stay(['c'])
a takes action: stay(['a'])
b takes action: quiet(['b', 'bs'])
c takes action: stay(['c'])
a takes action: stay(['a'])
b takes action: move_right(['b'])
c takes action: move_left(['c'])
a takes action: move_left(['a'])
b takes action: move_left(['b'])
c takes action: stay(['c'])
a takes action: move_right(['a'])
b takes action: stay(['b'])
c takes action: stay(['c'])
a takes action: lying_own_secret(['a', 'as'])
Steps: 28
Time cost: 100.256836s
2025-10-11 18:48:05,788 EXP - __main__.Logger.exp:
a takes action: sharing_own_secret(['a', 'as'])
b takes action: stay(['b'])
c takes action: stay(['c'])
a takes action: quiet(['a', 'as'])
b takes action: sharing_own_secret(['b', 'bs'])
c takes action: stay(['c'])
a takes action: stay(['a'])
b takes action: quiet(['b', 'bs'])
c takes action: stay(['c'])
a takes action: move_right(['a'])
b takes action: stay(['b'])
c takes action: stay(['c'])
a takes action: lying_own_secret(['a', 'as'])
b takes action: stay(['b'])
c takes action: stay(['c'])
a takes action: quiet(['a', 'as'])
b takes action: stay(['b'])
c takes action: stay(['c'])
a takes action: stay(['a'])
b takes action: stay(['b'])
c takes action: stay(['c'])
a takes action: move_left(['a'])
b takes action: move_right(['b'])
c takes action: stay(['c'])
a takes action: stay(['a'])
b takes action: lying_own_secret(['b', 'bs'])
Steps: 26
Time cost: 89.928160s
2025-10-11 18:49:16,719 EXP - __main__.Logger.exp:
a takes action: sharing_own_secret(['a', 'as'])
b takes action: stay(['b'])
c takes action: stay(['c'])
a takes action: quiet(['a', 'as'])
b takes action: sharing_own_secret(['b', 'bs'])
c takes action: stay(['c'])
a takes action: stay(['a'])
b takes action: quiet(['b', 'bs'])
c takes action: move_right(['c'])
a takes action: move_right(['a'])
b takes action: lying_own_secret(['b', 'bs'])
c takes action: stay(['c'])
a takes action: stay(['a'])
b takes action: quiet(['b', 'bs'])
c takes action: move_left(['c'])
a takes action: lying_own_secret(['a', 'as'])
Steps: 16
Time cost: 70.930574s
2025-10-11 18:51:01,521 EXP - __main__.Logger.exp:
a takes action: sharing_own_secret(['a', 'as'])
b takes action: stay(['b'])
c takes action: stay(['c'])
a takes action: quiet(['a', 'as'])
b takes action: sharing_own_secret(['b', 'bs'])
c takes action: stay(['c'])
a takes action: stay(['a'])
b takes action: quiet(['b', 'bs'])
c takes action: move_right(['c'])
a takes action: move_right(['a'])
b takes action: lying_own_secret(['b', 'bs'])
c takes action: stay(['c'])
a takes action: stay(['a'])
b takes action: quiet(['b', 'bs'])
c takes action: stay(['c'])
a takes action: stay(['a'])
b takes action: move_right(['b'])
c takes action: move_left(['c'])
a takes action: move_left(['a'])
b takes action: stay(['b'])
c takes action: stay(['c'])
a takes action: stay(['a'])
b takes action: move_left(['b'])
c takes action: move_right(['c'])
a takes action: move_right(['a'])
b takes action: stay(['b'])
c takes action: stay(['c'])
a takes action: stay(['a'])
b takes action: stay(['b'])
c takes action: move_left(['c'])
a takes action: lying_own_secret(['a', 'as'])
Steps: 31
Time cost: 104.801590s
2025-10-11 18:52:57,003 EXP - __main__.Logger.exp:
a takes action: sharing_own_secret(['a', 'as'])
b takes action: stay(['b'])
c takes action: stay(['c'])
a takes action: quiet(['a', 'as'])
b takes action: sharing_own_secret(['b', 'bs'])
c takes action: stay(['c'])
a takes action: stay(['a'])
b takes action: quiet(['b', 'bs'])
c takes action: move_right(['c'])
a takes action: move_right(['a'])
b takes action: lying_own_secret(['b', 'bs'])
c takes action: stay(['c'])
a takes action: stay(['a'])
b takes action: quiet(['b', 'bs'])
c takes action: stay(['c'])
a takes action: stay(['a'])
b takes action: move_right(['b'])
c takes action: move_left(['c'])
a takes action: move_left(['a'])
b takes action: move_left(['b'])
c takes action: move_right(['c'])
a takes action: move_right(['a'])
b takes action: stay(['b'])
c takes action: stay(['c'])
a takes action: stay(['a'])
b takes action: move_right(['b'])
c takes action: stay(['c'])
a takes action: move_left(['a'])
b takes action: stay(['b'])
c takes action: move_left(['c'])
a takes action: stay(['a'])
b takes action: stay(['b'])
c takes action: move_right(['c'])
a takes action: lying_own_secret(['a', 'as'])
Steps: 34
Time cost: 115.482369s
2025-10-11 18:54:07,814 EXP - __main__.Logger.exp:
a takes action: sharing_own_secret(['a', 'as'])
b takes action: stay(['b'])
c takes action: stay(['c'])
a takes action: quiet(['a', 'as'])
b takes action: sharing_own_secret(['b', 'bs'])
c takes action: stay(['c'])
a takes action: stay(['a'])
b takes action: quiet(['b', 'bs'])
c takes action: move_right(['c'])
a takes action: move_right(['a'])
b takes action: lying_own_secret(['b', 'bs'])
c takes action: stay(['c'])
a takes action: stay(['a'])
b takes action: quiet(['b', 'bs'])
c takes action: move_left(['c'])
a takes action: lying_own_secret(['a', 'as'])
Steps: 16
Time cost: 70.810559s
2025-10-11 18:55:18,645 EXP - __main__.Logger.exp:
a takes action: sharing_own_secret(['a', 'as'])
b takes action: stay(['b'])
c takes action: stay(['c'])
a takes action: quiet(['a', 'as'])
b takes action: sharing_own_secret(['b', 'bs'])
c takes action: stay(['c'])
a takes action: stay(['a'])
b takes action: quiet(['b', 'bs'])
c takes action: move_right(['c'])
a takes action: move_right(['a'])
b takes action: lying_own_secret(['b', 'bs'])
c takes action: stay(['c'])
a takes action: stay(['a'])
b takes action: quiet(['b', 'bs'])
c takes action: move_left(['c'])
a takes action: lying_own_secret(['a', 'as'])
Steps: 16
Time cost: 70.830982s
2025-10-11 18:56:33,764 EXP - __main__.Logger.exp:
a takes action: sharing_own_secret(['a', 'as'])
b takes action: stay(['b'])
c takes action: stay(['c'])
a takes action: quiet(['a', 'as'])
b takes action: sharing_own_secret(['b', 'bs'])
c takes action: stay(['c'])
a takes action: stay(['a'])
b takes action: quiet(['b', 'bs'])
c takes action: move_right(['c'])
a takes action: move_right(['a'])
b takes action: lying_own_secret(['b', 'bs'])
c takes action: stay(['c'])
a takes action: stay(['a'])
b takes action: quiet(['b', 'bs'])
c takes action: stay(['c'])
a takes action: stay(['a'])
b takes action: stay(['b'])
c takes action: move_left(['c'])
a takes action: lying_own_secret(['a', 'as'])
Steps: 19
Time cost: 75.118149s
2025-10-11 18:56:33,764 EXP - __main__.Logger.exp:
Avg Steps: 22.2
Avg Time: 84.756613s
