2025-10-12 17:53:13,138 INFO - __main__._.<module>:
Start building the model, type: "False"
2025-10-12 17:53:13,138 INFO - __main__._.build:
Start building the model, type: "False"
2025-10-12 17:53:13,138 INFO - __main__.DomainParser.run:
Domain "models/mapf/domain.pddl" start initialization.
2025-10-12 17:53:13,138 INFO - __main__.DomainParser.run:
Domain Parser found "models/mapf/domain.pddl"
2025-10-12 17:53:13,138 INFO - __main__.DomainParser.run:
Complete file reading.
2025-10-12 17:53:13,138 INFO - __main__.DomainParser.run:
Domain name found
2025-10-12 17:53:13,138 INFO - __main__.DomainParser.run:
Domain type found
2025-10-12 17:53:13,139 INFO - __main__.DomainParser.run:
Domain functions found
2025-10-12 17:53:13,139 INFO - __main__.DomainParser.run:
Domain actions found
2025-10-12 17:53:13,139 DEBUG - __main__.DomainParser.run:
Parsed Domain Result:
================= Domain "(mapf)" Parsing Result ================
Domain types: ['agent', 'room']
=================
Domain functions:
Function(name:agent_at, parameters:{'agent': ['?a']}). 
Function(name:room_id, parameters:{'room': ['?r']}). 
Function(name:connected, parameters:{'room': ['?r1', '?r2']}). 
Function(name:room_has_agent, parameters:{'room': ['?r']}). 
=================
Domain actions:
-----------------
Action:
Name: move
Parameters:
    agent : ['?self']
    room : ['?from', '?to']
Preconditions:
1: Condition(Variable(connected: ['?from', '?to']) = 1)
2: Condition(Variable(agent_at: ['?self']) = Variable(room_id: ['?from']))
3: Condition(Variable(room_has_agent: ['?to']) = 0)
4: Condition(Variable(room_has_agent: ['?from']) = 1)
Effects:
1: Effect(effect_operator:'assign' Variable(agent_at: ['?self']) Variable(room_id: ['?to']))
2: Effect('assign' Variable(room_has_agent: ['?from']) 0)
3: Effect('assign' Variable(room_has_agent: ['?to']) 1)


2025-10-12 17:53:13,139 INFO - __main__.ProblemParser.run:
Problem "models/mapf/2a7r" start initialization.
2025-10-12 17:53:13,139 INFO - __main__.ProblemParser.get_files:
Problem folder found "models/mapf/2a7r"
2025-10-12 17:53:13,139 INFO - __main__.ProblemParser.run:
Found 2 agent files:
"models/mapf/2a7r/b.agtpddl"
"models/mapf/2a7r/a.agtpddl"
2025-10-12 17:53:13,139 INFO - __main__.ProblemParser.run:
Found init file: "models/mapf/2a7r/init.envpddl"
2025-10-12 17:53:13,139 INFO - __main__.ProblemParser.run:
Complete reading environment file.
2025-10-12 17:53:13,139 INFO - __main__.ProblemParser.run:
Copmlete reading agent file "models/mapf/2a7r/b.agtpddl"
2025-10-12 17:53:13,139 INFO - __main__.ProblemParser.run:
Copmlete reading agent file "models/mapf/2a7r/a.agtpddl"
2025-10-12 17:53:13,139 INFO - __main__.ProblemParser.run:
Problem domain name "mapf" found
Problem name "2a7r" found
2025-10-12 17:53:13,139 INFO - __main__.ProblemParser.run:
Problem agents found
2025-10-12 17:53:13,140 INFO - __main__.ProblemParser.run:
Problem objects found
2025-10-12 17:53:13,140 INFO - __main__.ProblemParser.run:
Problem ranges found
2025-10-12 17:53:13,140 INFO - __main__.ProblemParser.run:
Problem initial states found
2025-10-12 17:53:13,140 INFO - __main__.ProblemParser.run:
Problem goals found
2025-10-12 17:53:13,140 INFO - __main__.ProblemParser.run:
Problem acceptable goal set found
2025-10-12 17:53:13,140 INFO - __main__.ProblemParser.run:
Problem max belief depth found
2025-10-12 17:53:13,140 DEBUG - __main__.ProblemParser.run:
Parsed Problem Result:
============ Problem "(mapf : 2a7r)" Parsing Result ===========
Agents: ['a', 'b']
=================
Objects:
room: ['r1', 'r2', 'r3', 'r4', 'r5', 'r6', 'r7']
=================
States:
State(variable: Variable(connected: ['r1', 'r1']), value: 0, target_variable: Variable(None: []))
State(variable: Variable(connected: ['r1', 'r2']), value: 1, target_variable: Variable(None: []))
State(variable: Variable(connected: ['r1', 'r3']), value: 0, target_variable: Variable(None: []))
State(variable: Variable(connected: ['r1', 'r4']), value: 0, target_variable: Variable(None: []))
State(variable: Variable(connected: ['r1', 'r5']), value: 0, target_variable: Variable(None: []))
State(variable: Variable(connected: ['r1', 'r6']), value: 0, target_variable: Variable(None: []))
State(variable: Variable(connected: ['r1', 'r7']), value: 0, target_variable: Variable(None: []))
State(variable: Variable(connected: ['r2', 'r1']), value: 1, target_variable: Variable(None: []))
State(variable: Variable(connected: ['r2', 'r2']), value: 0, target_variable: Variable(None: []))
State(variable: Variable(connected: ['r2', 'r3']), value: 1, target_variable: Variable(None: []))
State(variable: Variable(connected: ['r2', 'r4']), value: 0, target_variable: Variable(None: []))
State(variable: Variable(connected: ['r2', 'r5']), value: 0, target_variable: Variable(None: []))
State(variable: Variable(connected: ['r2', 'r6']), value: 1, target_variable: Variable(None: []))
State(variable: Variable(connected: ['r2', 'r7']), value: 0, target_variable: Variable(None: []))
State(variable: Variable(connected: ['r3', 'r1']), value: 0, target_variable: Variable(None: []))
State(variable: Variable(connected: ['r3', 'r2']), value: 1, target_variable: Variable(None: []))
State(variable: Variable(connected: ['r3', 'r3']), value: 0, target_variable: Variable(None: []))
State(variable: Variable(connected: ['r3', 'r4']), value: 1, target_variable: Variable(None: []))
State(variable: Variable(connected: ['r3', 'r5']), value: 0, target_variable: Variable(None: []))
State(variable: Variable(connected: ['r3', 'r6']), value: 0, target_variable: Variable(None: []))
State(variable: Variable(connected: ['r3', 'r7']), value: 0, target_variable: Variable(None: []))
State(variable: Variable(connected: ['r4', 'r1']), value: 0, target_variable: Variable(None: []))
State(variable: Variable(connected: ['r4', 'r2']), value: 0, target_variable: Variable(None: []))
State(variable: Variable(connected: ['r4', 'r3']), value: 1, target_variable: Variable(None: []))
State(variable: Variable(connected: ['r4', 'r4']), value: 0, target_variable: Variable(None: []))
State(variable: Variable(connected: ['r4', 'r5']), value: 1, target_variable: Variable(None: []))
State(variable: Variable(connected: ['r4', 'r6']), value: 0, target_variable: Variable(None: []))
State(variable: Variable(connected: ['r4', 'r7']), value: 1, target_variable: Variable(None: []))
State(variable: Variable(connected: ['r5', 'r1']), value: 0, target_variable: Variable(None: []))
State(variable: Variable(connected: ['r5', 'r2']), value: 0, target_variable: Variable(None: []))
State(variable: Variable(connected: ['r5', 'r3']), value: 0, target_variable: Variable(None: []))
State(variable: Variable(connected: ['r5', 'r4']), value: 1, target_variable: Variable(None: []))
State(variable: Variable(connected: ['r5', 'r5']), value: 0, target_variable: Variable(None: []))
State(variable: Variable(connected: ['r5', 'r6']), value: 0, target_variable: Variable(None: []))
State(variable: Variable(connected: ['r5', 'r7']), value: 0, target_variable: Variable(None: []))
State(variable: Variable(connected: ['r6', 'r1']), value: 0, target_variable: Variable(None: []))
State(variable: Variable(connected: ['r6', 'r2']), value: 1, target_variable: Variable(None: []))
State(variable: Variable(connected: ['r6', 'r3']), value: 0, target_variable: Variable(None: []))
State(variable: Variable(connected: ['r6', 'r4']), value: 0, target_variable: Variable(None: []))
State(variable: Variable(connected: ['r6', 'r5']), value: 0, target_variable: Variable(None: []))
State(variable: Variable(connected: ['r6', 'r6']), value: 0, target_variable: Variable(None: []))
State(variable: Variable(connected: ['r6', 'r7']), value: 0, target_variable: Variable(None: []))
State(variable: Variable(connected: ['r7', 'r1']), value: 0, target_variable: Variable(None: []))
State(variable: Variable(connected: ['r7', 'r2']), value: 0, target_variable: Variable(None: []))
State(variable: Variable(connected: ['r7', 'r3']), value: 0, target_variable: Variable(None: []))
State(variable: Variable(connected: ['r7', 'r4']), value: 1, target_variable: Variable(None: []))
State(variable: Variable(connected: ['r7', 'r5']), value: 0, target_variable: Variable(None: []))
State(variable: Variable(connected: ['r7', 'r6']), value: 0, target_variable: Variable(None: []))
State(variable: Variable(connected: ['r7', 'r7']), value: 0, target_variable: Variable(None: []))
State(variable: Variable(room_id: ['r1']), value: r1, target_variable: Variable(None: []))
State(variable: Variable(room_id: ['r2']), value: r2, target_variable: Variable(None: []))
State(variable: Variable(room_id: ['r3']), value: r3, target_variable: Variable(None: []))
State(variable: Variable(room_id: ['r4']), value: r4, target_variable: Variable(None: []))
State(variable: Variable(room_id: ['r5']), value: r5, target_variable: Variable(None: []))
State(variable: Variable(room_id: ['r6']), value: r6, target_variable: Variable(None: []))
State(variable: Variable(room_id: ['r7']), value: r7, target_variable: Variable(None: []))
State(variable: Variable(agent_at: ['a']), value: r1, target_variable: Variable(None: []))
State(variable: Variable(agent_at: ['b']), value: r4, target_variable: Variable(None: []))
State(variable: Variable(room_has_agent: ['r1']), value: 1, target_variable: Variable(None: []))
State(variable: Variable(room_has_agent: ['r2']), value: 0, target_variable: Variable(None: []))
State(variable: Variable(room_has_agent: ['r3']), value: 0, target_variable: Variable(None: []))
State(variable: Variable(room_has_agent: ['r4']), value: 1, target_variable: Variable(None: []))
State(variable: Variable(room_has_agent: ['r5']), value: 0, target_variable: Variable(None: []))
State(variable: Variable(room_has_agent: ['r6']), value: 0, target_variable: Variable(None: []))
State(variable: Variable(room_has_agent: ['r7']), value: 0, target_variable: Variable(None: []))
=================
Goals:
-----------------
a:
EpistemicCondition(Belief sequence: ['a'], epistemic truth: "= true", Condition(Variable(agent_at: ['a']) = r7))
-----------------
b:
EpistemicCondition(Belief sequence: ['b'], epistemic truth: "= true", Condition(Variable(agent_at: ['b']) = r4))
=================
Ranges:
Range(function_name: agent_at, type: enumerate, enumerates: ['r1', 'r2', 'r3', 'r4', 'r5', 'r6', 'r7'])
Range(function_name: room_id, type: enumerate, enumerates: ['r1', 'r2', 'r3', 'r4', 'r5', 'r6', 'r7'])
Range(function_name: connected, type: integer, min: 0, max: 1)
Range(function_name: room_has_agent, type: integer, min: 0, max: 1)

2025-10-12 17:53:13,141 INFO - __main__.ModelChecker.check_validity:
checking the validity...
2025-10-12 17:53:13,141 DEBUG - __main__.ModelChecker.check_validity:
Valid names: ['a', 'b', 'r1', 'r2', 'r3', 'r4', 'r5', 'r6', 'r7', 'unknown', 'agent_at', 'room_id', 'connected', 'room_has_agent']
2025-10-12 17:53:13,141 DEBUG - __main__.ModelChecker.check_validity:
Checking the states
2025-10-12 17:53:13,141 DEBUG - __main__.ModelChecker.check_validity:
Checking the goals
2025-10-12 17:53:13,141 DEBUG - __main__.ModelChecker.check_validity:
Checking the ranges
2025-10-12 17:53:13,141 DEBUG - __main__.ModelChecker.check_validity:
Checking the actions
2025-10-12 17:53:13,141 INFO - __main__.ModelChecker.check_validity:
The domain and problem pass the checker.
2025-10-12 17:53:13,141 INFO - __main__.ModelChecker.check_validity:
checking the validity...
2025-10-12 17:53:13,141 DEBUG - __main__.ModelChecker.check_validity:
Valid names: ['a', 'b', 'r1', 'r2', 'r3', 'r4', 'r5', 'r6', 'r7', 'unknown', 'agent_at', 'room_id', 'connected', 'room_has_agent']
2025-10-12 17:53:13,141 DEBUG - __main__.ModelChecker.check_validity:
Checking the states
2025-10-12 17:53:13,141 DEBUG - __main__.ModelChecker.check_validity:
Checking the goals
2025-10-12 17:53:13,141 DEBUG - __main__.ModelChecker.check_validity:
Checking the ranges
2025-10-12 17:53:13,141 DEBUG - __main__.ModelChecker.check_validity:
Checking the actions
2025-10-12 17:53:13,141 INFO - __main__.ModelChecker.check_validity:
The domain and problem pass the checker.
2025-10-12 17:53:13,141 INFO - __main__._.load_observation_function:
Loaded observation function MAPFObsFunc to agent a
2025-10-12 17:53:13,141 INFO - __main__._.load_observation_function:
Loaded observation function MAPFObsFunc to agent b
2025-10-12 17:53:13,142 INFO - __main__._.load_policy_strategy:
Loaded strategy class CompleteBFS for agent a
2025-10-12 17:53:13,142 INFO - __main__._.load_policy_strategy:
Loaded strategy class CompleteBFS for agent b
2025-10-12 17:53:13,142 INFO - __main__.Model.init:
Loaded problem type: "UNSHARE"
2025-10-12 17:53:13,143 INFO - __main__._.build_model:
The goal backup found in the folder: possible_goals_backup/mapf-2a7r, now loading the goals from the backup.
2025-10-12 17:53:13,144 DEBUG - __main__._.build_model:
Model:
================= Model Result================
Domain name: mapf
Problem name: 2a7r
Problem type: "UNSHARE"
=================
Function agent_at:
Parameters ['a']:
Value r1: Function([id:1, header_id:1]  agent_at {'?a': 'a'} = r1)
Value r2: Function([id:2, header_id:1]  agent_at {'?a': 'a'} = r2)
Value r3: Function([id:3, header_id:1]  agent_at {'?a': 'a'} = r3)
Value r4: Function([id:4, header_id:1]  agent_at {'?a': 'a'} = r4)
Value r5: Function([id:5, header_id:1]  agent_at {'?a': 'a'} = r5)
Value r6: Function([id:6, header_id:1]  agent_at {'?a': 'a'} = r6)
Value r7: Function([id:7, header_id:1]  agent_at {'?a': 'a'} = r7)
Parameters ['b']:
Value r1: Function([id:8, header_id:2]  agent_at {'?a': 'b'} = r1)
Value r2: Function([id:9, header_id:2]  agent_at {'?a': 'b'} = r2)
Value r3: Function([id:10, header_id:2]  agent_at {'?a': 'b'} = r3)
Value r4: Function([id:11, header_id:2]  agent_at {'?a': 'b'} = r4)
Value r5: Function([id:12, header_id:2]  agent_at {'?a': 'b'} = r5)
Value r6: Function([id:13, header_id:2]  agent_at {'?a': 'b'} = r6)
Value r7: Function([id:14, header_id:2]  agent_at {'?a': 'b'} = r7)
Function room_id:
Parameters ['r1']:
Value r1: Function([id:15, header_id:3]  room_id {'?r': 'r1'} = r1)
Value r2: Function([id:16, header_id:3]  room_id {'?r': 'r1'} = r2)
Value r3: Function([id:17, header_id:3]  room_id {'?r': 'r1'} = r3)
Value r4: Function([id:18, header_id:3]  room_id {'?r': 'r1'} = r4)
Value r5: Function([id:19, header_id:3]  room_id {'?r': 'r1'} = r5)
Value r6: Function([id:20, header_id:3]  room_id {'?r': 'r1'} = r6)
Value r7: Function([id:21, header_id:3]  room_id {'?r': 'r1'} = r7)
Parameters ['r2']:
Value r1: Function([id:22, header_id:4]  room_id {'?r': 'r2'} = r1)
Value r2: Function([id:23, header_id:4]  room_id {'?r': 'r2'} = r2)
Value r3: Function([id:24, header_id:4]  room_id {'?r': 'r2'} = r3)
Value r4: Function([id:25, header_id:4]  room_id {'?r': 'r2'} = r4)
Value r5: Function([id:26, header_id:4]  room_id {'?r': 'r2'} = r5)
Value r6: Function([id:27, header_id:4]  room_id {'?r': 'r2'} = r6)
Value r7: Function([id:28, header_id:4]  room_id {'?r': 'r2'} = r7)
Parameters ['r3']:
Value r1: Function([id:29, header_id:5]  room_id {'?r': 'r3'} = r1)
Value r2: Function([id:30, header_id:5]  room_id {'?r': 'r3'} = r2)
Value r3: Function([id:31, header_id:5]  room_id {'?r': 'r3'} = r3)
Value r4: Function([id:32, header_id:5]  room_id {'?r': 'r3'} = r4)
Value r5: Function([id:33, header_id:5]  room_id {'?r': 'r3'} = r5)
Value r6: Function([id:34, header_id:5]  room_id {'?r': 'r3'} = r6)
Value r7: Function([id:35, header_id:5]  room_id {'?r': 'r3'} = r7)
Parameters ['r4']:
Value r1: Function([id:36, header_id:6]  room_id {'?r': 'r4'} = r1)
Value r2: Function([id:37, header_id:6]  room_id {'?r': 'r4'} = r2)
Value r3: Function([id:38, header_id:6]  room_id {'?r': 'r4'} = r3)
Value r4: Function([id:39, header_id:6]  room_id {'?r': 'r4'} = r4)
Value r5: Function([id:40, header_id:6]  room_id {'?r': 'r4'} = r5)
Value r6: Function([id:41, header_id:6]  room_id {'?r': 'r4'} = r6)
Value r7: Function([id:42, header_id:6]  room_id {'?r': 'r4'} = r7)
Parameters ['r5']:
Value r1: Function([id:43, header_id:7]  room_id {'?r': 'r5'} = r1)
Value r2: Function([id:44, header_id:7]  room_id {'?r': 'r5'} = r2)
Value r3: Function([id:45, header_id:7]  room_id {'?r': 'r5'} = r3)
Value r4: Function([id:46, header_id:7]  room_id {'?r': 'r5'} = r4)
Value r5: Function([id:47, header_id:7]  room_id {'?r': 'r5'} = r5)
Value r6: Function([id:48, header_id:7]  room_id {'?r': 'r5'} = r6)
Value r7: Function([id:49, header_id:7]  room_id {'?r': 'r5'} = r7)
Parameters ['r6']:
Value r1: Function([id:50, header_id:8]  room_id {'?r': 'r6'} = r1)
Value r2: Function([id:51, header_id:8]  room_id {'?r': 'r6'} = r2)
Value r3: Function([id:52, header_id:8]  room_id {'?r': 'r6'} = r3)
Value r4: Function([id:53, header_id:8]  room_id {'?r': 'r6'} = r4)
Value r5: Function([id:54, header_id:8]  room_id {'?r': 'r6'} = r5)
Value r6: Function([id:55, header_id:8]  room_id {'?r': 'r6'} = r6)
Value r7: Function([id:56, header_id:8]  room_id {'?r': 'r6'} = r7)
Parameters ['r7']:
Value r1: Function([id:57, header_id:9]  room_id {'?r': 'r7'} = r1)
Value r2: Function([id:58, header_id:9]  room_id {'?r': 'r7'} = r2)
Value r3: Function([id:59, header_id:9]  room_id {'?r': 'r7'} = r3)
Value r4: Function([id:60, header_id:9]  room_id {'?r': 'r7'} = r4)
Value r5: Function([id:61, header_id:9]  room_id {'?r': 'r7'} = r5)
Value r6: Function([id:62, header_id:9]  room_id {'?r': 'r7'} = r6)
Value r7: Function([id:63, header_id:9]  room_id {'?r': 'r7'} = r7)
Function connected:
Parameters ['r1', 'r1']:
Value 0: Function([id:64, header_id:10]  connected {'?r1': 'r1', '?r2': 'r1'} = 0)
Value 1: Function([id:65, header_id:10]  connected {'?r1': 'r1', '?r2': 'r1'} = 1)
Parameters ['r1', 'r2']:
Value 0: Function([id:66, header_id:11]  connected {'?r1': 'r1', '?r2': 'r2'} = 0)
Value 1: Function([id:67, header_id:11]  connected {'?r1': 'r1', '?r2': 'r2'} = 1)
Parameters ['r1', 'r3']:
Value 0: Function([id:68, header_id:12]  connected {'?r1': 'r1', '?r2': 'r3'} = 0)
Value 1: Function([id:69, header_id:12]  connected {'?r1': 'r1', '?r2': 'r3'} = 1)
Parameters ['r1', 'r4']:
Value 0: Function([id:70, header_id:13]  connected {'?r1': 'r1', '?r2': 'r4'} = 0)
Value 1: Function([id:71, header_id:13]  connected {'?r1': 'r1', '?r2': 'r4'} = 1)
Parameters ['r1', 'r5']:
Value 0: Function([id:72, header_id:14]  connected {'?r1': 'r1', '?r2': 'r5'} = 0)
Value 1: Function([id:73, header_id:14]  connected {'?r1': 'r1', '?r2': 'r5'} = 1)
Parameters ['r1', 'r6']:
Value 0: Function([id:74, header_id:15]  connected {'?r1': 'r1', '?r2': 'r6'} = 0)
Value 1: Function([id:75, header_id:15]  connected {'?r1': 'r1', '?r2': 'r6'} = 1)
Parameters ['r1', 'r7']:
Value 0: Function([id:76, header_id:16]  connected {'?r1': 'r1', '?r2': 'r7'} = 0)
Value 1: Function([id:77, header_id:16]  connected {'?r1': 'r1', '?r2': 'r7'} = 1)
Parameters ['r2', 'r1']:
Value 0: Function([id:78, header_id:17]  connected {'?r1': 'r2', '?r2': 'r1'} = 0)
Value 1: Function([id:79, header_id:17]  connected {'?r1': 'r2', '?r2': 'r1'} = 1)
Parameters ['r2', 'r2']:
Value 0: Function([id:80, header_id:18]  connected {'?r1': 'r2', '?r2': 'r2'} = 0)
Value 1: Function([id:81, header_id:18]  connected {'?r1': 'r2', '?r2': 'r2'} = 1)
Parameters ['r2', 'r3']:
Value 0: Function([id:82, header_id:19]  connected {'?r1': 'r2', '?r2': 'r3'} = 0)
Value 1: Function([id:83, header_id:19]  connected {'?r1': 'r2', '?r2': 'r3'} = 1)
Parameters ['r2', 'r4']:
Value 0: Function([id:84, header_id:20]  connected {'?r1': 'r2', '?r2': 'r4'} = 0)
Value 1: Function([id:85, header_id:20]  connected {'?r1': 'r2', '?r2': 'r4'} = 1)
Parameters ['r2', 'r5']:
Value 0: Function([id:86, header_id:21]  connected {'?r1': 'r2', '?r2': 'r5'} = 0)
Value 1: Function([id:87, header_id:21]  connected {'?r1': 'r2', '?r2': 'r5'} = 1)
Parameters ['r2', 'r6']:
Value 0: Function([id:88, header_id:22]  connected {'?r1': 'r2', '?r2': 'r6'} = 0)
Value 1: Function([id:89, header_id:22]  connected {'?r1': 'r2', '?r2': 'r6'} = 1)
Parameters ['r2', 'r7']:
Value 0: Function([id:90, header_id:23]  connected {'?r1': 'r2', '?r2': 'r7'} = 0)
Value 1: Function([id:91, header_id:23]  connected {'?r1': 'r2', '?r2': 'r7'} = 1)
Parameters ['r3', 'r1']:
Value 0: Function([id:92, header_id:24]  connected {'?r1': 'r3', '?r2': 'r1'} = 0)
Value 1: Function([id:93, header_id:24]  connected {'?r1': 'r3', '?r2': 'r1'} = 1)
Parameters ['r3', 'r2']:
Value 0: Function([id:94, header_id:25]  connected {'?r1': 'r3', '?r2': 'r2'} = 0)
Value 1: Function([id:95, header_id:25]  connected {'?r1': 'r3', '?r2': 'r2'} = 1)
Parameters ['r3', 'r3']:
Value 0: Function([id:96, header_id:26]  connected {'?r1': 'r3', '?r2': 'r3'} = 0)
Value 1: Function([id:97, header_id:26]  connected {'?r1': 'r3', '?r2': 'r3'} = 1)
Parameters ['r3', 'r4']:
Value 0: Function([id:98, header_id:27]  connected {'?r1': 'r3', '?r2': 'r4'} = 0)
Value 1: Function([id:99, header_id:27]  connected {'?r1': 'r3', '?r2': 'r4'} = 1)
Parameters ['r3', 'r5']:
Value 0: Function([id:100, header_id:28]  connected {'?r1': 'r3', '?r2': 'r5'} = 0)
Value 1: Function([id:101, header_id:28]  connected {'?r1': 'r3', '?r2': 'r5'} = 1)
Parameters ['r3', 'r6']:
Value 0: Function([id:102, header_id:29]  connected {'?r1': 'r3', '?r2': 'r6'} = 0)
Value 1: Function([id:103, header_id:29]  connected {'?r1': 'r3', '?r2': 'r6'} = 1)
Parameters ['r3', 'r7']:
Value 0: Function([id:104, header_id:30]  connected {'?r1': 'r3', '?r2': 'r7'} = 0)
Value 1: Function([id:105, header_id:30]  connected {'?r1': 'r3', '?r2': 'r7'} = 1)
Parameters ['r4', 'r1']:
Value 0: Function([id:106, header_id:31]  connected {'?r1': 'r4', '?r2': 'r1'} = 0)
Value 1: Function([id:107, header_id:31]  connected {'?r1': 'r4', '?r2': 'r1'} = 1)
Parameters ['r4', 'r2']:
Value 0: Function([id:108, header_id:32]  connected {'?r1': 'r4', '?r2': 'r2'} = 0)
Value 1: Function([id:109, header_id:32]  connected {'?r1': 'r4', '?r2': 'r2'} = 1)
Parameters ['r4', 'r3']:
Value 0: Function([id:110, header_id:33]  connected {'?r1': 'r4', '?r2': 'r3'} = 0)
Value 1: Function([id:111, header_id:33]  connected {'?r1': 'r4', '?r2': 'r3'} = 1)
Parameters ['r4', 'r4']:
Value 0: Function([id:112, header_id:34]  connected {'?r1': 'r4', '?r2': 'r4'} = 0)
Value 1: Function([id:113, header_id:34]  connected {'?r1': 'r4', '?r2': 'r4'} = 1)
Parameters ['r4', 'r5']:
Value 0: Function([id:114, header_id:35]  connected {'?r1': 'r4', '?r2': 'r5'} = 0)
Value 1: Function([id:115, header_id:35]  connected {'?r1': 'r4', '?r2': 'r5'} = 1)
Parameters ['r4', 'r6']:
Value 0: Function([id:116, header_id:36]  connected {'?r1': 'r4', '?r2': 'r6'} = 0)
Value 1: Function([id:117, header_id:36]  connected {'?r1': 'r4', '?r2': 'r6'} = 1)
Parameters ['r4', 'r7']:
Value 0: Function([id:118, header_id:37]  connected {'?r1': 'r4', '?r2': 'r7'} = 0)
Value 1: Function([id:119, header_id:37]  connected {'?r1': 'r4', '?r2': 'r7'} = 1)
Parameters ['r5', 'r1']:
Value 0: Function([id:120, header_id:38]  connected {'?r1': 'r5', '?r2': 'r1'} = 0)
Value 1: Function([id:121, header_id:38]  connected {'?r1': 'r5', '?r2': 'r1'} = 1)
Parameters ['r5', 'r2']:
Value 0: Function([id:122, header_id:39]  connected {'?r1': 'r5', '?r2': 'r2'} = 0)
Value 1: Function([id:123, header_id:39]  connected {'?r1': 'r5', '?r2': 'r2'} = 1)
Parameters ['r5', 'r3']:
Value 0: Function([id:124, header_id:40]  connected {'?r1': 'r5', '?r2': 'r3'} = 0)
Value 1: Function([id:125, header_id:40]  connected {'?r1': 'r5', '?r2': 'r3'} = 1)
Parameters ['r5', 'r4']:
Value 0: Function([id:126, header_id:41]  connected {'?r1': 'r5', '?r2': 'r4'} = 0)
Value 1: Function([id:127, header_id:41]  connected {'?r1': 'r5', '?r2': 'r4'} = 1)
Parameters ['r5', 'r5']:
Value 0: Function([id:128, header_id:42]  connected {'?r1': 'r5', '?r2': 'r5'} = 0)
Value 1: Function([id:129, header_id:42]  connected {'?r1': 'r5', '?r2': 'r5'} = 1)
Parameters ['r5', 'r6']:
Value 0: Function([id:130, header_id:43]  connected {'?r1': 'r5', '?r2': 'r6'} = 0)
Value 1: Function([id:131, header_id:43]  connected {'?r1': 'r5', '?r2': 'r6'} = 1)
Parameters ['r5', 'r7']:
Value 0: Function([id:132, header_id:44]  connected {'?r1': 'r5', '?r2': 'r7'} = 0)
Value 1: Function([id:133, header_id:44]  connected {'?r1': 'r5', '?r2': 'r7'} = 1)
Parameters ['r6', 'r1']:
Value 0: Function([id:134, header_id:45]  connected {'?r1': 'r6', '?r2': 'r1'} = 0)
Value 1: Function([id:135, header_id:45]  connected {'?r1': 'r6', '?r2': 'r1'} = 1)
Parameters ['r6', 'r2']:
Value 0: Function([id:136, header_id:46]  connected {'?r1': 'r6', '?r2': 'r2'} = 0)
Value 1: Function([id:137, header_id:46]  connected {'?r1': 'r6', '?r2': 'r2'} = 1)
Parameters ['r6', 'r3']:
Value 0: Function([id:138, header_id:47]  connected {'?r1': 'r6', '?r2': 'r3'} = 0)
Value 1: Function([id:139, header_id:47]  connected {'?r1': 'r6', '?r2': 'r3'} = 1)
Parameters ['r6', 'r4']:
Value 0: Function([id:140, header_id:48]  connected {'?r1': 'r6', '?r2': 'r4'} = 0)
Value 1: Function([id:141, header_id:48]  connected {'?r1': 'r6', '?r2': 'r4'} = 1)
Parameters ['r6', 'r5']:
Value 0: Function([id:142, header_id:49]  connected {'?r1': 'r6', '?r2': 'r5'} = 0)
Value 1: Function([id:143, header_id:49]  connected {'?r1': 'r6', '?r2': 'r5'} = 1)
Parameters ['r6', 'r6']:
Value 0: Function([id:144, header_id:50]  connected {'?r1': 'r6', '?r2': 'r6'} = 0)
Value 1: Function([id:145, header_id:50]  connected {'?r1': 'r6', '?r2': 'r6'} = 1)
Parameters ['r6', 'r7']:
Value 0: Function([id:146, header_id:51]  connected {'?r1': 'r6', '?r2': 'r7'} = 0)
Value 1: Function([id:147, header_id:51]  connected {'?r1': 'r6', '?r2': 'r7'} = 1)
Parameters ['r7', 'r1']:
Value 0: Function([id:148, header_id:52]  connected {'?r1': 'r7', '?r2': 'r1'} = 0)
Value 1: Function([id:149, header_id:52]  connected {'?r1': 'r7', '?r2': 'r1'} = 1)
Parameters ['r7', 'r2']:
Value 0: Function([id:150, header_id:53]  connected {'?r1': 'r7', '?r2': 'r2'} = 0)
Value 1: Function([id:151, header_id:53]  connected {'?r1': 'r7', '?r2': 'r2'} = 1)
Parameters ['r7', 'r3']:
Value 0: Function([id:152, header_id:54]  connected {'?r1': 'r7', '?r2': 'r3'} = 0)
Value 1: Function([id:153, header_id:54]  connected {'?r1': 'r7', '?r2': 'r3'} = 1)
Parameters ['r7', 'r4']:
Value 0: Function([id:154, header_id:55]  connected {'?r1': 'r7', '?r2': 'r4'} = 0)
Value 1: Function([id:155, header_id:55]  connected {'?r1': 'r7', '?r2': 'r4'} = 1)
Parameters ['r7', 'r5']:
Value 0: Function([id:156, header_id:56]  connected {'?r1': 'r7', '?r2': 'r5'} = 0)
Value 1: Function([id:157, header_id:56]  connected {'?r1': 'r7', '?r2': 'r5'} = 1)
Parameters ['r7', 'r6']:
Value 0: Function([id:158, header_id:57]  connected {'?r1': 'r7', '?r2': 'r6'} = 0)
Value 1: Function([id:159, header_id:57]  connected {'?r1': 'r7', '?r2': 'r6'} = 1)
Parameters ['r7', 'r7']:
Value 0: Function([id:160, header_id:58]  connected {'?r1': 'r7', '?r2': 'r7'} = 0)
Value 1: Function([id:161, header_id:58]  connected {'?r1': 'r7', '?r2': 'r7'} = 1)
Function room_has_agent:
Parameters ['r1']:
Value 0: Function([id:162, header_id:59]  room_has_agent {'?r': 'r1'} = 0)
Value 1: Function([id:163, header_id:59]  room_has_agent {'?r': 'r1'} = 1)
Parameters ['r2']:
Value 0: Function([id:164, header_id:60]  room_has_agent {'?r': 'r2'} = 0)
Value 1: Function([id:165, header_id:60]  room_has_agent {'?r': 'r2'} = 1)
Parameters ['r3']:
Value 0: Function([id:166, header_id:61]  room_has_agent {'?r': 'r3'} = 0)
Value 1: Function([id:167, header_id:61]  room_has_agent {'?r': 'r3'} = 1)
Parameters ['r4']:
Value 0: Function([id:168, header_id:62]  room_has_agent {'?r': 'r4'} = 0)
Value 1: Function([id:169, header_id:62]  room_has_agent {'?r': 'r4'} = 1)
Parameters ['r5']:
Value 0: Function([id:170, header_id:63]  room_has_agent {'?r': 'r5'} = 0)
Value 1: Function([id:171, header_id:63]  room_has_agent {'?r': 'r5'} = 1)
Parameters ['r6']:
Value 0: Function([id:172, header_id:64]  room_has_agent {'?r': 'r6'} = 0)
Value 1: Function([id:173, header_id:64]  room_has_agent {'?r': 'r6'} = 1)
Parameters ['r7']:
Value 0: Function([id:174, header_id:65]  room_has_agent {'?r': 'r7'} = 0)
Value 1: Function([id:175, header_id:65]  room_has_agent {'?r': 'r7'} = 1)

=================
Entity(a - agent)
Entity(b - agent)
Entity(r1 - room)
Entity(r2 - room)
Entity(r3 - room)
Entity(r4 - room)
Entity(r5 - room)
Entity(r6 - room)
Entity(r7 - room)
=================
FunctionSchema(name: agent_at, range: ['r1', 'r2', 'r3', 'r4', 'r5', 'r6', 'r7'], type: enumerate, require_parameters: {'?a': 'agent'})
FunctionSchema(name: room_id, range: ['r1', 'r2', 'r3', 'r4', 'r5', 'r6', 'r7'], type: enumerate, require_parameters: {'?r': 'room'})
FunctionSchema(name: connected, range: (0, 1), type: integer, require_parameters: {'?r1': 'room', '?r2': 'room'})
FunctionSchema(name: room_has_agent, range: (0, 1), type: integer, require_parameters: {'?r': 'room'})
=================
-----------------
Action Schema: move
Parameters: {'?self': 'agent', '?from': 'room', '?to': 'room'}
Precondition Schemas:
ConditionSchema(("EP_NONE" [] "EP_NONE") "EQUAL" (connected {'?from': 'room', '?to': 'room'}) = 1)
ConditionSchema(("EP_NONE" [] "EP_NONE") "EQUAL" (agent_at {'?self': 'agent'}) = (room_id {'?from': 'room'}))
ConditionSchema(("EP_NONE" [] "EP_NONE") "EQUAL" (room_has_agent {'?to': 'room'}) = 0)
ConditionSchema(("EP_NONE" [] "EP_NONE") "EQUAL" (room_has_agent {'?from': 'room'}) = 1)
Effect Schemas:
EffectSchema("ASSIGN" (agent_at {'?self': 'agent'}) = (room_id {'?to': 'room'}))
EffectSchema("ASSIGN" (room_has_agent {'?from': 'room'}) = 0)
EffectSchema("ASSIGN" (room_has_agent {'?to': 'room'}) = 1)

=================
Function([id:64, header_id:10]  connected {'?r1': 'r1', '?r2': 'r1'} = 0)
Function([id:67, header_id:11]  connected {'?r1': 'r1', '?r2': 'r2'} = 1)
Function([id:68, header_id:12]  connected {'?r1': 'r1', '?r2': 'r3'} = 0)
Function([id:70, header_id:13]  connected {'?r1': 'r1', '?r2': 'r4'} = 0)
Function([id:72, header_id:14]  connected {'?r1': 'r1', '?r2': 'r5'} = 0)
Function([id:74, header_id:15]  connected {'?r1': 'r1', '?r2': 'r6'} = 0)
Function([id:76, header_id:16]  connected {'?r1': 'r1', '?r2': 'r7'} = 0)
Function([id:79, header_id:17]  connected {'?r1': 'r2', '?r2': 'r1'} = 1)
Function([id:80, header_id:18]  connected {'?r1': 'r2', '?r2': 'r2'} = 0)
Function([id:83, header_id:19]  connected {'?r1': 'r2', '?r2': 'r3'} = 1)
Function([id:84, header_id:20]  connected {'?r1': 'r2', '?r2': 'r4'} = 0)
Function([id:86, header_id:21]  connected {'?r1': 'r2', '?r2': 'r5'} = 0)
Function([id:89, header_id:22]  connected {'?r1': 'r2', '?r2': 'r6'} = 1)
Function([id:90, header_id:23]  connected {'?r1': 'r2', '?r2': 'r7'} = 0)
Function([id:92, header_id:24]  connected {'?r1': 'r3', '?r2': 'r1'} = 0)
Function([id:95, header_id:25]  connected {'?r1': 'r3', '?r2': 'r2'} = 1)
Function([id:96, header_id:26]  connected {'?r1': 'r3', '?r2': 'r3'} = 0)
Function([id:99, header_id:27]  connected {'?r1': 'r3', '?r2': 'r4'} = 1)
Function([id:100, header_id:28]  connected {'?r1': 'r3', '?r2': 'r5'} = 0)
Function([id:102, header_id:29]  connected {'?r1': 'r3', '?r2': 'r6'} = 0)
Function([id:104, header_id:30]  connected {'?r1': 'r3', '?r2': 'r7'} = 0)
Function([id:106, header_id:31]  connected {'?r1': 'r4', '?r2': 'r1'} = 0)
Function([id:108, header_id:32]  connected {'?r1': 'r4', '?r2': 'r2'} = 0)
Function([id:111, header_id:33]  connected {'?r1': 'r4', '?r2': 'r3'} = 1)
Function([id:112, header_id:34]  connected {'?r1': 'r4', '?r2': 'r4'} = 0)
Function([id:115, header_id:35]  connected {'?r1': 'r4', '?r2': 'r5'} = 1)
Function([id:116, header_id:36]  connected {'?r1': 'r4', '?r2': 'r6'} = 0)
Function([id:119, header_id:37]  connected {'?r1': 'r4', '?r2': 'r7'} = 1)
Function([id:120, header_id:38]  connected {'?r1': 'r5', '?r2': 'r1'} = 0)
Function([id:122, header_id:39]  connected {'?r1': 'r5', '?r2': 'r2'} = 0)
Function([id:124, header_id:40]  connected {'?r1': 'r5', '?r2': 'r3'} = 0)
Function([id:127, header_id:41]  connected {'?r1': 'r5', '?r2': 'r4'} = 1)
Function([id:128, header_id:42]  connected {'?r1': 'r5', '?r2': 'r5'} = 0)
Function([id:130, header_id:43]  connected {'?r1': 'r5', '?r2': 'r6'} = 0)
Function([id:132, header_id:44]  connected {'?r1': 'r5', '?r2': 'r7'} = 0)
Function([id:134, header_id:45]  connected {'?r1': 'r6', '?r2': 'r1'} = 0)
Function([id:137, header_id:46]  connected {'?r1': 'r6', '?r2': 'r2'} = 1)
Function([id:138, header_id:47]  connected {'?r1': 'r6', '?r2': 'r3'} = 0)
Function([id:140, header_id:48]  connected {'?r1': 'r6', '?r2': 'r4'} = 0)
Function([id:142, header_id:49]  connected {'?r1': 'r6', '?r2': 'r5'} = 0)
Function([id:144, header_id:50]  connected {'?r1': 'r6', '?r2': 'r6'} = 0)
Function([id:146, header_id:51]  connected {'?r1': 'r6', '?r2': 'r7'} = 0)
Function([id:148, header_id:52]  connected {'?r1': 'r7', '?r2': 'r1'} = 0)
Function([id:150, header_id:53]  connected {'?r1': 'r7', '?r2': 'r2'} = 0)
Function([id:152, header_id:54]  connected {'?r1': 'r7', '?r2': 'r3'} = 0)
Function([id:155, header_id:55]  connected {'?r1': 'r7', '?r2': 'r4'} = 1)
Function([id:156, header_id:56]  connected {'?r1': 'r7', '?r2': 'r5'} = 0)
Function([id:158, header_id:57]  connected {'?r1': 'r7', '?r2': 'r6'} = 0)
Function([id:160, header_id:58]  connected {'?r1': 'r7', '?r2': 'r7'} = 0)
Function([id:15, header_id:3]  room_id {'?r': 'r1'} = r1)
Function([id:23, header_id:4]  room_id {'?r': 'r2'} = r2)
Function([id:31, header_id:5]  room_id {'?r': 'r3'} = r3)
Function([id:39, header_id:6]  room_id {'?r': 'r4'} = r4)
Function([id:47, header_id:7]  room_id {'?r': 'r5'} = r5)
Function([id:55, header_id:8]  room_id {'?r': 'r6'} = r6)
Function([id:63, header_id:9]  room_id {'?r': 'r7'} = r7)
Function([id:1, header_id:1]  agent_at {'?a': 'a'} = r1)
Function([id:11, header_id:2]  agent_at {'?a': 'b'} = r4)
Function([id:163, header_id:59]  room_has_agent {'?r': 'r1'} = 1)
Function([id:164, header_id:60]  room_has_agent {'?r': 'r2'} = 0)
Function([id:166, header_id:61]  room_has_agent {'?r': 'r3'} = 0)
Function([id:169, header_id:62]  room_has_agent {'?r': 'r4'} = 1)
Function([id:170, header_id:63]  room_has_agent {'?r': 'r5'} = 0)
Function([id:172, header_id:64]  room_has_agent {'?r': 'r6'} = 0)
Function([id:174, header_id:65]  room_has_agent {'?r': 'r7'} = 0)
=================
Agent: a
Max move time: inf
Goal completed: 'False'
Consider goal: 'True'
Consider exp: 'False'
Own Goals:
Condition(['a'] agent_at ['a'] = r7)
Other Goals:
All Possible Goals:
a:
Condition(['a'] agent_at ['a'] = r7)
b:
Condition(['b'] agent_at ['b'] = r3)
-----------------
a:
Condition(['a'] agent_at ['a'] = r7)
b:
Condition(['b'] agent_at ['b'] = r6)
-----------------
a:
Condition(['a'] agent_at ['a'] = r7)
b:
Condition(['b'] agent_at ['b'] = r5)
-----------------
a:
Condition(['a'] agent_at ['a'] = r7)
b:
Condition(['b'] agent_at ['b'] = r1)
-----------------
a:
Condition(['a'] agent_at ['a'] = r7)
b:
Condition(['b'] agent_at ['b'] = r2)
-----------------
a:
Condition(['a'] agent_at ['a'] = r7)
b:
Condition(['b'] agent_at ['b'] = r4)
-----------------
a:
Condition(['a'] agent_at ['a'] = r7)
b:
Condition(['b'] agent_at ['a'] = r7)
-----------------
a:
Condition(['a'] agent_at ['a'] = r7)
b:
Condition(['b'] agent_at ['a'] = r7)
Condition(['b'] agent_at ['b'] = r3)
-----------------
a:
Condition(['a'] agent_at ['a'] = r7)
b:
Condition(['b'] agent_at ['a'] = r7)
Condition(['b'] agent_at ['b'] = r6)
-----------------
a:
Condition(['a'] agent_at ['a'] = r7)
b:
Condition(['b'] agent_at ['a'] = r7)
Condition(['b'] agent_at ['b'] = r5)
-----------------
a:
Condition(['a'] agent_at ['a'] = r7)
b:
Condition(['b'] agent_at ['a'] = r7)
Condition(['b'] agent_at ['b'] = r1)
-----------------
a:
Condition(['a'] agent_at ['a'] = r7)
b:
Condition(['b'] agent_at ['a'] = r7)
Condition(['b'] agent_at ['b'] = r2)
-----------------
a:
Condition(['a'] agent_at ['a'] = r7)
b:
Condition(['b'] agent_at ['a'] = r7)
Condition(['b'] agent_at ['b'] = r4)
-----------------

Agent: b
Max move time: inf
Goal completed: 'False'
Consider goal: 'True'
Consider exp: 'False'
Own Goals:
Condition(['b'] agent_at ['b'] = r4)
Other Goals:
All Possible Goals:
a:
Condition(['a'] agent_at ['b'] = r4)
b:
Condition(['b'] agent_at ['b'] = r4)
-----------------
a:
Condition(['a'] agent_at ['a'] = r7)
b:
Condition(['b'] agent_at ['b'] = r4)
-----------------
a:
Condition(['a'] agent_at ['a'] = r7)
Condition(['a'] agent_at ['b'] = r4)
b:
Condition(['b'] agent_at ['b'] = r4)
-----------------
a:
Condition(['a'] agent_at ['a'] = r5)
b:
Condition(['b'] agent_at ['b'] = r4)
-----------------
a:
Condition(['a'] agent_at ['a'] = r5)
Condition(['a'] agent_at ['b'] = r4)
b:
Condition(['b'] agent_at ['b'] = r4)
-----------------
a:
Condition(['a'] agent_at ['a'] = r1)
b:
Condition(['b'] agent_at ['b'] = r4)
-----------------
a:
Condition(['a'] agent_at ['a'] = r1)
Condition(['a'] agent_at ['b'] = r4)
b:
Condition(['b'] agent_at ['b'] = r4)
-----------------
a:
Condition(['a'] agent_at ['a'] = r6)
b:
Condition(['b'] agent_at ['b'] = r4)
-----------------
a:
Condition(['a'] agent_at ['a'] = r6)
Condition(['a'] agent_at ['b'] = r4)
b:
Condition(['b'] agent_at ['b'] = r4)
-----------------
a:
Condition(['a'] agent_at ['a'] = r2)
b:
Condition(['b'] agent_at ['b'] = r4)
-----------------
a:
Condition(['a'] agent_at ['a'] = r2)
Condition(['a'] agent_at ['b'] = r4)
b:
Condition(['b'] agent_at ['b'] = r4)
-----------------
a:
Condition(['a'] agent_at ['a'] = r3)
b:
Condition(['b'] agent_at ['b'] = r4)
-----------------
a:
Condition(['a'] agent_at ['a'] = r3)
Condition(['a'] agent_at ['b'] = r4)
b:
Condition(['b'] agent_at ['b'] = r4)
-----------------


2025-10-12 17:53:13,144 INFO - __main__._.<module>:
Model built successfully.
2025-10-12 17:53:13,241 INFO - __main__.CompleteBFS.bfs:
Models: 1, Exapnds: 56, 0.852ms/expand
2025-10-12 17:53:13,241 INFO - __main__.CompleteBFS.get_policy:
[("move(['a', 'r1', 'r2'])", 1)]
{'a': 1, 'b': 10}
2025-10-12 17:53:13,241 INFO - __main__.Model.simulate:
a takes action: move(['a', 'r1', 'r2'])
2025-10-12 17:53:13,504 INFO - __main__.CompleteBFS.bfs:
Models: 8, Exapnds: 356, 0.733ms/expand
2025-10-12 17:53:13,504 INFO - __main__.CompleteBFS.get_policy:
[("move(['b', 'r4', 'r5'])", 2), ("move(['b', 'r4', 'r7'])", 2), ("stay(['b'])", 4)]
{'a': 1, 'b': 8}
2025-10-12 17:53:13,504 INFO - __main__.Model.simulate:
b takes action: stay(['b'])
2025-10-12 17:53:13,546 INFO - __main__.CompleteBFS.bfs:
Models: 1, Exapnds: 52, 0.781ms/expand
2025-10-12 17:53:13,547 INFO - __main__.CompleteBFS.get_policy:
[("move(['a', 'r2', 'r3'])", 1)]
{'a': 1, 'b': 8}
2025-10-12 17:53:13,547 INFO - __main__.Model.simulate:
a takes action: move(['a', 'r2', 'r3'])
2025-10-12 17:53:13,764 INFO - __main__.CompleteBFS.bfs:
Models: 6, Exapnds: 270, 0.798ms/expand
2025-10-12 17:53:13,764 INFO - __main__.CompleteBFS.get_policy:
[("move(['b', 'r4', 'r5'])", 4), ("move(['b', 'r4', 'r7'])", 2)]
{'a': 1, 'b': 6}
2025-10-12 17:53:13,764 INFO - __main__.Model.simulate:
b takes action: move(['b', 'r4', 'r5'])
2025-10-12 17:53:13,793 INFO - __main__.CompleteBFS.bfs:
Models: 1, Exapnds: 37, 0.722ms/expand
2025-10-12 17:53:13,793 INFO - __main__.CompleteBFS.get_policy:
[("move(['a', 'r3', 'r4'])", 1)]
{'a': 1, 'b': 6}
2025-10-12 17:53:13,793 INFO - __main__.Model.simulate:
a takes action: move(['a', 'r3', 'r4'])
2025-10-12 17:53:13,794 INFO - __main__.CompleteBFS.get_policy:
Only one successor: stay(['b'])
2025-10-12 17:53:13,794 INFO - __main__.Model.simulate:
b takes action: stay(['b'])
2025-10-12 17:53:13,803 INFO - __main__.CompleteBFS.bfs:
Models: 1, Exapnds: 12, 0.628ms/expand
2025-10-12 17:53:13,803 INFO - __main__.CompleteBFS.get_policy:
[("move(['a', 'r4', 'r7'])", 1)]
{'a': 1, 'b': 6}
2025-10-12 17:53:13,803 INFO - __main__.Model.simulate:
a takes action: move(['a', 'r4', 'r7'])
2025-10-12 17:53:13,807 INFO - __main__.CompleteBFS.bfs:
Models: 1, Exapnds: 5, 0.393ms/expand
2025-10-12 17:53:13,807 INFO - __main__.CompleteBFS.get_policy:
[("move(['b', 'r5', 'r4'])", 1)]
{'a': 1, 'b': 1}
2025-10-12 17:53:13,807 INFO - __main__.Model.simulate:
b takes action: move(['b', 'r5', 'r4'])
2025-10-12 17:53:13,808 DEBUG - __main__.Model.simulate:
====== Solution ======
Step 1:
a: move(['a', 'r1', 'r2'])
{'a': False, 'b': True}
-----------------
Step 2:
b: stay(['b'])
{'a': False, 'b': True}
-----------------
Step 3:
a: move(['a', 'r2', 'r3'])
{'a': False, 'b': True}
-----------------
Step 4:
b: move(['b', 'r4', 'r5'])
{'a': False, 'b': True}
-----------------
Step 5:
a: move(['a', 'r3', 'r4'])
{'a': False, 'b': False}
-----------------
Step 6:
b: stay(['b'])
{'a': False, 'b': False}
-----------------
Step 7:
a: move(['a', 'r4', 'r7'])
{'a': False, 'b': False}
-----------------
Step 8:
b: move(['b', 'r5', 'r4'])
{'a': True, 'b': False}
-----------------

2025-10-12 17:53:13,808 EXP - __main__.Logger.exp:
a takes action: move(['a', 'r1', 'r2'])
b takes action: stay(['b'])
a takes action: move(['a', 'r2', 'r3'])
b takes action: move(['b', 'r4', 'r5'])
a takes action: move(['a', 'r3', 'r4'])
b takes action: stay(['b'])
a takes action: move(['a', 'r4', 'r7'])
b takes action: move(['b', 'r5', 'r4'])
Steps: 8
Time cost: 0.616014s
2025-10-12 17:53:13,808 EXP - __main__.Logger.exp:
Avg Steps: 8.0
Avg Time: 0.616014s
