2025-10-12 19:27:49,219 EXP - __main__.Logger.exp:
a takes action: lying_own_secret(['a', 'as'])
b takes action: stay(['b'])
c takes action: stay(['c'])
d takes action: stay(['d'])
a takes action: quiet(['a', 'as'])
b takes action: move_right(['b'])
c takes action: stay(['c'])
d takes action: stay(['d'])
a takes action: move_right(['a'])
b takes action: stay(['b'])
c takes action: stay(['c'])
d takes action: stay(['d'])
a takes action: sharing_own_secret(['a', 'as'])
Steps: 13
Time cost: 86.636879s
2025-10-12 19:29:16,517 EXP - __main__.Logger.exp:
a takes action: lying_own_secret(['a', 'as'])
b takes action: stay(['b'])
c takes action: stay(['c'])
d takes action: stay(['d'])
a takes action: quiet(['a', 'as'])
b takes action: move_right(['b'])
c takes action: stay(['c'])
d takes action: stay(['d'])
a takes action: move_right(['a'])
b takes action: stay(['b'])
c takes action: stay(['c'])
d takes action: stay(['d'])
a takes action: sharing_own_secret(['a', 'as'])
Steps: 13
Time cost: 87.296462s
2025-10-12 19:30:43,852 EXP - __main__.Logger.exp:
a takes action: lying_own_secret(['a', 'as'])
b takes action: stay(['b'])
c takes action: stay(['c'])
d takes action: stay(['d'])
a takes action: quiet(['a', 'as'])
b takes action: move_right(['b'])
c takes action: stay(['c'])
d takes action: stay(['d'])
a takes action: move_right(['a'])
b takes action: stay(['b'])
c takes action: stay(['c'])
d takes action: stay(['d'])
a takes action: sharing_own_secret(['a', 'as'])
Steps: 13
Time cost: 87.333732s
