2025-10-24 21:05:00,485 EXP - __main__.Logger.exp:
a takes action: peek(['a'])
b takes action: peek(['b'])
Steps: 2
Time cost: 0.002150s
2025-10-24 21:05:00,487 EXP - __main__.Logger.exp:
a takes action: peek(['a'])
b takes action: peek(['b'])
Steps: 2
Time cost: 0.002049s
2025-10-24 21:05:00,489 EXP - __main__.Logger.exp:
a takes action: peek(['a'])
b takes action: peek(['b'])
Steps: 2
Time cost: 0.002027s
2025-10-24 21:05:00,492 EXP - __main__.Logger.exp:
a takes action: peek(['a'])
b takes action: peek(['b'])
Steps: 2
Time cost: 0.002031s
2025-10-24 21:05:00,494 EXP - __main__.Logger.exp:
a takes action: peek(['a'])
b takes action: peek(['b'])
Steps: 2
Time cost: 0.002001s
2025-10-24 21:05:00,494 EXP - __main__.Logger.exp:
Avg Steps: 2.0
Avg Time: 0.002052s
