2025-11-24 20:12:53,382 INFO - __main__._.<module>:
Start building the model, type: "True"
2025-11-24 20:12:53,382 INFO - __main__._.build:
Start building the model, type: "True"
2025-11-24 20:12:53,382 INFO - __main__.DomainParser.run:
Domain "models/light_bulb/domain.pddl" start initialization.
2025-11-24 20:12:53,382 INFO - __main__.DomainParser.run:
Domain Parser found "models/light_bulb/domain.pddl"
2025-11-24 20:12:53,383 INFO - __main__.DomainParser.run:
Complete file reading.
2025-11-24 20:12:53,383 INFO - __main__.DomainParser.run:
Domain name found
2025-11-24 20:12:53,383 INFO - __main__.DomainParser.run:
Domain type found
2025-11-24 20:12:53,384 INFO - __main__.DomainParser.run:
Domain functions found
2025-11-24 20:12:53,385 INFO - __main__.DomainParser.run:
Domain actions found
2025-11-24 20:12:53,385 DEBUG - __main__.DomainParser.run:
Parsed Domain Result:
================= Domain "(light_bulb)" Parsing Result ================
Domain types: ['agent', 'light', 'button', 'bs']
=================
Domain functions:
Function(name:light_state, parameters:{'light': ['?l']}). 
Function(name:light_id, parameters:{'light': ['?l']}). 
Function(name:button_state, parameters:{'button': ['?b']}). 
Function(name:button_light_state, parameters:{'button': ['?b'], 'bs': ['?bs']}). 
Function(name:bs_id, parameters:{'bs': ['?bs']}). 
Function(name:connected, parameters:{'button': ['?b']}). 
Function(name:agent_id, parameters:{'agent': ['?a']}). 
Function(name:tell_lock, parameters:{}). 
Function(name:telling, parameters:{'agent': ['?a']}). 
Function(name:a_observable, parameters:{'light': ['?l']}). 
Function(name:observable, parameters:{'light': ['?l']}). 
=================
Domain actions:
-----------------
Action:
Name: press_on_button
Parameters:
    agent : ['?self']
    button : ['?b']
Preconditions:
1: Condition(Variable(tell_lock: []) = 0)
2: Condition(Variable(agent_id: ['?self']) = a)
3: Condition(Variable(button_state: ['?b']) = off)
Effects:
1: Effect('assign' Variable(button_state: ['?b']) on)

-----------------
Action:
Name: press_off_button
Parameters:
    agent : ['?self']
    button : ['?b']
Preconditions:
1: Condition(Variable(tell_lock: []) = 0)
2: Condition(Variable(agent_id: ['?self']) = a)
3: Condition(Variable(button_state: ['?b']) = on)
Effects:
1: Effect('assign' Variable(button_state: ['?b']) off)

-----------------
Action:
Name: change_light_state
Parameters:
    agent : ['?self']
    button : ['?b']
    light : ['?l']
    bs : ['?bs']
Preconditions:
1: Condition(Variable(tell_lock: []) = 0)
2: Condition(Variable(agent_id: ['?self']) = external)
3: Condition(Variable(connected: ['?b']) = Variable(light_id: ['?l']))
4: Condition(Variable(button_state: ['?b']) = Variable(bs_id: ['?bs']))
5: Condition(Variable(light_state: ['?l']) != Variable(button_light_state: ['?b', '?bs']))
Effects:
1: Effect(effect_operator:'assign' Variable(light_state: ['?l']) Variable(button_light_state: ['?b', '?bs']))

-----------------
Action:
Name: tell
Parameters:
    agent : ['?self']
    light : ['?l']
Preconditions:
1: Condition(Variable(agent_id: ['?self']) != a)
2: Condition(Variable(agent_id: ['?self']) != external)
3: Condition(Variable(observable: ['?l']) = Variable(agent_id: ['?self']))
4: Condition(Variable(telling: ['?self']) = 0)
5: Condition(Variable(tell_lock: []) = 0)
Effects:
1: Effect('assign' Variable(telling: ['?self']) 1)
2: Effect('assign' Variable(tell_lock: []) 1)
3: Effect('assign' Variable(a_observable: ['?l']) 1)

-----------------
Action:
Name: quiet
Parameters:
    agent : ['?self']
    light : ['?l']
Preconditions:
1: Condition(Variable(agent_id: ['?self']) != a)
2: Condition(Variable(agent_id: ['?self']) != external)
3: Condition(Variable(observable: ['?l']) = Variable(agent_id: ['?self']))
4: Condition(Variable(telling: ['?self']) = 1)
5: Condition(Variable(tell_lock: []) = 1)
Effects:
1: Effect('assign' Variable(telling: ['?self']) 0)
2: Effect('assign' Variable(tell_lock: []) 0)
3: Effect('assign' Variable(a_observable: ['?l']) 0)

-----------------
Action:
Name: normal_stay
Parameters:
    agent : ['?self']
Preconditions:
1: Condition(Variable(tell_lock: []) = 0)
Effects:

-----------------
Action:
Name: lock_stay
Parameters:
    agent : ['?self']
Preconditions:
1: Condition(Variable(tell_lock: []) = 1)
2: Condition(Variable(telling: ['?self']) = 0)
Effects:


2025-11-24 20:12:53,386 INFO - __main__.ProblemParser.run:
Problem "models/light_bulb/light2" start initialization.
2025-11-24 20:12:53,386 INFO - __main__.ProblemParser.get_files:
Problem folder found "models/light_bulb/light2"
2025-11-24 20:12:53,386 INFO - __main__.ProblemParser.run:
Found 4 agent files:
"models/light_bulb/light2/a.agtpddl"
"models/light_bulb/light2/b.agtpddl"
"models/light_bulb/light2/c.agtpddl"
"models/light_bulb/light2/external.agtpddl"
2025-11-24 20:12:53,386 INFO - __main__.ProblemParser.run:
Found init file: "models/light_bulb/light2/init.envpddl"
2025-11-24 20:12:53,387 INFO - __main__.ProblemParser.run:
Complete reading environment file.
2025-11-24 20:12:53,387 INFO - __main__.ProblemParser.run:
Copmlete reading agent file "models/light_bulb/light2/a.agtpddl"
2025-11-24 20:12:53,387 INFO - __main__.ProblemParser.run:
Copmlete reading agent file "models/light_bulb/light2/b.agtpddl"
2025-11-24 20:12:53,388 INFO - __main__.ProblemParser.run:
Copmlete reading agent file "models/light_bulb/light2/c.agtpddl"
2025-11-24 20:12:53,388 INFO - __main__.ProblemParser.run:
Copmlete reading agent file "models/light_bulb/light2/external.agtpddl"
2025-11-24 20:12:53,389 INFO - __main__.ProblemParser.run:
Problem domain name "light_bulb" found
Problem name "light2" found
2025-11-24 20:12:53,389 INFO - __main__.ProblemParser.run:
Problem agents found
2025-11-24 20:12:53,389 INFO - __main__.ProblemParser.run:
Problem objects found
2025-11-24 20:12:53,389 INFO - __main__.ProblemParser.run:
Problem ranges found
2025-11-24 20:12:53,390 INFO - __main__.ProblemParser.run:
Problem initial states found
2025-11-24 20:12:53,390 ERROR - __main__._.regex_search:
result not found: \(([!=><]=?|>|<) \(([^\)]+)\) \(?(\d|[^\)]+)\){1,2} in 
2025-11-24 20:12:53,391 ERROR - __main__._.regex_search:
result not found: \(([!=><]=?|>|<) \(([^\)]+)\) \(?(\d|[^\)]+)\){1,2} in 
2025-11-24 20:12:53,391 ERROR - __main__._.regex_search:
result not found: \(([!=><]=?|>|<) \(([^\)]+)\) \(?(\d|[^\)]+)\){1,2} in 
2025-11-24 20:12:53,391 INFO - __main__.ProblemParser.run:
Problem goals found
2025-11-24 20:12:53,391 ERROR - __main__._.regex_search:
result not found: \s+b\[([\w,]+)\]\s(.+)\((.+)\)=\[(.+)\] in         b[a] light_state(all) = on

2025-11-24 20:12:53,391 INFO - __main__.ProblemParser.run:
Problem acceptable goal set found
2025-11-24 20:12:53,391 INFO - __main__.ProblemParser.run:
Problem max belief depth found
2025-11-24 20:12:53,391 DEBUG - __main__.ProblemParser.run:
Parsed Problem Result:
============ Problem "(light_bulb : light2)" Parsing Result ===========
Agents: ['a', 'external', 'b', 'c']
=================
Objects:
light: ['l1', 'l2']
button: ['b1', 'b2']
bs: ['on', 'off']
=================
States:
State(variable: Variable(light_state: ['l1']), value: off, target_variable: Variable(None: []))
State(variable: Variable(light_state: ['l2']), value: off, target_variable: Variable(None: []))
State(variable: Variable(light_id: ['l1']), value: l1, target_variable: Variable(None: []))
State(variable: Variable(light_id: ['l2']), value: l2, target_variable: Variable(None: []))
State(variable: Variable(button_state: ['b1']), value: off, target_variable: Variable(None: []))
State(variable: Variable(button_state: ['b2']), value: off, target_variable: Variable(None: []))
State(variable: Variable(button_light_state: ['b1', 'on']), value: on, target_variable: Variable(None: []))
State(variable: Variable(button_light_state: ['b1', 'off']), value: off, target_variable: Variable(None: []))
State(variable: Variable(button_light_state: ['b2', 'on']), value: on, target_variable: Variable(None: []))
State(variable: Variable(button_light_state: ['b2', 'off']), value: off, target_variable: Variable(None: []))
State(variable: Variable(bs_id: ['on']), value: on, target_variable: Variable(None: []))
State(variable: Variable(bs_id: ['off']), value: off, target_variable: Variable(None: []))
State(variable: Variable(connected: ['b1']), value: l1, target_variable: Variable(None: []))
State(variable: Variable(connected: ['b2']), value: l2, target_variable: Variable(None: []))
State(variable: Variable(agent_id: ['a']), value: a, target_variable: Variable(None: []))
State(variable: Variable(agent_id: ['b']), value: b, target_variable: Variable(None: []))
State(variable: Variable(agent_id: ['c']), value: c, target_variable: Variable(None: []))
State(variable: Variable(agent_id: ['external']), value: external, target_variable: Variable(None: []))
State(variable: Variable(tell_lock: []), value: 0, target_variable: Variable(None: []))
State(variable: Variable(telling: ['a']), value: 0, target_variable: Variable(None: []))
State(variable: Variable(telling: ['b']), value: 0, target_variable: Variable(None: []))
State(variable: Variable(telling: ['c']), value: 0, target_variable: Variable(None: []))
State(variable: Variable(telling: ['external']), value: 0, target_variable: Variable(None: []))
State(variable: Variable(a_observable: ['l1']), value: 0, target_variable: Variable(None: []))
State(variable: Variable(a_observable: ['l2']), value: 0, target_variable: Variable(None: []))
State(variable: Variable(observable: ['l1']), value: b, target_variable: Variable(None: []))
State(variable: Variable(observable: ['l2']), value: c, target_variable: Variable(None: []))
=================
Goals:
-----------------
a:
EpistemicCondition(Belief sequence: ['a'], epistemic truth: "= true", Condition(Variable(light_state: ['l1']) = on))
EpistemicCondition(Belief sequence: ['a'], epistemic truth: "= true", Condition(Variable(light_state: ['l2']) = on))
Condition(Variable(light_state: ['l2']) = on)
Condition(Variable(light_state: ['l2']) = on)
-----------------
external:
-----------------
b:
-----------------
c:
=================
Ranges:
Range(function_name: light_state, type: enumerate, enumerates: ['on', 'off'])
Range(function_name: light_id, type: enumerate, enumerates: ['l1', 'l2'])
Range(function_name: button_state, type: enumerate, enumerates: ['on', 'off'])
Range(function_name: button_light_state, type: enumerate, enumerates: ['on', 'off'])
Range(function_name: bs_id, type: enumerate, enumerates: ['on', 'off'])
Range(function_name: connected, type: enumerate, enumerates: ['l1', 'l2'])
Range(function_name: agent_id, type: enumerate, enumerates: ['a', 'b', 'c', 'external'])
Range(function_name: tell_lock, type: integer, min: 0, max: 1)
Range(function_name: telling, type: integer, min: 0, max: 1)
Range(function_name: a_observable, type: integer, min: 0, max: 1)
Range(function_name: observable, type: enumerate, enumerates: ['b', 'c'])

2025-11-24 20:12:53,391 INFO - __main__.ModelChecker.check_validity:
checking the validity...
2025-11-24 20:12:53,391 DEBUG - __main__.ModelChecker.check_validity:
Valid names: ['a', 'external', 'b', 'c', 'l1', 'l2', 'b1', 'b2', 'on', 'off', 'unknown', 'light_state', 'light_id', 'button_state', 'button_light_state', 'bs_id', 'connected', 'agent_id', 'tell_lock', 'telling', 'a_observable', 'observable']
2025-11-24 20:12:53,391 DEBUG - __main__.ModelChecker.check_validity:
Checking the states
2025-11-24 20:12:53,391 DEBUG - __main__.ModelChecker.check_validity:
Checking the goals
2025-11-24 20:12:53,391 DEBUG - __main__.ModelChecker.check_validity:
Checking the ranges
2025-11-24 20:12:53,392 DEBUG - __main__.ModelChecker.check_validity:
Checking the actions
2025-11-24 20:12:53,392 INFO - __main__.ModelChecker.check_validity:
The domain and problem pass the checker.
2025-11-24 20:12:53,392 INFO - __main__.ModelChecker.check_validity:
checking the validity...
2025-11-24 20:12:53,392 DEBUG - __main__.ModelChecker.check_validity:
Valid names: ['a', 'external', 'b', 'c', 'l1', 'l2', 'b1', 'b2', 'on', 'off', 'unknown', 'light_state', 'light_id', 'button_state', 'button_light_state', 'bs_id', 'connected', 'agent_id', 'tell_lock', 'telling', 'a_observable', 'observable']
2025-11-24 20:12:53,392 DEBUG - __main__.ModelChecker.check_validity:
Checking the states
2025-11-24 20:12:53,392 DEBUG - __main__.ModelChecker.check_validity:
Checking the goals
2025-11-24 20:12:53,392 DEBUG - __main__.ModelChecker.check_validity:
Checking the ranges
2025-11-24 20:12:53,393 DEBUG - __main__.ModelChecker.check_validity:
Checking the actions
2025-11-24 20:12:53,393 INFO - __main__.ModelChecker.check_validity:
The domain and problem pass the checker.
2025-11-24 20:12:53,394 INFO - __main__._.load_observation_function:
Loaded observation function LightBulbObsFunc to agent a
2025-11-24 20:12:53,395 INFO - __main__._.load_observation_function:
Loaded observation function LightBulbObsFunc to agent external
2025-11-24 20:12:53,396 INFO - __main__._.load_observation_function:
Loaded observation function LightBulbObsFunc to agent b
2025-11-24 20:12:53,396 INFO - __main__._.load_observation_function:
Loaded observation function LightBulbObsFunc to agent c
2025-11-24 20:12:53,401 INFO - __main__._.load_policy_strategy:
Loaded strategy class ShareEXPGoalBFS for agent a
2025-11-24 20:12:53,402 INFO - __main__._.load_policy_strategy:
Loaded strategy class ShareEXPGoalBFS for agent external
2025-11-24 20:12:53,403 INFO - __main__._.load_policy_strategy:
Loaded strategy class ShareEXPGoalBFS for agent b
2025-11-24 20:12:53,403 INFO - __main__._.load_policy_strategy:
Loaded strategy class ShareEXPGoalBFS for agent c
2025-11-24 20:12:53,403 INFO - __main__.Model.init:
Loaded problem type: "SHARE"
2025-11-24 20:12:53,406 DEBUG - __main__._.build_model:
Model:
================= Model Result================
Domain name: light_bulb
Problem name: light2
Problem type: "SHARE"
=================
Function light_state:
Parameters ['l1']:
Value None: Function([id:1, header_id:1]  light_state {'?l': 'l1'} = None)
Value on: Function([id:2, header_id:1]  light_state {'?l': 'l1'} = on)
Value off: Function([id:3, header_id:1]  light_state {'?l': 'l1'} = off)
Parameters ['l2']:
Value None: Function([id:4, header_id:2]  light_state {'?l': 'l2'} = None)
Value on: Function([id:5, header_id:2]  light_state {'?l': 'l2'} = on)
Value off: Function([id:6, header_id:2]  light_state {'?l': 'l2'} = off)
Function light_id:
Parameters ['l1']:
Value None: Function([id:7, header_id:3]  light_id {'?l': 'l1'} = None)
Value l1: Function([id:8, header_id:3]  light_id {'?l': 'l1'} = l1)
Value l2: Function([id:9, header_id:3]  light_id {'?l': 'l1'} = l2)
Parameters ['l2']:
Value None: Function([id:10, header_id:4]  light_id {'?l': 'l2'} = None)
Value l1: Function([id:11, header_id:4]  light_id {'?l': 'l2'} = l1)
Value l2: Function([id:12, header_id:4]  light_id {'?l': 'l2'} = l2)
Function button_state:
Parameters ['b1']:
Value None: Function([id:13, header_id:5]  button_state {'?b': 'b1'} = None)
Value on: Function([id:14, header_id:5]  button_state {'?b': 'b1'} = on)
Value off: Function([id:15, header_id:5]  button_state {'?b': 'b1'} = off)
Parameters ['b2']:
Value None: Function([id:16, header_id:6]  button_state {'?b': 'b2'} = None)
Value on: Function([id:17, header_id:6]  button_state {'?b': 'b2'} = on)
Value off: Function([id:18, header_id:6]  button_state {'?b': 'b2'} = off)
Function button_light_state:
Parameters ['b1', 'on']:
Value None: Function([id:19, header_id:7]  button_light_state {'?b': 'b1', '?bs': 'on'} = None)
Value on: Function([id:20, header_id:7]  button_light_state {'?b': 'b1', '?bs': 'on'} = on)
Value off: Function([id:21, header_id:7]  button_light_state {'?b': 'b1', '?bs': 'on'} = off)
Parameters ['b1', 'off']:
Value None: Function([id:22, header_id:8]  button_light_state {'?b': 'b1', '?bs': 'off'} = None)
Value on: Function([id:23, header_id:8]  button_light_state {'?b': 'b1', '?bs': 'off'} = on)
Value off: Function([id:24, header_id:8]  button_light_state {'?b': 'b1', '?bs': 'off'} = off)
Parameters ['b2', 'on']:
Value None: Function([id:25, header_id:9]  button_light_state {'?b': 'b2', '?bs': 'on'} = None)
Value on: Function([id:26, header_id:9]  button_light_state {'?b': 'b2', '?bs': 'on'} = on)
Value off: Function([id:27, header_id:9]  button_light_state {'?b': 'b2', '?bs': 'on'} = off)
Parameters ['b2', 'off']:
Value None: Function([id:28, header_id:10]  button_light_state {'?b': 'b2', '?bs': 'off'} = None)
Value on: Function([id:29, header_id:10]  button_light_state {'?b': 'b2', '?bs': 'off'} = on)
Value off: Function([id:30, header_id:10]  button_light_state {'?b': 'b2', '?bs': 'off'} = off)
Function bs_id:
Parameters ['on']:
Value None: Function([id:31, header_id:11]  bs_id {'?bs': 'on'} = None)
Value on: Function([id:32, header_id:11]  bs_id {'?bs': 'on'} = on)
Value off: Function([id:33, header_id:11]  bs_id {'?bs': 'on'} = off)
Parameters ['off']:
Value None: Function([id:34, header_id:12]  bs_id {'?bs': 'off'} = None)
Value on: Function([id:35, header_id:12]  bs_id {'?bs': 'off'} = on)
Value off: Function([id:36, header_id:12]  bs_id {'?bs': 'off'} = off)
Function connected:
Parameters ['b1']:
Value None: Function([id:37, header_id:13]  connected {'?b': 'b1'} = None)
Value l1: Function([id:38, header_id:13]  connected {'?b': 'b1'} = l1)
Value l2: Function([id:39, header_id:13]  connected {'?b': 'b1'} = l2)
Parameters ['b2']:
Value None: Function([id:40, header_id:14]  connected {'?b': 'b2'} = None)
Value l1: Function([id:41, header_id:14]  connected {'?b': 'b2'} = l1)
Value l2: Function([id:42, header_id:14]  connected {'?b': 'b2'} = l2)
Function agent_id:
Parameters ['a']:
Value None: Function([id:43, header_id:15]  agent_id {'?a': 'a'} = None)
Value a: Function([id:44, header_id:15]  agent_id {'?a': 'a'} = a)
Value b: Function([id:45, header_id:15]  agent_id {'?a': 'a'} = b)
Value c: Function([id:46, header_id:15]  agent_id {'?a': 'a'} = c)
Value external: Function([id:47, header_id:15]  agent_id {'?a': 'a'} = external)
Parameters ['external']:
Value None: Function([id:48, header_id:16]  agent_id {'?a': 'external'} = None)
Value a: Function([id:49, header_id:16]  agent_id {'?a': 'external'} = a)
Value b: Function([id:50, header_id:16]  agent_id {'?a': 'external'} = b)
Value c: Function([id:51, header_id:16]  agent_id {'?a': 'external'} = c)
Value external: Function([id:52, header_id:16]  agent_id {'?a': 'external'} = external)
Parameters ['b']:
Value None: Function([id:53, header_id:17]  agent_id {'?a': 'b'} = None)
Value a: Function([id:54, header_id:17]  agent_id {'?a': 'b'} = a)
Value b: Function([id:55, header_id:17]  agent_id {'?a': 'b'} = b)
Value c: Function([id:56, header_id:17]  agent_id {'?a': 'b'} = c)
Value external: Function([id:57, header_id:17]  agent_id {'?a': 'b'} = external)
Parameters ['c']:
Value None: Function([id:58, header_id:18]  agent_id {'?a': 'c'} = None)
Value a: Function([id:59, header_id:18]  agent_id {'?a': 'c'} = a)
Value b: Function([id:60, header_id:18]  agent_id {'?a': 'c'} = b)
Value c: Function([id:61, header_id:18]  agent_id {'?a': 'c'} = c)
Value external: Function([id:62, header_id:18]  agent_id {'?a': 'c'} = external)
Function tell_lock:
Parameters []:
Value None: Function([id:63, header_id:19]  tell_lock {} = None)
Value 0: Function([id:64, header_id:19]  tell_lock {} = 0)
Value 1: Function([id:65, header_id:19]  tell_lock {} = 1)
Function telling:
Parameters ['a']:
Value None: Function([id:66, header_id:20]  telling {'?a': 'a'} = None)
Value 0: Function([id:67, header_id:20]  telling {'?a': 'a'} = 0)
Value 1: Function([id:68, header_id:20]  telling {'?a': 'a'} = 1)
Parameters ['external']:
Value None: Function([id:69, header_id:21]  telling {'?a': 'external'} = None)
Value 0: Function([id:70, header_id:21]  telling {'?a': 'external'} = 0)
Value 1: Function([id:71, header_id:21]  telling {'?a': 'external'} = 1)
Parameters ['b']:
Value None: Function([id:72, header_id:22]  telling {'?a': 'b'} = None)
Value 0: Function([id:73, header_id:22]  telling {'?a': 'b'} = 0)
Value 1: Function([id:74, header_id:22]  telling {'?a': 'b'} = 1)
Parameters ['c']:
Value None: Function([id:75, header_id:23]  telling {'?a': 'c'} = None)
Value 0: Function([id:76, header_id:23]  telling {'?a': 'c'} = 0)
Value 1: Function([id:77, header_id:23]  telling {'?a': 'c'} = 1)
Function a_observable:
Parameters ['l1']:
Value None: Function([id:78, header_id:24]  a_observable {'?l': 'l1'} = None)
Value 0: Function([id:79, header_id:24]  a_observable {'?l': 'l1'} = 0)
Value 1: Function([id:80, header_id:24]  a_observable {'?l': 'l1'} = 1)
Parameters ['l2']:
Value None: Function([id:81, header_id:25]  a_observable {'?l': 'l2'} = None)
Value 0: Function([id:82, header_id:25]  a_observable {'?l': 'l2'} = 0)
Value 1: Function([id:83, header_id:25]  a_observable {'?l': 'l2'} = 1)
Function observable:
Parameters ['l1']:
Value None: Function([id:84, header_id:26]  observable {'?l': 'l1'} = None)
Value b: Function([id:85, header_id:26]  observable {'?l': 'l1'} = b)
Value c: Function([id:86, header_id:26]  observable {'?l': 'l1'} = c)
Parameters ['l2']:
Value None: Function([id:87, header_id:27]  observable {'?l': 'l2'} = None)
Value b: Function([id:88, header_id:27]  observable {'?l': 'l2'} = b)
Value c: Function([id:89, header_id:27]  observable {'?l': 'l2'} = c)

=================
Entity(a - agent)
Entity(external - agent)
Entity(b - agent)
Entity(c - agent)
Entity(l1 - light)
Entity(l2 - light)
Entity(b1 - button)
Entity(b2 - button)
Entity(on - bs)
Entity(off - bs)
=================
FunctionSchema(name: light_state, range: ['on', 'off'], type: enumerate, require_parameters: {'?l': 'light'})
FunctionSchema(name: light_id, range: ['l1', 'l2'], type: enumerate, require_parameters: {'?l': 'light'})
FunctionSchema(name: button_state, range: ['on', 'off'], type: enumerate, require_parameters: {'?b': 'button'})
FunctionSchema(name: button_light_state, range: ['on', 'off'], type: enumerate, require_parameters: {'?b': 'button', '?bs': 'bs'})
FunctionSchema(name: bs_id, range: ['on', 'off'], type: enumerate, require_parameters: {'?bs': 'bs'})
FunctionSchema(name: connected, range: ['l1', 'l2'], type: enumerate, require_parameters: {'?b': 'button'})
FunctionSchema(name: agent_id, range: ['a', 'b', 'c', 'external'], type: enumerate, require_parameters: {'?a': 'agent'})
FunctionSchema(name: tell_lock, range: (0, 1), type: integer, require_parameters: {})
FunctionSchema(name: telling, range: (0, 1), type: integer, require_parameters: {'?a': 'agent'})
FunctionSchema(name: a_observable, range: (0, 1), type: integer, require_parameters: {'?l': 'light'})
FunctionSchema(name: observable, range: ['b', 'c'], type: enumerate, require_parameters: {'?l': 'light'})
=================
-----------------
Action Schema: press_on_button
Parameters: {'?self': 'agent', '?b': 'button'}
Precondition Schemas:
ConditionSchema(("EP_NONE" [] "EP_NONE") "EQUAL" (tell_lock {}) = 0)
ConditionSchema(("EP_NONE" [] "EP_NONE") "EQUAL" (agent_id {'?self': 'agent'}) = a)
ConditionSchema(("EP_NONE" [] "EP_NONE") "EQUAL" (button_state {'?b': 'button'}) = off)
Effect Schemas:
EffectSchema("ASSIGN" (button_state {'?b': 'button'}) = on)

-----------------
Action Schema: press_off_button
Parameters: {'?self': 'agent', '?b': 'button'}
Precondition Schemas:
ConditionSchema(("EP_NONE" [] "EP_NONE") "EQUAL" (tell_lock {}) = 0)
ConditionSchema(("EP_NONE" [] "EP_NONE") "EQUAL" (agent_id {'?self': 'agent'}) = a)
ConditionSchema(("EP_NONE" [] "EP_NONE") "EQUAL" (button_state {'?b': 'button'}) = on)
Effect Schemas:
EffectSchema("ASSIGN" (button_state {'?b': 'button'}) = off)

-----------------
Action Schema: change_light_state
Parameters: {'?self': 'agent', '?b': 'button', '?l': 'light', '?bs': 'bs'}
Precondition Schemas:
ConditionSchema(("EP_NONE" [] "EP_NONE") "EQUAL" (tell_lock {}) = 0)
ConditionSchema(("EP_NONE" [] "EP_NONE") "EQUAL" (agent_id {'?self': 'agent'}) = external)
ConditionSchema(("EP_NONE" [] "EP_NONE") "EQUAL" (connected {'?b': 'button'}) = (light_id {'?l': 'light'}))
ConditionSchema(("EP_NONE" [] "EP_NONE") "EQUAL" (button_state {'?b': 'button'}) = (bs_id {'?bs': 'bs'}))
ConditionSchema(("EP_NONE" [] "EP_NONE") "NOT_EQUAL" (light_state {'?l': 'light'}) = (button_light_state {'?b': 'button', '?bs': 'bs'}))
Effect Schemas:
EffectSchema("ASSIGN" (light_state {'?l': 'light'}) = (button_light_state {'?b': 'button', '?bs': 'bs'}))

-----------------
Action Schema: tell
Parameters: {'?self': 'agent', '?l': 'light'}
Precondition Schemas:
ConditionSchema(("EP_NONE" [] "EP_NONE") "NOT_EQUAL" (agent_id {'?self': 'agent'}) = a)
ConditionSchema(("EP_NONE" [] "EP_NONE") "NOT_EQUAL" (agent_id {'?self': 'agent'}) = external)
ConditionSchema(("EP_NONE" [] "EP_NONE") "EQUAL" (observable {'?l': 'light'}) = (agent_id {'?self': 'agent'}))
ConditionSchema(("EP_NONE" [] "EP_NONE") "EQUAL" (telling {'?self': 'agent'}) = 0)
ConditionSchema(("EP_NONE" [] "EP_NONE") "EQUAL" (tell_lock {}) = 0)
Effect Schemas:
EffectSchema("ASSIGN" (telling {'?self': 'agent'}) = 1)
EffectSchema("ASSIGN" (tell_lock {}) = 1)
EffectSchema("ASSIGN" (a_observable {'?l': 'light'}) = 1)

-----------------
Action Schema: quiet
Parameters: {'?self': 'agent', '?l': 'light'}
Precondition Schemas:
ConditionSchema(("EP_NONE" [] "EP_NONE") "NOT_EQUAL" (agent_id {'?self': 'agent'}) = a)
ConditionSchema(("EP_NONE" [] "EP_NONE") "NOT_EQUAL" (agent_id {'?self': 'agent'}) = external)
ConditionSchema(("EP_NONE" [] "EP_NONE") "EQUAL" (observable {'?l': 'light'}) = (agent_id {'?self': 'agent'}))
ConditionSchema(("EP_NONE" [] "EP_NONE") "EQUAL" (telling {'?self': 'agent'}) = 1)
ConditionSchema(("EP_NONE" [] "EP_NONE") "EQUAL" (tell_lock {}) = 1)
Effect Schemas:
EffectSchema("ASSIGN" (telling {'?self': 'agent'}) = 0)
EffectSchema("ASSIGN" (tell_lock {}) = 0)
EffectSchema("ASSIGN" (a_observable {'?l': 'light'}) = 0)

-----------------
Action Schema: normal_stay
Parameters: {'?self': 'agent'}
Precondition Schemas:
ConditionSchema(("EP_NONE" [] "EP_NONE") "EQUAL" (tell_lock {}) = 0)
Effect Schemas:

-----------------
Action Schema: lock_stay
Parameters: {'?self': 'agent'}
Precondition Schemas:
ConditionSchema(("EP_NONE" [] "EP_NONE") "EQUAL" (tell_lock {}) = 1)
ConditionSchema(("EP_NONE" [] "EP_NONE") "EQUAL" (telling {'?self': 'agent'}) = 0)
Effect Schemas:

=================
Function([id:3, header_id:1]  light_state {'?l': 'l1'} = off)
Function([id:6, header_id:2]  light_state {'?l': 'l2'} = off)
Function([id:8, header_id:3]  light_id {'?l': 'l1'} = l1)
Function([id:12, header_id:4]  light_id {'?l': 'l2'} = l2)
Function([id:15, header_id:5]  button_state {'?b': 'b1'} = off)
Function([id:18, header_id:6]  button_state {'?b': 'b2'} = off)
Function([id:20, header_id:7]  button_light_state {'?b': 'b1', '?bs': 'on'} = on)
Function([id:24, header_id:8]  button_light_state {'?b': 'b1', '?bs': 'off'} = off)
Function([id:26, header_id:9]  button_light_state {'?b': 'b2', '?bs': 'on'} = on)
Function([id:30, header_id:10]  button_light_state {'?b': 'b2', '?bs': 'off'} = off)
Function([id:32, header_id:11]  bs_id {'?bs': 'on'} = on)
Function([id:36, header_id:12]  bs_id {'?bs': 'off'} = off)
Function([id:38, header_id:13]  connected {'?b': 'b1'} = l1)
Function([id:42, header_id:14]  connected {'?b': 'b2'} = l2)
Function([id:44, header_id:15]  agent_id {'?a': 'a'} = a)
Function([id:55, header_id:17]  agent_id {'?a': 'b'} = b)
Function([id:61, header_id:18]  agent_id {'?a': 'c'} = c)
Function([id:52, header_id:16]  agent_id {'?a': 'external'} = external)
Function([id:64, header_id:19]  tell_lock {} = 0)
Function([id:67, header_id:20]  telling {'?a': 'a'} = 0)
Function([id:73, header_id:22]  telling {'?a': 'b'} = 0)
Function([id:76, header_id:23]  telling {'?a': 'c'} = 0)
Function([id:70, header_id:21]  telling {'?a': 'external'} = 0)
Function([id:79, header_id:24]  a_observable {'?l': 'l1'} = 0)
Function([id:82, header_id:25]  a_observable {'?l': 'l2'} = 0)
Function([id:85, header_id:26]  observable {'?l': 'l1'} = b)
Function([id:89, header_id:27]  observable {'?l': 'l2'} = c)
=================
Agent: a
Max move time: inf
Goal completed: 'False'
Consider goal: 'False'
Consider exp: 'False'
Own Goals:
Condition(['a'] light_state ['l1'] = on)
Condition(['a'] light_state ['l2'] = on)
Condition([] light_state ['l2'] = on)
Condition([] light_state ['l2'] = on)
Other Goals:
external:
b:
c:
All Possible Goals:
external:
b:
c:
-----------------

Agent: external
Max move time: inf
Goal completed: 'False'
Consider goal: 'False'
Consider exp: 'False'
Own Goals:
Other Goals:
a:
Condition(['a'] light_state ['l1'] = on)
Condition(['a'] light_state ['l2'] = on)
Condition([] light_state ['l2'] = on)
Condition([] light_state ['l2'] = on)
b:
c:
All Possible Goals:
a:
Condition(['a'] light_state ['l1'] = on)
Condition(['a'] light_state ['l2'] = on)
Condition([] light_state ['l2'] = on)
Condition([] light_state ['l2'] = on)
b:
c:
-----------------

Agent: b
Max move time: inf
Goal completed: 'False'
Consider goal: 'False'
Consider exp: 'False'
Own Goals:
Other Goals:
a:
Condition(['a'] light_state ['l1'] = on)
Condition(['a'] light_state ['l2'] = on)
Condition([] light_state ['l2'] = on)
Condition([] light_state ['l2'] = on)
external:
c:
All Possible Goals:
a:
Condition(['a'] light_state ['l1'] = on)
Condition(['a'] light_state ['l2'] = on)
Condition([] light_state ['l2'] = on)
Condition([] light_state ['l2'] = on)
external:
c:
-----------------

Agent: c
Max move time: inf
Goal completed: 'False'
Consider goal: 'False'
Consider exp: 'False'
Own Goals:
Other Goals:
a:
Condition(['a'] light_state ['l1'] = on)
Condition(['a'] light_state ['l2'] = on)
Condition([] light_state ['l2'] = on)
Condition([] light_state ['l2'] = on)
external:
b:
All Possible Goals:
a:
Condition(['a'] light_state ['l1'] = on)
Condition(['a'] light_state ['l2'] = on)
Condition([] light_state ['l2'] = on)
Condition([] light_state ['l2'] = on)
external:
b:
-----------------


2025-11-24 20:12:53,406 INFO - __main__._.<module>:
Model built successfully.
2025-11-24 20:12:59,765 INFO - __main__.ShareEXPGoalBFS.bfs:
Models: 8, Exapnds: 518, 10.798ms/expand
2025-11-24 20:12:59,766 INFO - __main__.ShareEXPGoalBFS.get_policy:
[("normal_stay(['a'])", 2), ("press_on_button(['a', 'b1'])", 5), ("press_on_button(['a', 'b2'])", 5)]
{'a': 1, 'external': 1, 'b': 1, 'c': 1}
2025-11-24 20:12:59,766 INFO - __main__.Model.simulate:
a takes action: press_on_button(['a', 'b1'])
2025-11-24 20:13:00,590 INFO - __main__.ShareEXPGoalBFS.bfs:
Models: 1, Exapnds: 75, 10.957ms/expand
2025-11-24 20:13:00,590 INFO - __main__.ShareEXPGoalBFS.get_policy:
[("change_light_state(['external', 'b1', 'l1', 'on'])", 1)]
{'a': 1, 'external': 1, 'b': 1, 'c': 1}
2025-11-24 20:13:00,590 INFO - __main__.Model.simulate:
external takes action: change_light_state(['external', 'b1', 'l1', 'on'])
2025-11-24 20:13:08,389 INFO - __main__.ShareEXPGoalBFS.bfs:
Models: 16, Exapnds: 632, 12.333ms/expand
2025-11-24 20:13:08,390 INFO - __main__.ShareEXPGoalBFS.get_policy:
[("tell(['b', 'l1'])", 8), ("normal_stay(['b'])", 8)]
{'a': 1, 'external': 1, 'b': 1, 'c': 1}
2025-11-24 20:13:08,390 INFO - __main__.Model.simulate:
b takes action: tell(['b', 'l1'])
2025-11-24 20:13:08,391 INFO - __main__.ShareEXPGoalBFS.get_policy:
Only one successor: lock_stay(['c'])
2025-11-24 20:13:08,392 INFO - __main__.Model.simulate:
c takes action: lock_stay(['c'])
2025-11-24 20:13:08,393 INFO - __main__.ShareEXPGoalBFS.get_policy:
Only one successor: lock_stay(['a'])
2025-11-24 20:13:08,393 INFO - __main__.Model.simulate:
a takes action: lock_stay(['a'])
2025-11-24 20:13:08,395 INFO - __main__.ShareEXPGoalBFS.get_policy:
Only one successor: lock_stay(['external'])
2025-11-24 20:13:08,395 INFO - __main__.Model.simulate:
external takes action: lock_stay(['external'])
2025-11-24 20:13:08,397 INFO - __main__.ShareEXPGoalBFS.get_policy:
Only one successor: quiet(['b', 'l1'])
2025-11-24 20:13:08,397 INFO - __main__.Model.simulate:
b takes action: quiet(['b', 'l1'])
2025-11-24 20:13:24,049 INFO - __main__.ShareEXPGoalBFS.bfs:
Models: 16, Exapnds: 594, 26.334ms/expand
2025-11-24 20:13:24,049 INFO - __main__.ShareEXPGoalBFS.get_policy:
[("normal_stay(['c'])", 16)]
{'a': 1, 'external': 1, 'b': 1, 'c': 1}
2025-11-24 20:13:24,050 INFO - __main__.Model.simulate:
c takes action: normal_stay(['c'])
2025-11-24 20:13:25,654 INFO - __main__.ShareEXPGoalBFS.bfs:
Models: 4, Exapnds: 80, 19.931ms/expand
2025-11-24 20:13:25,654 INFO - __main__.ShareEXPGoalBFS.get_policy:
[("press_off_button(['a', 'b1'])", 3), ("normal_stay(['a'])", 2), ("press_on_button(['a', 'b2'])", 3)]
{'a': 1, 'external': 1, 'b': 1, 'c': 1}
2025-11-24 20:13:25,654 INFO - __main__.Model.simulate:
a takes action: press_on_button(['a', 'b2'])
2025-11-24 20:13:25,804 INFO - __main__.ShareEXPGoalBFS.bfs:
Models: 1, Exapnds: 11, 12.509ms/expand
2025-11-24 20:13:25,804 INFO - __main__.ShareEXPGoalBFS.get_policy:
[("change_light_state(['external', 'b2', 'l2', 'on'])", 1)]
{'a': 1, 'external': 1, 'b': 1, 'c': 1}
2025-11-24 20:13:25,805 INFO - __main__.Model.simulate:
external takes action: change_light_state(['external', 'b2', 'l2', 'on'])
2025-11-24 20:13:34,092 INFO - __main__.ShareEXPGoalBFS.bfs:
Models: 16, Exapnds: 270, 30.644ms/expand
2025-11-24 20:13:34,092 INFO - __main__.ShareEXPGoalBFS.get_policy:
[("normal_stay(['b'])", 16)]
{'a': 1, 'external': 1, 'b': 1, 'c': 1}
2025-11-24 20:13:34,092 INFO - __main__.Model.simulate:
b takes action: normal_stay(['b'])
2025-11-24 20:13:48,182 INFO - __main__.ShareEXPGoalBFS.bfs:
Models: 16, Exapnds: 322, 43.700ms/expand
2025-11-24 20:13:48,182 INFO - __main__.ShareEXPGoalBFS.get_policy:
[("tell(['c', 'l2'])", 16), ("normal_stay(['c'])", 8)]
{'a': 1, 'external': 1, 'b': 1, 'c': 1}
2025-11-24 20:13:48,182 INFO - __main__.Model.simulate:
c takes action: tell(['c', 'l2'])
2025-11-24 20:13:48,185 DEBUG - __main__.Model.simulate:
====== Solution ======
Step 1:
a: press_on_button(['a', 'b1'])
{'a': False, 'external': True, 'b': True, 'c': True}
-----------------
Step 2:
external: change_light_state(['external', 'b1', 'l1', 'on'])
{'a': False, 'external': True, 'b': True, 'c': True}
-----------------
Step 3:
b: tell(['b', 'l1'])
{'a': False, 'external': True, 'b': True, 'c': True}
-----------------
Step 4:
c: lock_stay(['c'])
{'a': False, 'external': True, 'b': True, 'c': True}
-----------------
Step 5:
a: lock_stay(['a'])
{'a': False, 'external': True, 'b': True, 'c': True}
-----------------
Step 6:
external: lock_stay(['external'])
{'a': False, 'external': True, 'b': True, 'c': True}
-----------------
Step 7:
b: quiet(['b', 'l1'])
{'a': False, 'external': True, 'b': True, 'c': True}
-----------------
Step 8:
c: normal_stay(['c'])
{'a': False, 'external': True, 'b': True, 'c': True}
-----------------
Step 9:
a: press_on_button(['a', 'b2'])
{'a': False, 'external': True, 'b': True, 'c': True}
-----------------
Step 10:
external: change_light_state(['external', 'b2', 'l2', 'on'])
{'a': False, 'external': True, 'b': True, 'c': True}
-----------------
Step 11:
b: normal_stay(['b'])
{'a': False, 'external': True, 'b': True, 'c': True}
-----------------
Step 12:
c: tell(['c', 'l2'])
{'a': False, 'external': True, 'b': True, 'c': True}
-----------------

2025-11-24 20:13:48,185 EXP - __main__.Logger.exp:
a takes action: press_on_button(['a', 'b1'])
external takes action: change_light_state(['external', 'b1', 'l1', 'on'])
b takes action: tell(['b', 'l1'])
c takes action: lock_stay(['c'])
a takes action: lock_stay(['a'])
external takes action: lock_stay(['external'])
b takes action: quiet(['b', 'l1'])
c takes action: normal_stay(['c'])
a takes action: press_on_button(['a', 'b2'])
external takes action: change_light_state(['external', 'b2', 'l2', 'on'])
b takes action: normal_stay(['b'])
c takes action: tell(['c', 'l2'])
Steps: 12
Time cost: 54.014901s
2025-11-24 20:13:48,185 EXP - __main__.Logger.exp:
Avg Steps: 12.0
Avg Time: 54.014901s
