2025-10-23 20:57:49,988 INFO - __main__._.<module>:
Start building the model, type: "True"
2025-10-23 20:57:49,988 INFO - __main__._.build:
Start building the model, type: "True"
2025-10-23 20:57:49,988 INFO - __main__.DomainParser.run:
Domain "models/grapevine/domain.pddl" start initialization.
2025-10-23 20:57:49,988 INFO - __main__.DomainParser.run:
Domain Parser found "models/grapevine/domain.pddl"
2025-10-23 20:57:49,988 INFO - __main__.DomainParser.run:
Complete file reading.
2025-10-23 20:57:49,988 INFO - __main__.DomainParser.run:
Domain name found
2025-10-23 20:57:49,988 INFO - __main__.DomainParser.run:
Domain type found
2025-10-23 20:57:49,988 INFO - __main__.DomainParser.run:
Domain functions found
2025-10-23 20:57:49,989 INFO - __main__.DomainParser.run:
Domain actions found
2025-10-23 20:57:49,989 DEBUG - __main__.DomainParser.run:
Parsed Domain Result:
================= Domain "(grapevine)" Parsing Result ================
Domain types: ['secret', 'agent']
=================
Domain functions:
Function(name:agent_loc, parameters:{'agent': ['?a']}). 
Function(name:secret_id, parameters:{'secret': ['?s']}). 
Function(name:agent_id, parameters:{'agent': ['?a']}). 
Function(name:shared_value, parameters:{'secret': ['?s']}). 
Function(name:shared_loc, parameters:{'secret': ['?s']}). 
Function(name:own, parameters:{'secret': ['?s']}). 
Function(name:sharing_lock, parameters:{}). 
Function(name:agent_sharing, parameters:{'agent': ['?a']}). 
=================
Domain actions:
-----------------
Action:
Name: move_right
Parameters:
    agent : ['?self']
Preconditions:
1: Condition(Variable(sharing_lock: []) = 0)
2: Condition(Variable(agent_sharing: ['?self']) = none)
3: Condition(Variable(agent_loc: ['?self']) = 1)
Effects:
1: Effect('assign' Variable(agent_loc: ['?self']) 2)

-----------------
Action:
Name: move_left
Parameters:
    agent : ['?self']
Preconditions:
1: Condition(Variable(sharing_lock: []) = 0)
2: Condition(Variable(agent_sharing: ['?self']) = none)
3: Condition(Variable(agent_loc: ['?self']) = 2)
Effects:
1: Effect('assign' Variable(agent_loc: ['?self']) 1)

-----------------
Action:
Name: quiet
Parameters:
    agent : ['?self']
    secret : ['?s']
Preconditions:
1: Condition(Variable(sharing_lock: []) = 1)
2: Condition(Variable(agent_sharing: ['?self']) = Variable(secret_id: ['?s']))
3: Condition(Variable(shared_loc: ['?s']) != 0)
Effects:
1: Effect('assign' Variable(sharing_lock: []) 0)
2: Effect('assign' Variable(agent_sharing: ['?self']) none)
3: Effect('assign' Variable(shared_loc: ['?s']) 0)
4: Effect('assign' Variable(shared_value: ['?s']) t)

-----------------
Action:
Name: sharing_stay
Parameters:
    agent : ['?self']
Preconditions:
1: Condition(Variable(sharing_lock: []) = 1)
2: Condition(Variable(agent_sharing: ['?self']) = none)
Effects:
1: Effect('assign' Variable(sharing_lock: []) 1)

-----------------
Action:
Name: normal_stay
Parameters:
    agent : ['?self']
Preconditions:
1: Condition(Variable(sharing_lock: []) = 0)
Effects:
1: Effect('assign' Variable(sharing_lock: []) 0)

-----------------
Action:
Name: sharing_own_secret
Parameters:
    agent : ['?self']
    secret : ['?s']
Preconditions:
1: Condition(Variable(sharing_lock: []) = 0)
2: Condition(Variable(own: ['?s']) = Variable(agent_id: ['?self']))
3: Condition(Variable(agent_sharing: ['?self']) = none)
Effects:
1: Effect('assign' Variable(sharing_lock: []) 1)
2: Effect(effect_operator:'assign' Variable(agent_sharing: ['?self']) Variable(secret_id: ['?s']))
3: Effect(effect_operator:'assign' Variable(shared_loc: ['?s']) Variable(agent_loc: ['?self']))
4: Effect('assign' Variable(shared_value: ['?s']) t)

-----------------
Action:
Name: lying_own_secret
Parameters:
    agent : ['?self']
    secret : ['?s']
Preconditions:
1: Condition(Variable(sharing_lock: []) = 0)
2: Condition(Variable(own: ['?s']) = Variable(agent_id: ['?self']))
3: Condition(Variable(agent_sharing: ['?self']) = none)
Effects:
1: Effect('assign' Variable(sharing_lock: []) 1)
2: Effect(effect_operator:'assign' Variable(agent_sharing: ['?self']) Variable(secret_id: ['?s']))
3: Effect(effect_operator:'assign' Variable(shared_loc: ['?s']) Variable(agent_loc: ['?self']))
4: Effect('assign' Variable(shared_value: ['?s']) f)

-----------------
Action:
Name: sharing_others_secret
Parameters:
    agent : ['?self']
    secret : ['?s']
Preconditions:
1: Condition(Variable(sharing_lock: []) = 0)
2: Condition(Variable(own: ['?s']) != Variable(agent_id: ['?self']))
3: Condition(Variable(agent_sharing: ['?self']) = none)
4: EpistemicCondition(Belief sequence: ['?self'], epistemic truth: "!= unknown", Condition(Variable(shared_value: ['?s'])  ))
Effects:
1: Effect('assign' Variable(sharing_lock: []) 1)
2: Effect(effect_operator:'assign' Variable(agent_sharing: ['?self']) Variable(secret_id: ['?s']))
3: Effect(effect_operator:'assign' Variable(shared_loc: ['?s']) Variable(agent_loc: ['?self']))
4: Effect(effect_operator:'assign' Variable(shared_value: ['?s']) Variable(shared_value: ['?s']))


2025-10-23 20:57:49,989 INFO - __main__.ProblemParser.run:
Problem "models/grapevine/3a1s4" start initialization.
2025-10-23 20:57:49,989 INFO - __main__.ProblemParser.get_files:
Problem folder found "models/grapevine/3a1s4"
2025-10-23 20:57:49,989 INFO - __main__.ProblemParser.run:
Found 3 agent files:
"models/grapevine/3a1s4/b.agtpddl"
"models/grapevine/3a1s4/a.agtpddl"
"models/grapevine/3a1s4/c.agtpddl"
2025-10-23 20:57:49,989 INFO - __main__.ProblemParser.run:
Found init file: "models/grapevine/3a1s4/init.envpddl"
2025-10-23 20:57:49,989 INFO - __main__.ProblemParser.run:
Complete reading environment file.
2025-10-23 20:57:49,989 INFO - __main__.ProblemParser.run:
Copmlete reading agent file "models/grapevine/3a1s4/b.agtpddl"
2025-10-23 20:57:49,989 INFO - __main__.ProblemParser.run:
Copmlete reading agent file "models/grapevine/3a1s4/a.agtpddl"
2025-10-23 20:57:49,989 INFO - __main__.ProblemParser.run:
Copmlete reading agent file "models/grapevine/3a1s4/c.agtpddl"
2025-10-23 20:57:49,990 INFO - __main__.ProblemParser.run:
Problem domain name "grapevine" found
Problem name "3a1s3" found
2025-10-23 20:57:49,990 INFO - __main__.ProblemParser.run:
Problem agents found
2025-10-23 20:57:49,990 INFO - __main__.ProblemParser.run:
Problem objects found
2025-10-23 20:57:49,990 INFO - __main__.ProblemParser.run:
Problem ranges found
2025-10-23 20:57:49,990 INFO - __main__.ProblemParser.run:
Problem initial states found
2025-10-23 20:57:49,990 INFO - __main__.ProblemParser.run:
Problem goals found
2025-10-23 20:57:49,990 INFO - __main__.ProblemParser.run:
Problem acceptable goal set found
2025-10-23 20:57:49,990 INFO - __main__.ProblemParser.run:
Problem max belief depth found
2025-10-23 20:57:49,990 DEBUG - __main__.ProblemParser.run:
Parsed Problem Result:
============ Problem "(grapevine : 3a1s3)" Parsing Result ===========
Agents: ['a', 'b', 'c']
=================
Objects:
secret: ['as']
=================
States:
State(variable: Variable(agent_loc: ['a']), value: 1, target_variable: Variable(None: []))
State(variable: Variable(agent_loc: ['b']), value: 1, target_variable: Variable(None: []))
State(variable: Variable(agent_loc: ['c']), value: 1, target_variable: Variable(None: []))
State(variable: Variable(secret_id: ['as']), value: as, target_variable: Variable(None: []))
State(variable: Variable(agent_id: ['a']), value: a, target_variable: Variable(None: []))
State(variable: Variable(agent_id: ['b']), value: b, target_variable: Variable(None: []))
State(variable: Variable(agent_id: ['c']), value: c, target_variable: Variable(None: []))
State(variable: Variable(shared_value: ['as']), value: t, target_variable: Variable(None: []))
State(variable: Variable(shared_loc: ['as']), value: 0, target_variable: Variable(None: []))
State(variable: Variable(own: ['as']), value: a, target_variable: Variable(None: []))
State(variable: Variable(sharing_lock: []), value: 0, target_variable: Variable(None: []))
State(variable: Variable(agent_sharing: ['a']), value: none, target_variable: Variable(None: []))
State(variable: Variable(agent_sharing: ['b']), value: none, target_variable: Variable(None: []))
State(variable: Variable(agent_sharing: ['c']), value: none, target_variable: Variable(None: []))
=================
Goals:
-----------------
a:
EpistemicCondition(Belief sequence: ['a', 'b'], epistemic truth: "= true", Condition(Variable(shared_value: ['as']) = t))
EpistemicCondition(Belief sequence: ['a', 'c'], epistemic truth: "= true", Condition(Variable(shared_value: ['as']) = f))
-----------------
b:
EpistemicCondition(Belief sequence: ['b'], epistemic truth: "= true", Condition(Variable(shared_value: ['as']) = f))
-----------------
c:
EpistemicCondition(Belief sequence: ['c'], epistemic truth: "= true", Condition(Variable(shared_value: ['as']) = f))
=================
Ranges:
Range(function_name: agent_loc, type: integer, min: 1, max: 2)
Range(function_name: secret_id, type: enumerate, enumerates: ['as'])
Range(function_name: agent_id, type: enumerate, enumerates: ['a', 'b', 'c'])
Range(function_name: own, type: enumerate, enumerates: ['a'])
Range(function_name: sharing_lock, type: integer, min: 0, max: 1)
Range(function_name: agent_sharing, type: enumerate, enumerates: ['none', 'as'])
Range(function_name: shared_value, type: enumerate, enumerates: ['t', 'f'])
Range(function_name: shared_loc, type: integer, min: 0, max: 2)

2025-10-23 20:57:49,990 INFO - __main__.ModelChecker.check_validity:
checking the validity...
2025-10-23 20:57:49,990 DEBUG - __main__.ModelChecker.check_validity:
Valid names: ['a', 'b', 'c', 'as', 'unknown', 'agent_loc', 'secret_id', 'agent_id', 'shared_value', 'shared_loc', 'own', 'sharing_lock', 'agent_sharing']
2025-10-23 20:57:49,991 DEBUG - __main__.ModelChecker.check_validity:
Checking the states
2025-10-23 20:57:49,991 DEBUG - __main__.ModelChecker.check_validity:
Checking the goals
2025-10-23 20:57:49,991 DEBUG - __main__.ModelChecker.check_validity:
Checking the ranges
2025-10-23 20:57:49,991 DEBUG - __main__.ModelChecker.check_validity:
Checking the actions
2025-10-23 20:57:49,991 INFO - __main__.ModelChecker.check_validity:
The domain and problem pass the checker.
2025-10-23 20:57:49,991 INFO - __main__.ModelChecker.check_validity:
checking the validity...
2025-10-23 20:57:49,991 DEBUG - __main__.ModelChecker.check_validity:
Valid names: ['a', 'b', 'c', 'as', 'unknown', 'agent_loc', 'secret_id', 'agent_id', 'shared_value', 'shared_loc', 'own', 'sharing_lock', 'agent_sharing']
2025-10-23 20:57:49,991 DEBUG - __main__.ModelChecker.check_validity:
Checking the states
2025-10-23 20:57:49,991 DEBUG - __main__.ModelChecker.check_validity:
Checking the goals
2025-10-23 20:57:49,991 DEBUG - __main__.ModelChecker.check_validity:
Checking the ranges
2025-10-23 20:57:49,991 DEBUG - __main__.ModelChecker.check_validity:
Checking the actions
2025-10-23 20:57:49,991 INFO - __main__.ModelChecker.check_validity:
The domain and problem pass the checker.
2025-10-23 20:57:49,991 INFO - __main__._.load_observation_function:
Loaded observation function GrapevineObsFunc to agent a
2025-10-23 20:57:49,991 INFO - __main__._.load_observation_function:
Loaded observation function GrapevineObsFunc to agent b
2025-10-23 20:57:49,991 INFO - __main__._.load_observation_function:
Loaded observation function GrapevineObsFunc to agent c
2025-10-23 20:57:49,992 INFO - __main__._.load_policy_strategy:
Loaded strategy class ShareGoalBFS for agent a
2025-10-23 20:57:49,992 INFO - __main__._.load_policy_strategy:
Loaded strategy class ShareGoalBFS for agent b
2025-10-23 20:57:49,992 INFO - __main__._.load_policy_strategy:
Loaded strategy class ShareGoalBFS for agent c
2025-10-23 20:57:49,992 INFO - __main__.Model.init:
Loaded problem type: "SHARE"
2025-10-23 20:57:49,993 DEBUG - __main__._.build_model:
Model:
================= Model Result================
Domain name: grapevine
Problem name: 3a1s3
Problem type: "SHARE"
=================
Function agent_loc:
Parameters ['a']:
Value 1: Function([id:1, header_id:1]  agent_loc {'?a': 'a'} = 1)
Value 2: Function([id:2, header_id:1]  agent_loc {'?a': 'a'} = 2)
Parameters ['b']:
Value 1: Function([id:3, header_id:2]  agent_loc {'?a': 'b'} = 1)
Value 2: Function([id:4, header_id:2]  agent_loc {'?a': 'b'} = 2)
Parameters ['c']:
Value 1: Function([id:5, header_id:3]  agent_loc {'?a': 'c'} = 1)
Value 2: Function([id:6, header_id:3]  agent_loc {'?a': 'c'} = 2)
Function secret_id:
Parameters ['as']:
Value as: Function([id:7, header_id:4]  secret_id {'?s': 'as'} = as)
Function agent_id:
Parameters ['a']:
Value a: Function([id:8, header_id:5]  agent_id {'?a': 'a'} = a)
Value b: Function([id:9, header_id:5]  agent_id {'?a': 'a'} = b)
Value c: Function([id:10, header_id:5]  agent_id {'?a': 'a'} = c)
Parameters ['b']:
Value a: Function([id:11, header_id:6]  agent_id {'?a': 'b'} = a)
Value b: Function([id:12, header_id:6]  agent_id {'?a': 'b'} = b)
Value c: Function([id:13, header_id:6]  agent_id {'?a': 'b'} = c)
Parameters ['c']:
Value a: Function([id:14, header_id:7]  agent_id {'?a': 'c'} = a)
Value b: Function([id:15, header_id:7]  agent_id {'?a': 'c'} = b)
Value c: Function([id:16, header_id:7]  agent_id {'?a': 'c'} = c)
Function shared_value:
Parameters ['as']:
Value t: Function([id:17, header_id:8]  shared_value {'?s': 'as'} = t)
Value f: Function([id:18, header_id:8]  shared_value {'?s': 'as'} = f)
Function shared_loc:
Parameters ['as']:
Value 0: Function([id:19, header_id:9]  shared_loc {'?s': 'as'} = 0)
Value 1: Function([id:20, header_id:9]  shared_loc {'?s': 'as'} = 1)
Value 2: Function([id:21, header_id:9]  shared_loc {'?s': 'as'} = 2)
Function own:
Parameters ['as']:
Value a: Function([id:22, header_id:10]  own {'?s': 'as'} = a)
Function sharing_lock:
Parameters []:
Value 0: Function([id:23, header_id:11]  sharing_lock {} = 0)
Value 1: Function([id:24, header_id:11]  sharing_lock {} = 1)
Function agent_sharing:
Parameters ['a']:
Value none: Function([id:25, header_id:12]  agent_sharing {'?a': 'a'} = none)
Value as: Function([id:26, header_id:12]  agent_sharing {'?a': 'a'} = as)
Parameters ['b']:
Value none: Function([id:27, header_id:13]  agent_sharing {'?a': 'b'} = none)
Value as: Function([id:28, header_id:13]  agent_sharing {'?a': 'b'} = as)
Parameters ['c']:
Value none: Function([id:29, header_id:14]  agent_sharing {'?a': 'c'} = none)
Value as: Function([id:30, header_id:14]  agent_sharing {'?a': 'c'} = as)

=================
Entity(a - agent)
Entity(b - agent)
Entity(c - agent)
Entity(as - secret)
=================
FunctionSchema(name: agent_loc, range: (1, 2), type: integer, require_parameters: {'?a': 'agent'})
FunctionSchema(name: secret_id, range: ['as'], type: enumerate, require_parameters: {'?s': 'secret'})
FunctionSchema(name: agent_id, range: ['a', 'b', 'c'], type: enumerate, require_parameters: {'?a': 'agent'})
FunctionSchema(name: shared_value, range: ['t', 'f'], type: enumerate, require_parameters: {'?s': 'secret'})
FunctionSchema(name: shared_loc, range: (0, 2), type: integer, require_parameters: {'?s': 'secret'})
FunctionSchema(name: own, range: ['a'], type: enumerate, require_parameters: {'?s': 'secret'})
FunctionSchema(name: sharing_lock, range: (0, 1), type: integer, require_parameters: {})
FunctionSchema(name: agent_sharing, range: ['none', 'as'], type: enumerate, require_parameters: {'?a': 'agent'})
=================
-----------------
Action Schema: move_right
Parameters: {'?self': 'agent'}
Precondition Schemas:
ConditionSchema(("EP_NONE" [] "EP_NONE") "EQUAL" (sharing_lock {}) = 0)
ConditionSchema(("EP_NONE" [] "EP_NONE") "EQUAL" (agent_sharing {'?self': 'agent'}) = none)
ConditionSchema(("EP_NONE" [] "EP_NONE") "EQUAL" (agent_loc {'?self': 'agent'}) = 1)
Effect Schemas:
EffectSchema("ASSIGN" (agent_loc {'?self': 'agent'}) = 2)

-----------------
Action Schema: move_left
Parameters: {'?self': 'agent'}
Precondition Schemas:
ConditionSchema(("EP_NONE" [] "EP_NONE") "EQUAL" (sharing_lock {}) = 0)
ConditionSchema(("EP_NONE" [] "EP_NONE") "EQUAL" (agent_sharing {'?self': 'agent'}) = none)
ConditionSchema(("EP_NONE" [] "EP_NONE") "EQUAL" (agent_loc {'?self': 'agent'}) = 2)
Effect Schemas:
EffectSchema("ASSIGN" (agent_loc {'?self': 'agent'}) = 1)

-----------------
Action Schema: quiet
Parameters: {'?self': 'agent', '?s': 'secret'}
Precondition Schemas:
ConditionSchema(("EP_NONE" [] "EP_NONE") "EQUAL" (sharing_lock {}) = 1)
ConditionSchema(("EP_NONE" [] "EP_NONE") "EQUAL" (agent_sharing {'?self': 'agent'}) = (secret_id {'?s': 'secret'}))
ConditionSchema(("EP_NONE" [] "EP_NONE") "NOT_EQUAL" (shared_loc {'?s': 'secret'}) = 0)
Effect Schemas:
EffectSchema("ASSIGN" (sharing_lock {}) = 0)
EffectSchema("ASSIGN" (agent_sharing {'?self': 'agent'}) = none)
EffectSchema("ASSIGN" (shared_loc {'?s': 'secret'}) = 0)
EffectSchema("ASSIGN" (shared_value {'?s': 'secret'}) = t)

-----------------
Action Schema: sharing_stay
Parameters: {'?self': 'agent'}
Precondition Schemas:
ConditionSchema(("EP_NONE" [] "EP_NONE") "EQUAL" (sharing_lock {}) = 1)
ConditionSchema(("EP_NONE" [] "EP_NONE") "EQUAL" (agent_sharing {'?self': 'agent'}) = none)
Effect Schemas:
EffectSchema("ASSIGN" (sharing_lock {}) = 1)

-----------------
Action Schema: normal_stay
Parameters: {'?self': 'agent'}
Precondition Schemas:
ConditionSchema(("EP_NONE" [] "EP_NONE") "EQUAL" (sharing_lock {}) = 0)
Effect Schemas:
EffectSchema("ASSIGN" (sharing_lock {}) = 0)

-----------------
Action Schema: sharing_own_secret
Parameters: {'?self': 'agent', '?s': 'secret'}
Precondition Schemas:
ConditionSchema(("EP_NONE" [] "EP_NONE") "EQUAL" (sharing_lock {}) = 0)
ConditionSchema(("EP_NONE" [] "EP_NONE") "EQUAL" (own {'?s': 'secret'}) = (agent_id {'?self': 'agent'}))
ConditionSchema(("EP_NONE" [] "EP_NONE") "EQUAL" (agent_sharing {'?self': 'agent'}) = none)
Effect Schemas:
EffectSchema("ASSIGN" (sharing_lock {}) = 1)
EffectSchema("ASSIGN" (agent_sharing {'?self': 'agent'}) = (secret_id {'?s': 'secret'}))
EffectSchema("ASSIGN" (shared_loc {'?s': 'secret'}) = (agent_loc {'?self': 'agent'}))
EffectSchema("ASSIGN" (shared_value {'?s': 'secret'}) = t)

-----------------
Action Schema: lying_own_secret
Parameters: {'?self': 'agent', '?s': 'secret'}
Precondition Schemas:
ConditionSchema(("EP_NONE" [] "EP_NONE") "EQUAL" (sharing_lock {}) = 0)
ConditionSchema(("EP_NONE" [] "EP_NONE") "EQUAL" (own {'?s': 'secret'}) = (agent_id {'?self': 'agent'}))
ConditionSchema(("EP_NONE" [] "EP_NONE") "EQUAL" (agent_sharing {'?self': 'agent'}) = none)
Effect Schemas:
EffectSchema("ASSIGN" (sharing_lock {}) = 1)
EffectSchema("ASSIGN" (agent_sharing {'?self': 'agent'}) = (secret_id {'?s': 'secret'}))
EffectSchema("ASSIGN" (shared_loc {'?s': 'secret'}) = (agent_loc {'?self': 'agent'}))
EffectSchema("ASSIGN" (shared_value {'?s': 'secret'}) = f)

-----------------
Action Schema: sharing_others_secret
Parameters: {'?self': 'agent', '?s': 'secret'}
Precondition Schemas:
ConditionSchema(("EP_NONE" [] "EP_NONE") "EQUAL" (sharing_lock {}) = 0)
ConditionSchema(("EP_NONE" [] "EP_NONE") "NOT_EQUAL" (own {'?s': 'secret'}) = (agent_id {'?self': 'agent'}))
ConditionSchema(("EP_NONE" [] "EP_NONE") "EQUAL" (agent_sharing {'?self': 'agent'}) = none)
ConditionSchema(("EP_NOT_EQUAL" ['?self'] "EP_UNKNOWN") "NONE" (shared_value {'?s': 'secret'}) = )
Effect Schemas:
EffectSchema("ASSIGN" (sharing_lock {}) = 1)
EffectSchema("ASSIGN" (agent_sharing {'?self': 'agent'}) = (secret_id {'?s': 'secret'}))
EffectSchema("ASSIGN" (shared_loc {'?s': 'secret'}) = (agent_loc {'?self': 'agent'}))
EffectSchema("ASSIGN" (shared_value {'?s': 'secret'}) = (['?self'] shared_value {'?s': 'secret'}))

=================
Function([id:1, header_id:1]  agent_loc {'?a': 'a'} = 1)
Function([id:3, header_id:2]  agent_loc {'?a': 'b'} = 1)
Function([id:5, header_id:3]  agent_loc {'?a': 'c'} = 1)
Function([id:7, header_id:4]  secret_id {'?s': 'as'} = as)
Function([id:8, header_id:5]  agent_id {'?a': 'a'} = a)
Function([id:12, header_id:6]  agent_id {'?a': 'b'} = b)
Function([id:16, header_id:7]  agent_id {'?a': 'c'} = c)
Function([id:17, header_id:8]  shared_value {'?s': 'as'} = t)
Function([id:19, header_id:9]  shared_loc {'?s': 'as'} = 0)
Function([id:22, header_id:10]  own {'?s': 'as'} = a)
Function([id:23, header_id:11]  sharing_lock {} = 0)
Function([id:25, header_id:12]  agent_sharing {'?a': 'a'} = none)
Function([id:27, header_id:13]  agent_sharing {'?a': 'b'} = none)
Function([id:29, header_id:14]  agent_sharing {'?a': 'c'} = none)
=================
Agent: a
Max move time: inf
Goal completed: 'False'
Consider goal: 'False'
Consider exp: 'False'
Own Goals:
Condition(['a', 'b'] shared_value ['as'] = t)
Condition(['a', 'c'] shared_value ['as'] = f)
Other Goals:
b:
Condition(['b'] shared_value ['as'] = f)
c:
Condition(['c'] shared_value ['as'] = f)
All Possible Goals:

Agent: b
Max move time: inf
Goal completed: 'False'
Consider goal: 'False'
Consider exp: 'False'
Own Goals:
Condition(['b'] shared_value ['as'] = f)
Other Goals:
a:
Condition(['a', 'b'] shared_value ['as'] = t)
Condition(['a', 'c'] shared_value ['as'] = f)
c:
Condition(['c'] shared_value ['as'] = f)
All Possible Goals:

Agent: c
Max move time: inf
Goal completed: 'False'
Consider goal: 'False'
Consider exp: 'False'
Own Goals:
Condition(['c'] shared_value ['as'] = f)
Other Goals:
a:
Condition(['a', 'b'] shared_value ['as'] = t)
Condition(['a', 'c'] shared_value ['as'] = f)
b:
Condition(['b'] shared_value ['as'] = f)
All Possible Goals:


2025-10-23 20:57:49,993 INFO - __main__._.<module>:
Model built successfully.
2025-10-23 20:57:52,379 DEBUG - __main__.ShareGoalBFS.single_bfs:
Complete path: ["lying_own_secret(['a', 'as'])", "quiet(['a', 'as'])", "move_right(['c'])", "sharing_own_secret(['a', 'as'])", "quiet(['a', 'as'])", "move_right(['b'])", "sharing_others_secret(['c', 'as'])"]
2025-10-23 20:57:52,751 DEBUG - __main__.ShareGoalBFS.single_bfs:
Complete path: ["sharing_own_secret(['a', 'as'])", "quiet(['a', 'as'])", "move_right(['b'])", "lying_own_secret(['a', 'as'])", "quiet(['a', 'as'])", "move_right(['c'])", "sharing_others_secret(['c', 'as'])"]
2025-10-23 20:57:54,000 DEBUG - __main__.ShareGoalBFS.single_bfs:
Complete path: ["lying_own_secret(['a', 'as'])", "quiet(['a', 'as'])", "move_right(['c'])", "sharing_own_secret(['a', 'as'])", "quiet(['a', 'as'])", "move_right(['b'])", "sharing_others_secret(['c', 'as'])"]
2025-10-23 20:57:54,373 DEBUG - __main__.ShareGoalBFS.single_bfs:
Complete path: ["sharing_own_secret(['a', 'as'])", "quiet(['a', 'as'])", "move_right(['b'])", "lying_own_secret(['a', 'as'])", "quiet(['a', 'as'])", "move_right(['c'])", "sharing_others_secret(['c', 'as'])"]
2025-10-23 20:57:54,532 INFO - __main__.ShareGoalBFS.bfs:
Models: 2, Exapnds: 1078, 3.014ms/expand
2025-10-23 20:57:54,532 INFO - __main__.ShareGoalBFS.get_policy:
[("lying_own_secret(['a', 'as'])", 2), ("sharing_own_secret(['a', 'as'])", 2)]
{'a': 0, 'b': 0, 'c': 0}
2025-10-23 20:57:54,532 INFO - __main__.Model.simulate:
a takes action: sharing_own_secret(['a', 'as'])
2025-10-23 20:57:54,533 INFO - __main__.ShareGoalBFS.get_policy:
Only one successor: sharing_stay(['b'])
2025-10-23 20:57:54,533 INFO - __main__.Model.simulate:
b takes action: sharing_stay(['b'])
2025-10-23 20:57:54,533 INFO - __main__.ShareGoalBFS.get_policy:
Only one successor: sharing_stay(['c'])
2025-10-23 20:57:54,533 INFO - __main__.Model.simulate:
c takes action: sharing_stay(['c'])
2025-10-23 20:57:54,533 INFO - __main__.ShareGoalBFS.get_policy:
Only one successor: quiet(['a', 'as'])
2025-10-23 20:57:54,533 INFO - __main__.Model.simulate:
a takes action: quiet(['a', 'as'])
2025-10-23 20:57:54,969 DEBUG - __main__.ShareGoalBFS.single_bfs:
Complete path: ["move_right(['b'])", "lying_own_secret(['a', 'as'])", "quiet(['a', 'as'])", "move_right(['c'])", "sharing_others_secret(['c', 'as'])"]
2025-10-23 20:57:55,135 INFO - __main__.ShareGoalBFS.bfs:
Models: 1, Exapnds: 156, 3.851ms/expand
2025-10-23 20:57:55,135 INFO - __main__.ShareGoalBFS.get_policy:
[("move_right(['b'])", 1)]
{'a': 0, 'b': 0, 'c': 0}
2025-10-23 20:57:55,135 INFO - __main__.Model.simulate:
b takes action: move_right(['b'])
2025-10-23 20:57:55,655 DEBUG - __main__.ShareGoalBFS.single_bfs:
Complete path: ["normal_stay(['c'])", "lying_own_secret(['a', 'as'])", "quiet(['a', 'as'])", "move_right(['c'])", "sharing_others_secret(['c', 'as'])"]
2025-10-23 20:57:55,741 INFO - __main__.ShareGoalBFS.bfs:
Models: 1, Exapnds: 153, 3.956ms/expand
2025-10-23 20:57:55,741 INFO - __main__.ShareGoalBFS.get_policy:
[("normal_stay(['c'])", 1)]
{'a': 0, 'b': 0, 'c': 0}
2025-10-23 20:57:55,741 INFO - __main__.Model.simulate:
c takes action: normal_stay(['c'])
2025-10-23 20:57:55,966 DEBUG - __main__.ShareGoalBFS.single_bfs:
Complete path: ["lying_own_secret(['a', 'as'])", "quiet(['a', 'as'])", "move_right(['c'])", "sharing_others_secret(['c', 'as'])"]
2025-10-23 20:57:56,147 INFO - __main__.ShareGoalBFS.bfs:
Models: 1, Exapnds: 113, 3.589ms/expand
2025-10-23 20:57:56,148 INFO - __main__.ShareGoalBFS.get_policy:
[("lying_own_secret(['a', 'as'])", 1)]
{'a': 0, 'b': 0, 'c': 0}
2025-10-23 20:57:56,148 INFO - __main__.Model.simulate:
a takes action: lying_own_secret(['a', 'as'])
2025-10-23 20:57:56,148 INFO - __main__.ShareGoalBFS.get_policy:
Only one successor: sharing_stay(['b'])
2025-10-23 20:57:56,148 INFO - __main__.Model.simulate:
b takes action: sharing_stay(['b'])
2025-10-23 20:57:56,149 INFO - __main__.ShareGoalBFS.get_policy:
Only one successor: sharing_stay(['c'])
2025-10-23 20:57:56,149 INFO - __main__.Model.simulate:
c takes action: sharing_stay(['c'])
2025-10-23 20:57:56,149 INFO - __main__.ShareGoalBFS.get_policy:
Only one successor: quiet(['a', 'as'])
2025-10-23 20:57:56,149 INFO - __main__.Model.simulate:
a takes action: quiet(['a', 'as'])
2025-10-23 20:57:56,815 DEBUG - __main__.ShareGoalBFS.single_bfs:
Complete path: ["normal_stay(['b'])", "lying_own_secret(['a', 'as'])", "quiet(['a', 'as'])", "move_right(['c'])", "sharing_others_secret(['c', 'as'])"]
2025-10-23 20:57:57,008 INFO - __main__.ShareGoalBFS.bfs:
Models: 1, Exapnds: 156, 5.499ms/expand
2025-10-23 20:57:57,008 INFO - __main__.ShareGoalBFS.get_policy:
[("normal_stay(['b'])", 1)]
{'a': 0, 'b': 0, 'c': 0}
2025-10-23 20:57:57,008 INFO - __main__.Model.simulate:
b takes action: normal_stay(['b'])
2025-10-23 20:57:57,109 DEBUG - __main__.ShareGoalBFS.single_bfs:
Complete path: ["move_right(['c'])", "sharing_others_secret(['c', 'as'])"]
2025-10-23 20:57:57,127 INFO - __main__.ShareGoalBFS.bfs:
Models: 1, Exapnds: 36, 3.281ms/expand
2025-10-23 20:57:57,127 INFO - __main__.ShareGoalBFS.get_policy:
[("move_right(['c'])", 1)]
{'a': 0, 'b': 0, 'c': 0}
2025-10-23 20:57:57,127 INFO - __main__.Model.simulate:
c takes action: move_right(['c'])
2025-10-23 20:57:57,230 DEBUG - __main__.ShareGoalBFS.single_bfs:
Complete path: ["normal_stay(['a'])", "sharing_others_secret(['c', 'as'])"]
2025-10-23 20:57:57,269 INFO - __main__.ShareGoalBFS.bfs:
Models: 1, Exapnds: 42, 3.358ms/expand
2025-10-23 20:57:57,270 INFO - __main__.ShareGoalBFS.get_policy:
[("normal_stay(['a'])", 1)]
{'a': 0, 'b': 0, 'c': 0}
2025-10-23 20:57:57,270 INFO - __main__.Model.simulate:
a takes action: normal_stay(['a'])
2025-10-23 20:57:58,260 DEBUG - __main__.ShareGoalBFS.single_bfs:
Complete path: ["normal_stay(['b'])", "move_left(['c'])", "lying_own_secret(['a', 'as'])", "quiet(['a', 'as'])", "move_right(['c'])", "sharing_others_secret(['c', 'as'])"]
2025-10-23 20:57:58,418 DEBUG - __main__.ShareGoalBFS.single_bfs:
Complete path: ["move_left(['b'])", "move_right(['a'])", "lying_own_secret(['a', 'as'])", "quiet(['a', 'as'])", "move_left(['c'])", "sharing_others_secret(['c', 'as'])"]
2025-10-23 20:57:58,584 INFO - __main__.ShareGoalBFS.bfs:
Models: 1, Exapnds: 194, 6.771ms/expand
2025-10-23 20:57:58,585 INFO - __main__.ShareGoalBFS.get_policy:
[("normal_stay(['b'])", 1), ("move_left(['b'])", 1)]
{'a': 0, 'b': 0, 'c': 0}
2025-10-23 20:57:58,585 INFO - __main__.Model.simulate:
b takes action: normal_stay(['b'])
2025-10-23 20:57:58,624 DEBUG - __main__.ShareGoalBFS.single_bfs:
Complete path: ["sharing_others_secret(['c', 'as'])"]
2025-10-23 20:57:58,624 INFO - __main__.ShareGoalBFS.bfs:
Models: 1, Exapnds: 15, 2.544ms/expand
2025-10-23 20:57:58,624 INFO - __main__.ShareGoalBFS.get_policy:
[("sharing_others_secret(['c', 'as'])", 1)]
{'a': 0, 'b': 0, 'c': 0}
2025-10-23 20:57:58,624 INFO - __main__.Model.simulate:
c takes action: sharing_others_secret(['c', 'as'])
2025-10-23 20:57:58,625 DEBUG - __main__.Model.simulate:
====== Solution ======
Step 1:
a: sharing_own_secret(['a', 'as'])
{'a': False, 'b': False, 'c': False}
-----------------
Step 2:
b: sharing_stay(['b'])
{'a': False, 'b': False, 'c': False}
-----------------
Step 3:
c: sharing_stay(['c'])
{'a': False, 'b': False, 'c': False}
-----------------
Step 4:
a: quiet(['a', 'as'])
{'a': False, 'b': False, 'c': False}
-----------------
Step 5:
b: move_right(['b'])
{'a': False, 'b': False, 'c': False}
-----------------
Step 6:
c: normal_stay(['c'])
{'a': False, 'b': False, 'c': False}
-----------------
Step 7:
a: lying_own_secret(['a', 'as'])
{'a': False, 'b': False, 'c': False}
-----------------
Step 8:
b: sharing_stay(['b'])
{'a': True, 'b': False, 'c': True}
-----------------
Step 9:
c: sharing_stay(['c'])
{'a': True, 'b': False, 'c': True}
-----------------
Step 10:
a: quiet(['a', 'as'])
{'a': True, 'b': False, 'c': True}
-----------------
Step 11:
b: normal_stay(['b'])
{'a': True, 'b': False, 'c': True}
-----------------
Step 12:
c: move_right(['c'])
{'a': True, 'b': False, 'c': True}
-----------------
Step 13:
a: normal_stay(['a'])
{'a': True, 'b': False, 'c': True}
-----------------
Step 14:
b: normal_stay(['b'])
{'a': True, 'b': False, 'c': True}
-----------------
Step 15:
c: sharing_others_secret(['c', 'as'])
{'a': True, 'b': False, 'c': True}
-----------------

2025-10-23 20:57:58,625 EXP - __main__.Logger.exp:
a takes action: sharing_own_secret(['a', 'as'])
b takes action: sharing_stay(['b'])
c takes action: sharing_stay(['c'])
a takes action: quiet(['a', 'as'])
b takes action: move_right(['b'])
c takes action: normal_stay(['c'])
a takes action: lying_own_secret(['a', 'as'])
b takes action: sharing_stay(['b'])
c takes action: sharing_stay(['c'])
a takes action: quiet(['a', 'as'])
b takes action: normal_stay(['b'])
c takes action: move_right(['c'])
a takes action: normal_stay(['a'])
b takes action: normal_stay(['b'])
c takes action: sharing_others_secret(['c', 'as'])
Steps: 15
Time cost: 7.341588s
2025-10-23 20:57:59,722 DEBUG - __main__.ShareGoalBFS.single_bfs:
Complete path: ["lying_own_secret(['a', 'as'])", "quiet(['a', 'as'])", "move_right(['c'])", "sharing_own_secret(['a', 'as'])", "quiet(['a', 'as'])", "move_right(['b'])", "sharing_others_secret(['c', 'as'])"]
2025-10-23 20:58:00,108 DEBUG - __main__.ShareGoalBFS.single_bfs:
Complete path: ["sharing_own_secret(['a', 'as'])", "quiet(['a', 'as'])", "move_right(['b'])", "lying_own_secret(['a', 'as'])", "quiet(['a', 'as'])", "move_right(['c'])", "sharing_others_secret(['c', 'as'])"]
2025-10-23 20:58:01,362 DEBUG - __main__.ShareGoalBFS.single_bfs:
Complete path: ["lying_own_secret(['a', 'as'])", "quiet(['a', 'as'])", "move_right(['c'])", "sharing_own_secret(['a', 'as'])", "quiet(['a', 'as'])", "move_right(['b'])", "sharing_others_secret(['c', 'as'])"]
2025-10-23 20:58:01,735 DEBUG - __main__.ShareGoalBFS.single_bfs:
Complete path: ["sharing_own_secret(['a', 'as'])", "quiet(['a', 'as'])", "move_right(['b'])", "lying_own_secret(['a', 'as'])", "quiet(['a', 'as'])", "move_right(['c'])", "sharing_others_secret(['c', 'as'])"]
2025-10-23 20:58:01,896 INFO - __main__.ShareGoalBFS.bfs:
Models: 2, Exapnds: 1078, 3.033ms/expand
2025-10-23 20:58:01,896 INFO - __main__.ShareGoalBFS.get_policy:
[("lying_own_secret(['a', 'as'])", 2), ("sharing_own_secret(['a', 'as'])", 2)]
{'a': 0, 'b': 0, 'c': 0}
2025-10-23 20:58:01,896 INFO - __main__.Model.simulate:
a takes action: sharing_own_secret(['a', 'as'])
2025-10-23 20:58:01,896 INFO - __main__.ShareGoalBFS.get_policy:
Only one successor: sharing_stay(['b'])
2025-10-23 20:58:01,896 INFO - __main__.Model.simulate:
b takes action: sharing_stay(['b'])
2025-10-23 20:58:01,896 INFO - __main__.ShareGoalBFS.get_policy:
Only one successor: sharing_stay(['c'])
2025-10-23 20:58:01,896 INFO - __main__.Model.simulate:
c takes action: sharing_stay(['c'])
2025-10-23 20:58:01,897 INFO - __main__.ShareGoalBFS.get_policy:
Only one successor: quiet(['a', 'as'])
2025-10-23 20:58:01,897 INFO - __main__.Model.simulate:
a takes action: quiet(['a', 'as'])
2025-10-23 20:58:02,328 DEBUG - __main__.ShareGoalBFS.single_bfs:
Complete path: ["move_right(['b'])", "lying_own_secret(['a', 'as'])", "quiet(['a', 'as'])", "move_right(['c'])", "sharing_others_secret(['c', 'as'])"]
2025-10-23 20:58:02,494 INFO - __main__.ShareGoalBFS.bfs:
Models: 1, Exapnds: 156, 3.823ms/expand
2025-10-23 20:58:02,494 INFO - __main__.ShareGoalBFS.get_policy:
[("move_right(['b'])", 1)]
{'a': 0, 'b': 0, 'c': 0}
2025-10-23 20:58:02,494 INFO - __main__.Model.simulate:
b takes action: move_right(['b'])
2025-10-23 20:58:03,013 DEBUG - __main__.ShareGoalBFS.single_bfs:
Complete path: ["normal_stay(['c'])", "lying_own_secret(['a', 'as'])", "quiet(['a', 'as'])", "move_right(['c'])", "sharing_others_secret(['c', 'as'])"]
2025-10-23 20:58:03,099 INFO - __main__.ShareGoalBFS.bfs:
Models: 1, Exapnds: 153, 3.953ms/expand
2025-10-23 20:58:03,099 INFO - __main__.ShareGoalBFS.get_policy:
[("normal_stay(['c'])", 1)]
{'a': 0, 'b': 0, 'c': 0}
2025-10-23 20:58:03,100 INFO - __main__.Model.simulate:
c takes action: normal_stay(['c'])
2025-10-23 20:58:03,324 DEBUG - __main__.ShareGoalBFS.single_bfs:
Complete path: ["lying_own_secret(['a', 'as'])", "quiet(['a', 'as'])", "move_right(['c'])", "sharing_others_secret(['c', 'as'])"]
2025-10-23 20:58:03,505 INFO - __main__.ShareGoalBFS.bfs:
Models: 1, Exapnds: 113, 3.583ms/expand
2025-10-23 20:58:03,505 INFO - __main__.ShareGoalBFS.get_policy:
[("lying_own_secret(['a', 'as'])", 1)]
{'a': 0, 'b': 0, 'c': 0}
2025-10-23 20:58:03,505 INFO - __main__.Model.simulate:
a takes action: lying_own_secret(['a', 'as'])
2025-10-23 20:58:03,506 INFO - __main__.ShareGoalBFS.get_policy:
Only one successor: sharing_stay(['b'])
2025-10-23 20:58:03,506 INFO - __main__.Model.simulate:
b takes action: sharing_stay(['b'])
2025-10-23 20:58:03,506 INFO - __main__.ShareGoalBFS.get_policy:
Only one successor: sharing_stay(['c'])
2025-10-23 20:58:03,506 INFO - __main__.Model.simulate:
c takes action: sharing_stay(['c'])
2025-10-23 20:58:03,507 INFO - __main__.ShareGoalBFS.get_policy:
Only one successor: quiet(['a', 'as'])
2025-10-23 20:58:03,507 INFO - __main__.Model.simulate:
a takes action: quiet(['a', 'as'])
2025-10-23 20:58:04,172 DEBUG - __main__.ShareGoalBFS.single_bfs:
Complete path: ["normal_stay(['b'])", "lying_own_secret(['a', 'as'])", "quiet(['a', 'as'])", "move_right(['c'])", "sharing_others_secret(['c', 'as'])"]
2025-10-23 20:58:04,366 INFO - __main__.ShareGoalBFS.bfs:
Models: 1, Exapnds: 156, 5.499ms/expand
2025-10-23 20:58:04,366 INFO - __main__.ShareGoalBFS.get_policy:
[("normal_stay(['b'])", 1)]
{'a': 0, 'b': 0, 'c': 0}
2025-10-23 20:58:04,366 INFO - __main__.Model.simulate:
b takes action: normal_stay(['b'])
2025-10-23 20:58:04,467 DEBUG - __main__.ShareGoalBFS.single_bfs:
Complete path: ["move_right(['c'])", "sharing_others_secret(['c', 'as'])"]
2025-10-23 20:58:04,485 INFO - __main__.ShareGoalBFS.bfs:
Models: 1, Exapnds: 36, 3.289ms/expand
2025-10-23 20:58:04,485 INFO - __main__.ShareGoalBFS.get_policy:
[("move_right(['c'])", 1)]
{'a': 0, 'b': 0, 'c': 0}
2025-10-23 20:58:04,485 INFO - __main__.Model.simulate:
c takes action: move_right(['c'])
2025-10-23 20:58:04,589 DEBUG - __main__.ShareGoalBFS.single_bfs:
Complete path: ["normal_stay(['a'])", "sharing_others_secret(['c', 'as'])"]
2025-10-23 20:58:04,628 INFO - __main__.ShareGoalBFS.bfs:
Models: 1, Exapnds: 42, 3.379ms/expand
2025-10-23 20:58:04,628 INFO - __main__.ShareGoalBFS.get_policy:
[("normal_stay(['a'])", 1)]
{'a': 0, 'b': 0, 'c': 0}
2025-10-23 20:58:04,629 INFO - __main__.Model.simulate:
a takes action: normal_stay(['a'])
2025-10-23 20:58:05,627 DEBUG - __main__.ShareGoalBFS.single_bfs:
Complete path: ["normal_stay(['b'])", "move_left(['c'])", "lying_own_secret(['a', 'as'])", "quiet(['a', 'as'])", "move_right(['c'])", "sharing_others_secret(['c', 'as'])"]
2025-10-23 20:58:05,785 DEBUG - __main__.ShareGoalBFS.single_bfs:
Complete path: ["move_left(['b'])", "move_right(['a'])", "lying_own_secret(['a', 'as'])", "quiet(['a', 'as'])", "move_left(['c'])", "sharing_others_secret(['c', 'as'])"]
2025-10-23 20:58:05,951 INFO - __main__.ShareGoalBFS.bfs:
Models: 1, Exapnds: 194, 6.809ms/expand
2025-10-23 20:58:05,951 INFO - __main__.ShareGoalBFS.get_policy:
[("normal_stay(['b'])", 1), ("move_left(['b'])", 1)]
{'a': 0, 'b': 0, 'c': 0}
2025-10-23 20:58:05,951 INFO - __main__.Model.simulate:
b takes action: move_left(['b'])
2025-10-23 20:58:06,211 DEBUG - __main__.ShareGoalBFS.single_bfs:
Complete path: ["move_left(['c'])", "move_right(['a'])", "sharing_others_secret(['c', 'as'])"]
2025-10-23 20:58:06,212 DEBUG - __main__.ShareGoalBFS.single_bfs:
Complete path: ["normal_stay(['c'])", "move_right(['b'])", "sharing_others_secret(['c', 'as'])"]
2025-10-23 20:58:06,270 INFO - __main__.ShareGoalBFS.bfs:
Models: 1, Exapnds: 66, 4.809ms/expand
2025-10-23 20:58:06,270 INFO - __main__.ShareGoalBFS.get_policy:
[("move_left(['c'])", 1), ("normal_stay(['c'])", 1)]
{'a': 0, 'b': 0, 'c': 0}
2025-10-23 20:58:06,270 INFO - __main__.Model.simulate:
c takes action: move_left(['c'])
2025-10-23 20:58:06,362 DEBUG - __main__.ShareGoalBFS.single_bfs:
Complete path: ["move_right(['a'])", "sharing_others_secret(['c', 'as'])"]
2025-10-23 20:58:06,452 INFO - __main__.ShareGoalBFS.bfs:
Models: 1, Exapnds: 45, 4.020ms/expand
2025-10-23 20:58:06,452 INFO - __main__.ShareGoalBFS.get_policy:
[("move_right(['a'])", 1)]
{'a': 0, 'b': 0, 'c': 0}
2025-10-23 20:58:06,452 INFO - __main__.Model.simulate:
a takes action: move_right(['a'])
2025-10-23 20:58:07,581 DEBUG - __main__.ShareGoalBFS.single_bfs:
Complete path: ["normal_stay(['b'])", "move_right(['c'])", "lying_own_secret(['a', 'as'])", "quiet(['a', 'as'])", "move_left(['c'])", "sharing_others_secret(['c', 'as'])"]
2025-10-23 20:58:07,758 DEBUG - __main__.ShareGoalBFS.single_bfs:
Complete path: ["move_right(['b'])", "move_left(['a'])", "lying_own_secret(['a', 'as'])", "quiet(['a', 'as'])", "move_right(['c'])", "sharing_others_secret(['c', 'as'])"]
2025-10-23 20:58:07,945 INFO - __main__.ShareGoalBFS.bfs:
Models: 1, Exapnds: 194, 7.685ms/expand
2025-10-23 20:58:07,945 INFO - __main__.ShareGoalBFS.get_policy:
[("normal_stay(['b'])", 1), ("move_right(['b'])", 1)]
{'a': 0, 'b': 0, 'c': 0}
2025-10-23 20:58:07,945 INFO - __main__.Model.simulate:
b takes action: normal_stay(['b'])
2025-10-23 20:58:07,990 DEBUG - __main__.ShareGoalBFS.single_bfs:
Complete path: ["sharing_others_secret(['c', 'as'])"]
2025-10-23 20:58:07,990 INFO - __main__.ShareGoalBFS.bfs:
Models: 1, Exapnds: 15, 2.927ms/expand
2025-10-23 20:58:07,990 INFO - __main__.ShareGoalBFS.get_policy:
[("sharing_others_secret(['c', 'as'])", 1)]
{'a': 0, 'b': 0, 'c': 0}
2025-10-23 20:58:07,991 INFO - __main__.Model.simulate:
c takes action: sharing_others_secret(['c', 'as'])
2025-10-23 20:58:07,991 DEBUG - __main__.Model.simulate:
====== Solution ======
Step 1:
a: sharing_own_secret(['a', 'as'])
{'a': False, 'b': False, 'c': False}
-----------------
Step 2:
b: sharing_stay(['b'])
{'a': False, 'b': False, 'c': False}
-----------------
Step 3:
c: sharing_stay(['c'])
{'a': False, 'b': False, 'c': False}
-----------------
Step 4:
a: quiet(['a', 'as'])
{'a': False, 'b': False, 'c': False}
-----------------
Step 5:
b: move_right(['b'])
{'a': False, 'b': False, 'c': False}
-----------------
Step 6:
c: normal_stay(['c'])
{'a': False, 'b': False, 'c': False}
-----------------
Step 7:
a: lying_own_secret(['a', 'as'])
{'a': False, 'b': False, 'c': False}
-----------------
Step 8:
b: sharing_stay(['b'])
{'a': True, 'b': False, 'c': True}
-----------------
Step 9:
c: sharing_stay(['c'])
{'a': True, 'b': False, 'c': True}
-----------------
Step 10:
a: quiet(['a', 'as'])
{'a': True, 'b': False, 'c': True}
-----------------
Step 11:
b: normal_stay(['b'])
{'a': True, 'b': False, 'c': True}
-----------------
Step 12:
c: move_right(['c'])
{'a': True, 'b': False, 'c': True}
-----------------
Step 13:
a: normal_stay(['a'])
{'a': True, 'b': False, 'c': True}
-----------------
Step 14:
b: move_left(['b'])
{'a': True, 'b': False, 'c': True}
-----------------
Step 15:
c: move_left(['c'])
{'a': True, 'b': False, 'c': True}
-----------------
Step 16:
a: move_right(['a'])
{'a': True, 'b': False, 'c': True}
-----------------
Step 17:
b: normal_stay(['b'])
{'a': True, 'b': False, 'c': True}
-----------------
Step 18:
c: sharing_others_secret(['c', 'as'])
{'a': True, 'b': False, 'c': True}
-----------------

2025-10-23 20:58:07,991 EXP - __main__.Logger.exp:
a takes action: sharing_own_secret(['a', 'as'])
b takes action: sharing_stay(['b'])
c takes action: sharing_stay(['c'])
a takes action: quiet(['a', 'as'])
b takes action: move_right(['b'])
c takes action: normal_stay(['c'])
a takes action: lying_own_secret(['a', 'as'])
b takes action: sharing_stay(['b'])
c takes action: sharing_stay(['c'])
a takes action: quiet(['a', 'as'])
b takes action: normal_stay(['b'])
c takes action: move_right(['c'])
a takes action: normal_stay(['a'])
b takes action: move_left(['b'])
c takes action: move_left(['c'])
a takes action: move_right(['a'])
b takes action: normal_stay(['b'])
c takes action: sharing_others_secret(['c', 'as'])
Steps: 18
Time cost: 9.365225s
2025-10-23 20:58:09,092 DEBUG - __main__.ShareGoalBFS.single_bfs:
Complete path: ["lying_own_secret(['a', 'as'])", "quiet(['a', 'as'])", "move_right(['c'])", "sharing_own_secret(['a', 'as'])", "quiet(['a', 'as'])", "move_right(['b'])", "sharing_others_secret(['c', 'as'])"]
2025-10-23 20:58:09,466 DEBUG - __main__.ShareGoalBFS.single_bfs:
Complete path: ["sharing_own_secret(['a', 'as'])", "quiet(['a', 'as'])", "move_right(['b'])", "lying_own_secret(['a', 'as'])", "quiet(['a', 'as'])", "move_right(['c'])", "sharing_others_secret(['c', 'as'])"]
2025-10-23 20:58:10,724 DEBUG - __main__.ShareGoalBFS.single_bfs:
Complete path: ["lying_own_secret(['a', 'as'])", "quiet(['a', 'as'])", "move_right(['c'])", "sharing_own_secret(['a', 'as'])", "quiet(['a', 'as'])", "move_right(['b'])", "sharing_others_secret(['c', 'as'])"]
2025-10-23 20:58:11,098 DEBUG - __main__.ShareGoalBFS.single_bfs:
Complete path: ["sharing_own_secret(['a', 'as'])", "quiet(['a', 'as'])", "move_right(['b'])", "lying_own_secret(['a', 'as'])", "quiet(['a', 'as'])", "move_right(['c'])", "sharing_others_secret(['c', 'as'])"]
2025-10-23 20:58:11,259 INFO - __main__.ShareGoalBFS.bfs:
Models: 2, Exapnds: 1078, 3.030ms/expand
2025-10-23 20:58:11,259 INFO - __main__.ShareGoalBFS.get_policy:
[("lying_own_secret(['a', 'as'])", 2), ("sharing_own_secret(['a', 'as'])", 2)]
{'a': 0, 'b': 0, 'c': 0}
2025-10-23 20:58:11,259 INFO - __main__.Model.simulate:
a takes action: lying_own_secret(['a', 'as'])
2025-10-23 20:58:11,259 INFO - __main__.ShareGoalBFS.get_policy:
Only one successor: sharing_stay(['b'])
2025-10-23 20:58:11,259 INFO - __main__.Model.simulate:
b takes action: sharing_stay(['b'])
2025-10-23 20:58:11,259 INFO - __main__.ShareGoalBFS.get_policy:
Only one successor: sharing_stay(['c'])
2025-10-23 20:58:11,259 INFO - __main__.Model.simulate:
c takes action: sharing_stay(['c'])
2025-10-23 20:58:11,260 INFO - __main__.ShareGoalBFS.get_policy:
Only one successor: quiet(['a', 'as'])
2025-10-23 20:58:11,260 INFO - __main__.Model.simulate:
a takes action: quiet(['a', 'as'])
2025-10-23 20:58:12,013 DEBUG - __main__.ShareGoalBFS.single_bfs:
Complete path: ["normal_stay(['b'])", "move_right(['c'])", "sharing_own_secret(['a', 'as'])", "quiet(['a', 'as'])", "move_right(['b'])", "sharing_others_secret(['c', 'as'])"]
2025-10-23 20:58:12,021 DEBUG - __main__.ShareGoalBFS.single_bfs:
Complete path: ["move_right(['b'])", "move_right(['a'])", "sharing_own_secret(['a', 'as'])", "quiet(['a', 'as'])", "move_left(['b'])", "sharing_others_secret(['c', 'as'])"]
2025-10-23 20:58:12,110 INFO - __main__.ShareGoalBFS.bfs:
Models: 1, Exapnds: 209, 4.066ms/expand
2025-10-23 20:58:12,110 INFO - __main__.ShareGoalBFS.get_policy:
[("normal_stay(['b'])", 1), ("move_right(['b'])", 1)]
{'a': 0, 'b': 0, 'c': 0}
2025-10-23 20:58:12,110 INFO - __main__.Model.simulate:
b takes action: normal_stay(['b'])
2025-10-23 20:58:12,695 DEBUG - __main__.ShareGoalBFS.single_bfs:
Complete path: ["move_right(['c'])", "sharing_own_secret(['a', 'as'])", "quiet(['a', 'as'])", "move_right(['b'])", "sharing_others_secret(['c', 'as'])"]
2025-10-23 20:58:12,752 INFO - __main__.ShareGoalBFS.bfs:
Models: 1, Exapnds: 156, 4.110ms/expand
2025-10-23 20:58:12,752 INFO - __main__.ShareGoalBFS.get_policy:
[("move_right(['c'])", 1)]
{'a': 0, 'b': 0, 'c': 0}
2025-10-23 20:58:12,752 INFO - __main__.Model.simulate:
c takes action: move_right(['c'])
2025-10-23 20:58:12,994 DEBUG - __main__.ShareGoalBFS.single_bfs:
Complete path: ["sharing_own_secret(['a', 'as'])", "quiet(['a', 'as'])", "move_right(['b'])", "sharing_others_secret(['c', 'as'])"]
2025-10-23 20:58:13,159 INFO - __main__.ShareGoalBFS.bfs:
Models: 1, Exapnds: 113, 3.600ms/expand
2025-10-23 20:58:13,160 INFO - __main__.ShareGoalBFS.get_policy:
[("sharing_own_secret(['a', 'as'])", 1)]
{'a': 0, 'b': 0, 'c': 0}
2025-10-23 20:58:13,160 INFO - __main__.Model.simulate:
a takes action: sharing_own_secret(['a', 'as'])
2025-10-23 20:58:13,160 INFO - __main__.ShareGoalBFS.get_policy:
Only one successor: sharing_stay(['b'])
2025-10-23 20:58:13,160 INFO - __main__.Model.simulate:
b takes action: sharing_stay(['b'])
2025-10-23 20:58:13,161 INFO - __main__.ShareGoalBFS.get_policy:
Only one successor: sharing_stay(['c'])
2025-10-23 20:58:13,161 INFO - __main__.Model.simulate:
c takes action: sharing_stay(['c'])
2025-10-23 20:58:13,161 INFO - __main__.ShareGoalBFS.get_policy:
Only one successor: quiet(['a', 'as'])
2025-10-23 20:58:13,161 INFO - __main__.Model.simulate:
a takes action: quiet(['a', 'as'])
2025-10-23 20:58:13,240 DEBUG - __main__.ShareGoalBFS.single_bfs:
Complete path: ["move_right(['b'])", "sharing_others_secret(['c', 'as'])"]
2025-10-23 20:58:13,274 INFO - __main__.ShareGoalBFS.bfs:
Models: 1, Exapnds: 36, 3.114ms/expand
2025-10-23 20:58:13,274 INFO - __main__.ShareGoalBFS.get_policy:
[("move_right(['b'])", 1)]
{'a': 0, 'b': 0, 'c': 0}
2025-10-23 20:58:13,274 INFO - __main__.Model.simulate:
b takes action: move_right(['b'])
2025-10-23 20:58:14,266 DEBUG - __main__.ShareGoalBFS.single_bfs:
Complete path: ["normal_stay(['c'])", "move_left(['b'])", "sharing_own_secret(['a', 'as'])", "quiet(['a', 'as'])", "move_right(['b'])", "sharing_others_secret(['c', 'as'])"]
2025-10-23 20:58:14,292 DEBUG - __main__.ShareGoalBFS.single_bfs:
Complete path: ["move_left(['c'])", "move_right(['a'])", "sharing_own_secret(['a', 'as'])", "quiet(['a', 'as'])", "move_left(['b'])", "sharing_others_secret(['c', 'as'])"]
2025-10-23 20:58:14,482 INFO - __main__.ShareGoalBFS.bfs:
Models: 1, Exapnds: 194, 6.218ms/expand
2025-10-23 20:58:14,482 INFO - __main__.ShareGoalBFS.get_policy:
[("normal_stay(['c'])", 1), ("move_left(['c'])", 1)]
{'a': 0, 'b': 0, 'c': 0}
2025-10-23 20:58:14,482 INFO - __main__.Model.simulate:
c takes action: normal_stay(['c'])
2025-10-23 20:58:14,576 DEBUG - __main__.ShareGoalBFS.single_bfs:
Complete path: ["normal_stay(['a'])", "sharing_others_secret(['c', 'as'])"]
2025-10-23 20:58:14,625 INFO - __main__.ShareGoalBFS.bfs:
Models: 1, Exapnds: 42, 3.390ms/expand
2025-10-23 20:58:14,625 INFO - __main__.ShareGoalBFS.get_policy:
[("normal_stay(['a'])", 1)]
{'a': 0, 'b': 0, 'c': 0}
2025-10-23 20:58:14,626 INFO - __main__.Model.simulate:
a takes action: normal_stay(['a'])
2025-10-23 20:58:14,689 DEBUG - __main__.ShareGoalBFS.single_bfs:
Complete path: ["normal_stay(['b'])", "sharing_others_secret(['c', 'as'])"]
2025-10-23 20:58:14,777 INFO - __main__.ShareGoalBFS.bfs:
Models: 1, Exapnds: 42, 3.570ms/expand
2025-10-23 20:58:14,777 INFO - __main__.ShareGoalBFS.get_policy:
[("normal_stay(['b'])", 1)]
{'a': 0, 'b': 0, 'c': 0}
2025-10-23 20:58:14,777 INFO - __main__.Model.simulate:
b takes action: normal_stay(['b'])
2025-10-23 20:58:15,910 DEBUG - __main__.ShareGoalBFS.single_bfs:
Complete path: ["normal_stay(['c'])", "move_left(['b'])", "sharing_own_secret(['a', 'as'])", "quiet(['a', 'as'])", "move_right(['b'])", "sharing_others_secret(['c', 'as'])"]
2025-10-23 20:58:15,940 DEBUG - __main__.ShareGoalBFS.single_bfs:
Complete path: ["move_left(['c'])", "move_right(['a'])", "sharing_own_secret(['a', 'as'])", "quiet(['a', 'as'])", "move_left(['b'])", "sharing_others_secret(['c', 'as'])"]
2025-10-23 20:58:16,154 INFO - __main__.ShareGoalBFS.bfs:
Models: 1, Exapnds: 194, 7.092ms/expand
2025-10-23 20:58:16,154 INFO - __main__.ShareGoalBFS.get_policy:
[("normal_stay(['c'])", 1), ("move_left(['c'])", 1)]
{'a': 0, 'b': 0, 'c': 0}
2025-10-23 20:58:16,154 INFO - __main__.Model.simulate:
c takes action: move_left(['c'])
2025-10-23 20:58:16,370 DEBUG - __main__.ShareGoalBFS.single_bfs:
Complete path: ["move_right(['a'])", "move_left(['b'])", "sharing_others_secret(['c', 'as'])"]
2025-10-23 20:58:16,420 DEBUG - __main__.ShareGoalBFS.single_bfs:
Complete path: ["normal_stay(['a'])", "move_right(['c'])", "sharing_others_secret(['c', 'as'])"]
2025-10-23 20:58:16,590 INFO - __main__.ShareGoalBFS.bfs:
Models: 1, Exapnds: 81, 5.358ms/expand
2025-10-23 20:58:16,590 INFO - __main__.ShareGoalBFS.get_policy:
[("move_right(['a'])", 1), ("normal_stay(['a'])", 1)]
{'a': 0, 'b': 0, 'c': 0}
2025-10-23 20:58:16,590 INFO - __main__.Model.simulate:
a takes action: move_right(['a'])
2025-10-23 20:58:16,696 DEBUG - __main__.ShareGoalBFS.single_bfs:
Complete path: ["move_left(['b'])", "sharing_others_secret(['c', 'as'])"]
2025-10-23 20:58:16,742 INFO - __main__.ShareGoalBFS.bfs:
Models: 1, Exapnds: 36, 4.198ms/expand
2025-10-23 20:58:16,743 INFO - __main__.ShareGoalBFS.get_policy:
[("move_left(['b'])", 1)]
{'a': 0, 'b': 0, 'c': 0}
2025-10-23 20:58:16,743 INFO - __main__.Model.simulate:
b takes action: move_left(['b'])
2025-10-23 20:58:18,018 DEBUG - __main__.ShareGoalBFS.single_bfs:
Complete path: ["normal_stay(['c'])", "move_right(['b'])", "sharing_own_secret(['a', 'as'])", "quiet(['a', 'as'])", "move_left(['b'])", "sharing_others_secret(['c', 'as'])"]
2025-10-23 20:58:18,051 DEBUG - __main__.ShareGoalBFS.single_bfs:
Complete path: ["move_right(['c'])", "move_left(['a'])", "sharing_own_secret(['a', 'as'])", "quiet(['a', 'as'])", "move_right(['b'])", "sharing_others_secret(['c', 'as'])"]
2025-10-23 20:58:18,287 INFO - __main__.ShareGoalBFS.bfs:
Models: 1, Exapnds: 194, 7.955ms/expand
2025-10-23 20:58:18,288 INFO - __main__.ShareGoalBFS.get_policy:
[("normal_stay(['c'])", 1), ("move_right(['c'])", 1)]
{'a': 0, 'b': 0, 'c': 0}
2025-10-23 20:58:18,288 INFO - __main__.Model.simulate:
c takes action: normal_stay(['c'])
2025-10-23 20:58:18,410 DEBUG - __main__.ShareGoalBFS.single_bfs:
Complete path: ["normal_stay(['a'])", "sharing_others_secret(['c', 'as'])"]
2025-10-23 20:58:18,475 INFO - __main__.ShareGoalBFS.bfs:
Models: 1, Exapnds: 42, 4.409ms/expand
2025-10-23 20:58:18,475 INFO - __main__.ShareGoalBFS.get_policy:
[("normal_stay(['a'])", 1)]
{'a': 0, 'b': 0, 'c': 0}
2025-10-23 20:58:18,475 INFO - __main__.Model.simulate:
a takes action: normal_stay(['a'])
2025-10-23 20:58:18,557 DEBUG - __main__.ShareGoalBFS.single_bfs:
Complete path: ["normal_stay(['b'])", "sharing_others_secret(['c', 'as'])"]
2025-10-23 20:58:18,667 INFO - __main__.ShareGoalBFS.bfs:
Models: 1, Exapnds: 42, 4.545ms/expand
2025-10-23 20:58:18,668 INFO - __main__.ShareGoalBFS.get_policy:
[("normal_stay(['b'])", 1)]
{'a': 0, 'b': 0, 'c': 0}
2025-10-23 20:58:18,668 INFO - __main__.Model.simulate:
b takes action: normal_stay(['b'])
2025-10-23 20:58:20,075 DEBUG - __main__.ShareGoalBFS.single_bfs:
Complete path: ["normal_stay(['c'])", "move_right(['b'])", "sharing_own_secret(['a', 'as'])", "quiet(['a', 'as'])", "move_left(['b'])", "sharing_others_secret(['c', 'as'])"]
2025-10-23 20:58:20,111 DEBUG - __main__.ShareGoalBFS.single_bfs:
Complete path: ["move_right(['c'])", "move_left(['a'])", "sharing_own_secret(['a', 'as'])", "quiet(['a', 'as'])", "move_right(['b'])", "sharing_others_secret(['c', 'as'])"]
2025-10-23 20:58:20,371 INFO - __main__.ShareGoalBFS.bfs:
Models: 1, Exapnds: 194, 8.770ms/expand
2025-10-23 20:58:20,371 INFO - __main__.ShareGoalBFS.get_policy:
[("normal_stay(['c'])", 1), ("move_right(['c'])", 1)]
{'a': 0, 'b': 0, 'c': 0}
2025-10-23 20:58:20,371 INFO - __main__.Model.simulate:
c takes action: normal_stay(['c'])
2025-10-23 20:58:20,508 DEBUG - __main__.ShareGoalBFS.single_bfs:
Complete path: ["normal_stay(['a'])", "sharing_others_secret(['c', 'as'])"]
2025-10-23 20:58:20,579 INFO - __main__.ShareGoalBFS.bfs:
Models: 1, Exapnds: 42, 4.906ms/expand
2025-10-23 20:58:20,579 INFO - __main__.ShareGoalBFS.get_policy:
[("normal_stay(['a'])", 1)]
{'a': 0, 'b': 0, 'c': 0}
2025-10-23 20:58:20,579 INFO - __main__.Model.simulate:
a takes action: normal_stay(['a'])
2025-10-23 20:58:20,671 DEBUG - __main__.ShareGoalBFS.single_bfs:
Complete path: ["normal_stay(['b'])", "sharing_others_secret(['c', 'as'])"]
2025-10-23 20:58:20,794 INFO - __main__.ShareGoalBFS.bfs:
Models: 1, Exapnds: 42, 5.052ms/expand
2025-10-23 20:58:20,794 INFO - __main__.ShareGoalBFS.get_policy:
[("normal_stay(['b'])", 1)]
{'a': 0, 'b': 0, 'c': 0}
2025-10-23 20:58:20,794 INFO - __main__.Model.simulate:
b takes action: normal_stay(['b'])
2025-10-23 20:58:22,341 DEBUG - __main__.ShareGoalBFS.single_bfs:
Complete path: ["normal_stay(['c'])", "move_right(['b'])", "sharing_own_secret(['a', 'as'])", "quiet(['a', 'as'])", "move_left(['b'])", "sharing_others_secret(['c', 'as'])"]
2025-10-23 20:58:22,380 DEBUG - __main__.ShareGoalBFS.single_bfs:
Complete path: ["move_right(['c'])", "move_left(['a'])", "sharing_own_secret(['a', 'as'])", "quiet(['a', 'as'])", "move_right(['b'])", "sharing_others_secret(['c', 'as'])"]
2025-10-23 20:58:22,664 INFO - __main__.ShareGoalBFS.bfs:
Models: 1, Exapnds: 194, 9.627ms/expand
2025-10-23 20:58:22,664 INFO - __main__.ShareGoalBFS.get_policy:
[("normal_stay(['c'])", 1), ("move_right(['c'])", 1)]
{'a': 0, 'b': 0, 'c': 0}
2025-10-23 20:58:22,664 INFO - __main__.Model.simulate:
c takes action: move_right(['c'])
2025-10-23 20:58:22,961 DEBUG - __main__.ShareGoalBFS.single_bfs:
Complete path: ["move_left(['a'])", "move_right(['b'])", "sharing_others_secret(['c', 'as'])"]
2025-10-23 20:58:23,030 DEBUG - __main__.ShareGoalBFS.single_bfs:
Complete path: ["normal_stay(['a'])", "move_left(['c'])", "sharing_others_secret(['c', 'as'])"]
2025-10-23 20:58:23,260 INFO - __main__.ShareGoalBFS.bfs:
Models: 1, Exapnds: 81, 7.331ms/expand
2025-10-23 20:58:23,260 INFO - __main__.ShareGoalBFS.get_policy:
[("move_left(['a'])", 1), ("normal_stay(['a'])", 1)]
{'a': 0, 'b': 0, 'c': 0}
2025-10-23 20:58:23,260 INFO - __main__.Model.simulate:
a takes action: normal_stay(['a'])
2025-10-23 20:58:23,628 DEBUG - __main__.ShareGoalBFS.single_bfs:
Complete path: ["move_right(['b'])", "move_left(['a'])", "sharing_others_secret(['c', 'as'])"]
2025-10-23 20:58:23,629 DEBUG - __main__.ShareGoalBFS.single_bfs:
Complete path: ["normal_stay(['b'])", "move_left(['c'])", "sharing_others_secret(['c', 'as'])"]
2025-10-23 20:58:23,733 INFO - __main__.ShareGoalBFS.bfs:
Models: 1, Exapnds: 66, 7.134ms/expand
2025-10-23 20:58:23,734 INFO - __main__.ShareGoalBFS.get_policy:
[("move_right(['b'])", 1), ("normal_stay(['b'])", 1)]
{'a': 0, 'b': 0, 'c': 0}
2025-10-23 20:58:23,734 INFO - __main__.Model.simulate:
b takes action: move_right(['b'])
2025-10-23 20:58:25,143 DEBUG - __main__.ShareGoalBFS.single_bfs:
Complete path: ["move_left(['c'])", "sharing_own_secret(['a', 'as'])", "quiet(['a', 'as'])", "move_left(['b'])", "sharing_others_secret(['c', 'as'])"]
2025-10-23 20:58:25,273 INFO - __main__.ShareGoalBFS.bfs:
Models: 1, Exapnds: 156, 9.851ms/expand
2025-10-23 20:58:25,273 INFO - __main__.ShareGoalBFS.get_policy:
[("move_left(['c'])", 1)]
{'a': 0, 'b': 0, 'c': 0}
2025-10-23 20:58:25,273 INFO - __main__.Model.simulate:
c takes action: move_left(['c'])
2025-10-23 20:58:25,592 DEBUG - __main__.ShareGoalBFS.single_bfs:
Complete path: ["normal_stay(['a'])", "move_left(['b'])", "sharing_others_secret(['c', 'as'])"]
2025-10-23 20:58:25,794 DEBUG - __main__.ShareGoalBFS.single_bfs:
Complete path: ["move_left(['a'])", "move_right(['c'])", "sharing_others_secret(['c', 'as'])"]
2025-10-23 20:58:25,844 INFO - __main__.ShareGoalBFS.bfs:
Models: 1, Exapnds: 75, 7.580ms/expand
2025-10-23 20:58:25,844 INFO - __main__.ShareGoalBFS.get_policy:
[("normal_stay(['a'])", 1), ("move_left(['a'])", 1)]
{'a': 0, 'b': 0, 'c': 0}
2025-10-23 20:58:25,844 INFO - __main__.Model.simulate:
a takes action: move_left(['a'])
2025-10-23 20:58:26,248 DEBUG - __main__.ShareGoalBFS.single_bfs:
Complete path: ["move_left(['b'])", "move_right(['a'])", "sharing_others_secret(['c', 'as'])"]
2025-10-23 20:58:26,249 DEBUG - __main__.ShareGoalBFS.single_bfs:
Complete path: ["normal_stay(['b'])", "move_right(['c'])", "sharing_others_secret(['c', 'as'])"]
2025-10-23 20:58:26,364 INFO - __main__.ShareGoalBFS.bfs:
Models: 1, Exapnds: 66, 7.823ms/expand
2025-10-23 20:58:26,364 INFO - __main__.ShareGoalBFS.get_policy:
[("move_left(['b'])", 1), ("normal_stay(['b'])", 1)]
{'a': 0, 'b': 0, 'c': 0}
2025-10-23 20:58:26,364 INFO - __main__.Model.simulate:
b takes action: move_left(['b'])
2025-10-23 20:58:27,892 DEBUG - __main__.ShareGoalBFS.single_bfs:
Complete path: ["move_right(['c'])", "sharing_own_secret(['a', 'as'])", "quiet(['a', 'as'])", "move_right(['b'])", "sharing_others_secret(['c', 'as'])"]
2025-10-23 20:58:28,032 INFO - __main__.ShareGoalBFS.bfs:
Models: 1, Exapnds: 156, 10.672ms/expand
2025-10-23 20:58:28,032 INFO - __main__.ShareGoalBFS.get_policy:
[("move_right(['c'])", 1)]
{'a': 0, 'b': 0, 'c': 0}
2025-10-23 20:58:28,032 INFO - __main__.Model.simulate:
c takes action: move_right(['c'])
2025-10-23 20:58:28,378 DEBUG - __main__.ShareGoalBFS.single_bfs:
Complete path: ["normal_stay(['a'])", "move_right(['b'])", "sharing_others_secret(['c', 'as'])"]
2025-10-23 20:58:28,597 DEBUG - __main__.ShareGoalBFS.single_bfs:
Complete path: ["move_right(['a'])", "move_left(['c'])", "sharing_others_secret(['c', 'as'])"]
2025-10-23 20:58:28,651 INFO - __main__.ShareGoalBFS.bfs:
Models: 1, Exapnds: 75, 8.215ms/expand
2025-10-23 20:58:28,651 INFO - __main__.ShareGoalBFS.get_policy:
[("normal_stay(['a'])", 1), ("move_right(['a'])", 1)]
{'a': 0, 'b': 0, 'c': 0}
2025-10-23 20:58:28,651 INFO - __main__.Model.simulate:
a takes action: normal_stay(['a'])
2025-10-23 20:58:28,826 DEBUG - __main__.ShareGoalBFS.single_bfs:
Complete path: ["move_right(['b'])", "sharing_others_secret(['c', 'as'])"]
2025-10-23 20:58:28,901 INFO - __main__.ShareGoalBFS.bfs:
Models: 1, Exapnds: 36, 6.849ms/expand
2025-10-23 20:58:28,901 INFO - __main__.ShareGoalBFS.get_policy:
[("move_right(['b'])", 1)]
{'a': 0, 'b': 0, 'c': 0}
2025-10-23 20:58:28,901 INFO - __main__.Model.simulate:
b takes action: move_right(['b'])
2025-10-23 20:58:30,867 DEBUG - __main__.ShareGoalBFS.single_bfs:
Complete path: ["normal_stay(['c'])", "move_left(['b'])", "sharing_own_secret(['a', 'as'])", "quiet(['a', 'as'])", "move_right(['b'])", "sharing_others_secret(['c', 'as'])"]
2025-10-23 20:58:30,916 DEBUG - __main__.ShareGoalBFS.single_bfs:
Complete path: ["move_left(['c'])", "move_right(['a'])", "sharing_own_secret(['a', 'as'])", "quiet(['a', 'as'])", "move_left(['b'])", "sharing_others_secret(['c', 'as'])"]
2025-10-23 20:58:31,275 INFO - __main__.ShareGoalBFS.bfs:
Models: 1, Exapnds: 194, 12.220ms/expand
2025-10-23 20:58:31,275 INFO - __main__.ShareGoalBFS.get_policy:
[("normal_stay(['c'])", 1), ("move_left(['c'])", 1)]
{'a': 0, 'b': 0, 'c': 0}
2025-10-23 20:58:31,275 INFO - __main__.Model.simulate:
c takes action: normal_stay(['c'])
2025-10-23 20:58:31,475 DEBUG - __main__.ShareGoalBFS.single_bfs:
Complete path: ["normal_stay(['a'])", "sharing_others_secret(['c', 'as'])"]
2025-10-23 20:58:31,576 INFO - __main__.ShareGoalBFS.bfs:
Models: 1, Exapnds: 42, 7.074ms/expand
2025-10-23 20:58:31,576 INFO - __main__.ShareGoalBFS.get_policy:
[("normal_stay(['a'])", 1)]
{'a': 0, 'b': 0, 'c': 0}
2025-10-23 20:58:31,576 INFO - __main__.Model.simulate:
a takes action: normal_stay(['a'])
2025-10-23 20:58:31,706 DEBUG - __main__.ShareGoalBFS.single_bfs:
Complete path: ["normal_stay(['b'])", "sharing_others_secret(['c', 'as'])"]
2025-10-23 20:58:31,879 INFO - __main__.ShareGoalBFS.bfs:
Models: 1, Exapnds: 42, 7.127ms/expand
2025-10-23 20:58:31,879 INFO - __main__.ShareGoalBFS.get_policy:
[("normal_stay(['b'])", 1)]
{'a': 0, 'b': 0, 'c': 0}
2025-10-23 20:58:31,879 INFO - __main__.Model.simulate:
b takes action: normal_stay(['b'])
2025-10-23 20:58:33,980 DEBUG - __main__.ShareGoalBFS.single_bfs:
Complete path: ["normal_stay(['c'])", "move_left(['b'])", "sharing_own_secret(['a', 'as'])", "quiet(['a', 'as'])", "move_right(['b'])", "sharing_others_secret(['c', 'as'])"]
2025-10-23 20:58:34,032 DEBUG - __main__.ShareGoalBFS.single_bfs:
Complete path: ["move_left(['c'])", "move_right(['a'])", "sharing_own_secret(['a', 'as'])", "quiet(['a', 'as'])", "move_left(['b'])", "sharing_others_secret(['c', 'as'])"]
2025-10-23 20:58:34,415 INFO - __main__.ShareGoalBFS.bfs:
Models: 1, Exapnds: 194, 13.049ms/expand
2025-10-23 20:58:34,415 INFO - __main__.ShareGoalBFS.get_policy:
[("normal_stay(['c'])", 1), ("move_left(['c'])", 1)]
{'a': 0, 'b': 0, 'c': 0}
2025-10-23 20:58:34,415 INFO - __main__.Model.simulate:
c takes action: normal_stay(['c'])
2025-10-23 20:58:34,626 DEBUG - __main__.ShareGoalBFS.single_bfs:
Complete path: ["normal_stay(['a'])", "sharing_others_secret(['c', 'as'])"]
2025-10-23 20:58:34,735 INFO - __main__.ShareGoalBFS.bfs:
Models: 1, Exapnds: 42, 7.524ms/expand
2025-10-23 20:58:34,735 INFO - __main__.ShareGoalBFS.get_policy:
[("normal_stay(['a'])", 1)]
{'a': 0, 'b': 0, 'c': 0}
2025-10-23 20:58:34,735 INFO - __main__.Model.simulate:
a takes action: normal_stay(['a'])
2025-10-23 20:58:34,874 DEBUG - __main__.ShareGoalBFS.single_bfs:
Complete path: ["normal_stay(['b'])", "sharing_others_secret(['c', 'as'])"]
2025-10-23 20:58:35,059 INFO - __main__.ShareGoalBFS.bfs:
Models: 1, Exapnds: 42, 7.621ms/expand
2025-10-23 20:58:35,059 INFO - __main__.ShareGoalBFS.get_policy:
[("normal_stay(['b'])", 1)]
{'a': 0, 'b': 0, 'c': 0}
2025-10-23 20:58:35,059 INFO - __main__.Model.simulate:
b takes action: normal_stay(['b'])
2025-10-23 20:58:37,306 DEBUG - __main__.ShareGoalBFS.single_bfs:
Complete path: ["normal_stay(['c'])", "move_left(['b'])", "sharing_own_secret(['a', 'as'])", "quiet(['a', 'as'])", "move_right(['b'])", "sharing_others_secret(['c', 'as'])"]
2025-10-23 20:58:37,361 DEBUG - __main__.ShareGoalBFS.single_bfs:
Complete path: ["move_left(['c'])", "move_right(['a'])", "sharing_own_secret(['a', 'as'])", "quiet(['a', 'as'])", "move_left(['b'])", "sharing_others_secret(['c', 'as'])"]
2025-10-23 20:58:37,767 INFO - __main__.ShareGoalBFS.bfs:
Models: 1, Exapnds: 194, 13.934ms/expand
2025-10-23 20:58:37,767 INFO - __main__.ShareGoalBFS.get_policy:
[("normal_stay(['c'])", 1), ("move_left(['c'])", 1)]
{'a': 0, 'b': 0, 'c': 0}
2025-10-23 20:58:37,767 INFO - __main__.Model.simulate:
c takes action: move_left(['c'])
2025-10-23 20:58:38,208 DEBUG - __main__.ShareGoalBFS.single_bfs:
Complete path: ["move_right(['a'])", "move_left(['b'])", "sharing_others_secret(['c', 'as'])"]
2025-10-23 20:58:38,308 DEBUG - __main__.ShareGoalBFS.single_bfs:
Complete path: ["normal_stay(['a'])", "move_right(['c'])", "sharing_others_secret(['c', 'as'])"]
2025-10-23 20:58:38,643 INFO - __main__.ShareGoalBFS.bfs:
Models: 1, Exapnds: 81, 10.767ms/expand
2025-10-23 20:58:38,643 INFO - __main__.ShareGoalBFS.get_policy:
[("move_right(['a'])", 1), ("normal_stay(['a'])", 1)]
{'a': 0, 'b': 0, 'c': 0}
2025-10-23 20:58:38,644 INFO - __main__.Model.simulate:
a takes action: normal_stay(['a'])
2025-10-23 20:58:39,178 DEBUG - __main__.ShareGoalBFS.single_bfs:
Complete path: ["move_left(['b'])", "move_right(['a'])", "sharing_others_secret(['c', 'as'])"]
2025-10-23 20:58:39,180 DEBUG - __main__.ShareGoalBFS.single_bfs:
Complete path: ["normal_stay(['b'])", "move_right(['c'])", "sharing_others_secret(['c', 'as'])"]
2025-10-23 20:58:39,330 INFO - __main__.ShareGoalBFS.bfs:
Models: 1, Exapnds: 66, 10.326ms/expand
2025-10-23 20:58:39,330 INFO - __main__.ShareGoalBFS.get_policy:
[("move_left(['b'])", 1), ("normal_stay(['b'])", 1)]
{'a': 0, 'b': 0, 'c': 0}
2025-10-23 20:58:39,330 INFO - __main__.Model.simulate:
b takes action: move_left(['b'])
2025-10-23 20:58:41,326 DEBUG - __main__.ShareGoalBFS.single_bfs:
Complete path: ["move_right(['c'])", "sharing_own_secret(['a', 'as'])", "quiet(['a', 'as'])", "move_right(['b'])", "sharing_others_secret(['c', 'as'])"]
2025-10-23 20:58:41,508 INFO - __main__.ShareGoalBFS.bfs:
Models: 1, Exapnds: 156, 13.931ms/expand
2025-10-23 20:58:41,508 INFO - __main__.ShareGoalBFS.get_policy:
[("move_right(['c'])", 1)]
{'a': 0, 'b': 0, 'c': 0}
2025-10-23 20:58:41,508 INFO - __main__.Model.simulate:
c takes action: move_right(['c'])
2025-10-23 20:58:41,967 DEBUG - __main__.ShareGoalBFS.single_bfs:
Complete path: ["normal_stay(['a'])", "move_right(['b'])", "sharing_others_secret(['c', 'as'])"]
2025-10-23 20:58:42,253 DEBUG - __main__.ShareGoalBFS.single_bfs:
Complete path: ["move_right(['a'])", "move_left(['c'])", "sharing_others_secret(['c', 'as'])"]
2025-10-23 20:58:42,324 INFO - __main__.ShareGoalBFS.bfs:
Models: 1, Exapnds: 75, 10.808ms/expand
2025-10-23 20:58:42,324 INFO - __main__.ShareGoalBFS.get_policy:
[("normal_stay(['a'])", 1), ("move_right(['a'])", 1)]
{'a': 0, 'b': 0, 'c': 0}
2025-10-23 20:58:42,324 INFO - __main__.Model.simulate:
a takes action: normal_stay(['a'])
2025-10-23 20:58:42,553 DEBUG - __main__.ShareGoalBFS.single_bfs:
Complete path: ["move_right(['b'])", "sharing_others_secret(['c', 'as'])"]
2025-10-23 20:58:42,651 INFO - __main__.ShareGoalBFS.bfs:
Models: 1, Exapnds: 36, 8.941ms/expand
2025-10-23 20:58:42,651 INFO - __main__.ShareGoalBFS.get_policy:
[("move_right(['b'])", 1)]
{'a': 0, 'b': 0, 'c': 0}
2025-10-23 20:58:42,651 INFO - __main__.Model.simulate:
b takes action: move_right(['b'])
2025-10-23 20:58:45,164 DEBUG - __main__.ShareGoalBFS.single_bfs:
Complete path: ["normal_stay(['c'])", "move_left(['b'])", "sharing_own_secret(['a', 'as'])", "quiet(['a', 'as'])", "move_right(['b'])", "sharing_others_secret(['c', 'as'])"]
2025-10-23 20:58:45,227 DEBUG - __main__.ShareGoalBFS.single_bfs:
Complete path: ["move_left(['c'])", "move_right(['a'])", "sharing_own_secret(['a', 'as'])", "quiet(['a', 'as'])", "move_left(['b'])", "sharing_others_secret(['c', 'as'])"]
2025-10-23 20:58:45,680 INFO - __main__.ShareGoalBFS.bfs:
Models: 1, Exapnds: 194, 15.587ms/expand
2025-10-23 20:58:45,680 INFO - __main__.ShareGoalBFS.get_policy:
[("normal_stay(['c'])", 1), ("move_left(['c'])", 1)]
{'a': 0, 'b': 0, 'c': 0}
2025-10-23 20:58:45,680 INFO - __main__.Model.simulate:
c takes action: move_left(['c'])
2025-10-23 20:58:46,177 DEBUG - __main__.ShareGoalBFS.single_bfs:
Complete path: ["move_right(['a'])", "move_left(['b'])", "sharing_others_secret(['c', 'as'])"]
2025-10-23 20:58:46,291 DEBUG - __main__.ShareGoalBFS.single_bfs:
Complete path: ["normal_stay(['a'])", "move_right(['c'])", "sharing_others_secret(['c', 'as'])"]
2025-10-23 20:58:46,668 INFO - __main__.ShareGoalBFS.bfs:
Models: 1, Exapnds: 81, 12.127ms/expand
2025-10-23 20:58:46,668 INFO - __main__.ShareGoalBFS.get_policy:
[("move_right(['a'])", 1), ("normal_stay(['a'])", 1)]
{'a': 0, 'b': 0, 'c': 0}
2025-10-23 20:58:46,668 INFO - __main__.Model.simulate:
a takes action: move_right(['a'])
2025-10-23 20:58:46,913 DEBUG - __main__.ShareGoalBFS.single_bfs:
Complete path: ["move_left(['b'])", "sharing_others_secret(['c', 'as'])"]
2025-10-23 20:58:47,017 INFO - __main__.ShareGoalBFS.bfs:
Models: 1, Exapnds: 36, 9.537ms/expand
2025-10-23 20:58:47,017 INFO - __main__.ShareGoalBFS.get_policy:
[("move_left(['b'])", 1)]
{'a': 0, 'b': 0, 'c': 0}
2025-10-23 20:58:47,017 INFO - __main__.Model.simulate:
b takes action: move_left(['b'])
2025-10-23 20:58:49,672 DEBUG - __main__.ShareGoalBFS.single_bfs:
Complete path: ["normal_stay(['c'])", "move_right(['b'])", "sharing_own_secret(['a', 'as'])", "quiet(['a', 'as'])", "move_left(['b'])", "sharing_others_secret(['c', 'as'])"]
2025-10-23 20:58:49,737 DEBUG - __main__.ShareGoalBFS.single_bfs:
Complete path: ["move_right(['c'])", "move_left(['a'])", "sharing_own_secret(['a', 'as'])", "quiet(['a', 'as'])", "move_right(['b'])", "sharing_others_secret(['c', 'as'])"]
2025-10-23 20:58:50,214 INFO - __main__.ShareGoalBFS.bfs:
Models: 1, Exapnds: 194, 16.446ms/expand
2025-10-23 20:58:50,214 INFO - __main__.ShareGoalBFS.get_policy:
[("normal_stay(['c'])", 1), ("move_right(['c'])", 1)]
{'a': 0, 'b': 0, 'c': 0}
2025-10-23 20:58:50,214 INFO - __main__.Model.simulate:
c takes action: normal_stay(['c'])
2025-10-23 20:58:50,483 DEBUG - __main__.ShareGoalBFS.single_bfs:
Complete path: ["normal_stay(['a'])", "sharing_others_secret(['c', 'as'])"]
2025-10-23 20:58:50,620 INFO - __main__.ShareGoalBFS.bfs:
Models: 1, Exapnds: 42, 9.529ms/expand
2025-10-23 20:58:50,620 INFO - __main__.ShareGoalBFS.get_policy:
[("normal_stay(['a'])", 1)]
{'a': 0, 'b': 0, 'c': 0}
2025-10-23 20:58:50,620 INFO - __main__.Model.simulate:
a takes action: normal_stay(['a'])
2025-10-23 20:58:50,798 DEBUG - __main__.ShareGoalBFS.single_bfs:
Complete path: ["normal_stay(['b'])", "sharing_others_secret(['c', 'as'])"]
2025-10-23 20:58:51,031 INFO - __main__.ShareGoalBFS.bfs:
Models: 1, Exapnds: 42, 9.638ms/expand
2025-10-23 20:58:51,031 INFO - __main__.ShareGoalBFS.get_policy:
[("normal_stay(['b'])", 1)]
{'a': 0, 'b': 0, 'c': 0}
2025-10-23 20:58:51,031 INFO - __main__.Model.simulate:
b takes action: normal_stay(['b'])
2025-10-23 20:58:53,826 DEBUG - __main__.ShareGoalBFS.single_bfs:
Complete path: ["normal_stay(['c'])", "move_right(['b'])", "sharing_own_secret(['a', 'as'])", "quiet(['a', 'as'])", "move_left(['b'])", "sharing_others_secret(['c', 'as'])"]
2025-10-23 20:58:53,895 DEBUG - __main__.ShareGoalBFS.single_bfs:
Complete path: ["move_right(['c'])", "move_left(['a'])", "sharing_own_secret(['a', 'as'])", "quiet(['a', 'as'])", "move_right(['b'])", "sharing_others_secret(['c', 'as'])"]
2025-10-23 20:58:54,395 INFO - __main__.ShareGoalBFS.bfs:
Models: 1, Exapnds: 194, 17.307ms/expand
2025-10-23 20:58:54,395 INFO - __main__.ShareGoalBFS.get_policy:
[("normal_stay(['c'])", 1), ("move_right(['c'])", 1)]
{'a': 0, 'b': 0, 'c': 0}
2025-10-23 20:58:54,396 INFO - __main__.Model.simulate:
c takes action: move_right(['c'])
2025-10-23 20:58:54,947 DEBUG - __main__.ShareGoalBFS.single_bfs:
Complete path: ["move_left(['a'])", "move_right(['b'])", "sharing_others_secret(['c', 'as'])"]
2025-10-23 20:58:55,073 DEBUG - __main__.ShareGoalBFS.single_bfs:
Complete path: ["normal_stay(['a'])", "move_left(['c'])", "sharing_others_secret(['c', 'as'])"]
2025-10-23 20:58:55,490 INFO - __main__.ShareGoalBFS.bfs:
Models: 1, Exapnds: 81, 13.438ms/expand
2025-10-23 20:58:55,491 INFO - __main__.ShareGoalBFS.get_policy:
[("move_left(['a'])", 1), ("normal_stay(['a'])", 1)]
{'a': 0, 'b': 0, 'c': 0}
2025-10-23 20:58:55,491 INFO - __main__.Model.simulate:
a takes action: normal_stay(['a'])
2025-10-23 20:58:56,160 DEBUG - __main__.ShareGoalBFS.single_bfs:
Complete path: ["move_right(['b'])", "move_left(['a'])", "sharing_others_secret(['c', 'as'])"]
2025-10-23 20:58:56,161 DEBUG - __main__.ShareGoalBFS.single_bfs:
Complete path: ["normal_stay(['b'])", "move_left(['c'])", "sharing_others_secret(['c', 'as'])"]
2025-10-23 20:58:56,348 INFO - __main__.ShareGoalBFS.bfs:
Models: 1, Exapnds: 66, 12.888ms/expand
2025-10-23 20:58:56,348 INFO - __main__.ShareGoalBFS.get_policy:
[("move_right(['b'])", 1), ("normal_stay(['b'])", 1)]
{'a': 0, 'b': 0, 'c': 0}
2025-10-23 20:58:56,348 INFO - __main__.Model.simulate:
b takes action: normal_stay(['b'])
2025-10-23 20:58:58,944 DEBUG - __main__.ShareGoalBFS.single_bfs:
Complete path: ["move_left(['c'])", "move_right(['b'])", "sharing_own_secret(['a', 'as'])", "quiet(['a', 'as'])", "move_left(['b'])", "sharing_others_secret(['c', 'as'])"]
2025-10-23 20:58:59,403 DEBUG - __main__.ShareGoalBFS.single_bfs:
Complete path: ["normal_stay(['c'])", "move_left(['a'])", "sharing_own_secret(['a', 'as'])", "quiet(['a', 'as'])", "move_right(['b'])", "sharing_others_secret(['c', 'as'])"]
2025-10-23 20:58:59,879 INFO - __main__.ShareGoalBFS.bfs:
Models: 1, Exapnds: 194, 18.166ms/expand
2025-10-23 20:58:59,880 INFO - __main__.ShareGoalBFS.get_policy:
[("move_left(['c'])", 1), ("normal_stay(['c'])", 1)]
{'a': 0, 'b': 0, 'c': 0}
2025-10-23 20:58:59,880 INFO - __main__.Model.simulate:
c takes action: move_left(['c'])
2025-10-23 20:59:00,178 DEBUG - __main__.ShareGoalBFS.single_bfs:
Complete path: ["normal_stay(['a'])", "sharing_others_secret(['c', 'as'])"]
2025-10-23 20:59:00,330 INFO - __main__.ShareGoalBFS.bfs:
Models: 1, Exapnds: 42, 10.563ms/expand
2025-10-23 20:59:00,330 INFO - __main__.ShareGoalBFS.get_policy:
[("normal_stay(['a'])", 1)]
{'a': 0, 'b': 0, 'c': 0}
2025-10-23 20:59:00,331 INFO - __main__.Model.simulate:
a takes action: normal_stay(['a'])
2025-10-23 20:59:00,528 DEBUG - __main__.ShareGoalBFS.single_bfs:
Complete path: ["normal_stay(['b'])", "sharing_others_secret(['c', 'as'])"]
2025-10-23 20:59:00,785 INFO - __main__.ShareGoalBFS.bfs:
Models: 1, Exapnds: 42, 10.642ms/expand
2025-10-23 20:59:00,785 INFO - __main__.ShareGoalBFS.get_policy:
[("normal_stay(['b'])", 1)]
{'a': 0, 'b': 0, 'c': 0}
2025-10-23 20:59:00,785 INFO - __main__.Model.simulate:
b takes action: normal_stay(['b'])
2025-10-23 20:59:03,850 DEBUG - __main__.ShareGoalBFS.single_bfs:
Complete path: ["normal_stay(['c'])", "move_right(['b'])", "sharing_own_secret(['a', 'as'])", "quiet(['a', 'as'])", "move_left(['b'])", "sharing_others_secret(['c', 'as'])"]
2025-10-23 20:59:03,924 DEBUG - __main__.ShareGoalBFS.single_bfs:
Complete path: ["move_right(['c'])", "move_left(['a'])", "sharing_own_secret(['a', 'as'])", "quiet(['a', 'as'])", "move_right(['b'])", "sharing_others_secret(['c', 'as'])"]
2025-10-23 20:59:04,471 INFO - __main__.ShareGoalBFS.bfs:
Models: 1, Exapnds: 194, 18.961ms/expand
2025-10-23 20:59:04,471 INFO - __main__.ShareGoalBFS.get_policy:
[("normal_stay(['c'])", 1), ("move_right(['c'])", 1)]
{'a': 0, 'b': 0, 'c': 0}
2025-10-23 20:59:04,471 INFO - __main__.Model.simulate:
c takes action: move_right(['c'])
2025-10-23 20:59:05,080 DEBUG - __main__.ShareGoalBFS.single_bfs:
Complete path: ["move_left(['a'])", "move_right(['b'])", "sharing_others_secret(['c', 'as'])"]
2025-10-23 20:59:05,217 DEBUG - __main__.ShareGoalBFS.single_bfs:
Complete path: ["normal_stay(['a'])", "move_left(['c'])", "sharing_others_secret(['c', 'as'])"]
2025-10-23 20:59:05,676 INFO - __main__.ShareGoalBFS.bfs:
Models: 1, Exapnds: 81, 14.773ms/expand
2025-10-23 20:59:05,676 INFO - __main__.ShareGoalBFS.get_policy:
[("move_left(['a'])", 1), ("normal_stay(['a'])", 1)]
{'a': 0, 'b': 0, 'c': 0}
2025-10-23 20:59:05,676 INFO - __main__.Model.simulate:
a takes action: normal_stay(['a'])
2025-10-23 20:59:06,415 DEBUG - __main__.ShareGoalBFS.single_bfs:
Complete path: ["move_right(['b'])", "move_left(['a'])", "sharing_others_secret(['c', 'as'])"]
2025-10-23 20:59:06,417 DEBUG - __main__.ShareGoalBFS.single_bfs:
Complete path: ["normal_stay(['b'])", "move_left(['c'])", "sharing_others_secret(['c', 'as'])"]
2025-10-23 20:59:06,622 INFO - __main__.ShareGoalBFS.bfs:
Models: 1, Exapnds: 66, 14.209ms/expand
2025-10-23 20:59:06,622 INFO - __main__.ShareGoalBFS.get_policy:
[("move_right(['b'])", 1), ("normal_stay(['b'])", 1)]
{'a': 0, 'b': 0, 'c': 0}
2025-10-23 20:59:06,622 INFO - __main__.Model.simulate:
b takes action: move_right(['b'])
2025-10-23 20:59:09,313 DEBUG - __main__.ShareGoalBFS.single_bfs:
Complete path: ["move_left(['c'])", "sharing_own_secret(['a', 'as'])", "quiet(['a', 'as'])", "move_left(['b'])", "sharing_others_secret(['c', 'as'])"]
2025-10-23 20:59:09,556 INFO - __main__.ShareGoalBFS.bfs:
Models: 1, Exapnds: 156, 18.755ms/expand
2025-10-23 20:59:09,556 INFO - __main__.ShareGoalBFS.get_policy:
[("move_left(['c'])", 1)]
{'a': 0, 'b': 0, 'c': 0}
2025-10-23 20:59:09,556 INFO - __main__.Model.simulate:
c takes action: move_left(['c'])
2025-10-23 20:59:10,178 DEBUG - __main__.ShareGoalBFS.single_bfs:
Complete path: ["normal_stay(['a'])", "move_left(['b'])", "sharing_others_secret(['c', 'as'])"]
2025-10-23 20:59:10,564 DEBUG - __main__.ShareGoalBFS.single_bfs:
Complete path: ["move_left(['a'])", "move_right(['c'])", "sharing_others_secret(['c', 'as'])"]
2025-10-23 20:59:10,659 INFO - __main__.ShareGoalBFS.bfs:
Models: 1, Exapnds: 75, 14.590ms/expand
2025-10-23 20:59:10,659 INFO - __main__.ShareGoalBFS.get_policy:
[("normal_stay(['a'])", 1), ("move_left(['a'])", 1)]
{'a': 0, 'b': 0, 'c': 0}
2025-10-23 20:59:10,659 INFO - __main__.Model.simulate:
a takes action: normal_stay(['a'])
2025-10-23 20:59:10,973 DEBUG - __main__.ShareGoalBFS.single_bfs:
Complete path: ["move_left(['b'])", "sharing_others_secret(['c', 'as'])"]
2025-10-23 20:59:11,104 INFO - __main__.ShareGoalBFS.bfs:
Models: 1, Exapnds: 36, 12.121ms/expand
2025-10-23 20:59:11,104 INFO - __main__.ShareGoalBFS.get_policy:
[("move_left(['b'])", 1)]
{'a': 0, 'b': 0, 'c': 0}
2025-10-23 20:59:11,104 INFO - __main__.Model.simulate:
b takes action: move_left(['b'])
2025-10-23 20:59:14,444 DEBUG - __main__.ShareGoalBFS.single_bfs:
Complete path: ["normal_stay(['c'])", "move_right(['b'])", "sharing_own_secret(['a', 'as'])", "quiet(['a', 'as'])", "move_left(['b'])", "sharing_others_secret(['c', 'as'])"]
2025-10-23 20:59:14,525 DEBUG - __main__.ShareGoalBFS.single_bfs:
Complete path: ["move_right(['c'])", "move_left(['a'])", "sharing_own_secret(['a', 'as'])", "quiet(['a', 'as'])", "move_right(['b'])", "sharing_others_secret(['c', 'as'])"]
2025-10-23 20:59:15,119 INFO - __main__.ShareGoalBFS.bfs:
Models: 1, Exapnds: 194, 20.645ms/expand
2025-10-23 20:59:15,119 INFO - __main__.ShareGoalBFS.get_policy:
[("normal_stay(['c'])", 1), ("move_right(['c'])", 1)]
{'a': 0, 'b': 0, 'c': 0}
2025-10-23 20:59:15,119 INFO - __main__.Model.simulate:
c takes action: normal_stay(['c'])
2025-10-23 20:59:15,461 DEBUG - __main__.ShareGoalBFS.single_bfs:
Complete path: ["normal_stay(['a'])", "sharing_others_secret(['c', 'as'])"]
2025-10-23 20:59:15,635 INFO - __main__.ShareGoalBFS.bfs:
Models: 1, Exapnds: 42, 12.070ms/expand
2025-10-23 20:59:15,635 INFO - __main__.ShareGoalBFS.get_policy:
[("normal_stay(['a'])", 1)]
{'a': 0, 'b': 0, 'c': 0}
2025-10-23 20:59:15,635 INFO - __main__.Model.simulate:
a takes action: normal_stay(['a'])
2025-10-23 20:59:15,862 DEBUG - __main__.ShareGoalBFS.single_bfs:
Complete path: ["normal_stay(['b'])", "sharing_others_secret(['c', 'as'])"]
2025-10-23 20:59:16,155 INFO - __main__.ShareGoalBFS.bfs:
Models: 1, Exapnds: 42, 12.162ms/expand
2025-10-23 20:59:16,155 INFO - __main__.ShareGoalBFS.get_policy:
[("normal_stay(['b'])", 1)]
{'a': 0, 'b': 0, 'c': 0}
2025-10-23 20:59:16,155 INFO - __main__.Model.simulate:
b takes action: normal_stay(['b'])
2025-10-23 20:59:19,631 DEBUG - __main__.ShareGoalBFS.single_bfs:
Complete path: ["normal_stay(['c'])", "move_right(['b'])", "sharing_own_secret(['a', 'as'])", "quiet(['a', 'as'])", "move_left(['b'])", "sharing_others_secret(['c', 'as'])"]
2025-10-23 20:59:19,715 DEBUG - __main__.ShareGoalBFS.single_bfs:
Complete path: ["move_right(['c'])", "move_left(['a'])", "sharing_own_secret(['a', 'as'])", "quiet(['a', 'as'])", "move_right(['b'])", "sharing_others_secret(['c', 'as'])"]
2025-10-23 20:59:20,331 INFO - __main__.ShareGoalBFS.bfs:
Models: 1, Exapnds: 194, 21.476ms/expand
2025-10-23 20:59:20,331 INFO - __main__.ShareGoalBFS.get_policy:
[("normal_stay(['c'])", 1), ("move_right(['c'])", 1)]
{'a': 0, 'b': 0, 'c': 0}
2025-10-23 20:59:20,332 INFO - __main__.Model.simulate:
c takes action: move_right(['c'])
2025-10-23 20:59:21,026 DEBUG - __main__.ShareGoalBFS.single_bfs:
Complete path: ["move_left(['a'])", "move_right(['b'])", "sharing_others_secret(['c', 'as'])"]
2025-10-23 20:59:21,181 DEBUG - __main__.ShareGoalBFS.single_bfs:
Complete path: ["normal_stay(['a'])", "move_left(['c'])", "sharing_others_secret(['c', 'as'])"]
2025-10-23 20:59:21,707 INFO - __main__.ShareGoalBFS.bfs:
Models: 1, Exapnds: 81, 16.859ms/expand
2025-10-23 20:59:21,707 INFO - __main__.ShareGoalBFS.get_policy:
[("move_left(['a'])", 1), ("normal_stay(['a'])", 1)]
{'a': 0, 'b': 0, 'c': 0}
2025-10-23 20:59:21,707 INFO - __main__.Model.simulate:
a takes action: move_left(['a'])
2025-10-23 20:59:22,049 DEBUG - __main__.ShareGoalBFS.single_bfs:
Complete path: ["move_right(['b'])", "sharing_others_secret(['c', 'as'])"]
2025-10-23 20:59:22,193 INFO - __main__.ShareGoalBFS.bfs:
Models: 1, Exapnds: 36, 13.200ms/expand
2025-10-23 20:59:22,193 INFO - __main__.ShareGoalBFS.get_policy:
[("move_right(['b'])", 1)]
{'a': 0, 'b': 0, 'c': 0}
2025-10-23 20:59:22,193 INFO - __main__.Model.simulate:
b takes action: move_right(['b'])
2025-10-23 20:59:25,800 DEBUG - __main__.ShareGoalBFS.single_bfs:
Complete path: ["normal_stay(['c'])", "move_left(['b'])", "sharing_own_secret(['a', 'as'])", "quiet(['a', 'as'])", "move_right(['b'])", "sharing_others_secret(['c', 'as'])"]
2025-10-23 20:59:25,887 DEBUG - __main__.ShareGoalBFS.single_bfs:
Complete path: ["move_left(['c'])", "move_right(['a'])", "sharing_own_secret(['a', 'as'])", "quiet(['a', 'as'])", "move_left(['b'])", "sharing_others_secret(['c', 'as'])"]
2025-10-23 20:59:26,527 INFO - __main__.ShareGoalBFS.bfs:
Models: 1, Exapnds: 194, 22.288ms/expand
2025-10-23 20:59:26,527 INFO - __main__.ShareGoalBFS.get_policy:
[("normal_stay(['c'])", 1), ("move_left(['c'])", 1)]
{'a': 0, 'b': 0, 'c': 0}
2025-10-23 20:59:26,527 INFO - __main__.Model.simulate:
c takes action: normal_stay(['c'])
2025-10-23 20:59:26,899 DEBUG - __main__.ShareGoalBFS.single_bfs:
Complete path: ["normal_stay(['a'])", "sharing_others_secret(['c', 'as'])"]
2025-10-23 20:59:27,088 INFO - __main__.ShareGoalBFS.bfs:
Models: 1, Exapnds: 42, 13.090ms/expand
2025-10-23 20:59:27,088 INFO - __main__.ShareGoalBFS.get_policy:
[("normal_stay(['a'])", 1)]
{'a': 0, 'b': 0, 'c': 0}
2025-10-23 20:59:27,088 INFO - __main__.Model.simulate:
a takes action: normal_stay(['a'])
2025-10-23 20:59:27,334 DEBUG - __main__.ShareGoalBFS.single_bfs:
Complete path: ["normal_stay(['b'])", "sharing_others_secret(['c', 'as'])"]
2025-10-23 20:59:27,650 INFO - __main__.ShareGoalBFS.bfs:
Models: 1, Exapnds: 42, 13.125ms/expand
2025-10-23 20:59:27,650 INFO - __main__.ShareGoalBFS.get_policy:
[("normal_stay(['b'])", 1)]
{'a': 0, 'b': 0, 'c': 0}
2025-10-23 20:59:27,650 INFO - __main__.Model.simulate:
b takes action: normal_stay(['b'])
