2025-10-23 20:37:17,297 EXP - __main__.Logger.exp:
a takes action: normal_stay(['a'])
b takes action: normal_stay(['b'])
c takes action: move_right(['c'])
a takes action: sharing_own_secret(['a', 'as'])
b takes action: sharing_stay(['b'])
c takes action: sharing_stay(['c'])
a takes action: quiet(['a', 'as'])
b takes action: sharing_others_secret(['b', 'as'])
c takes action: sharing_stay(['c'])
a takes action: sharing_stay(['a'])
b takes action: quiet(['b', 'as'])
c takes action: normal_stay(['c'])
a takes action: move_right(['a'])
b takes action: sharing_others_secret(['b', 'as'])
c takes action: sharing_stay(['c'])
a takes action: sharing_stay(['a'])
b takes action: quiet(['b', 'as'])
c takes action: normal_stay(['c'])
a takes action: lying_own_secret(['a', 'as'])
b takes action: sharing_stay(['b'])
c takes action: sharing_stay(['c'])
a takes action: quiet(['a', 'as'])
b takes action: move_right(['b'])
c takes action: sharing_others_secret(['c', 'as'])
a takes action: sharing_stay(['a'])
b takes action: sharing_stay(['b'])
c takes action: quiet(['c', 'as'])
a takes action: sharing_own_secret(['a', 'as'])
b takes action: sharing_stay(['b'])
c takes action: sharing_stay(['c'])
a takes action: quiet(['a', 'as'])
b takes action: move_left(['b'])
c takes action: move_left(['c'])
a takes action: lying_own_secret(['a', 'as'])
b takes action: sharing_stay(['b'])
c takes action: sharing_stay(['c'])
a takes action: quiet(['a', 'as'])
b takes action: normal_stay(['b'])
c takes action: sharing_others_secret(['c', 'as'])
a takes action: sharing_stay(['a'])
b takes action: sharing_stay(['b'])
c takes action: quiet(['c', 'as'])
a takes action: lying_own_secret(['a', 'as'])
b takes action: sharing_stay(['b'])
c takes action: sharing_stay(['c'])
a takes action: quiet(['a', 'as'])
b takes action: normal_stay(['b'])
c takes action: move_right(['c'])
a takes action: lying_own_secret(['a', 'as'])
b takes action: sharing_stay(['b'])
c takes action: sharing_stay(['c'])
a takes action: quiet(['a', 'as'])
b takes action: sharing_others_secret(['b', 'as'])
c takes action: sharing_stay(['c'])
a takes action: sharing_stay(['a'])
b takes action: quiet(['b', 'as'])
c takes action: move_left(['c'])
a takes action: lying_own_secret(['a', 'as'])
b takes action: sharing_stay(['b'])
c takes action: sharing_stay(['c'])
a takes action: quiet(['a', 'as'])
b takes action: normal_stay(['b'])
c takes action: sharing_others_secret(['c', 'as'])
Steps: 63
Time cost: 1.336291s
2025-10-23 20:37:36,444 EXP - __main__.Logger.exp:
a takes action: lying_own_secret(['a', 'as'])
b takes action: sharing_stay(['b'])
c takes action: sharing_stay(['c'])
a takes action: quiet(['a', 'as'])
b takes action: normal_stay(['b'])
c takes action: move_right(['c'])
a takes action: sharing_own_secret(['a', 'as'])
b takes action: sharing_stay(['b'])
c takes action: sharing_stay(['c'])
a takes action: quiet(['a', 'as'])
b takes action: sharing_others_secret(['b', 'as'])
c takes action: sharing_stay(['c'])
a takes action: sharing_stay(['a'])
b takes action: quiet(['b', 'as'])
c takes action: sharing_others_secret(['c', 'as'])
a takes action: sharing_stay(['a'])
b takes action: sharing_stay(['b'])
c takes action: quiet(['c', 'as'])
a takes action: normal_stay(['a'])
b takes action: normal_stay(['b'])
c takes action: sharing_others_secret(['c', 'as'])
a takes action: sharing_stay(['a'])
b takes action: sharing_stay(['b'])
c takes action: quiet(['c', 'as'])
a takes action: move_right(['a'])
b takes action: sharing_others_secret(['b', 'as'])
c takes action: sharing_stay(['c'])
a takes action: sharing_stay(['a'])
b takes action: quiet(['b', 'as'])
c takes action: move_left(['c'])
a takes action: normal_stay(['a'])
b takes action: sharing_others_secret(['b', 'as'])
c takes action: sharing_stay(['c'])
a takes action: sharing_stay(['a'])
b takes action: quiet(['b', 'as'])
c takes action: move_right(['c'])
a takes action: sharing_own_secret(['a', 'as'])
b takes action: sharing_stay(['b'])
c takes action: sharing_stay(['c'])
a takes action: quiet(['a', 'as'])
b takes action: normal_stay(['b'])
c takes action: sharing_others_secret(['c', 'as'])
a takes action: sharing_stay(['a'])
b takes action: sharing_stay(['b'])
c takes action: quiet(['c', 'as'])
a takes action: lying_own_secret(['a', 'as'])
b takes action: sharing_stay(['b'])
c takes action: sharing_stay(['c'])
a takes action: quiet(['a', 'as'])
b takes action: normal_stay(['b'])
c takes action: sharing_others_secret(['c', 'as'])
a takes action: sharing_stay(['a'])
b takes action: sharing_stay(['b'])
c takes action: quiet(['c', 'as'])
a takes action: normal_stay(['a'])
b takes action: normal_stay(['b'])
c takes action: sharing_others_secret(['c', 'as'])
a takes action: sharing_stay(['a'])
b takes action: sharing_stay(['b'])
c takes action: quiet(['c', 'as'])
a takes action: sharing_own_secret(['a', 'as'])
b takes action: sharing_stay(['b'])
c takes action: sharing_stay(['c'])
a takes action: quiet(['a', 'as'])
b takes action: normal_stay(['b'])
c takes action: sharing_others_secret(['c', 'as'])
a takes action: sharing_stay(['a'])
b takes action: sharing_stay(['b'])
c takes action: quiet(['c', 'as'])
a takes action: lying_own_secret(['a', 'as'])
b takes action: sharing_stay(['b'])
c takes action: sharing_stay(['c'])
a takes action: quiet(['a', 'as'])
b takes action: move_right(['b'])
c takes action: sharing_others_secret(['c', 'as'])
a takes action: sharing_stay(['a'])
b takes action: sharing_stay(['b'])
c takes action: quiet(['c', 'as'])
a takes action: normal_stay(['a'])
b takes action: normal_stay(['b'])
c takes action: normal_stay(['c'])
a takes action: normal_stay(['a'])
b takes action: sharing_others_secret(['b', 'as'])
c takes action: sharing_stay(['c'])
a takes action: sharing_stay(['a'])
b takes action: quiet(['b', 'as'])
c takes action: sharing_others_secret(['c', 'as'])
a takes action: sharing_stay(['a'])
b takes action: sharing_stay(['b'])
c takes action: quiet(['c', 'as'])
a takes action: normal_stay(['a'])
b takes action: sharing_others_secret(['b', 'as'])
c takes action: sharing_stay(['c'])
a takes action: sharing_stay(['a'])
b takes action: quiet(['b', 'as'])
c takes action: normal_stay(['c'])
a takes action: lying_own_secret(['a', 'as'])
b takes action: sharing_stay(['b'])
c takes action: sharing_stay(['c'])
a takes action: quiet(['a', 'as'])
b takes action: normal_stay(['b'])
c takes action: sharing_others_secret(['c', 'as'])
a takes action: sharing_stay(['a'])
b takes action: sharing_stay(['b'])
c takes action: quiet(['c', 'as'])
a takes action: move_left(['a'])
b takes action: sharing_others_secret(['b', 'as'])
c takes action: sharing_stay(['c'])
a takes action: sharing_stay(['a'])
b takes action: quiet(['b', 'as'])
c takes action: sharing_others_secret(['c', 'as'])
a takes action: sharing_stay(['a'])
b takes action: sharing_stay(['b'])
c takes action: quiet(['c', 'as'])
a takes action: lying_own_secret(['a', 'as'])
b takes action: sharing_stay(['b'])
c takes action: sharing_stay(['c'])
a takes action: quiet(['a', 'as'])
b takes action: sharing_others_secret(['b', 'as'])
c takes action: sharing_stay(['c'])
a takes action: sharing_stay(['a'])
b takes action: quiet(['b', 'as'])
c takes action: sharing_others_secret(['c', 'as'])
a takes action: sharing_stay(['a'])
b takes action: sharing_stay(['b'])
c takes action: quiet(['c', 'as'])
a takes action: move_right(['a'])
b takes action: normal_stay(['b'])
c takes action: move_left(['c'])
a takes action: sharing_own_secret(['a', 'as'])
b takes action: sharing_stay(['b'])
c takes action: sharing_stay(['c'])
a takes action: quiet(['a', 'as'])
b takes action: sharing_others_secret(['b', 'as'])
c takes action: sharing_stay(['c'])
a takes action: sharing_stay(['a'])
b takes action: quiet(['b', 'as'])
c takes action: move_right(['c'])
a takes action: lying_own_secret(['a', 'as'])
b takes action: sharing_stay(['b'])
c takes action: sharing_stay(['c'])
a takes action: quiet(['a', 'as'])
b takes action: sharing_others_secret(['b', 'as'])
c takes action: sharing_stay(['c'])
a takes action: sharing_stay(['a'])
b takes action: quiet(['b', 'as'])
c takes action: move_left(['c'])
a takes action: sharing_own_secret(['a', 'as'])
b takes action: sharing_stay(['b'])
c takes action: sharing_stay(['c'])
a takes action: quiet(['a', 'as'])
b takes action: move_left(['b'])
c takes action: move_right(['c'])
a takes action: move_left(['a'])
b takes action: sharing_others_secret(['b', 'as'])
c takes action: sharing_stay(['c'])
a takes action: sharing_stay(['a'])
b takes action: quiet(['b', 'as'])
c takes action: normal_stay(['c'])
a takes action: sharing_own_secret(['a', 'as'])
b takes action: sharing_stay(['b'])
c takes action: sharing_stay(['c'])
a takes action: quiet(['a', 'as'])
b takes action: move_right(['b'])
c takes action: move_left(['c'])
a takes action: sharing_own_secret(['a', 'as'])
b takes action: sharing_stay(['b'])
c takes action: sharing_stay(['c'])
a takes action: quiet(['a', 'as'])
b takes action: normal_stay(['b'])
c takes action: sharing_others_secret(['c', 'as'])
a takes action: sharing_stay(['a'])
b takes action: sharing_stay(['b'])
c takes action: quiet(['c', 'as'])
a takes action: lying_own_secret(['a', 'as'])
b takes action: sharing_stay(['b'])
c takes action: sharing_stay(['c'])
a takes action: quiet(['a', 'as'])
b takes action: move_left(['b'])
c takes action: normal_stay(['c'])
a takes action: lying_own_secret(['a', 'as'])
b takes action: sharing_stay(['b'])
c takes action: sharing_stay(['c'])
a takes action: quiet(['a', 'as'])
b takes action: move_right(['b'])
c takes action: sharing_others_secret(['c', 'as'])
a takes action: sharing_stay(['a'])
b takes action: sharing_stay(['b'])
c takes action: quiet(['c', 'as'])
a takes action: move_right(['a'])
b takes action: move_left(['b'])
c takes action: sharing_others_secret(['c', 'as'])
a takes action: sharing_stay(['a'])
b takes action: sharing_stay(['b'])
c takes action: quiet(['c', 'as'])
a takes action: normal_stay(['a'])
b takes action: move_right(['b'])
c takes action: move_right(['c'])
a takes action: sharing_own_secret(['a', 'as'])
b takes action: sharing_stay(['b'])
c takes action: sharing_stay(['c'])
a takes action: quiet(['a', 'as'])
b takes action: sharing_others_secret(['b', 'as'])
c takes action: sharing_stay(['c'])
a takes action: sharing_stay(['a'])
b takes action: quiet(['b', 'as'])
c takes action: sharing_others_secret(['c', 'as'])
a takes action: sharing_stay(['a'])
b takes action: sharing_stay(['b'])
c takes action: quiet(['c', 'as'])
a takes action: normal_stay(['a'])
b takes action: normal_stay(['b'])
c takes action: normal_stay(['c'])
a takes action: lying_own_secret(['a', 'as'])
b takes action: sharing_stay(['b'])
c takes action: sharing_stay(['c'])
a takes action: quiet(['a', 'as'])
b takes action: sharing_others_secret(['b', 'as'])
c takes action: sharing_stay(['c'])
a takes action: sharing_stay(['a'])
b takes action: quiet(['b', 'as'])
c takes action: move_left(['c'])
a takes action: sharing_own_secret(['a', 'as'])
b takes action: sharing_stay(['b'])
c takes action: sharing_stay(['c'])
a takes action: quiet(['a', 'as'])
b takes action: move_left(['b'])
c takes action: move_right(['c'])
a takes action: sharing_own_secret(['a', 'as'])
b takes action: sharing_stay(['b'])
c takes action: sharing_stay(['c'])
a takes action: quiet(['a', 'as'])
b takes action: normal_stay(['b'])
c takes action: normal_stay(['c'])
a takes action: lying_own_secret(['a', 'as'])
b takes action: sharing_stay(['b'])
c takes action: sharing_stay(['c'])
a takes action: quiet(['a', 'as'])
b takes action: move_right(['b'])
c takes action: sharing_others_secret(['c', 'as'])
a takes action: sharing_stay(['a'])
b takes action: sharing_stay(['b'])
c takes action: quiet(['c', 'as'])
a takes action: move_left(['a'])
b takes action: sharing_others_secret(['b', 'as'])
c takes action: sharing_stay(['c'])
a takes action: sharing_stay(['a'])
b takes action: quiet(['b', 'as'])
c takes action: sharing_others_secret(['c', 'as'])
a takes action: sharing_stay(['a'])
b takes action: sharing_stay(['b'])
c takes action: quiet(['c', 'as'])
a takes action: lying_own_secret(['a', 'as'])
b takes action: sharing_stay(['b'])
c takes action: sharing_stay(['c'])
a takes action: quiet(['a', 'as'])
b takes action: normal_stay(['b'])
c takes action: move_left(['c'])
a takes action: move_right(['a'])
b takes action: sharing_others_secret(['b', 'as'])
c takes action: sharing_stay(['c'])
a takes action: sharing_stay(['a'])
b takes action: quiet(['b', 'as'])
c takes action: normal_stay(['c'])
a takes action: sharing_own_secret(['a', 'as'])
b takes action: sharing_stay(['b'])
c takes action: sharing_stay(['c'])
a takes action: quiet(['a', 'as'])
b takes action: normal_stay(['b'])
c takes action: move_right(['c'])
a takes action: move_left(['a'])
b takes action: normal_stay(['b'])
c takes action: sharing_others_secret(['c', 'as'])
Steps: 273
Time cost: 19.144958s
2025-10-23 20:37:36,708 EXP - __main__.Logger.exp:
a takes action: normal_stay(['a'])
b takes action: normal_stay(['b'])
c takes action: normal_stay(['c'])
a takes action: lying_own_secret(['a', 'as'])
b takes action: sharing_stay(['b'])
c takes action: sharing_stay(['c'])
a takes action: quiet(['a', 'as'])
b takes action: normal_stay(['b'])
c takes action: move_right(['c'])
a takes action: sharing_own_secret(['a', 'as'])
b takes action: sharing_stay(['b'])
c takes action: sharing_stay(['c'])
a takes action: quiet(['a', 'as'])
b takes action: move_right(['b'])
c takes action: sharing_others_secret(['c', 'as'])
Steps: 15
Time cost: 0.262118s
2025-10-23 20:37:36,708 EXP - __main__.Logger.exp:
Avg Steps: 117.0
Avg Time: 6.914455s
