2025-11-01 00:35:35,225 EXP - __main__.Logger.exp:
a takes action: move(['a', 'r1', 'r2'])
b takes action: move(['b', 'r7', 'r4'])
c takes action: move(['c', 'r6', 'r9'])
a takes action: move(['a', 'r2', 'r3'])
b takes action: stay(['b'])
c takes action: move(['c', 'r9', 'r8'])
Steps: 6
Time cost: 55.576219s
2025-11-01 00:36:30,541 EXP - __main__.Logger.exp:
a takes action: move(['a', 'r1', 'r2'])
b takes action: move(['b', 'r7', 'r4'])
c takes action: move(['c', 'r6', 'r9'])
a takes action: move(['a', 'r2', 'r3'])
b takes action: stay(['b'])
c takes action: move(['c', 'r9', 'r8'])
Steps: 6
Time cost: 55.313232s
2025-11-01 00:37:25,851 EXP - __main__.Logger.exp:
a takes action: move(['a', 'r1', 'r2'])
b takes action: move(['b', 'r7', 'r4'])
c takes action: move(['c', 'r6', 'r9'])
a takes action: move(['a', 'r2', 'r3'])
b takes action: stay(['b'])
c takes action: move(['c', 'r9', 'r8'])
Steps: 6
Time cost: 55.308151s
2025-11-01 00:37:25,851 EXP - __main__.Logger.exp:
Avg Steps: 6.0
Avg Time: 55.399201s
