2025-11-01 00:34:40,999 EXP - __main__.Logger.exp:
a takes action: move(['a', 'r1', 'r2'])
b takes action: move(['b', 'r7', 'r4'])
c takes action: move(['c', 'r6', 'r9'])
a takes action: move(['a', 'r2', 'r3'])
b takes action: stay(['b'])
c takes action: move(['c', 'r9', 'r8'])
Steps: 6
Time cost: 2.911812s
2025-11-01 00:34:43,918 EXP - __main__.Logger.exp:
a takes action: move(['a', 'r1', 'r2'])
b takes action: move(['b', 'r7', 'r4'])
c takes action: move(['c', 'r6', 'r9'])
a takes action: move(['a', 'r2', 'r3'])
b takes action: stay(['b'])
c takes action: move(['c', 'r9', 'r8'])
Steps: 6
Time cost: 2.916917s
2025-11-01 00:34:46,830 EXP - __main__.Logger.exp:
a takes action: move(['a', 'r1', 'r2'])
b takes action: move(['b', 'r7', 'r4'])
c takes action: move(['c', 'r6', 'r9'])
a takes action: move(['a', 'r2', 'r3'])
b takes action: stay(['b'])
c takes action: move(['c', 'r9', 'r8'])
Steps: 6
Time cost: 2.910247s
2025-11-01 00:34:46,830 EXP - __main__.Logger.exp:
Avg Steps: 6.0
Avg Time: 2.912992s
