2025-11-01 11:02:56,939 EXP - __main__.Logger.exp:
a takes action: stay(['a'])
b takes action: pick_up(['b', 'j'])
a takes action: stay(['a'])
b takes action: move_right_with_item(['b', 'j'])
a takes action: pick_up(['a', 'i'])
b takes action: drop_item(['b', 'j'])
Steps: 6
Time cost: 0.101282s
2025-11-01 11:02:57,040 EXP - __main__.Logger.exp:
a takes action: stay(['a'])
b takes action: pick_up(['b', 'j'])
a takes action: stay(['a'])
b takes action: move_right_with_item(['b', 'j'])
a takes action: pick_up(['a', 'i'])
b takes action: drop_item(['b', 'j'])
Steps: 6
Time cost: 0.100258s
2025-11-01 11:02:57,142 EXP - __main__.Logger.exp:
a takes action: stay(['a'])
b takes action: pick_up(['b', 'j'])
a takes action: stay(['a'])
b takes action: move_right_with_item(['b', 'j'])
a takes action: pick_up(['a', 'i'])
b takes action: drop_item(['b', 'j'])
Steps: 6
Time cost: 0.100949s
2025-11-01 11:02:57,243 EXP - __main__.Logger.exp:
a takes action: stay(['a'])
b takes action: pick_up(['b', 'j'])
a takes action: stay(['a'])
b takes action: move_right_with_item(['b', 'j'])
a takes action: pick_up(['a', 'i'])
b takes action: drop_item(['b', 'j'])
Steps: 6
Time cost: 0.100201s
2025-11-01 11:02:57,345 EXP - __main__.Logger.exp:
a takes action: stay(['a'])
b takes action: pick_up(['b', 'j'])
a takes action: stay(['a'])
b takes action: move_right_with_item(['b', 'j'])
a takes action: pick_up(['a', 'i'])
b takes action: drop_item(['b', 'j'])
Steps: 6
Time cost: 0.101233s
2025-11-01 11:02:57,345 EXP - __main__.Logger.exp:
Avg Steps: 6.0
Avg Time: 0.100784s
