2025-11-01 11:02:56,872 EXP - __main__.Logger.exp:
a takes action: stay(['a'])
b takes action: pick_up(['b', 'j'])
a takes action: stay(['a'])
b takes action: move_right_with_item(['b', 'j'])
a takes action: pick_up(['a', 'i'])
b takes action: drop_item(['b', 'j'])
Steps: 6
Time cost: 0.103246s
2025-11-01 11:02:56,975 EXP - __main__.Logger.exp:
a takes action: stay(['a'])
b takes action: pick_up(['b', 'j'])
a takes action: stay(['a'])
b takes action: move_right_with_item(['b', 'j'])
a takes action: pick_up(['a', 'i'])
b takes action: drop_item(['b', 'j'])
Steps: 6
Time cost: 0.101586s
2025-11-01 11:02:57,078 EXP - __main__.Logger.exp:
a takes action: stay(['a'])
b takes action: pick_up(['b', 'j'])
a takes action: stay(['a'])
b takes action: move_right_with_item(['b', 'j'])
a takes action: pick_up(['a', 'i'])
b takes action: drop_item(['b', 'j'])
Steps: 6
Time cost: 0.102408s
2025-11-01 11:02:57,180 EXP - __main__.Logger.exp:
a takes action: stay(['a'])
b takes action: pick_up(['b', 'j'])
a takes action: stay(['a'])
b takes action: move_right_with_item(['b', 'j'])
a takes action: pick_up(['a', 'i'])
b takes action: drop_item(['b', 'j'])
Steps: 6
Time cost: 0.101452s
2025-11-01 11:02:57,283 EXP - __main__.Logger.exp:
a takes action: stay(['a'])
b takes action: pick_up(['b', 'j'])
a takes action: stay(['a'])
b takes action: move_right_with_item(['b', 'j'])
a takes action: pick_up(['a', 'i'])
b takes action: drop_item(['b', 'j'])
Steps: 6
Time cost: 0.101812s
2025-11-01 11:02:57,283 EXP - __main__.Logger.exp:
Avg Steps: 6.0
Avg Time: 0.102101s
