2025-10-20 22:05:38,016 EXP - __main__.Logger.exp:
a takes action: move_right_without_item(['a'])
b takes action: pick_up(['b', 'j'])
a takes action: move_left_without_item(['a'])
b takes action: move_right_with_item(['b', 'j'])
a takes action: pick_up(['a', 'i'])
b takes action: drop_item(['b', 'j'])
Steps: 6
Time cost: 0.103236s
2025-10-20 22:05:38,130 EXP - __main__.Logger.exp:
a takes action: move_right_without_item(['a'])
b takes action: pick_up(['b', 'j'])
a takes action: stay(['a'])
b takes action: move_right_with_item(['b', 'j'])
a takes action: move_left_without_item(['a'])
b takes action: drop_item(['b', 'j'])
a takes action: pick_up(['a', 'i'])
Steps: 7
Time cost: 0.112915s
2025-10-20 22:05:38,441 EXP - __main__.Logger.exp:
a takes action: pick_up(['a', 'j'])
b takes action: pick_up(['b', 'i'])
a takes action: move_right_with_item(['a', 'j'])
b takes action: stay(['b'])
a takes action: drop_item(['a', 'j'])
b takes action: drop_item(['b', 'i'])
a takes action: stay(['a'])
b takes action: stay(['b'])
a takes action: stay(['a'])
b takes action: stay(['b'])
a takes action: move_left_without_item(['a'])
b takes action: move_right_without_item(['b'])
a takes action: move_right_without_item(['a'])
b takes action: pick_up(['b', 'j'])
a takes action: move_left_without_item(['a'])
b takes action: drop_item(['b', 'j'])
a takes action: pick_up(['a', 'i'])
Steps: 17
Time cost: 0.310536s
2025-10-20 22:05:38,556 EXP - __main__.Logger.exp:
a takes action: move_right_without_item(['a'])
b takes action: pick_up(['b', 'j'])
a takes action: stay(['a'])
b takes action: move_right_with_item(['b', 'j'])
a takes action: move_left_without_item(['a'])
b takes action: drop_item(['b', 'j'])
a takes action: pick_up(['a', 'i'])
Steps: 7
Time cost: 0.114245s
2025-10-20 22:05:38,670 EXP - __main__.Logger.exp:
a takes action: move_right_without_item(['a'])
b takes action: pick_up(['b', 'j'])
a takes action: stay(['a'])
b takes action: move_right_with_item(['b', 'j'])
a takes action: move_left_without_item(['a'])
b takes action: drop_item(['b', 'j'])
a takes action: pick_up(['a', 'i'])
Steps: 7
Time cost: 0.112778s
2025-10-20 22:05:38,670 EXP - __main__.Logger.exp:
Avg Steps: 8.8
Avg Time: 0.150742s
