2025-10-24 12:07:21,309 EXP - __main__.Logger.exp:
a takes action: sharing_own_secret(['a', 'as'])
b takes action: sharing_stay(['b'])
a takes action: quiet(['a', 'as'])
b takes action: sharing_own_secret(['b', 'bs'])
a takes action: sharing_stay(['a'])
b takes action: quiet(['b', 'bs'])
a takes action: move_right(['a'])
b takes action: normal_stay(['b'])
a takes action: lying_own_secret(['a', 'as'])
Steps: 9
Time cost: 0.225866s
2025-10-24 12:07:21,536 EXP - __main__.Logger.exp:
a takes action: sharing_own_secret(['a', 'as'])
b takes action: sharing_stay(['b'])
a takes action: quiet(['a', 'as'])
b takes action: sharing_own_secret(['b', 'bs'])
a takes action: sharing_stay(['a'])
b takes action: quiet(['b', 'bs'])
a takes action: move_right(['a'])
b takes action: normal_stay(['b'])
a takes action: lying_own_secret(['a', 'as'])
Steps: 9
Time cost: 0.226150s
2025-10-24 12:07:21,766 EXP - __main__.Logger.exp:
a takes action: sharing_own_secret(['a', 'as'])
b takes action: sharing_stay(['b'])
a takes action: quiet(['a', 'as'])
b takes action: sharing_own_secret(['b', 'bs'])
a takes action: sharing_stay(['a'])
b takes action: quiet(['b', 'bs'])
a takes action: move_right(['a'])
b takes action: lying_own_secret(['b', 'bs'])
a takes action: sharing_stay(['a'])
b takes action: quiet(['b', 'bs'])
a takes action: lying_own_secret(['a', 'as'])
Steps: 11
Time cost: 0.228855s
2025-10-24 12:07:21,766 EXP - __main__.Logger.exp:
Avg Steps: 9.666666666666666
Avg Time: 0.226957s
