2025-10-24 12:07:20,496 EXP - __main__.Logger.exp:
a takes action: sharing_own_secret(['a', 'as'])
b takes action: sharing_stay(['b'])
a takes action: quiet(['a', 'as'])
b takes action: sharing_own_secret(['b', 'bs'])
a takes action: sharing_stay(['a'])
b takes action: quiet(['b', 'bs'])
a takes action: move_right(['a'])
b takes action: sharing_others_secret(['b', 'as'])
a takes action: sharing_stay(['a'])
b takes action: quiet(['b', 'as'])
a takes action: lying_own_secret(['a', 'as'])
Steps: 11
Time cost: 0.227961s
2025-10-24 12:07:20,725 EXP - __main__.Logger.exp:
a takes action: sharing_own_secret(['a', 'as'])
b takes action: sharing_stay(['b'])
a takes action: quiet(['a', 'as'])
b takes action: sharing_own_secret(['b', 'bs'])
a takes action: sharing_stay(['a'])
b takes action: quiet(['b', 'bs'])
a takes action: move_right(['a'])
b takes action: sharing_others_secret(['b', 'as'])
a takes action: sharing_stay(['a'])
b takes action: quiet(['b', 'as'])
a takes action: lying_own_secret(['a', 'as'])
Steps: 11
Time cost: 0.228257s
2025-10-24 12:07:20,955 EXP - __main__.Logger.exp:
a takes action: sharing_own_secret(['a', 'as'])
b takes action: sharing_stay(['b'])
a takes action: quiet(['a', 'as'])
b takes action: sharing_own_secret(['b', 'bs'])
a takes action: sharing_stay(['a'])
b takes action: quiet(['b', 'bs'])
a takes action: move_right(['a'])
b takes action: sharing_others_secret(['b', 'as'])
a takes action: sharing_stay(['a'])
b takes action: quiet(['b', 'as'])
a takes action: lying_own_secret(['a', 'as'])
Steps: 11
Time cost: 0.228707s
2025-10-24 12:07:20,955 EXP - __main__.Logger.exp:
Avg Steps: 11.0
Avg Time: 0.228308s
