2025-10-24 15:16:28,381 EXP - __main__.Logger.exp:
a takes action: stay(['a'])
b takes action: move(['b', 'r4', 'r3'])
a takes action: stay(['a'])
b takes action: move(['b', 'r3', 'r2'])
a takes action: stay(['a'])
b takes action: move(['b', 'r2', 'r3'])
a takes action: stay(['a'])
b takes action: move(['b', 'r3', 'r2'])
a takes action: stay(['a'])
b takes action: move(['b', 'r2', 'r3'])
a takes action: stay(['a'])
b takes action: move(['b', 'r3', 'r2'])
a takes action: stay(['a'])
b takes action: stay(['b'])
a takes action: stay(['a'])
b takes action: move(['b', 'r2', 'r6'])
a takes action: move(['a', 'r1', 'r2'])
b takes action: stay(['b'])
a takes action: move(['a', 'r2', 'r3'])
b takes action: move(['b', 'r6', 'r2'])
a takes action: move(['a', 'r3', 'r4'])
b takes action: move(['b', 'r2', 'r1'])
a takes action: move(['a', 'r4', 'r5'])
Steps: 23
Time cost: 0.134071s
2025-10-24 15:16:28,504 EXP - __main__.Logger.exp:
a takes action: stay(['a'])
b takes action: move(['b', 'r4', 'r5'])
a takes action: move(['a', 'r1', 'r2'])
b takes action: move(['b', 'r5', 'r4'])
a takes action: move(['a', 'r2', 'r6'])
b takes action: move(['b', 'r4', 'r3'])
a takes action: move(['a', 'r6', 'r2'])
b takes action: move(['b', 'r3', 'r4'])
a takes action: move(['a', 'r2', 'r6'])
b takes action: move(['b', 'r4', 'r3'])
a takes action: stay(['a'])
b takes action: move(['b', 'r3', 'r2'])
a takes action: stay(['a'])
b takes action: move(['b', 'r2', 'r1'])
a takes action: move(['a', 'r6', 'r2'])
b takes action: stay(['b'])
a takes action: move(['a', 'r2', 'r3'])
b takes action: stay(['b'])
a takes action: move(['a', 'r3', 'r4'])
b takes action: stay(['b'])
a takes action: move(['a', 'r4', 'r5'])
Steps: 21
Time cost: 0.121996s
2025-10-24 15:16:28,616 EXP - __main__.Logger.exp:
a takes action: stay(['a'])
b takes action: move(['b', 'r4', 'r5'])
a takes action: move(['a', 'r1', 'r2'])
b takes action: stay(['b'])
a takes action: move(['a', 'r2', 'r6'])
b takes action: move(['b', 'r5', 'r4'])
a takes action: stay(['a'])
b takes action: move(['b', 'r4', 'r3'])
a takes action: stay(['a'])
b takes action: move(['b', 'r3', 'r2'])
a takes action: stay(['a'])
b takes action: move(['b', 'r2', 'r1'])
a takes action: move(['a', 'r6', 'r2'])
b takes action: stay(['b'])
a takes action: move(['a', 'r2', 'r3'])
b takes action: stay(['b'])
a takes action: move(['a', 'r3', 'r4'])
b takes action: stay(['b'])
a takes action: move(['a', 'r4', 'r5'])
Steps: 19
Time cost: 0.110006s
2025-10-24 15:16:29,077 EXP - __main__.Logger.exp:
a takes action: stay(['a'])
b takes action: move(['b', 'r4', 'r3'])
a takes action: stay(['a'])
b takes action: move(['b', 'r3', 'r4'])
a takes action: move(['a', 'r1', 'r2'])
b takes action: move(['b', 'r4', 'r3'])
a takes action: move(['a', 'r2', 'r1'])
b takes action: move(['b', 'r3', 'r2'])
a takes action: stay(['a'])
b takes action: stay(['b'])
a takes action: stay(['a'])
b takes action: stay(['b'])
a takes action: stay(['a'])
b takes action: move(['b', 'r2', 'r3'])
a takes action: move(['a', 'r1', 'r2'])
b takes action: move(['b', 'r3', 'r4'])
a takes action: move(['a', 'r2', 'r6'])
b takes action: move(['b', 'r4', 'r3'])
a takes action: move(['a', 'r6', 'r2'])
b takes action: stay(['b'])
a takes action: stay(['a'])
b takes action: stay(['b'])
a takes action: move(['a', 'r2', 'r1'])
b takes action: move(['b', 'r3', 'r2'])
a takes action: stay(['a'])
b takes action: move(['b', 'r2', 'r3'])
a takes action: stay(['a'])
b takes action: move(['b', 'r3', 'r4'])
a takes action: stay(['a'])
b takes action: move(['b', 'r4', 'r3'])
a takes action: move(['a', 'r1', 'r2'])
b takes action: stay(['b'])
a takes action: move(['a', 'r2', 'r1'])
b takes action: move(['b', 'r3', 'r4'])
a takes action: stay(['a'])
b takes action: move(['b', 'r4', 'r5'])
a takes action: stay(['a'])
b takes action: move(['b', 'r5', 'r4'])
a takes action: move(['a', 'r1', 'r2'])
b takes action: move(['b', 'r4', 'r7'])
a takes action: move(['a', 'r2', 'r3'])
b takes action: move(['b', 'r7', 'r4'])
a takes action: stay(['a'])
b takes action: stay(['b'])
a takes action: stay(['a'])
b takes action: move(['b', 'r4', 'r7'])
a takes action: move(['a', 'r3', 'r4'])
b takes action: stay(['b'])
a takes action: move(['a', 'r4', 'r5'])
b takes action: move(['b', 'r7', 'r4'])
a takes action: stay(['a'])
b takes action: move(['b', 'r4', 'r3'])
a takes action: stay(['a'])
b takes action: move(['b', 'r3', 'r2'])
a takes action: stay(['a'])
b takes action: move(['b', 'r2', 'r1'])
Steps: 56
Time cost: 0.460306s
2025-10-24 15:16:29,141 EXP - __main__.Logger.exp:
a takes action: move(['a', 'r1', 'r2'])
b takes action: move(['b', 'r4', 'r3'])
a takes action: move(['a', 'r2', 'r6'])
b takes action: move(['b', 'r3', 'r2'])
a takes action: stay(['a'])
b takes action: move(['b', 'r2', 'r1'])
a takes action: move(['a', 'r6', 'r2'])
b takes action: stay(['b'])
a takes action: move(['a', 'r2', 'r3'])
b takes action: stay(['b'])
a takes action: move(['a', 'r3', 'r4'])
b takes action: stay(['b'])
a takes action: move(['a', 'r4', 'r5'])
Steps: 13
Time cost: 0.062844s
2025-10-24 15:16:29,141 EXP - __main__.Logger.exp:
Avg Steps: 26.4
Avg Time: 0.177845s
