2025-10-25 18:14:35,598 EXP - __main__.Logger.exp:
a takes action: move_without_item(['a', 'r1', 'r3'])
b takes action: stay(['b'])
a takes action: move_without_item(['a', 'r3', 'r2'])
b takes action: stay(['b'])
a takes action: move_without_item(['a', 'r2', 'r3'])
b takes action: stay(['b'])
a takes action: pick_up(['a', 'i', 'r3'])
Steps: 7
Time cost: 9.043017s
2025-10-25 18:14:43,233 EXP - __main__.Logger.exp:
a takes action: move_without_item(['a', 'r1', 'r2'])
b takes action: stay(['b'])
a takes action: move_without_item(['a', 'r2', 'r3'])
b takes action: stay(['b'])
a takes action: pick_up(['a', 'i', 'r3'])
Steps: 5
Time cost: 7.633502s
2025-10-25 18:14:43,233 EXP - __main__.Logger.exp:
Avg Steps: 6.0
Avg Time: 8.338260s
