2025-10-25 18:14:09,957 EXP - __main__.Logger.exp:
a takes action: move_without_item(['a', 'r1', 'r3'])
b takes action: move_without_item(['b', 'r2', 'r3'])
a takes action: stay(['a'])
b takes action: move_without_item(['b', 'r3', 'r1'])
a takes action: pick_up(['a', 'i', 'r3'])
Steps: 5
Time cost: 18.509501s
2025-10-25 18:14:43,158 EXP - __main__.Logger.exp:
a takes action: move_without_item(['a', 'r1', 'r2'])
b takes action: stay(['b'])
a takes action: stay(['a'])
b takes action: stay(['b'])
a takes action: move_without_item(['a', 'r2', 'r1'])
b takes action: stay(['b'])
a takes action: move_without_item(['a', 'r1', 'r3'])
b takes action: stay(['b'])
a takes action: pick_up(['a', 'i', 'r3'])
Steps: 9
Time cost: 33.199862s
2025-10-25 18:14:43,158 EXP - __main__.Logger.exp:
Avg Steps: 7.0
Avg Time: 25.854681s
