2025-10-23 21:40:58,094 EXP - __main__.Logger.exp:
a takes action: sharing_own_secret(['a', 'as'])
b takes action: sharing_stay(['b'])
a takes action: quiet(['a', 'as'])
b takes action: lying_own_secret(['b', 'bs'])
a takes action: sharing_stay(['a'])
b takes action: quiet(['b', 'bs'])
a takes action: normal_stay(['a'])
b takes action: sharing_own_secret(['b', 'bs'])
a takes action: sharing_stay(['a'])
b takes action: quiet(['b', 'bs'])
a takes action: move_right(['a'])
b takes action: lying_own_secret(['b', 'bs'])
Steps: 12
Time cost: 12.929511s
2025-10-23 21:41:13,358 EXP - __main__.Logger.exp:
a takes action: sharing_own_secret(['a', 'as'])
b takes action: sharing_stay(['b'])
a takes action: quiet(['a', 'as'])
b takes action: lying_own_secret(['b', 'bs'])
a takes action: sharing_stay(['a'])
b takes action: quiet(['b', 'bs'])
a takes action: normal_stay(['a'])
b takes action: sharing_own_secret(['b', 'bs'])
a takes action: sharing_stay(['a'])
b takes action: quiet(['b', 'bs'])
a takes action: move_right(['a'])
b takes action: lying_own_secret(['b', 'bs'])
Steps: 12
Time cost: 15.262324s
2025-10-23 21:41:13,358 EXP - __main__.Logger.exp:
Avg Steps: 12.0
Avg Time: 14.095918s
