2025-10-24 20:52:52,218 EXP - __main__.Logger.exp:
a takes action: move(['a', 'r1', 'r4'])
b takes action: move(['b', 'r2', 'r1'])
c takes action: move(['c', 'r6', 'r3'])
d takes action: move(['d', 'r7', 'r8'])
a takes action: move(['a', 'r4', 'r5'])
b takes action: stay(['b'])
c takes action: move(['c', 'r3', 'r2'])
d takes action: move(['d', 'r8', 'r9'])
a takes action: move(['a', 'r5', 'r6'])
b takes action: stay(['b'])
c takes action: move(['c', 'r2', 'r5'])
d takes action: stay(['d'])
a takes action: move(['a', 'r6', 'r3'])
b takes action: stay(['b'])
c takes action: move(['c', 'r5', 'r4'])
d takes action: move(['d', 'r9', 'r6'])
a takes action: move(['a', 'r3', 'r2'])
b takes action: stay(['b'])
c takes action: move(['c', 'r4', 'r7'])
Steps: 19
Time cost: 0.256671s
2025-10-24 20:52:52,984 EXP - __main__.Logger.exp:
a takes action: stay(['a'])
b takes action: move(['b', 'r2', 'r5'])
c takes action: stay(['c'])
d takes action: move(['d', 'r7', 'r4'])
a takes action: move(['a', 'r1', 'r2'])
b takes action: move(['b', 'r5', 'r8'])
c takes action: stay(['c'])
d takes action: move(['d', 'r4', 'r1'])
a takes action: stay(['a'])
b takes action: stay(['b'])
c takes action: move(['c', 'r6', 'r5'])
d takes action: move(['d', 'r1', 'r4'])
a takes action: stay(['a'])
b takes action: stay(['b'])
c takes action: move(['c', 'r5', 'r6'])
d takes action: move(['d', 'r4', 'r1'])
a takes action: stay(['a'])
b takes action: move(['b', 'r8', 'r7'])
c takes action: move(['c', 'r6', 'r5'])
d takes action: move(['d', 'r1', 'r4'])
a takes action: stay(['a'])
b takes action: stay(['b'])
c takes action: stay(['c'])
d takes action: stay(['d'])
a takes action: stay(['a'])
b takes action: move(['b', 'r7', 'r8'])
c takes action: stay(['c'])
d takes action: stay(['d'])
a takes action: stay(['a'])
b takes action: move(['b', 'r8', 'r9'])
c takes action: move(['c', 'r5', 'r8'])
d takes action: move(['d', 'r4', 'r5'])
a takes action: stay(['a'])
b takes action: stay(['b'])
c takes action: move(['c', 'r8', 'r7'])
d takes action: move(['d', 'r5', 'r6'])
a takes action: stay(['a'])
b takes action: move(['b', 'r9', 'r8'])
c takes action: stay(['c'])
d takes action: stay(['d'])
a takes action: stay(['a'])
b takes action: move(['b', 'r8', 'r5'])
c takes action: stay(['c'])
d takes action: stay(['d'])
a takes action: stay(['a'])
b takes action: move(['b', 'r5', 'r4'])
c takes action: stay(['c'])
d takes action: stay(['d'])
a takes action: stay(['a'])
b takes action: move(['b', 'r4', 'r1'])
Steps: 50
Time cost: 0.763781s
2025-10-24 20:52:53,276 EXP - __main__.Logger.exp:
a takes action: move(['a', 'r1', 'r4'])
b takes action: move(['b', 'r2', 'r1'])
c takes action: move(['c', 'r6', 'r9'])
d takes action: move(['d', 'r7', 'r8'])
a takes action: move(['a', 'r4', 'r5'])
b takes action: stay(['b'])
c takes action: stay(['c'])
d takes action: stay(['d'])
a takes action: move(['a', 'r5', 'r2'])
b takes action: stay(['b'])
c takes action: move(['c', 'r9', 'r6'])
d takes action: stay(['d'])
a takes action: stay(['a'])
b takes action: stay(['b'])
c takes action: move(['c', 'r6', 'r5'])
d takes action: move(['d', 'r8', 'r9'])
a takes action: stay(['a'])
b takes action: stay(['b'])
c takes action: move(['c', 'r5', 'r4'])
d takes action: move(['d', 'r9', 'r6'])
a takes action: stay(['a'])
b takes action: stay(['b'])
c takes action: move(['c', 'r4', 'r7'])
Steps: 23
Time cost: 0.290324s
2025-10-24 20:52:53,276 EXP - __main__.Logger.exp:
Avg Steps: 30.666666666666668
Avg Time: 0.436925s
