2025-10-24 20:52:20,374 EXP - __main__.Logger.exp:
a takes action: stay(['a'])
b takes action: move(['b', 'r2', 'r5'])
c takes action: move(['c', 'r6', 'r9'])
d takes action: move(['d', 'r7', 'r4'])
a takes action: move(['a', 'r1', 'r2'])
b takes action: move(['b', 'r5', 'r6'])
c takes action: move(['c', 'r9', 'r8'])
d takes action: move(['d', 'r4', 'r1'])
a takes action: stay(['a'])
b takes action: stay(['b'])
c takes action: move(['c', 'r8', 'r7'])
Steps: 11
Time cost: 65.145390s
2025-10-24 20:53:25,666 EXP - __main__.Logger.exp:
a takes action: stay(['a'])
b takes action: move(['b', 'r2', 'r5'])
c takes action: move(['c', 'r6', 'r9'])
d takes action: move(['d', 'r7', 'r4'])
a takes action: move(['a', 'r1', 'r2'])
b takes action: move(['b', 'r5', 'r6'])
c takes action: move(['c', 'r9', 'r8'])
d takes action: move(['d', 'r4', 'r1'])
a takes action: stay(['a'])
b takes action: stay(['b'])
c takes action: move(['c', 'r8', 'r7'])
Steps: 11
Time cost: 65.289511s
2025-10-24 20:54:30,753 EXP - __main__.Logger.exp:
a takes action: stay(['a'])
b takes action: move(['b', 'r2', 'r5'])
c takes action: move(['c', 'r6', 'r9'])
d takes action: move(['d', 'r7', 'r4'])
a takes action: move(['a', 'r1', 'r2'])
b takes action: move(['b', 'r5', 'r6'])
c takes action: move(['c', 'r9', 'r8'])
d takes action: move(['d', 'r4', 'r1'])
a takes action: stay(['a'])
b takes action: stay(['b'])
c takes action: move(['c', 'r8', 'r7'])
Steps: 11
Time cost: 65.084900s
2025-10-24 20:54:30,753 EXP - __main__.Logger.exp:
Avg Steps: 11.0
Avg Time: 65.173267s
