2025-10-24 20:52:06,178 EXP - __main__.Logger.exp:
a takes action: move(['a', 'r1', 'r4'])
b takes action: move(['b', 'r2', 'r5'])
c takes action: move(['c', 'r6', 'r9'])
d takes action: stay(['d'])
a takes action: move(['a', 'r4', 'r1'])
b takes action: move(['b', 'r5', 'r6'])
c takes action: move(['c', 'r9', 'r8'])
d takes action: stay(['d'])
a takes action: move(['a', 'r1', 'r2'])
b takes action: stay(['b'])
c takes action: move(['c', 'r8', 'r9'])
d takes action: move(['d', 'r7', 'r4'])
a takes action: stay(['a'])
b takes action: stay(['b'])
c takes action: move(['c', 'r9', 'r8'])
d takes action: move(['d', 'r4', 'r1'])
a takes action: stay(['a'])
b takes action: stay(['b'])
c takes action: move(['c', 'r8', 'r7'])
Steps: 19
Time cost: 0.259576s
2025-10-24 20:52:06,340 EXP - __main__.Logger.exp:
a takes action: stay(['a'])
b takes action: move(['b', 'r2', 'r5'])
c takes action: move(['c', 'r6', 'r9'])
d takes action: stay(['d'])
a takes action: move(['a', 'r1', 'r2'])
b takes action: move(['b', 'r5', 'r6'])
c takes action: move(['c', 'r9', 'r8'])
d takes action: move(['d', 'r7', 'r4'])
a takes action: stay(['a'])
b takes action: stay(['b'])
c takes action: move(['c', 'r8', 'r7'])
d takes action: move(['d', 'r4', 'r1'])
Steps: 12
Time cost: 0.159971s
2025-10-24 20:52:06,582 EXP - __main__.Logger.exp:
a takes action: move(['a', 'r1', 'r4'])
b takes action: stay(['b'])
c takes action: move(['c', 'r6', 'r9'])
d takes action: stay(['d'])
a takes action: move(['a', 'r4', 'r5'])
b takes action: move(['b', 'r2', 'r3'])
c takes action: move(['c', 'r9', 'r6'])
d takes action: move(['d', 'r7', 'r4'])
a takes action: move(['a', 'r5', 'r2'])
b takes action: stay(['b'])
c takes action: move(['c', 'r6', 'r5'])
d takes action: move(['d', 'r4', 'r1'])
a takes action: stay(['a'])
b takes action: move(['b', 'r3', 'r6'])
c takes action: move(['c', 'r5', 'r4'])
d takes action: stay(['d'])
a takes action: stay(['a'])
b takes action: stay(['b'])
c takes action: move(['c', 'r4', 'r7'])
Steps: 19
Time cost: 0.239022s
2025-10-24 20:52:06,582 EXP - __main__.Logger.exp:
Avg Steps: 16.666666666666668
Avg Time: 0.219523s
