2025-10-14 14:42:00,745 EXP - __main__.Logger.exp:
a takes action: peek(['a'])
b takes action: peek(['b'])
a takes action: flip_up(['a', 'c1'])
b takes action: stay(['b'])
a takes action: return(['a'])
b takes action: flip_down(['b', 'c1'])
Steps: 6
Time cost: 0.055807s
2025-10-14 14:42:00,802 EXP - __main__.Logger.exp:
a takes action: peek(['a'])
b takes action: peek(['b'])
a takes action: flip_up(['a', 'c1'])
b takes action: stay(['b'])
a takes action: return(['a'])
b takes action: flip_down(['b', 'c1'])
Steps: 6
Time cost: 0.056762s
2025-10-14 14:42:00,858 EXP - __main__.Logger.exp:
a takes action: peek(['a'])
b takes action: peek(['b'])
a takes action: flip_up(['a', 'c1'])
b takes action: stay(['b'])
a takes action: return(['a'])
b takes action: flip_down(['b', 'c1'])
Steps: 6
Time cost: 0.055624s
2025-10-14 14:42:00,914 EXP - __main__.Logger.exp:
a takes action: peek(['a'])
b takes action: peek(['b'])
a takes action: flip_up(['a', 'c1'])
b takes action: stay(['b'])
a takes action: return(['a'])
b takes action: flip_down(['b', 'c1'])
Steps: 6
Time cost: 0.055565s
2025-10-14 14:42:00,970 EXP - __main__.Logger.exp:
a takes action: peek(['a'])
b takes action: peek(['b'])
a takes action: flip_up(['a', 'c1'])
b takes action: stay(['b'])
a takes action: return(['a'])
b takes action: flip_down(['b', 'c1'])
Steps: 6
Time cost: 0.055431s
2025-10-14 14:42:01,027 EXP - __main__.Logger.exp:
a takes action: peek(['a'])
b takes action: peek(['b'])
a takes action: flip_up(['a', 'c1'])
b takes action: stay(['b'])
a takes action: return(['a'])
b takes action: flip_down(['b', 'c1'])
Steps: 6
Time cost: 0.056045s
2025-10-14 14:42:01,083 EXP - __main__.Logger.exp:
a takes action: peek(['a'])
b takes action: peek(['b'])
a takes action: flip_up(['a', 'c1'])
b takes action: stay(['b'])
a takes action: return(['a'])
b takes action: flip_down(['b', 'c1'])
Steps: 6
Time cost: 0.055533s
2025-10-14 14:42:01,139 EXP - __main__.Logger.exp:
a takes action: peek(['a'])
b takes action: peek(['b'])
a takes action: flip_up(['a', 'c1'])
b takes action: stay(['b'])
a takes action: return(['a'])
b takes action: flip_down(['b', 'c1'])
Steps: 6
Time cost: 0.055952s
2025-10-14 14:42:01,196 EXP - __main__.Logger.exp:
a takes action: peek(['a'])
b takes action: peek(['b'])
a takes action: flip_up(['a', 'c1'])
b takes action: stay(['b'])
a takes action: return(['a'])
b takes action: flip_down(['b', 'c1'])
Steps: 6
Time cost: 0.056248s
2025-10-14 14:42:01,252 EXP - __main__.Logger.exp:
a takes action: peek(['a'])
b takes action: peek(['b'])
a takes action: flip_up(['a', 'c1'])
b takes action: stay(['b'])
a takes action: return(['a'])
b takes action: flip_down(['b', 'c1'])
Steps: 6
Time cost: 0.056040s
2025-10-14 14:42:01,252 EXP - __main__.Logger.exp:
Avg Steps: 6.0
Avg Time: 0.055901s
