2025-10-14 14:40:30,025 EXP - __main__.Logger.exp:
a takes action: peek(['a'])
b takes action: peek(['b'])
a takes action: return(['a'])
b takes action: flip_up(['b', 'c1'])
Steps: 4
Time cost: 0.015984s
2025-10-14 14:40:30,041 EXP - __main__.Logger.exp:
a takes action: peek(['a'])
b takes action: peek(['b'])
a takes action: return(['a'])
b takes action: flip_up(['b', 'c1'])
Steps: 4
Time cost: 0.015583s
2025-10-14 14:40:30,057 EXP - __main__.Logger.exp:
a takes action: peek(['a'])
b takes action: peek(['b'])
a takes action: return(['a'])
b takes action: flip_up(['b', 'c1'])
Steps: 4
Time cost: 0.015662s
2025-10-14 14:40:30,073 EXP - __main__.Logger.exp:
a takes action: peek(['a'])
b takes action: peek(['b'])
a takes action: return(['a'])
b takes action: flip_up(['b', 'c1'])
Steps: 4
Time cost: 0.015402s
2025-10-14 14:40:30,089 EXP - __main__.Logger.exp:
a takes action: peek(['a'])
b takes action: peek(['b'])
a takes action: return(['a'])
b takes action: flip_up(['b', 'c1'])
Steps: 4
Time cost: 0.015284s
2025-10-14 14:40:30,105 EXP - __main__.Logger.exp:
a takes action: peek(['a'])
b takes action: peek(['b'])
a takes action: return(['a'])
b takes action: flip_up(['b', 'c1'])
Steps: 4
Time cost: 0.016150s
2025-10-14 14:40:30,121 EXP - __main__.Logger.exp:
a takes action: peek(['a'])
b takes action: peek(['b'])
a takes action: return(['a'])
b takes action: flip_up(['b', 'c1'])
Steps: 4
Time cost: 0.015373s
2025-10-14 14:40:30,137 EXP - __main__.Logger.exp:
a takes action: peek(['a'])
b takes action: peek(['b'])
a takes action: return(['a'])
b takes action: flip_up(['b', 'c1'])
Steps: 4
Time cost: 0.015349s
2025-10-14 14:40:30,152 EXP - __main__.Logger.exp:
a takes action: peek(['a'])
b takes action: peek(['b'])
a takes action: return(['a'])
b takes action: flip_up(['b', 'c1'])
Steps: 4
Time cost: 0.015340s
2025-10-14 14:40:30,168 EXP - __main__.Logger.exp:
a takes action: peek(['a'])
b takes action: peek(['b'])
a takes action: return(['a'])
b takes action: flip_up(['b', 'c1'])
Steps: 4
Time cost: 0.015560s
2025-10-14 14:40:30,168 EXP - __main__.Logger.exp:
Avg Steps: 4.0
Avg Time: 0.015569s
