2025-10-14 14:42:04,452 EXP - __main__.Logger.exp:
a takes action: drop_item(['a', 'i'])
b takes action: move_right_without_item(['b'])
a takes action: pick_up(['a', 'i'])
Steps: 3
Time cost: 0.029291s
2025-10-14 14:42:04,483 EXP - __main__.Logger.exp:
a takes action: drop_item(['a', 'i'])
b takes action: move_right_without_item(['b'])
a takes action: pick_up(['a', 'i'])
Steps: 3
Time cost: 0.029954s
2025-10-14 14:42:04,513 EXP - __main__.Logger.exp:
a takes action: drop_item(['a', 'i'])
b takes action: move_right_without_item(['b'])
a takes action: pick_up(['a', 'i'])
Steps: 3
Time cost: 0.029243s
2025-10-14 14:42:04,543 EXP - __main__.Logger.exp:
a takes action: drop_item(['a', 'i'])
b takes action: move_right_without_item(['b'])
a takes action: pick_up(['a', 'i'])
Steps: 3
Time cost: 0.029682s
2025-10-14 14:42:04,573 EXP - __main__.Logger.exp:
a takes action: drop_item(['a', 'i'])
b takes action: move_right_without_item(['b'])
a takes action: pick_up(['a', 'i'])
Steps: 3
Time cost: 0.029417s
2025-10-14 14:42:04,603 EXP - __main__.Logger.exp:
a takes action: drop_item(['a', 'i'])
b takes action: move_right_without_item(['b'])
a takes action: pick_up(['a', 'i'])
Steps: 3
Time cost: 0.029455s
2025-10-14 14:42:04,633 EXP - __main__.Logger.exp:
a takes action: drop_item(['a', 'i'])
b takes action: move_right_without_item(['b'])
a takes action: pick_up(['a', 'i'])
Steps: 3
Time cost: 0.029307s
2025-10-14 14:42:04,663 EXP - __main__.Logger.exp:
a takes action: drop_item(['a', 'i'])
b takes action: move_right_without_item(['b'])
a takes action: pick_up(['a', 'i'])
Steps: 3
Time cost: 0.029519s
2025-10-14 14:42:04,694 EXP - __main__.Logger.exp:
a takes action: drop_item(['a', 'i'])
b takes action: move_right_without_item(['b'])
a takes action: pick_up(['a', 'i'])
Steps: 3
Time cost: 0.029617s
2025-10-14 14:42:04,724 EXP - __main__.Logger.exp:
a takes action: drop_item(['a', 'i'])
b takes action: move_right_without_item(['b'])
a takes action: pick_up(['a', 'i'])
Steps: 3
Time cost: 0.029658s
2025-10-14 14:42:04,724 EXP - __main__.Logger.exp:
Avg Steps: 3.0
Avg Time: 0.029514s
