2025-10-14 14:42:06,948 EXP - __main__.Logger.exp:
a takes action: stay(['a'])
b takes action: stay(['b'])
a takes action: move_right_with_item(['a', 'i'])
b takes action: drop_item(['b', 'j'])
a takes action: drop_item(['a', 'i'])
b takes action: pick_up(['b', 'j'])
a takes action: stay(['a'])
b takes action: drop_item(['b', 'j'])
a takes action: pick_up(['a', 'j'])
b takes action: pick_up(['b', 'i'])
Steps: 10
Time cost: 0.122661s
2025-10-14 14:42:07,998 EXP - __main__.Logger.exp:
a takes action: drop_item(['a', 'i'])
b takes action: drop_item(['b', 'j'])
a takes action: stay(['a'])
b takes action: move_left_without_item(['b'])
a takes action: move_right_without_item(['a'])
b takes action: stay(['b'])
a takes action: move_left_without_item(['a'])
b takes action: move_right_without_item(['b'])
a takes action: stay(['a'])
b takes action: pick_up(['b', 'j'])
a takes action: stay(['a'])
b takes action: move_left_with_item(['b', 'j'])
a takes action: pick_up(['a', 'i'])
b takes action: stay(['b'])
a takes action: stay(['a'])
b takes action: stay(['b'])
a takes action: stay(['a'])
b takes action: drop_item(['b', 'j'])
a takes action: stay(['a'])
b takes action: move_right_without_item(['b'])
a takes action: drop_item(['a', 'i'])
b takes action: move_left_without_item(['b'])
a takes action: move_right_without_item(['a'])
b takes action: pick_up(['b', 'j'])
a takes action: move_left_without_item(['a'])
b takes action: drop_item(['b', 'j'])
a takes action: stay(['a'])
b takes action: move_right_without_item(['b'])
a takes action: stay(['a'])
b takes action: move_left_without_item(['b'])
a takes action: move_right_without_item(['a'])
b takes action: stay(['b'])
a takes action: move_left_without_item(['a'])
b takes action: pick_up(['b', 'j'])
a takes action: move_right_without_item(['a'])
b takes action: drop_item(['b', 'j'])
a takes action: stay(['a'])
b takes action: move_right_without_item(['b'])
a takes action: stay(['a'])
b takes action: stay(['b'])
a takes action: move_left_without_item(['a'])
b takes action: move_left_without_item(['b'])
a takes action: pick_up(['a', 'j'])
b takes action: pick_up(['b', 'i'])
Steps: 44
Time cost: 1.048984s
2025-10-14 14:42:08,266 EXP - __main__.Logger.exp:
a takes action: drop_item(['a', 'i'])
b takes action: move_left_with_item(['b', 'j'])
a takes action: move_right_without_item(['a'])
b takes action: drop_item(['b', 'j'])
a takes action: move_left_without_item(['a'])
b takes action: stay(['b'])
a takes action: pick_up(['a', 'i'])
b takes action: move_right_without_item(['b'])
a takes action: move_right_with_item(['a', 'i'])
b takes action: move_left_without_item(['b'])
a takes action: stay(['a'])
b takes action: move_right_without_item(['b'])
a takes action: move_left_with_item(['a', 'i'])
b takes action: stay(['b'])
a takes action: stay(['a'])
b takes action: stay(['b'])
a takes action: drop_item(['a', 'i'])
b takes action: move_left_without_item(['b'])
a takes action: pick_up(['a', 'j'])
b takes action: pick_up(['b', 'i'])
Steps: 20
Time cost: 0.267411s
2025-10-14 14:42:08,875 EXP - __main__.Logger.exp:
a takes action: move_right_with_item(['a', 'i'])
b takes action: drop_item(['b', 'j'])
a takes action: stay(['a'])
b takes action: pick_up(['b', 'j'])
a takes action: stay(['a'])
b takes action: stay(['b'])
a takes action: stay(['a'])
b takes action: stay(['b'])
a takes action: move_left_with_item(['a', 'i'])
b takes action: drop_item(['b', 'j'])
a takes action: drop_item(['a', 'i'])
b takes action: move_left_without_item(['b'])
a takes action: move_right_without_item(['a'])
b takes action: move_right_without_item(['b'])
a takes action: move_left_without_item(['a'])
b takes action: move_left_without_item(['b'])
a takes action: move_right_without_item(['a'])
b takes action: stay(['b'])
a takes action: pick_up(['a', 'j'])
b takes action: stay(['b'])
a takes action: stay(['a'])
b takes action: stay(['b'])
a takes action: stay(['a'])
b takes action: pick_up(['b', 'i'])
a takes action: drop_item(['a', 'j'])
b takes action: drop_item(['b', 'i'])
a takes action: pick_up(['a', 'j'])
b takes action: stay(['b'])
a takes action: move_left_with_item(['a', 'j'])
b takes action: pick_up(['b', 'i'])
Steps: 30
Time cost: 0.608416s
2025-10-14 14:42:09,142 EXP - __main__.Logger.exp:
a takes action: stay(['a'])
b takes action: move_left_with_item(['b', 'j'])
a takes action: move_right_with_item(['a', 'i'])
b takes action: drop_item(['b', 'j'])
a takes action: drop_item(['a', 'i'])
b takes action: pick_up(['b', 'j'])
a takes action: pick_up(['a', 'i'])
b takes action: drop_item(['b', 'j'])
a takes action: stay(['a'])
b takes action: pick_up(['b', 'j'])
a takes action: stay(['a'])
b takes action: stay(['b'])
a takes action: drop_item(['a', 'i'])
b takes action: move_right_with_item(['b', 'j'])
a takes action: move_left_without_item(['a'])
b takes action: stay(['b'])
a takes action: move_right_without_item(['a'])
b takes action: stay(['b'])
a takes action: move_left_without_item(['a'])
b takes action: drop_item(['b', 'j'])
a takes action: stay(['a'])
b takes action: stay(['b'])
a takes action: move_right_without_item(['a'])
b takes action: pick_up(['b', 'i'])
a takes action: pick_up(['a', 'j'])
Steps: 25
Time cost: 0.266484s
2025-10-14 14:42:09,401 EXP - __main__.Logger.exp:
a takes action: drop_item(['a', 'i'])
b takes action: drop_item(['b', 'j'])
a takes action: stay(['a'])
b takes action: move_left_without_item(['b'])
a takes action: pick_up(['a', 'i'])
b takes action: stay(['b'])
a takes action: move_right_with_item(['a', 'i'])
b takes action: move_right_without_item(['b'])
a takes action: stay(['a'])
b takes action: stay(['b'])
a takes action: drop_item(['a', 'i'])
b takes action: move_left_without_item(['b'])
a takes action: stay(['a'])
b takes action: move_right_without_item(['b'])
a takes action: pick_up(['a', 'j'])
b takes action: pick_up(['b', 'i'])
Steps: 16
Time cost: 0.257580s
2025-10-14 14:42:10,589 EXP - __main__.Logger.exp:
a takes action: drop_item(['a', 'i'])
b takes action: drop_item(['b', 'j'])
a takes action: pick_up(['a', 'i'])
b takes action: pick_up(['b', 'j'])
a takes action: stay(['a'])
b takes action: move_left_with_item(['b', 'j'])
a takes action: stay(['a'])
b takes action: stay(['b'])
a takes action: move_right_with_item(['a', 'i'])
b takes action: move_right_with_item(['b', 'j'])
a takes action: stay(['a'])
b takes action: move_left_with_item(['b', 'j'])
a takes action: drop_item(['a', 'i'])
b takes action: drop_item(['b', 'j'])
a takes action: stay(['a'])
b takes action: stay(['b'])
a takes action: pick_up(['a', 'i'])
b takes action: stay(['b'])
a takes action: stay(['a'])
b takes action: move_right_without_item(['b'])
a takes action: drop_item(['a', 'i'])
b takes action: stay(['b'])
a takes action: pick_up(['a', 'i'])
b takes action: stay(['b'])
a takes action: stay(['a'])
b takes action: move_left_without_item(['b'])
a takes action: move_left_with_item(['a', 'i'])
b takes action: move_right_without_item(['b'])
a takes action: move_right_with_item(['a', 'i'])
b takes action: stay(['b'])
a takes action: stay(['a'])
b takes action: stay(['b'])
a takes action: move_left_with_item(['a', 'i'])
b takes action: stay(['b'])
a takes action: move_right_with_item(['a', 'i'])
b takes action: move_left_without_item(['b'])
a takes action: move_left_with_item(['a', 'i'])
b takes action: move_right_without_item(['b'])
a takes action: drop_item(['a', 'i'])
b takes action: stay(['b'])
a takes action: pick_up(['a', 'j'])
b takes action: stay(['b'])
a takes action: move_right_with_item(['a', 'j'])
b takes action: move_left_without_item(['b'])
a takes action: drop_item(['a', 'j'])
b takes action: pick_up(['b', 'i'])
a takes action: move_left_without_item(['a'])
b takes action: drop_item(['b', 'i'])
a takes action: move_right_without_item(['a'])
b takes action: pick_up(['b', 'i'])
a takes action: move_left_without_item(['a'])
b takes action: move_right_with_item(['b', 'i'])
a takes action: move_right_without_item(['a'])
b takes action: move_left_with_item(['b', 'i'])
a takes action: pick_up(['a', 'j'])
b takes action: stay(['b'])
a takes action: stay(['a'])
b takes action: stay(['b'])
a takes action: stay(['a'])
b takes action: move_right_with_item(['b', 'i'])
Steps: 60
Time cost: 1.187675s
2025-10-14 14:42:11,046 EXP - __main__.Logger.exp:
a takes action: drop_item(['a', 'i'])
b takes action: stay(['b'])
a takes action: move_right_without_item(['a'])
b takes action: stay(['b'])
a takes action: stay(['a'])
b takes action: stay(['b'])
a takes action: move_left_without_item(['a'])
b takes action: move_left_with_item(['b', 'j'])
a takes action: move_right_without_item(['a'])
b takes action: move_right_with_item(['b', 'j'])
a takes action: move_left_without_item(['a'])
b takes action: stay(['b'])
a takes action: move_right_without_item(['a'])
b takes action: move_left_with_item(['b', 'j'])
a takes action: stay(['a'])
b takes action: drop_item(['b', 'j'])
a takes action: stay(['a'])
b takes action: pick_up(['b', 'j'])
a takes action: move_left_without_item(['a'])
b takes action: stay(['b'])
a takes action: pick_up(['a', 'i'])
b takes action: drop_item(['b', 'j'])
a takes action: stay(['a'])
b takes action: move_right_without_item(['b'])
a takes action: stay(['a'])
b takes action: move_left_without_item(['b'])
a takes action: drop_item(['a', 'i'])
b takes action: pick_up(['b', 'i'])
a takes action: pick_up(['a', 'j'])
Steps: 29
Time cost: 0.455930s
2025-10-14 14:42:11,763 EXP - __main__.Logger.exp:
a takes action: drop_item(['a', 'i'])
b takes action: move_left_with_item(['b', 'j'])
a takes action: move_right_without_item(['a'])
b takes action: move_right_with_item(['b', 'j'])
a takes action: move_left_without_item(['a'])
b takes action: stay(['b'])
a takes action: move_right_without_item(['a'])
b takes action: stay(['b'])
a takes action: move_left_without_item(['a'])
b takes action: move_left_with_item(['b', 'j'])
a takes action: move_right_without_item(['a'])
b takes action: move_right_with_item(['b', 'j'])
a takes action: stay(['a'])
b takes action: drop_item(['b', 'j'])
a takes action: move_left_without_item(['a'])
b takes action: move_left_without_item(['b'])
a takes action: pick_up(['a', 'i'])
b takes action: stay(['b'])
a takes action: move_right_with_item(['a', 'i'])
b takes action: stay(['b'])
a takes action: drop_item(['a', 'i'])
b takes action: move_right_without_item(['b'])
a takes action: pick_up(['a', 'i'])
b takes action: stay(['b'])
a takes action: drop_item(['a', 'i'])
b takes action: move_left_without_item(['b'])
a takes action: pick_up(['a', 'i'])
b takes action: stay(['b'])
a takes action: drop_item(['a', 'i'])
b takes action: move_right_without_item(['b'])
a takes action: pick_up(['a', 'i'])
b takes action: stay(['b'])
a takes action: drop_item(['a', 'i'])
b takes action: pick_up(['b', 'i'])
a takes action: pick_up(['a', 'j'])
Steps: 35
Time cost: 0.716157s
2025-10-14 14:42:11,824 EXP - __main__.Logger.exp:
a takes action: move_right_with_item(['a', 'i'])
b takes action: drop_item(['b', 'j'])
a takes action: drop_item(['a', 'i'])
b takes action: stay(['b'])
a takes action: pick_up(['a', 'j'])
b takes action: pick_up(['b', 'i'])
Steps: 6
Time cost: 0.059449s
2025-10-14 14:42:11,824 EXP - __main__.Logger.exp:
Avg Steps: 27.5
Avg Time: 0.499075s
