2025-10-13 16:17:02,099 EXP - __main__.Logger.exp:
a takes action: lying_own_secret(['a', 'as'])
b takes action: sharing_stay(['b'])
c takes action: sharing_stay(['c'])
d takes action: sharing_stay(['d'])
a takes action: quiet(['a', 'as'])
b takes action: move_right(['b'])
c takes action: move_right(['c'])
d takes action: sharing_others_secret(['d', 'as'])
a takes action: sharing_stay(['a'])
b takes action: sharing_stay(['b'])
c takes action: sharing_stay(['c'])
d takes action: quiet(['d', 'as'])
a takes action: move_right(['a'])
b takes action: normal_stay(['b'])
c takes action: normal_stay(['c'])
d takes action: normal_stay(['d'])
a takes action: normal_stay(['a'])
b takes action: normal_stay(['b'])
c takes action: move_left(['c'])
d takes action: move_right(['d'])
a takes action: normal_stay(['a'])
b takes action: normal_stay(['b'])
c takes action: sharing_others_secret(['c', 'as'])
d takes action: sharing_stay(['d'])
a takes action: sharing_stay(['a'])
b takes action: sharing_stay(['b'])
c takes action: quiet(['c', 'as'])
d takes action: normal_stay(['d'])
a takes action: normal_stay(['a'])
b takes action: normal_stay(['b'])
c takes action: sharing_others_secret(['c', 'as'])
d takes action: sharing_stay(['d'])
a takes action: sharing_stay(['a'])
b takes action: sharing_stay(['b'])
c takes action: quiet(['c', 'as'])
d takes action: move_left(['d'])
a takes action: sharing_own_secret(['a', 'as'])
Steps: 37
Time cost: 7.406284s
2025-10-13 16:17:08,599 EXP - __main__.Logger.exp:
a takes action: lying_own_secret(['a', 'as'])
b takes action: sharing_stay(['b'])
c takes action: sharing_stay(['c'])
d takes action: sharing_stay(['d'])
a takes action: quiet(['a', 'as'])
b takes action: move_right(['b'])
c takes action: move_right(['c'])
d takes action: normal_stay(['d'])
a takes action: move_right(['a'])
b takes action: normal_stay(['b'])
c takes action: normal_stay(['c'])
d takes action: move_right(['d'])
a takes action: move_left(['a'])
b takes action: move_left(['b'])
c takes action: move_left(['c'])
d takes action: normal_stay(['d'])
a takes action: normal_stay(['a'])
b takes action: normal_stay(['b'])
c takes action: move_right(['c'])
d takes action: sharing_others_secret(['d', 'as'])
a takes action: sharing_stay(['a'])
b takes action: sharing_stay(['b'])
c takes action: sharing_stay(['c'])
d takes action: quiet(['d', 'as'])
a takes action: sharing_own_secret(['a', 'as'])
Steps: 25
Time cost: 6.497833s
2025-10-13 16:17:14,188 EXP - __main__.Logger.exp:
a takes action: lying_own_secret(['a', 'as'])
b takes action: sharing_stay(['b'])
c takes action: sharing_stay(['c'])
d takes action: sharing_stay(['d'])
a takes action: quiet(['a', 'as'])
b takes action: move_right(['b'])
c takes action: sharing_others_secret(['c', 'as'])
d takes action: sharing_stay(['d'])
a takes action: sharing_stay(['a'])
b takes action: sharing_stay(['b'])
c takes action: quiet(['c', 'as'])
d takes action: normal_stay(['d'])
a takes action: move_right(['a'])
b takes action: normal_stay(['b'])
c takes action: normal_stay(['c'])
d takes action: sharing_others_secret(['d', 'as'])
a takes action: sharing_stay(['a'])
b takes action: sharing_stay(['b'])
c takes action: sharing_stay(['c'])
d takes action: quiet(['d', 'as'])
a takes action: sharing_own_secret(['a', 'as'])
Steps: 21
Time cost: 5.588389s
2025-10-13 16:17:23,958 EXP - __main__.Logger.exp:
a takes action: lying_own_secret(['a', 'as'])
b takes action: sharing_stay(['b'])
c takes action: sharing_stay(['c'])
d takes action: sharing_stay(['d'])
a takes action: quiet(['a', 'as'])
b takes action: move_right(['b'])
c takes action: normal_stay(['c'])
d takes action: move_right(['d'])
a takes action: move_right(['a'])
b takes action: normal_stay(['b'])
c takes action: sharing_others_secret(['c', 'as'])
d takes action: sharing_stay(['d'])
a takes action: sharing_stay(['a'])
b takes action: sharing_stay(['b'])
c takes action: quiet(['c', 'as'])
d takes action: normal_stay(['d'])
a takes action: normal_stay(['a'])
b takes action: normal_stay(['b'])
c takes action: normal_stay(['c'])
d takes action: sharing_others_secret(['d', 'as'])
a takes action: sharing_stay(['a'])
b takes action: sharing_stay(['b'])
c takes action: sharing_stay(['c'])
d takes action: quiet(['d', 'as'])
a takes action: normal_stay(['a'])
b takes action: normal_stay(['b'])
c takes action: normal_stay(['c'])
d takes action: normal_stay(['d'])
a takes action: normal_stay(['a'])
b takes action: normal_stay(['b'])
c takes action: move_right(['c'])
d takes action: move_left(['d'])
a takes action: normal_stay(['a'])
b takes action: normal_stay(['b'])
c takes action: sharing_others_secret(['c', 'as'])
d takes action: sharing_stay(['d'])
a takes action: sharing_stay(['a'])
b takes action: sharing_stay(['b'])
c takes action: quiet(['c', 'as'])
d takes action: move_right(['d'])
a takes action: move_left(['a'])
b takes action: move_left(['b'])
c takes action: move_left(['c'])
d takes action: sharing_others_secret(['d', 'as'])
a takes action: sharing_stay(['a'])
b takes action: sharing_stay(['b'])
c takes action: sharing_stay(['c'])
d takes action: quiet(['d', 'as'])
a takes action: normal_stay(['a'])
b takes action: normal_stay(['b'])
c takes action: move_right(['c'])
d takes action: normal_stay(['d'])
a takes action: sharing_own_secret(['a', 'as'])
Steps: 53
Time cost: 9.767680s
2025-10-13 16:17:29,519 EXP - __main__.Logger.exp:
a takes action: lying_own_secret(['a', 'as'])
b takes action: sharing_stay(['b'])
c takes action: sharing_stay(['c'])
d takes action: sharing_stay(['d'])
a takes action: quiet(['a', 'as'])
b takes action: move_right(['b'])
c takes action: normal_stay(['c'])
d takes action: normal_stay(['d'])
a takes action: move_right(['a'])
b takes action: normal_stay(['b'])
c takes action: normal_stay(['c'])
d takes action: normal_stay(['d'])
a takes action: sharing_own_secret(['a', 'as'])
Steps: 13
Time cost: 5.559803s
2025-10-13 16:17:35,097 EXP - __main__.Logger.exp:
a takes action: lying_own_secret(['a', 'as'])
b takes action: sharing_stay(['b'])
c takes action: sharing_stay(['c'])
d takes action: sharing_stay(['d'])
a takes action: quiet(['a', 'as'])
b takes action: move_right(['b'])
c takes action: sharing_others_secret(['c', 'as'])
d takes action: sharing_stay(['d'])
a takes action: sharing_stay(['a'])
b takes action: sharing_stay(['b'])
c takes action: quiet(['c', 'as'])
d takes action: normal_stay(['d'])
a takes action: move_right(['a'])
b takes action: normal_stay(['b'])
c takes action: normal_stay(['c'])
d takes action: normal_stay(['d'])
a takes action: sharing_own_secret(['a', 'as'])
Steps: 17
Time cost: 5.576864s
2025-10-13 16:17:44,063 EXP - __main__.Logger.exp:
a takes action: lying_own_secret(['a', 'as'])
b takes action: sharing_stay(['b'])
c takes action: sharing_stay(['c'])
d takes action: sharing_stay(['d'])
a takes action: quiet(['a', 'as'])
b takes action: move_right(['b'])
c takes action: sharing_others_secret(['c', 'as'])
d takes action: sharing_stay(['d'])
a takes action: sharing_stay(['a'])
b takes action: sharing_stay(['b'])
c takes action: quiet(['c', 'as'])
d takes action: move_right(['d'])
a takes action: move_right(['a'])
b takes action: normal_stay(['b'])
c takes action: normal_stay(['c'])
d takes action: normal_stay(['d'])
a takes action: normal_stay(['a'])
b takes action: normal_stay(['b'])
c takes action: sharing_others_secret(['c', 'as'])
d takes action: sharing_stay(['d'])
a takes action: sharing_stay(['a'])
b takes action: sharing_stay(['b'])
c takes action: quiet(['c', 'as'])
d takes action: sharing_others_secret(['d', 'as'])
a takes action: sharing_stay(['a'])
b takes action: sharing_stay(['b'])
c takes action: sharing_stay(['c'])
d takes action: quiet(['d', 'as'])
a takes action: normal_stay(['a'])
b takes action: normal_stay(['b'])
c takes action: move_right(['c'])
d takes action: normal_stay(['d'])
a takes action: move_left(['a'])
b takes action: move_left(['b'])
c takes action: move_left(['c'])
d takes action: normal_stay(['d'])
a takes action: normal_stay(['a'])
b takes action: normal_stay(['b'])
c takes action: sharing_others_secret(['c', 'as'])
d takes action: sharing_stay(['d'])
a takes action: sharing_stay(['a'])
b takes action: sharing_stay(['b'])
c takes action: quiet(['c', 'as'])
d takes action: move_left(['d'])
a takes action: move_right(['a'])
b takes action: move_right(['b'])
c takes action: sharing_others_secret(['c', 'as'])
d takes action: sharing_stay(['d'])
a takes action: sharing_stay(['a'])
b takes action: sharing_stay(['b'])
c takes action: quiet(['c', 'as'])
d takes action: normal_stay(['d'])
a takes action: sharing_own_secret(['a', 'as'])
Steps: 53
Time cost: 8.965209s
2025-10-13 16:17:49,649 EXP - __main__.Logger.exp:
a takes action: lying_own_secret(['a', 'as'])
b takes action: sharing_stay(['b'])
c takes action: sharing_stay(['c'])
d takes action: sharing_stay(['d'])
a takes action: quiet(['a', 'as'])
b takes action: move_right(['b'])
c takes action: normal_stay(['c'])
d takes action: normal_stay(['d'])
a takes action: move_right(['a'])
b takes action: normal_stay(['b'])
c takes action: normal_stay(['c'])
d takes action: sharing_others_secret(['d', 'as'])
a takes action: sharing_stay(['a'])
b takes action: sharing_stay(['b'])
c takes action: sharing_stay(['c'])
d takes action: quiet(['d', 'as'])
a takes action: sharing_own_secret(['a', 'as'])
Steps: 17
Time cost: 5.584710s
2025-10-13 16:17:55,490 EXP - __main__.Logger.exp:
a takes action: lying_own_secret(['a', 'as'])
b takes action: sharing_stay(['b'])
c takes action: sharing_stay(['c'])
d takes action: sharing_stay(['d'])
a takes action: quiet(['a', 'as'])
b takes action: move_right(['b'])
c takes action: sharing_others_secret(['c', 'as'])
d takes action: sharing_stay(['d'])
a takes action: sharing_stay(['a'])
b takes action: sharing_stay(['b'])
c takes action: quiet(['c', 'as'])
d takes action: move_right(['d'])
a takes action: move_right(['a'])
b takes action: normal_stay(['b'])
c takes action: sharing_others_secret(['c', 'as'])
d takes action: sharing_stay(['d'])
a takes action: sharing_stay(['a'])
b takes action: sharing_stay(['b'])
c takes action: quiet(['c', 'as'])
d takes action: move_left(['d'])
a takes action: sharing_own_secret(['a', 'as'])
Steps: 21
Time cost: 5.839315s
2025-10-13 16:18:01,114 EXP - __main__.Logger.exp:
a takes action: lying_own_secret(['a', 'as'])
b takes action: sharing_stay(['b'])
c takes action: sharing_stay(['c'])
d takes action: sharing_stay(['d'])
a takes action: quiet(['a', 'as'])
b takes action: move_right(['b'])
c takes action: sharing_others_secret(['c', 'as'])
d takes action: sharing_stay(['d'])
a takes action: sharing_stay(['a'])
b takes action: sharing_stay(['b'])
c takes action: quiet(['c', 'as'])
d takes action: sharing_others_secret(['d', 'as'])
a takes action: sharing_stay(['a'])
b takes action: sharing_stay(['b'])
c takes action: sharing_stay(['c'])
d takes action: quiet(['d', 'as'])
a takes action: move_right(['a'])
b takes action: normal_stay(['b'])
c takes action: normal_stay(['c'])
d takes action: normal_stay(['d'])
a takes action: sharing_own_secret(['a', 'as'])
Steps: 21
Time cost: 5.622560s
2025-10-13 16:18:01,114 EXP - __main__.Logger.exp:
Avg Steps: 27.8
Avg Time: 6.640865s
