2025-10-13 16:27:35,401 EXP - __main__.Logger.exp:
a1 takes action: sharing_own_secret(['a1', 'a1s'])
a2 takes action: sharing_stay(['a2'])
a3 takes action: sharing_stay(['a3'])
a4 takes action: sharing_stay(['a4'])
a5 takes action: sharing_stay(['a5'])
a6 takes action: sharing_stay(['a6'])
a7 takes action: sharing_stay(['a7'])
a8 takes action: sharing_stay(['a8'])
a1 takes action: quiet(['a1', 'a1s'])
a2 takes action: move_right(['a2'])
a3 takes action: move_right(['a3'])
a4 takes action: move_right(['a4'])
a5 takes action: normal_stay(['a5'])
a6 takes action: normal_stay(['a6'])
a7 takes action: normal_stay(['a7'])
a8 takes action: normal_stay(['a8'])
a1 takes action: move_right(['a1'])
a2 takes action: normal_stay(['a2'])
a3 takes action: normal_stay(['a3'])
a4 takes action: normal_stay(['a4'])
a5 takes action: normal_stay(['a5'])
a6 takes action: normal_stay(['a6'])
a7 takes action: normal_stay(['a7'])
a8 takes action: normal_stay(['a8'])
a1 takes action: lying_own_secret(['a1', 'a1s'])
Steps: 25
Time cost: 510.474527s
2025-10-13 16:36:10,360 EXP - __main__.Logger.exp:
a1 takes action: sharing_own_secret(['a1', 'a1s'])
a2 takes action: sharing_stay(['a2'])
a3 takes action: sharing_stay(['a3'])
a4 takes action: sharing_stay(['a4'])
a5 takes action: sharing_stay(['a5'])
a6 takes action: sharing_stay(['a6'])
a7 takes action: sharing_stay(['a7'])
a8 takes action: sharing_stay(['a8'])
a1 takes action: quiet(['a1', 'a1s'])
a2 takes action: move_right(['a2'])
a3 takes action: move_right(['a3'])
a4 takes action: move_right(['a4'])
a5 takes action: normal_stay(['a5'])
a6 takes action: normal_stay(['a6'])
a7 takes action: normal_stay(['a7'])
a8 takes action: normal_stay(['a8'])
a1 takes action: move_right(['a1'])
a2 takes action: normal_stay(['a2'])
a3 takes action: normal_stay(['a3'])
a4 takes action: normal_stay(['a4'])
a5 takes action: normal_stay(['a5'])
a6 takes action: normal_stay(['a6'])
a7 takes action: normal_stay(['a7'])
a8 takes action: normal_stay(['a8'])
a1 takes action: lying_own_secret(['a1', 'a1s'])
Steps: 25
Time cost: 514.957563s
2025-10-13 16:44:41,551 EXP - __main__.Logger.exp:
a1 takes action: sharing_own_secret(['a1', 'a1s'])
a2 takes action: sharing_stay(['a2'])
a3 takes action: sharing_stay(['a3'])
a4 takes action: sharing_stay(['a4'])
a5 takes action: sharing_stay(['a5'])
a6 takes action: sharing_stay(['a6'])
a7 takes action: sharing_stay(['a7'])
a8 takes action: sharing_stay(['a8'])
a1 takes action: quiet(['a1', 'a1s'])
a2 takes action: move_right(['a2'])
a3 takes action: move_right(['a3'])
a4 takes action: move_right(['a4'])
a5 takes action: normal_stay(['a5'])
a6 takes action: normal_stay(['a6'])
a7 takes action: normal_stay(['a7'])
a8 takes action: normal_stay(['a8'])
a1 takes action: move_right(['a1'])
a2 takes action: normal_stay(['a2'])
a3 takes action: normal_stay(['a3'])
a4 takes action: normal_stay(['a4'])
a5 takes action: normal_stay(['a5'])
a6 takes action: normal_stay(['a6'])
a7 takes action: normal_stay(['a7'])
a8 takes action: normal_stay(['a8'])
a1 takes action: lying_own_secret(['a1', 'a1s'])
Steps: 25
Time cost: 511.188826s
2025-10-13 16:44:41,551 EXP - __main__.Logger.exp:
Avg Steps: 25.0
Avg Time: 512.206972s
