2025-10-13 16:13:07,495 EXP - __main__.Logger.exp:
a takes action: sharing_own_secret(['a', 'as'])
b takes action: sharing_stay(['b'])
c takes action: sharing_stay(['c'])
a takes action: quiet(['a', 'as'])
b takes action: sharing_own_secret(['b', 'bs'])
c takes action: sharing_stay(['c'])
a takes action: sharing_stay(['a'])
b takes action: quiet(['b', 'bs'])
c takes action: normal_stay(['c'])
a takes action: move_right(['a'])
b takes action: normal_stay(['b'])
c takes action: move_right(['c'])
a takes action: normal_stay(['a'])
b takes action: lying_own_secret(['b', 'bs'])
c takes action: sharing_stay(['c'])
a takes action: sharing_stay(['a'])
b takes action: quiet(['b', 'bs'])
c takes action: move_left(['c'])
a takes action: lying_own_secret(['a', 'as'])
Steps: 19
Time cost: 48.464280s
2025-10-13 16:13:56,505 EXP - __main__.Logger.exp:
a takes action: sharing_own_secret(['a', 'as'])
b takes action: sharing_stay(['b'])
c takes action: sharing_stay(['c'])
a takes action: quiet(['a', 'as'])
b takes action: sharing_own_secret(['b', 'bs'])
c takes action: sharing_stay(['c'])
a takes action: sharing_stay(['a'])
b takes action: quiet(['b', 'bs'])
c takes action: normal_stay(['c'])
a takes action: move_right(['a'])
b takes action: normal_stay(['b'])
c takes action: move_right(['c'])
a takes action: normal_stay(['a'])
b takes action: lying_own_secret(['b', 'bs'])
c takes action: sharing_stay(['c'])
a takes action: sharing_stay(['a'])
b takes action: quiet(['b', 'bs'])
c takes action: move_left(['c'])
a takes action: lying_own_secret(['a', 'as'])
Steps: 19
Time cost: 49.008758s
2025-10-13 16:14:42,605 EXP - __main__.Logger.exp:
a takes action: sharing_own_secret(['a', 'as'])
b takes action: sharing_stay(['b'])
c takes action: sharing_stay(['c'])
a takes action: quiet(['a', 'as'])
b takes action: sharing_own_secret(['b', 'bs'])
c takes action: sharing_stay(['c'])
a takes action: sharing_stay(['a'])
b takes action: quiet(['b', 'bs'])
c takes action: move_right(['c'])
a takes action: move_right(['a'])
b takes action: lying_own_secret(['b', 'bs'])
c takes action: sharing_stay(['c'])
a takes action: sharing_stay(['a'])
b takes action: quiet(['b', 'bs'])
c takes action: move_left(['c'])
a takes action: lying_own_secret(['a', 'as'])
Steps: 16
Time cost: 46.098848s
2025-10-13 16:15:31,570 EXP - __main__.Logger.exp:
a takes action: sharing_own_secret(['a', 'as'])
b takes action: sharing_stay(['b'])
c takes action: sharing_stay(['c'])
a takes action: quiet(['a', 'as'])
b takes action: sharing_own_secret(['b', 'bs'])
c takes action: sharing_stay(['c'])
a takes action: sharing_stay(['a'])
b takes action: quiet(['b', 'bs'])
c takes action: normal_stay(['c'])
a takes action: move_right(['a'])
b takes action: normal_stay(['b'])
c takes action: normal_stay(['c'])
a takes action: lying_own_secret(['a', 'as'])
b takes action: sharing_stay(['b'])
c takes action: sharing_stay(['c'])
a takes action: quiet(['a', 'as'])
b takes action: normal_stay(['b'])
c takes action: move_right(['c'])
a takes action: normal_stay(['a'])
b takes action: lying_own_secret(['b', 'bs'])
Steps: 20
Time cost: 48.962950s
2025-10-13 16:16:17,593 EXP - __main__.Logger.exp:
a takes action: sharing_own_secret(['a', 'as'])
b takes action: sharing_stay(['b'])
c takes action: sharing_stay(['c'])
a takes action: quiet(['a', 'as'])
b takes action: sharing_own_secret(['b', 'bs'])
c takes action: sharing_stay(['c'])
a takes action: sharing_stay(['a'])
b takes action: quiet(['b', 'bs'])
c takes action: move_right(['c'])
a takes action: move_right(['a'])
b takes action: lying_own_secret(['b', 'bs'])
c takes action: sharing_stay(['c'])
a takes action: sharing_stay(['a'])
b takes action: quiet(['b', 'bs'])
c takes action: move_left(['c'])
a takes action: lying_own_secret(['a', 'as'])
Steps: 16
Time cost: 46.021622s
2025-10-13 16:17:08,595 EXP - __main__.Logger.exp:
a takes action: sharing_own_secret(['a', 'as'])
b takes action: sharing_stay(['b'])
c takes action: sharing_stay(['c'])
a takes action: quiet(['a', 'as'])
b takes action: sharing_own_secret(['b', 'bs'])
c takes action: sharing_stay(['c'])
a takes action: sharing_stay(['a'])
b takes action: quiet(['b', 'bs'])
c takes action: normal_stay(['c'])
a takes action: move_right(['a'])
b takes action: normal_stay(['b'])
c takes action: move_right(['c'])
a takes action: normal_stay(['a'])
b takes action: lying_own_secret(['b', 'bs'])
c takes action: sharing_stay(['c'])
a takes action: sharing_stay(['a'])
b takes action: quiet(['b', 'bs'])
c takes action: normal_stay(['c'])
a takes action: normal_stay(['a'])
b takes action: normal_stay(['b'])
c takes action: move_left(['c'])
a takes action: lying_own_secret(['a', 'as'])
Steps: 22
Time cost: 51.001070s
2025-10-13 16:17:59,615 EXP - __main__.Logger.exp:
a takes action: sharing_own_secret(['a', 'as'])
b takes action: sharing_stay(['b'])
c takes action: sharing_stay(['c'])
a takes action: quiet(['a', 'as'])
b takes action: sharing_own_secret(['b', 'bs'])
c takes action: sharing_stay(['c'])
a takes action: sharing_stay(['a'])
b takes action: quiet(['b', 'bs'])
c takes action: normal_stay(['c'])
a takes action: move_right(['a'])
b takes action: normal_stay(['b'])
c takes action: move_right(['c'])
a takes action: normal_stay(['a'])
b takes action: lying_own_secret(['b', 'bs'])
c takes action: sharing_stay(['c'])
a takes action: sharing_stay(['a'])
b takes action: quiet(['b', 'bs'])
c takes action: normal_stay(['c'])
a takes action: normal_stay(['a'])
b takes action: normal_stay(['b'])
c takes action: move_left(['c'])
a takes action: lying_own_secret(['a', 'as'])
Steps: 22
Time cost: 51.018652s
2025-10-13 16:18:49,703 EXP - __main__.Logger.exp:
a takes action: sharing_own_secret(['a', 'as'])
b takes action: sharing_stay(['b'])
c takes action: sharing_stay(['c'])
a takes action: quiet(['a', 'as'])
b takes action: sharing_own_secret(['b', 'bs'])
c takes action: sharing_stay(['c'])
a takes action: sharing_stay(['a'])
b takes action: quiet(['b', 'bs'])
c takes action: move_right(['c'])
a takes action: move_right(['a'])
b takes action: lying_own_secret(['b', 'bs'])
c takes action: sharing_stay(['c'])
a takes action: sharing_stay(['a'])
b takes action: quiet(['b', 'bs'])
c takes action: normal_stay(['c'])
a takes action: normal_stay(['a'])
b takes action: move_right(['b'])
c takes action: normal_stay(['c'])
a takes action: move_left(['a'])
b takes action: normal_stay(['b'])
c takes action: normal_stay(['c'])
a takes action: lying_own_secret(['a', 'as'])
Steps: 22
Time cost: 50.085810s
2025-10-13 16:19:37,255 EXP - __main__.Logger.exp:
a takes action: sharing_own_secret(['a', 'as'])
b takes action: sharing_stay(['b'])
c takes action: sharing_stay(['c'])
a takes action: quiet(['a', 'as'])
b takes action: sharing_own_secret(['b', 'bs'])
c takes action: sharing_stay(['c'])
a takes action: sharing_stay(['a'])
b takes action: quiet(['b', 'bs'])
c takes action: normal_stay(['c'])
a takes action: move_right(['a'])
b takes action: normal_stay(['b'])
c takes action: move_right(['c'])
a takes action: normal_stay(['a'])
b takes action: lying_own_secret(['b', 'bs'])
c takes action: sharing_stay(['c'])
a takes action: sharing_stay(['a'])
b takes action: quiet(['b', 'bs'])
c takes action: move_left(['c'])
a takes action: lying_own_secret(['a', 'as'])
Steps: 19
Time cost: 47.551375s
2025-10-13 16:20:24,707 EXP - __main__.Logger.exp:
a takes action: sharing_own_secret(['a', 'as'])
b takes action: sharing_stay(['b'])
c takes action: sharing_stay(['c'])
a takes action: quiet(['a', 'as'])
b takes action: sharing_own_secret(['b', 'bs'])
c takes action: sharing_stay(['c'])
a takes action: sharing_stay(['a'])
b takes action: quiet(['b', 'bs'])
c takes action: normal_stay(['c'])
a takes action: move_right(['a'])
b takes action: normal_stay(['b'])
c takes action: move_right(['c'])
a takes action: normal_stay(['a'])
b takes action: lying_own_secret(['b', 'bs'])
c takes action: sharing_stay(['c'])
a takes action: sharing_stay(['a'])
b takes action: quiet(['b', 'bs'])
c takes action: move_left(['c'])
a takes action: lying_own_secret(['a', 'as'])
Steps: 19
Time cost: 47.450490s
2025-10-13 16:20:24,707 EXP - __main__.Logger.exp:
Avg Steps: 19.4
Avg Time: 48.566385s
