2025-10-14 15:22:19,826 EXP - __main__.Logger.exp:
a takes action: move(['a', 'r1', 'r4'])
b takes action: stay(['b'])
c takes action: move(['c', 'r6', 'r5'])
d takes action: move(['d', 'r7', 'r8'])
a takes action: move(['a', 'r4', 'r7'])
b takes action: stay(['b'])
c takes action: stay(['c'])
d takes action: move(['d', 'r8', 'r9'])
a takes action: move(['a', 'r7', 'r8'])
b takes action: stay(['b'])
c takes action: stay(['c'])
d takes action: move(['d', 'r9', 'r6'])
a takes action: stay(['a'])
b takes action: stay(['b'])
c takes action: stay(['c'])
d takes action: move(['d', 'r6', 'r3'])
Steps: 16
Time cost: 67.229259s
2025-10-14 15:23:26,750 EXP - __main__.Logger.exp:
a takes action: move(['a', 'r1', 'r4'])
b takes action: stay(['b'])
c takes action: move(['c', 'r6', 'r5'])
d takes action: move(['d', 'r7', 'r8'])
a takes action: move(['a', 'r4', 'r7'])
b takes action: stay(['b'])
c takes action: stay(['c'])
d takes action: move(['d', 'r8', 'r9'])
a takes action: move(['a', 'r7', 'r8'])
b takes action: stay(['b'])
c takes action: stay(['c'])
d takes action: move(['d', 'r9', 'r6'])
a takes action: stay(['a'])
b takes action: stay(['b'])
c takes action: stay(['c'])
d takes action: move(['d', 'r6', 'r3'])
Steps: 16
Time cost: 66.922123s
2025-10-14 15:23:26,750 EXP - __main__.Logger.exp:
Avg Steps: 16.0
Avg Time: 67.075691s
