2025-10-14 15:21:29,711 EXP - __main__.Logger.exp:
a takes action: move(['a', 'r1', 'r4'])
b takes action: stay(['b'])
c takes action: move(['c', 'r6', 'r5'])
d takes action: move(['d', 'r7', 'r8'])
a takes action: move(['a', 'r4', 'r7'])
b takes action: stay(['b'])
c takes action: stay(['c'])
d takes action: move(['d', 'r8', 'r9'])
a takes action: move(['a', 'r7', 'r8'])
b takes action: stay(['b'])
c takes action: stay(['c'])
d takes action: move(['d', 'r9', 'r6'])
a takes action: stay(['a'])
b takes action: stay(['b'])
c takes action: stay(['c'])
d takes action: move(['d', 'r6', 'r3'])
Steps: 16
Time cost: 3.054548s
2025-10-14 15:21:32,768 EXP - __main__.Logger.exp:
a takes action: move(['a', 'r1', 'r4'])
b takes action: stay(['b'])
c takes action: move(['c', 'r6', 'r5'])
d takes action: move(['d', 'r7', 'r8'])
a takes action: move(['a', 'r4', 'r7'])
b takes action: stay(['b'])
c takes action: stay(['c'])
d takes action: move(['d', 'r8', 'r9'])
a takes action: move(['a', 'r7', 'r8'])
b takes action: stay(['b'])
c takes action: stay(['c'])
d takes action: move(['d', 'r9', 'r6'])
a takes action: stay(['a'])
b takes action: stay(['b'])
c takes action: stay(['c'])
d takes action: move(['d', 'r6', 'r3'])
Steps: 16
Time cost: 3.054761s
2025-10-14 15:21:35,831 EXP - __main__.Logger.exp:
a takes action: move(['a', 'r1', 'r4'])
b takes action: stay(['b'])
c takes action: move(['c', 'r6', 'r5'])
d takes action: move(['d', 'r7', 'r8'])
a takes action: move(['a', 'r4', 'r7'])
b takes action: stay(['b'])
c takes action: stay(['c'])
d takes action: move(['d', 'r8', 'r9'])
a takes action: move(['a', 'r7', 'r8'])
b takes action: stay(['b'])
c takes action: stay(['c'])
d takes action: move(['d', 'r9', 'r6'])
a takes action: stay(['a'])
b takes action: stay(['b'])
c takes action: stay(['c'])
d takes action: move(['d', 'r6', 'r3'])
Steps: 16
Time cost: 3.061517s
2025-10-14 15:21:38,901 EXP - __main__.Logger.exp:
a takes action: move(['a', 'r1', 'r4'])
b takes action: stay(['b'])
c takes action: move(['c', 'r6', 'r5'])
d takes action: move(['d', 'r7', 'r8'])
a takes action: move(['a', 'r4', 'r7'])
b takes action: stay(['b'])
c takes action: stay(['c'])
d takes action: move(['d', 'r8', 'r9'])
a takes action: move(['a', 'r7', 'r8'])
b takes action: stay(['b'])
c takes action: stay(['c'])
d takes action: move(['d', 'r9', 'r6'])
a takes action: stay(['a'])
b takes action: stay(['b'])
c takes action: stay(['c'])
d takes action: move(['d', 'r6', 'r3'])
Steps: 16
Time cost: 3.067154s
2025-10-14 15:21:41,973 EXP - __main__.Logger.exp:
a takes action: move(['a', 'r1', 'r4'])
b takes action: stay(['b'])
c takes action: move(['c', 'r6', 'r5'])
d takes action: move(['d', 'r7', 'r8'])
a takes action: move(['a', 'r4', 'r7'])
b takes action: stay(['b'])
c takes action: stay(['c'])
d takes action: move(['d', 'r8', 'r9'])
a takes action: move(['a', 'r7', 'r8'])
b takes action: stay(['b'])
c takes action: stay(['c'])
d takes action: move(['d', 'r9', 'r6'])
a takes action: stay(['a'])
b takes action: stay(['b'])
c takes action: stay(['c'])
d takes action: move(['d', 'r6', 'r3'])
Steps: 16
Time cost: 3.070956s
2025-10-14 15:21:45,026 EXP - __main__.Logger.exp:
a takes action: move(['a', 'r1', 'r4'])
b takes action: stay(['b'])
c takes action: move(['c', 'r6', 'r5'])
d takes action: move(['d', 'r7', 'r8'])
a takes action: move(['a', 'r4', 'r7'])
b takes action: stay(['b'])
c takes action: stay(['c'])
d takes action: move(['d', 'r8', 'r9'])
a takes action: move(['a', 'r7', 'r8'])
b takes action: stay(['b'])
c takes action: stay(['c'])
d takes action: move(['d', 'r9', 'r6'])
a takes action: stay(['a'])
b takes action: stay(['b'])
c takes action: stay(['c'])
d takes action: move(['d', 'r6', 'r3'])
Steps: 16
Time cost: 3.051025s
2025-10-14 15:21:48,080 EXP - __main__.Logger.exp:
a takes action: move(['a', 'r1', 'r4'])
b takes action: stay(['b'])
c takes action: move(['c', 'r6', 'r5'])
d takes action: move(['d', 'r7', 'r8'])
a takes action: move(['a', 'r4', 'r7'])
b takes action: stay(['b'])
c takes action: stay(['c'])
d takes action: move(['d', 'r8', 'r9'])
a takes action: move(['a', 'r7', 'r8'])
b takes action: stay(['b'])
c takes action: stay(['c'])
d takes action: move(['d', 'r9', 'r6'])
a takes action: stay(['a'])
b takes action: stay(['b'])
c takes action: stay(['c'])
d takes action: move(['d', 'r6', 'r3'])
Steps: 16
Time cost: 3.051520s
2025-10-14 15:21:51,138 EXP - __main__.Logger.exp:
a takes action: move(['a', 'r1', 'r4'])
b takes action: stay(['b'])
c takes action: move(['c', 'r6', 'r5'])
d takes action: move(['d', 'r7', 'r8'])
a takes action: move(['a', 'r4', 'r7'])
b takes action: stay(['b'])
c takes action: stay(['c'])
d takes action: move(['d', 'r8', 'r9'])
a takes action: move(['a', 'r7', 'r8'])
b takes action: stay(['b'])
c takes action: stay(['c'])
d takes action: move(['d', 'r9', 'r6'])
a takes action: stay(['a'])
b takes action: stay(['b'])
c takes action: stay(['c'])
d takes action: move(['d', 'r6', 'r3'])
Steps: 16
Time cost: 3.056319s
2025-10-14 15:21:54,204 EXP - __main__.Logger.exp:
a takes action: move(['a', 'r1', 'r4'])
b takes action: stay(['b'])
c takes action: move(['c', 'r6', 'r5'])
d takes action: move(['d', 'r7', 'r8'])
a takes action: move(['a', 'r4', 'r7'])
b takes action: stay(['b'])
c takes action: stay(['c'])
d takes action: move(['d', 'r8', 'r9'])
a takes action: move(['a', 'r7', 'r8'])
b takes action: stay(['b'])
c takes action: stay(['c'])
d takes action: move(['d', 'r9', 'r6'])
a takes action: stay(['a'])
b takes action: stay(['b'])
c takes action: stay(['c'])
d takes action: move(['d', 'r6', 'r3'])
Steps: 16
Time cost: 3.064010s
2025-10-14 15:21:57,269 EXP - __main__.Logger.exp:
a takes action: move(['a', 'r1', 'r4'])
b takes action: stay(['b'])
c takes action: move(['c', 'r6', 'r5'])
d takes action: move(['d', 'r7', 'r8'])
a takes action: move(['a', 'r4', 'r7'])
b takes action: stay(['b'])
c takes action: stay(['c'])
d takes action: move(['d', 'r8', 'r9'])
a takes action: move(['a', 'r7', 'r8'])
b takes action: stay(['b'])
c takes action: stay(['c'])
d takes action: move(['d', 'r9', 'r6'])
a takes action: stay(['a'])
b takes action: stay(['b'])
c takes action: stay(['c'])
d takes action: move(['d', 'r6', 'r3'])
Steps: 16
Time cost: 3.062703s
2025-10-14 15:21:57,269 EXP - __main__.Logger.exp:
Avg Steps: 16.0
Avg Time: 3.059451s
