2025-10-14 15:14:06,303 EXP - __main__.Logger.exp:
a takes action: move(['a', 'r1', 'r2'])
b takes action: stay(['b'])
a takes action: move(['a', 'r2', 'r3'])
b takes action: move(['b', 'r4', 'r5'])
a takes action: move(['a', 'r3', 'r4'])
b takes action: stay(['b'])
a takes action: move(['a', 'r4', 'r7'])
b takes action: move(['b', 'r5', 'r4'])
Steps: 8
Time cost: 0.566171s
2025-10-14 15:14:06,872 EXP - __main__.Logger.exp:
a takes action: move(['a', 'r1', 'r2'])
b takes action: stay(['b'])
a takes action: move(['a', 'r2', 'r3'])
b takes action: move(['b', 'r4', 'r5'])
a takes action: move(['a', 'r3', 'r4'])
b takes action: stay(['b'])
a takes action: move(['a', 'r4', 'r7'])
b takes action: move(['b', 'r5', 'r4'])
Steps: 8
Time cost: 0.567770s
2025-10-14 15:14:07,438 EXP - __main__.Logger.exp:
a takes action: move(['a', 'r1', 'r2'])
b takes action: stay(['b'])
a takes action: move(['a', 'r2', 'r3'])
b takes action: move(['b', 'r4', 'r5'])
a takes action: move(['a', 'r3', 'r4'])
b takes action: stay(['b'])
a takes action: move(['a', 'r4', 'r7'])
b takes action: move(['b', 'r5', 'r4'])
Steps: 8
Time cost: 0.565279s
2025-10-14 15:14:08,010 EXP - __main__.Logger.exp:
a takes action: move(['a', 'r1', 'r2'])
b takes action: stay(['b'])
a takes action: move(['a', 'r2', 'r3'])
b takes action: move(['b', 'r4', 'r5'])
a takes action: move(['a', 'r3', 'r4'])
b takes action: stay(['b'])
a takes action: move(['a', 'r4', 'r7'])
b takes action: move(['b', 'r5', 'r4'])
Steps: 8
Time cost: 0.570200s
2025-10-14 15:14:08,581 EXP - __main__.Logger.exp:
a takes action: move(['a', 'r1', 'r2'])
b takes action: stay(['b'])
a takes action: move(['a', 'r2', 'r3'])
b takes action: move(['b', 'r4', 'r5'])
a takes action: move(['a', 'r3', 'r4'])
b takes action: stay(['b'])
a takes action: move(['a', 'r4', 'r7'])
b takes action: move(['b', 'r5', 'r4'])
Steps: 8
Time cost: 0.570583s
2025-10-14 15:14:09,148 EXP - __main__.Logger.exp:
a takes action: move(['a', 'r1', 'r2'])
b takes action: stay(['b'])
a takes action: move(['a', 'r2', 'r3'])
b takes action: move(['b', 'r4', 'r5'])
a takes action: move(['a', 'r3', 'r4'])
b takes action: stay(['b'])
a takes action: move(['a', 'r4', 'r7'])
b takes action: move(['b', 'r5', 'r4'])
Steps: 8
Time cost: 0.565037s
2025-10-14 15:14:09,718 EXP - __main__.Logger.exp:
a takes action: move(['a', 'r1', 'r2'])
b takes action: stay(['b'])
a takes action: move(['a', 'r2', 'r3'])
b takes action: move(['b', 'r4', 'r5'])
a takes action: move(['a', 'r3', 'r4'])
b takes action: stay(['b'])
a takes action: move(['a', 'r4', 'r7'])
b takes action: move(['b', 'r5', 'r4'])
Steps: 8
Time cost: 0.568992s
2025-10-14 15:14:10,285 EXP - __main__.Logger.exp:
a takes action: move(['a', 'r1', 'r2'])
b takes action: stay(['b'])
a takes action: move(['a', 'r2', 'r3'])
b takes action: move(['b', 'r4', 'r5'])
a takes action: move(['a', 'r3', 'r4'])
b takes action: stay(['b'])
a takes action: move(['a', 'r4', 'r7'])
b takes action: move(['b', 'r5', 'r4'])
Steps: 8
Time cost: 0.566099s
2025-10-14 15:14:10,856 EXP - __main__.Logger.exp:
a takes action: move(['a', 'r1', 'r2'])
b takes action: stay(['b'])
a takes action: move(['a', 'r2', 'r3'])
b takes action: move(['b', 'r4', 'r5'])
a takes action: move(['a', 'r3', 'r4'])
b takes action: stay(['b'])
a takes action: move(['a', 'r4', 'r7'])
b takes action: move(['b', 'r5', 'r4'])
Steps: 8
Time cost: 0.568903s
2025-10-14 15:14:11,426 EXP - __main__.Logger.exp:
a takes action: move(['a', 'r1', 'r2'])
b takes action: stay(['b'])
a takes action: move(['a', 'r2', 'r3'])
b takes action: move(['b', 'r4', 'r5'])
a takes action: move(['a', 'r3', 'r4'])
b takes action: stay(['b'])
a takes action: move(['a', 'r4', 'r7'])
b takes action: move(['b', 'r5', 'r4'])
Steps: 8
Time cost: 0.569182s
2025-10-14 15:14:11,426 EXP - __main__.Logger.exp:
Avg Steps: 8.0
Avg Time: 0.567822s
