2025-10-14 15:13:53,595 EXP - __main__.Logger.exp:
a takes action: stay(['a'])
b takes action: move(['b', 'r3', 'r2'])
a takes action: stay(['a'])
b takes action: move(['b', 'r2', 'r4'])
a takes action: move(['a', 'r1', 'r2'])
b takes action: stay(['b'])
a takes action: move(['a', 'r2', 'r3'])
b takes action: move(['b', 'r4', 'r2'])
a takes action: stay(['a'])
b takes action: move(['b', 'r2', 'r1'])
Steps: 10
Time cost: 0.107403s
2025-10-14 15:13:53,704 EXP - __main__.Logger.exp:
a takes action: stay(['a'])
b takes action: move(['b', 'r3', 'r2'])
a takes action: stay(['a'])
b takes action: move(['b', 'r2', 'r4'])
a takes action: move(['a', 'r1', 'r2'])
b takes action: stay(['b'])
a takes action: move(['a', 'r2', 'r3'])
b takes action: move(['b', 'r4', 'r2'])
a takes action: stay(['a'])
b takes action: move(['b', 'r2', 'r1'])
Steps: 10
Time cost: 0.107687s
2025-10-14 15:13:53,812 EXP - __main__.Logger.exp:
a takes action: stay(['a'])
b takes action: move(['b', 'r3', 'r2'])
a takes action: stay(['a'])
b takes action: move(['b', 'r2', 'r4'])
a takes action: move(['a', 'r1', 'r2'])
b takes action: stay(['b'])
a takes action: move(['a', 'r2', 'r3'])
b takes action: move(['b', 'r4', 'r2'])
a takes action: stay(['a'])
b takes action: move(['b', 'r2', 'r1'])
Steps: 10
Time cost: 0.107749s
2025-10-14 15:13:53,922 EXP - __main__.Logger.exp:
a takes action: stay(['a'])
b takes action: move(['b', 'r3', 'r2'])
a takes action: stay(['a'])
b takes action: move(['b', 'r2', 'r4'])
a takes action: move(['a', 'r1', 'r2'])
b takes action: stay(['b'])
a takes action: move(['a', 'r2', 'r3'])
b takes action: move(['b', 'r4', 'r2'])
a takes action: stay(['a'])
b takes action: move(['b', 'r2', 'r1'])
Steps: 10
Time cost: 0.109285s
2025-10-14 15:13:54,033 EXP - __main__.Logger.exp:
a takes action: stay(['a'])
b takes action: move(['b', 'r3', 'r2'])
a takes action: stay(['a'])
b takes action: move(['b', 'r2', 'r4'])
a takes action: move(['a', 'r1', 'r2'])
b takes action: stay(['b'])
a takes action: move(['a', 'r2', 'r3'])
b takes action: move(['b', 'r4', 'r2'])
a takes action: stay(['a'])
b takes action: move(['b', 'r2', 'r1'])
Steps: 10
Time cost: 0.110521s
2025-10-14 15:13:54,142 EXP - __main__.Logger.exp:
a takes action: stay(['a'])
b takes action: move(['b', 'r3', 'r2'])
a takes action: stay(['a'])
b takes action: move(['b', 'r2', 'r4'])
a takes action: move(['a', 'r1', 'r2'])
b takes action: stay(['b'])
a takes action: move(['a', 'r2', 'r3'])
b takes action: move(['b', 'r4', 'r2'])
a takes action: stay(['a'])
b takes action: move(['b', 'r2', 'r1'])
Steps: 10
Time cost: 0.108147s
2025-10-14 15:13:54,252 EXP - __main__.Logger.exp:
a takes action: stay(['a'])
b takes action: move(['b', 'r3', 'r2'])
a takes action: stay(['a'])
b takes action: move(['b', 'r2', 'r4'])
a takes action: move(['a', 'r1', 'r2'])
b takes action: stay(['b'])
a takes action: move(['a', 'r2', 'r3'])
b takes action: move(['b', 'r4', 'r2'])
a takes action: stay(['a'])
b takes action: move(['b', 'r2', 'r1'])
Steps: 10
Time cost: 0.108640s
2025-10-14 15:13:54,361 EXP - __main__.Logger.exp:
a takes action: stay(['a'])
b takes action: move(['b', 'r3', 'r2'])
a takes action: stay(['a'])
b takes action: move(['b', 'r2', 'r4'])
a takes action: move(['a', 'r1', 'r2'])
b takes action: stay(['b'])
a takes action: move(['a', 'r2', 'r3'])
b takes action: move(['b', 'r4', 'r2'])
a takes action: stay(['a'])
b takes action: move(['b', 'r2', 'r1'])
Steps: 10
Time cost: 0.108783s
2025-10-14 15:13:54,470 EXP - __main__.Logger.exp:
a takes action: stay(['a'])
b takes action: move(['b', 'r3', 'r2'])
a takes action: stay(['a'])
b takes action: move(['b', 'r2', 'r4'])
a takes action: move(['a', 'r1', 'r2'])
b takes action: stay(['b'])
a takes action: move(['a', 'r2', 'r3'])
b takes action: move(['b', 'r4', 'r2'])
a takes action: stay(['a'])
b takes action: move(['b', 'r2', 'r1'])
Steps: 10
Time cost: 0.108694s
2025-10-14 15:13:54,580 EXP - __main__.Logger.exp:
a takes action: stay(['a'])
b takes action: move(['b', 'r3', 'r2'])
a takes action: stay(['a'])
b takes action: move(['b', 'r2', 'r4'])
a takes action: move(['a', 'r1', 'r2'])
b takes action: stay(['b'])
a takes action: move(['a', 'r2', 'r3'])
b takes action: move(['b', 'r4', 'r2'])
a takes action: stay(['a'])
b takes action: move(['b', 'r2', 'r1'])
Steps: 10
Time cost: 0.108963s
2025-10-14 15:13:54,580 EXP - __main__.Logger.exp:
Avg Steps: 10.0
Avg Time: 0.108587s
