2025-10-13 17:04:26,497 EXP - __main__.Logger.exp:
a takes action: move_without_item(['a', 'r1', 'r2'])
b takes action: move_without_item(['b', 'r3', 'r1'])
a takes action: move_without_item(['a', 'r2', 'r1'])
b takes action: move_without_item(['b', 'r1', 'r3'])
a takes action: move_without_item(['a', 'r1', 'r2'])
b takes action: move_without_item(['b', 'r3', 'r4'])
a takes action: move_without_item(['a', 'r2', 'r4'])
b takes action: pick_up(['b', 'i', 'r4'])
a takes action: move_without_item(['a', 'r4', 'r2'])
b takes action: drop_item(['b', 'i'])
Steps: 10
Time cost: 95.918538s
2025-10-13 17:06:01,354 EXP - __main__.Logger.exp:
a takes action: move_without_item(['a', 'r1', 'r2'])
b takes action: move_without_item(['b', 'r3', 'r1'])
a takes action: move_without_item(['a', 'r2', 'r1'])
b takes action: move_without_item(['b', 'r1', 'r3'])
a takes action: move_without_item(['a', 'r1', 'r2'])
b takes action: move_without_item(['b', 'r3', 'r4'])
a takes action: move_without_item(['a', 'r2', 'r4'])
b takes action: pick_up(['b', 'i', 'r4'])
a takes action: move_without_item(['a', 'r4', 'r3'])
b takes action: drop_item(['b', 'i'])
Steps: 10
Time cost: 94.856009s
2025-10-13 17:07:36,518 EXP - __main__.Logger.exp:
a takes action: move_without_item(['a', 'r1', 'r2'])
b takes action: move_without_item(['b', 'r3', 'r1'])
a takes action: move_without_item(['a', 'r2', 'r1'])
b takes action: move_without_item(['b', 'r1', 'r3'])
a takes action: move_without_item(['a', 'r1', 'r2'])
b takes action: move_without_item(['b', 'r3', 'r4'])
a takes action: move_without_item(['a', 'r2', 'r4'])
b takes action: pick_up(['b', 'i', 'r4'])
a takes action: move_without_item(['a', 'r4', 'r2'])
b takes action: drop_item(['b', 'i'])
Steps: 10
Time cost: 95.163253s
2025-10-13 17:07:36,519 EXP - __main__.Logger.exp:
Avg Steps: 10.0
Avg Time: 95.312600s
