2025-10-13 17:09:31,970 EXP - __main__.Logger.exp:
a takes action: move_without_item(['a', 'r1', 'r2'])
b takes action: move_without_item(['b', 'r3', 'r1'])
a takes action: move_without_item(['a', 'r2', 'r1'])
b takes action: move_without_item(['b', 'r1', 'r3'])
a takes action: move_without_item(['a', 'r1', 'r2'])
b takes action: move_without_item(['b', 'r3', 'r4'])
a takes action: move_without_item(['a', 'r2', 'r1'])
b takes action: pick_up(['b', 'i', 'r4'])
a takes action: move_without_item(['a', 'r1', 'r2'])
b takes action: move_with_item(['b', 'i', 'r4', 'r3'])
a takes action: move_without_item(['a', 'r2', 'r1'])
b takes action: move_with_item(['b', 'i', 'r3', 'r1'])
a takes action: move_without_item(['a', 'r1', 'r2'])
b takes action: drop_item(['b', 'i'])
Steps: 14
Time cost: 115.395591s
2025-10-13 17:11:28,316 EXP - __main__.Logger.exp:
a takes action: move_without_item(['a', 'r1', 'r2'])
b takes action: move_without_item(['b', 'r3', 'r1'])
a takes action: move_without_item(['a', 'r2', 'r1'])
b takes action: move_without_item(['b', 'r1', 'r3'])
a takes action: move_without_item(['a', 'r1', 'r2'])
b takes action: move_without_item(['b', 'r3', 'r4'])
a takes action: move_without_item(['a', 'r2', 'r1'])
b takes action: pick_up(['b', 'i', 'r4'])
a takes action: move_without_item(['a', 'r1', 'r2'])
b takes action: move_with_item(['b', 'i', 'r4', 'r3'])
a takes action: move_without_item(['a', 'r2', 'r1'])
b takes action: move_with_item(['b', 'i', 'r3', 'r1'])
a takes action: move_without_item(['a', 'r1', 'r2'])
b takes action: drop_item(['b', 'i'])
Steps: 14
Time cost: 116.344599s
2025-10-13 17:13:24,141 EXP - __main__.Logger.exp:
a takes action: move_without_item(['a', 'r1', 'r2'])
b takes action: move_without_item(['b', 'r3', 'r1'])
a takes action: move_without_item(['a', 'r2', 'r1'])
b takes action: move_without_item(['b', 'r1', 'r3'])
a takes action: move_without_item(['a', 'r1', 'r2'])
b takes action: move_without_item(['b', 'r3', 'r4'])
a takes action: move_without_item(['a', 'r2', 'r1'])
b takes action: pick_up(['b', 'i', 'r4'])
a takes action: move_without_item(['a', 'r1', 'r2'])
b takes action: move_with_item(['b', 'i', 'r4', 'r3'])
a takes action: move_without_item(['a', 'r2', 'r1'])
b takes action: move_with_item(['b', 'i', 'r3', 'r1'])
a takes action: move_without_item(['a', 'r1', 'r2'])
b takes action: drop_item(['b', 'i'])
Steps: 14
Time cost: 115.823422s
2025-10-13 17:13:24,141 EXP - __main__.Logger.exp:
Avg Steps: 14.0
Avg Time: 115.854538s
