2025-10-22 16:29:33,840 EXP - __main__.Logger.exp:
a takes action: stay(['a'])
b takes action: pick_up(['b', 'j'])
a takes action: stay(['a'])
b takes action: move_right_with_item(['b', 'j'])
a takes action: pick_up(['a', 'i'])
b takes action: drop_item(['b', 'j'])
Steps: 6
Time cost: 0.290701s
2025-10-22 16:29:34,133 EXP - __main__.Logger.exp:
a takes action: stay(['a'])
b takes action: pick_up(['b', 'j'])
a takes action: stay(['a'])
b takes action: move_right_with_item(['b', 'j'])
a takes action: pick_up(['a', 'i'])
b takes action: drop_item(['b', 'j'])
Steps: 6
Time cost: 0.292656s
2025-10-22 16:29:34,426 EXP - __main__.Logger.exp:
a takes action: stay(['a'])
b takes action: pick_up(['b', 'j'])
a takes action: stay(['a'])
b takes action: move_right_with_item(['b', 'j'])
a takes action: pick_up(['a', 'i'])
b takes action: drop_item(['b', 'j'])
Steps: 6
Time cost: 0.291975s
2025-10-22 16:29:34,718 EXP - __main__.Logger.exp:
a takes action: stay(['a'])
b takes action: pick_up(['b', 'j'])
a takes action: stay(['a'])
b takes action: move_right_with_item(['b', 'j'])
a takes action: pick_up(['a', 'i'])
b takes action: drop_item(['b', 'j'])
Steps: 6
Time cost: 0.291568s
2025-10-22 16:29:35,012 EXP - __main__.Logger.exp:
a takes action: stay(['a'])
b takes action: pick_up(['b', 'j'])
a takes action: stay(['a'])
b takes action: move_right_with_item(['b', 'j'])
a takes action: pick_up(['a', 'i'])
b takes action: drop_item(['b', 'j'])
Steps: 6
Time cost: 0.293040s
2025-10-22 16:29:35,012 EXP - __main__.Logger.exp:
Avg Steps: 6.0
Avg Time: 0.291988s
