2025-10-23 14:26:51,841 EXP - __main__.Logger.exp:
a takes action: stay(['a'])
b takes action: pick_up(['b', 'j'])
a takes action: stay(['a'])
b takes action: move_right_with_item(['b', 'j'])
a takes action: pick_up(['a', 'i'])
b takes action: drop_item(['b', 'j'])
Steps: 6
Time cost: 0.344755s
2025-10-23 14:26:52,188 EXP - __main__.Logger.exp:
a takes action: stay(['a'])
b takes action: pick_up(['b', 'j'])
a takes action: stay(['a'])
b takes action: move_right_with_item(['b', 'j'])
a takes action: pick_up(['a', 'i'])
b takes action: drop_item(['b', 'j'])
Steps: 6
Time cost: 0.345863s
2025-10-23 14:26:52,530 EXP - __main__.Logger.exp:
a takes action: stay(['a'])
b takes action: pick_up(['b', 'j'])
a takes action: stay(['a'])
b takes action: move_right_with_item(['b', 'j'])
a takes action: pick_up(['a', 'i'])
b takes action: drop_item(['b', 'j'])
Steps: 6
Time cost: 0.341325s
2025-10-23 14:26:52,881 EXP - __main__.Logger.exp:
a takes action: stay(['a'])
b takes action: pick_up(['b', 'j'])
a takes action: stay(['a'])
b takes action: move_right_with_item(['b', 'j'])
a takes action: pick_up(['a', 'i'])
b takes action: drop_item(['b', 'j'])
Steps: 6
Time cost: 0.350645s
2025-10-23 14:26:53,225 EXP - __main__.Logger.exp:
a takes action: stay(['a'])
b takes action: pick_up(['b', 'j'])
a takes action: stay(['a'])
b takes action: move_right_with_item(['b', 'j'])
a takes action: pick_up(['a', 'i'])
b takes action: drop_item(['b', 'j'])
Steps: 6
Time cost: 0.342980s
2025-10-23 14:26:53,225 EXP - __main__.Logger.exp:
Avg Steps: 6.0
Avg Time: 0.345114s
