2025-10-25 19:01:11,229 INFO - __main__._.<module>:
Start building the model, type: "False"
2025-10-25 19:01:11,230 INFO - __main__._.build:
Start building the model, type: "False"
2025-10-25 19:01:11,230 INFO - __main__.DomainParser.run:
Domain "models/grapevine/domain.pddl" start initialization.
2025-10-25 19:01:11,230 INFO - __main__.DomainParser.run:
Domain Parser found "models/grapevine/domain.pddl"
2025-10-25 19:01:11,231 INFO - __main__.DomainParser.run:
Complete file reading.
2025-10-25 19:01:11,231 INFO - __main__.DomainParser.run:
Domain name found
2025-10-25 19:01:11,231 INFO - __main__.DomainParser.run:
Domain type found
2025-10-25 19:01:11,232 INFO - __main__.DomainParser.run:
Domain functions found
2025-10-25 19:01:11,242 INFO - __main__.DomainParser.run:
Domain actions found
2025-10-25 19:01:11,243 DEBUG - __main__.DomainParser.run:
Parsed Domain Result:
================= Domain "(grapevine)" Parsing Result ================
Domain types: ['secret', 'agent']
=================
Domain functions:
Function(name:agent_loc, parameters:{'agent': ['?a']}). 
Function(name:secret_id, parameters:{'secret': ['?s']}). 
Function(name:agent_id, parameters:{'agent': ['?a']}). 
Function(name:shared_value, parameters:{'secret': ['?s']}). 
Function(name:shared_loc, parameters:{'secret': ['?s']}). 
Function(name:own, parameters:{'secret': ['?s']}). 
Function(name:sharing_lock, parameters:{}). 
Function(name:agent_sharing, parameters:{'agent': ['?a']}). 
=================
Domain actions:
-----------------
Action:
Name: move_right
Parameters:
    agent : ['?self']
Preconditions:
1: Condition(Variable(sharing_lock: []) = 0)
2: Condition(Variable(agent_sharing: ['?self']) = none)
3: Condition(Variable(agent_loc: ['?self']) = 1)
Effects:
1: Effect('assign' Variable(agent_loc: ['?self']) 2)

-----------------
Action:
Name: move_left
Parameters:
    agent : ['?self']
Preconditions:
1: Condition(Variable(sharing_lock: []) = 0)
2: Condition(Variable(agent_sharing: ['?self']) = none)
3: Condition(Variable(agent_loc: ['?self']) = 2)
Effects:
1: Effect('assign' Variable(agent_loc: ['?self']) 1)

-----------------
Action:
Name: quiet
Parameters:
    agent : ['?self']
    secret : ['?s']
Preconditions:
1: Condition(Variable(sharing_lock: []) = 1)
2: Condition(Variable(agent_sharing: ['?self']) = Variable(secret_id: ['?s']))
3: Condition(Variable(shared_loc: ['?s']) != 0)
Effects:
1: Effect('assign' Variable(sharing_lock: []) 0)
2: Effect('assign' Variable(agent_sharing: ['?self']) none)
3: Effect('assign' Variable(shared_loc: ['?s']) 0)
4: Effect('assign' Variable(shared_value: ['?s']) t)

-----------------
Action:
Name: sharing_stay
Parameters:
    agent : ['?self']
Preconditions:
1: Condition(Variable(sharing_lock: []) = 1)
2: Condition(Variable(agent_sharing: ['?self']) = none)
Effects:
1: Effect('assign' Variable(sharing_lock: []) 1)

-----------------
Action:
Name: normal_stay
Parameters:
    agent : ['?self']
Preconditions:
1: Condition(Variable(sharing_lock: []) = 0)
Effects:
1: Effect('assign' Variable(sharing_lock: []) 0)

-----------------
Action:
Name: sharing_own_secret
Parameters:
    agent : ['?self']
    secret : ['?s']
Preconditions:
1: Condition(Variable(sharing_lock: []) = 0)
2: Condition(Variable(own: ['?s']) = Variable(agent_id: ['?self']))
3: Condition(Variable(agent_sharing: ['?self']) = none)
Effects:
1: Effect('assign' Variable(sharing_lock: []) 1)
2: Effect(effect_operator:'assign' Variable(agent_sharing: ['?self']) Variable(secret_id: ['?s']))
3: Effect(effect_operator:'assign' Variable(shared_loc: ['?s']) Variable(agent_loc: ['?self']))
4: Effect('assign' Variable(shared_value: ['?s']) t)

-----------------
Action:
Name: lying_own_secret
Parameters:
    agent : ['?self']
    secret : ['?s']
Preconditions:
1: Condition(Variable(sharing_lock: []) = 0)
2: Condition(Variable(own: ['?s']) = Variable(agent_id: ['?self']))
3: Condition(Variable(agent_sharing: ['?self']) = none)
Effects:
1: Effect('assign' Variable(sharing_lock: []) 1)
2: Effect(effect_operator:'assign' Variable(agent_sharing: ['?self']) Variable(secret_id: ['?s']))
3: Effect(effect_operator:'assign' Variable(shared_loc: ['?s']) Variable(agent_loc: ['?self']))
4: Effect('assign' Variable(shared_value: ['?s']) f)

-----------------
Action:
Name: sharing_others_secret
Parameters:
    agent : ['?self']
    secret : ['?s']
Preconditions:
1: Condition(Variable(sharing_lock: []) = 0)
2: Condition(Variable(own: ['?s']) != Variable(agent_id: ['?self']))
3: Condition(Variable(agent_sharing: ['?self']) = none)
4: EpistemicCondition(Belief sequence: ['?self'], epistemic truth: "!= unknown", Condition(Variable(shared_value: ['?s'])  ))
Effects:
1: Effect('assign' Variable(sharing_lock: []) 1)
2: Effect(effect_operator:'assign' Variable(agent_sharing: ['?self']) Variable(secret_id: ['?s']))
3: Effect(effect_operator:'assign' Variable(shared_loc: ['?s']) Variable(agent_loc: ['?self']))
4: Effect(effect_operator:'assign' Variable(shared_value: ['?s']) Variable(shared_value: ['?s']))


2025-10-25 19:01:11,243 INFO - __main__.ProblemParser.run:
Problem "models/grapevine/2a2s4" start initialization.
2025-10-25 19:01:11,243 INFO - __main__.ProblemParser.get_files:
Problem folder found "models/grapevine/2a2s4"
2025-10-25 19:01:11,244 INFO - __main__.ProblemParser.run:
Found 2 agent files:
"models/grapevine/2a2s4/a.agtpddl"
"models/grapevine/2a2s4/b.agtpddl"
2025-10-25 19:01:11,244 INFO - __main__.ProblemParser.run:
Found init file: "models/grapevine/2a2s4/init.envpddl"
2025-10-25 19:01:11,244 INFO - __main__.ProblemParser.run:
Complete reading environment file.
2025-10-25 19:01:11,245 INFO - __main__.ProblemParser.run:
Copmlete reading agent file "models/grapevine/2a2s4/a.agtpddl"
2025-10-25 19:01:11,245 INFO - __main__.ProblemParser.run:
Copmlete reading agent file "models/grapevine/2a2s4/b.agtpddl"
2025-10-25 19:01:11,246 INFO - __main__.ProblemParser.run:
Problem domain name "grapevine" found
Problem name "2a2s4" found
2025-10-25 19:01:11,247 INFO - __main__.ProblemParser.run:
Problem agents found
2025-10-25 19:01:11,247 INFO - __main__.ProblemParser.run:
Problem objects found
2025-10-25 19:01:11,248 INFO - __main__.ProblemParser.run:
Problem ranges found
2025-10-25 19:01:11,249 INFO - __main__.ProblemParser.run:
Problem initial states found
2025-10-25 19:01:11,249 INFO - __main__.ProblemParser.run:
Problem goals found
2025-10-25 19:01:11,250 INFO - __main__.ProblemParser.run:
Problem acceptable goal set found
2025-10-25 19:01:11,250 INFO - __main__.ProblemParser.run:
Problem max belief depth found
2025-10-25 19:01:11,251 DEBUG - __main__.ProblemParser.run:
Parsed Problem Result:
============ Problem "(grapevine : 2a2s4)" Parsing Result ===========
Agents: ['a', 'b']
=================
Objects:
secret: ['as', 'bs']
=================
States:
State(variable: Variable(agent_loc: ['a']), value: 1, target_variable: Variable(None: []))
State(variable: Variable(agent_loc: ['b']), value: 1, target_variable: Variable(None: []))
State(variable: Variable(secret_id: ['as']), value: as, target_variable: Variable(None: []))
State(variable: Variable(secret_id: ['bs']), value: bs, target_variable: Variable(None: []))
State(variable: Variable(agent_id: ['a']), value: a, target_variable: Variable(None: []))
State(variable: Variable(agent_id: ['b']), value: b, target_variable: Variable(None: []))
State(variable: Variable(shared_value: ['as']), value: t, target_variable: Variable(None: []))
State(variable: Variable(shared_value: ['bs']), value: t, target_variable: Variable(None: []))
State(variable: Variable(shared_loc: ['as']), value: 0, target_variable: Variable(None: []))
State(variable: Variable(shared_loc: ['bs']), value: 0, target_variable: Variable(None: []))
State(variable: Variable(own: ['as']), value: a, target_variable: Variable(None: []))
State(variable: Variable(own: ['bs']), value: b, target_variable: Variable(None: []))
State(variable: Variable(sharing_lock: []), value: 0, target_variable: Variable(None: []))
State(variable: Variable(agent_sharing: ['a']), value: none, target_variable: Variable(None: []))
State(variable: Variable(agent_sharing: ['b']), value: none, target_variable: Variable(None: []))
=================
Goals:
-----------------
a:
EpistemicCondition(Belief sequence: ['a'], epistemic truth: "= true", Condition(Variable(shared_value: ['as']) = t))
EpistemicCondition(Belief sequence: ['a', 'b'], epistemic truth: "= true", Condition(Variable(shared_value: ['as']) = f))
-----------------
b:
EpistemicCondition(Belief sequence: ['b'], epistemic truth: "= true", Condition(Variable(shared_value: ['as']) = f))
EpistemicCondition(Belief sequence: ['b', 'a'], epistemic truth: "= true", Condition(Variable(shared_value: ['bs']) = f))
=================
Ranges:
Range(function_name: agent_loc, type: integer, min: 1, max: 2)
Range(function_name: secret_id, type: enumerate, enumerates: ['as', 'bs'])
Range(function_name: agent_id, type: enumerate, enumerates: ['a', 'b'])
Range(function_name: own, type: enumerate, enumerates: ['a', 'b'])
Range(function_name: sharing_lock, type: integer, min: 0, max: 1)
Range(function_name: agent_sharing, type: enumerate, enumerates: ['none', 'as', 'bs'])
Range(function_name: shared_value, type: enumerate, enumerates: ['t', 'f'])
Range(function_name: shared_loc, type: integer, min: 0, max: 2)

2025-10-25 19:01:11,251 INFO - __main__.ModelChecker.check_validity:
checking the validity...
2025-10-25 19:01:11,251 DEBUG - __main__.ModelChecker.check_validity:
Valid names: ['a', 'b', 'as', 'bs', 'unknown', 'agent_loc', 'secret_id', 'agent_id', 'shared_value', 'shared_loc', 'own', 'sharing_lock', 'agent_sharing']
2025-10-25 19:01:11,251 DEBUG - __main__.ModelChecker.check_validity:
Checking the states
2025-10-25 19:01:11,251 DEBUG - __main__.ModelChecker.check_validity:
Checking the goals
2025-10-25 19:01:11,252 DEBUG - __main__.ModelChecker.check_validity:
Checking the ranges
2025-10-25 19:01:11,252 DEBUG - __main__.ModelChecker.check_validity:
Checking the actions
2025-10-25 19:01:11,252 INFO - __main__.ModelChecker.check_validity:
The domain and problem pass the checker.
2025-10-25 19:01:11,252 INFO - __main__.ModelChecker.check_validity:
checking the validity...
2025-10-25 19:01:11,252 DEBUG - __main__.ModelChecker.check_validity:
Valid names: ['a', 'b', 'as', 'bs', 'unknown', 'agent_loc', 'secret_id', 'agent_id', 'shared_value', 'shared_loc', 'own', 'sharing_lock', 'agent_sharing']
2025-10-25 19:01:11,253 DEBUG - __main__.ModelChecker.check_validity:
Checking the states
2025-10-25 19:01:11,253 DEBUG - __main__.ModelChecker.check_validity:
Checking the goals
2025-10-25 19:01:11,253 DEBUG - __main__.ModelChecker.check_validity:
Checking the ranges
2025-10-25 19:01:11,253 DEBUG - __main__.ModelChecker.check_validity:
Checking the actions
2025-10-25 19:01:11,253 INFO - __main__.ModelChecker.check_validity:
The domain and problem pass the checker.
2025-10-25 19:01:11,257 INFO - __main__._.load_observation_function:
Loaded observation function GrapevineObsFunc to agent a
2025-10-25 19:01:11,259 INFO - __main__._.load_observation_function:
Loaded observation function GrapevineObsFunc to agent b
2025-10-25 19:01:11,273 INFO - __main__._.load_policy_strategy:
Loaded strategy class FilterGoalBFS for agent a
2025-10-25 19:01:11,275 INFO - __main__._.load_policy_strategy:
Loaded strategy class FilterGoalBFS for agent b
2025-10-25 19:01:11,275 INFO - __main__.Model.init:
Loaded problem type: "UNSHARE"
2025-10-25 19:01:11,279 INFO - __main__._.build_model:
The goal backup found in the folder: possible_goals_backup/grapevine-2a2s4, now loading the goals from the backup.
2025-10-25 19:01:11,282 DEBUG - __main__._.build_model:
Model:
================= Model Result================
Domain name: grapevine
Problem name: 2a2s4
Problem type: "UNSHARE"
=================
Function agent_loc:
Parameters ['a']:
Value 1: Function([id:1, header_id:1]  agent_loc {'?a': 'a'} = 1)
Value 2: Function([id:2, header_id:1]  agent_loc {'?a': 'a'} = 2)
Parameters ['b']:
Value 1: Function([id:3, header_id:2]  agent_loc {'?a': 'b'} = 1)
Value 2: Function([id:4, header_id:2]  agent_loc {'?a': 'b'} = 2)
Function secret_id:
Parameters ['as']:
Value as: Function([id:5, header_id:3]  secret_id {'?s': 'as'} = as)
Value bs: Function([id:6, header_id:3]  secret_id {'?s': 'as'} = bs)
Parameters ['bs']:
Value as: Function([id:7, header_id:4]  secret_id {'?s': 'bs'} = as)
Value bs: Function([id:8, header_id:4]  secret_id {'?s': 'bs'} = bs)
Function agent_id:
Parameters ['a']:
Value a: Function([id:9, header_id:5]  agent_id {'?a': 'a'} = a)
Value b: Function([id:10, header_id:5]  agent_id {'?a': 'a'} = b)
Parameters ['b']:
Value a: Function([id:11, header_id:6]  agent_id {'?a': 'b'} = a)
Value b: Function([id:12, header_id:6]  agent_id {'?a': 'b'} = b)
Function shared_value:
Parameters ['as']:
Value t: Function([id:13, header_id:7]  shared_value {'?s': 'as'} = t)
Value f: Function([id:14, header_id:7]  shared_value {'?s': 'as'} = f)
Parameters ['bs']:
Value t: Function([id:15, header_id:8]  shared_value {'?s': 'bs'} = t)
Value f: Function([id:16, header_id:8]  shared_value {'?s': 'bs'} = f)
Function shared_loc:
Parameters ['as']:
Value 0: Function([id:17, header_id:9]  shared_loc {'?s': 'as'} = 0)
Value 1: Function([id:18, header_id:9]  shared_loc {'?s': 'as'} = 1)
Value 2: Function([id:19, header_id:9]  shared_loc {'?s': 'as'} = 2)
Parameters ['bs']:
Value 0: Function([id:20, header_id:10]  shared_loc {'?s': 'bs'} = 0)
Value 1: Function([id:21, header_id:10]  shared_loc {'?s': 'bs'} = 1)
Value 2: Function([id:22, header_id:10]  shared_loc {'?s': 'bs'} = 2)
Function own:
Parameters ['as']:
Value a: Function([id:23, header_id:11]  own {'?s': 'as'} = a)
Value b: Function([id:24, header_id:11]  own {'?s': 'as'} = b)
Parameters ['bs']:
Value a: Function([id:25, header_id:12]  own {'?s': 'bs'} = a)
Value b: Function([id:26, header_id:12]  own {'?s': 'bs'} = b)
Function sharing_lock:
Parameters []:
Value 0: Function([id:27, header_id:13]  sharing_lock {} = 0)
Value 1: Function([id:28, header_id:13]  sharing_lock {} = 1)
Function agent_sharing:
Parameters ['a']:
Value none: Function([id:29, header_id:14]  agent_sharing {'?a': 'a'} = none)
Value as: Function([id:30, header_id:14]  agent_sharing {'?a': 'a'} = as)
Value bs: Function([id:31, header_id:14]  agent_sharing {'?a': 'a'} = bs)
Parameters ['b']:
Value none: Function([id:32, header_id:15]  agent_sharing {'?a': 'b'} = none)
Value as: Function([id:33, header_id:15]  agent_sharing {'?a': 'b'} = as)
Value bs: Function([id:34, header_id:15]  agent_sharing {'?a': 'b'} = bs)

=================
Entity(a - agent)
Entity(b - agent)
Entity(as - secret)
Entity(bs - secret)
=================
FunctionSchema(name: agent_loc, range: (1, 2), type: integer, require_parameters: {'?a': 'agent'})
FunctionSchema(name: secret_id, range: ['as', 'bs'], type: enumerate, require_parameters: {'?s': 'secret'})
FunctionSchema(name: agent_id, range: ['a', 'b'], type: enumerate, require_parameters: {'?a': 'agent'})
FunctionSchema(name: shared_value, range: ['t', 'f'], type: enumerate, require_parameters: {'?s': 'secret'})
FunctionSchema(name: shared_loc, range: (0, 2), type: integer, require_parameters: {'?s': 'secret'})
FunctionSchema(name: own, range: ['a', 'b'], type: enumerate, require_parameters: {'?s': 'secret'})
FunctionSchema(name: sharing_lock, range: (0, 1), type: integer, require_parameters: {})
FunctionSchema(name: agent_sharing, range: ['none', 'as', 'bs'], type: enumerate, require_parameters: {'?a': 'agent'})
=================
-----------------
Action Schema: move_right
Parameters: {'?self': 'agent'}
Precondition Schemas:
ConditionSchema(("EP_NONE" [] "EP_NONE") "EQUAL" (sharing_lock {}) = 0)
ConditionSchema(("EP_NONE" [] "EP_NONE") "EQUAL" (agent_sharing {'?self': 'agent'}) = none)
ConditionSchema(("EP_NONE" [] "EP_NONE") "EQUAL" (agent_loc {'?self': 'agent'}) = 1)
Effect Schemas:
EffectSchema("ASSIGN" (agent_loc {'?self': 'agent'}) = 2)

-----------------
Action Schema: move_left
Parameters: {'?self': 'agent'}
Precondition Schemas:
ConditionSchema(("EP_NONE" [] "EP_NONE") "EQUAL" (sharing_lock {}) = 0)
ConditionSchema(("EP_NONE" [] "EP_NONE") "EQUAL" (agent_sharing {'?self': 'agent'}) = none)
ConditionSchema(("EP_NONE" [] "EP_NONE") "EQUAL" (agent_loc {'?self': 'agent'}) = 2)
Effect Schemas:
EffectSchema("ASSIGN" (agent_loc {'?self': 'agent'}) = 1)

-----------------
Action Schema: quiet
Parameters: {'?self': 'agent', '?s': 'secret'}
Precondition Schemas:
ConditionSchema(("EP_NONE" [] "EP_NONE") "EQUAL" (sharing_lock {}) = 1)
ConditionSchema(("EP_NONE" [] "EP_NONE") "EQUAL" (agent_sharing {'?self': 'agent'}) = (secret_id {'?s': 'secret'}))
ConditionSchema(("EP_NONE" [] "EP_NONE") "NOT_EQUAL" (shared_loc {'?s': 'secret'}) = 0)
Effect Schemas:
EffectSchema("ASSIGN" (sharing_lock {}) = 0)
EffectSchema("ASSIGN" (agent_sharing {'?self': 'agent'}) = none)
EffectSchema("ASSIGN" (shared_loc {'?s': 'secret'}) = 0)
EffectSchema("ASSIGN" (shared_value {'?s': 'secret'}) = t)

-----------------
Action Schema: sharing_stay
Parameters: {'?self': 'agent'}
Precondition Schemas:
ConditionSchema(("EP_NONE" [] "EP_NONE") "EQUAL" (sharing_lock {}) = 1)
ConditionSchema(("EP_NONE" [] "EP_NONE") "EQUAL" (agent_sharing {'?self': 'agent'}) = none)
Effect Schemas:
EffectSchema("ASSIGN" (sharing_lock {}) = 1)

-----------------
Action Schema: normal_stay
Parameters: {'?self': 'agent'}
Precondition Schemas:
ConditionSchema(("EP_NONE" [] "EP_NONE") "EQUAL" (sharing_lock {}) = 0)
Effect Schemas:
EffectSchema("ASSIGN" (sharing_lock {}) = 0)

-----------------
Action Schema: sharing_own_secret
Parameters: {'?self': 'agent', '?s': 'secret'}
Precondition Schemas:
ConditionSchema(("EP_NONE" [] "EP_NONE") "EQUAL" (sharing_lock {}) = 0)
ConditionSchema(("EP_NONE" [] "EP_NONE") "EQUAL" (own {'?s': 'secret'}) = (agent_id {'?self': 'agent'}))
ConditionSchema(("EP_NONE" [] "EP_NONE") "EQUAL" (agent_sharing {'?self': 'agent'}) = none)
Effect Schemas:
EffectSchema("ASSIGN" (sharing_lock {}) = 1)
EffectSchema("ASSIGN" (agent_sharing {'?self': 'agent'}) = (secret_id {'?s': 'secret'}))
EffectSchema("ASSIGN" (shared_loc {'?s': 'secret'}) = (agent_loc {'?self': 'agent'}))
EffectSchema("ASSIGN" (shared_value {'?s': 'secret'}) = t)

-----------------
Action Schema: lying_own_secret
Parameters: {'?self': 'agent', '?s': 'secret'}
Precondition Schemas:
ConditionSchema(("EP_NONE" [] "EP_NONE") "EQUAL" (sharing_lock {}) = 0)
ConditionSchema(("EP_NONE" [] "EP_NONE") "EQUAL" (own {'?s': 'secret'}) = (agent_id {'?self': 'agent'}))
ConditionSchema(("EP_NONE" [] "EP_NONE") "EQUAL" (agent_sharing {'?self': 'agent'}) = none)
Effect Schemas:
EffectSchema("ASSIGN" (sharing_lock {}) = 1)
EffectSchema("ASSIGN" (agent_sharing {'?self': 'agent'}) = (secret_id {'?s': 'secret'}))
EffectSchema("ASSIGN" (shared_loc {'?s': 'secret'}) = (agent_loc {'?self': 'agent'}))
EffectSchema("ASSIGN" (shared_value {'?s': 'secret'}) = f)

-----------------
Action Schema: sharing_others_secret
Parameters: {'?self': 'agent', '?s': 'secret'}
Precondition Schemas:
ConditionSchema(("EP_NONE" [] "EP_NONE") "EQUAL" (sharing_lock {}) = 0)
ConditionSchema(("EP_NONE" [] "EP_NONE") "NOT_EQUAL" (own {'?s': 'secret'}) = (agent_id {'?self': 'agent'}))
ConditionSchema(("EP_NONE" [] "EP_NONE") "EQUAL" (agent_sharing {'?self': 'agent'}) = none)
ConditionSchema(("EP_NOT_EQUAL" ['?self'] "EP_UNKNOWN") "NONE" (shared_value {'?s': 'secret'}) = )
Effect Schemas:
EffectSchema("ASSIGN" (sharing_lock {}) = 1)
EffectSchema("ASSIGN" (agent_sharing {'?self': 'agent'}) = (secret_id {'?s': 'secret'}))
EffectSchema("ASSIGN" (shared_loc {'?s': 'secret'}) = (agent_loc {'?self': 'agent'}))
EffectSchema("ASSIGN" (shared_value {'?s': 'secret'}) = (['?self'] shared_value {'?s': 'secret'}))

=================
Function([id:1, header_id:1]  agent_loc {'?a': 'a'} = 1)
Function([id:3, header_id:2]  agent_loc {'?a': 'b'} = 1)
Function([id:5, header_id:3]  secret_id {'?s': 'as'} = as)
Function([id:8, header_id:4]  secret_id {'?s': 'bs'} = bs)
Function([id:9, header_id:5]  agent_id {'?a': 'a'} = a)
Function([id:12, header_id:6]  agent_id {'?a': 'b'} = b)
Function([id:13, header_id:7]  shared_value {'?s': 'as'} = t)
Function([id:15, header_id:8]  shared_value {'?s': 'bs'} = t)
Function([id:17, header_id:9]  shared_loc {'?s': 'as'} = 0)
Function([id:20, header_id:10]  shared_loc {'?s': 'bs'} = 0)
Function([id:23, header_id:11]  own {'?s': 'as'} = a)
Function([id:26, header_id:12]  own {'?s': 'bs'} = b)
Function([id:27, header_id:13]  sharing_lock {} = 0)
Function([id:29, header_id:14]  agent_sharing {'?a': 'a'} = none)
Function([id:32, header_id:15]  agent_sharing {'?a': 'b'} = none)
=================
Agent: a
Max move time: inf
Goal completed: 'False'
Consider goal: 'True'
Consider exp: 'False'
Own Goals:
Condition(['a'] shared_value ['as'] = t)
Condition(['a', 'b'] shared_value ['as'] = f)
Other Goals:
All Possible Goals:
a:
Condition(['a'] shared_value ['as'] = t)
Condition(['a', 'b'] shared_value ['as'] = f)
b:
Condition(['b'] shared_value ['bs'] = t)
-----------------
a:
Condition(['a'] shared_value ['as'] = t)
Condition(['a', 'b'] shared_value ['as'] = f)
b:
Condition(['b'] shared_value ['bs'] = f)
-----------------
a:
Condition(['a'] shared_value ['as'] = t)
Condition(['a', 'b'] shared_value ['as'] = f)
b:
Condition(['b'] shared_value ['as'] = f)
-----------------
a:
Condition(['a'] shared_value ['as'] = t)
Condition(['a', 'b'] shared_value ['as'] = f)
b:
Condition(['b'] shared_value ['as'] = f)
Condition(['b'] shared_value ['bs'] = t)
-----------------
a:
Condition(['a'] shared_value ['as'] = t)
Condition(['a', 'b'] shared_value ['as'] = f)
b:
Condition(['b'] shared_value ['as'] = f)
Condition(['b'] shared_value ['bs'] = f)
-----------------
a:
Condition(['a'] shared_value ['as'] = t)
Condition(['a', 'b'] shared_value ['as'] = f)
b:
Condition(['b', 'a'] shared_value ['bs'] = t)
-----------------
a:
Condition(['a'] shared_value ['as'] = t)
Condition(['a', 'b'] shared_value ['as'] = f)
b:
Condition(['b', 'a'] shared_value ['bs'] = t)
Condition(['b'] shared_value ['bs'] = t)
-----------------
a:
Condition(['a'] shared_value ['as'] = t)
Condition(['a', 'b'] shared_value ['as'] = f)
b:
Condition(['b', 'a'] shared_value ['bs'] = t)
Condition(['b'] shared_value ['bs'] = f)
-----------------
a:
Condition(['a'] shared_value ['as'] = t)
Condition(['a', 'b'] shared_value ['as'] = f)
b:
Condition(['b', 'a'] shared_value ['bs'] = t)
Condition(['b'] shared_value ['as'] = f)
-----------------
a:
Condition(['a'] shared_value ['as'] = t)
Condition(['a', 'b'] shared_value ['as'] = f)
b:
Condition(['b', 'a'] shared_value ['bs'] = f)
-----------------
a:
Condition(['a'] shared_value ['as'] = t)
Condition(['a', 'b'] shared_value ['as'] = f)
b:
Condition(['b', 'a'] shared_value ['bs'] = f)
Condition(['b'] shared_value ['bs'] = t)
-----------------
a:
Condition(['a'] shared_value ['as'] = t)
Condition(['a', 'b'] shared_value ['as'] = f)
b:
Condition(['b', 'a'] shared_value ['bs'] = f)
Condition(['b'] shared_value ['bs'] = f)
-----------------
a:
Condition(['a'] shared_value ['as'] = t)
Condition(['a', 'b'] shared_value ['as'] = f)
b:
Condition(['b', 'a'] shared_value ['bs'] = f)
Condition(['b'] shared_value ['as'] = f)
-----------------
a:
Condition(['a'] shared_value ['as'] = t)
Condition(['a', 'b'] shared_value ['as'] = f)
b:
Condition(['b', 'a'] shared_value ['as'] = f)
-----------------
a:
Condition(['a'] shared_value ['as'] = t)
Condition(['a', 'b'] shared_value ['as'] = f)
b:
Condition(['b', 'a'] shared_value ['as'] = f)
Condition(['b'] shared_value ['bs'] = t)
-----------------
a:
Condition(['a'] shared_value ['as'] = t)
Condition(['a', 'b'] shared_value ['as'] = f)
b:
Condition(['b', 'a'] shared_value ['as'] = f)
Condition(['b'] shared_value ['bs'] = f)
-----------------
a:
Condition(['a'] shared_value ['as'] = t)
Condition(['a', 'b'] shared_value ['as'] = f)
b:
Condition(['b', 'a'] shared_value ['as'] = f)
Condition(['b'] shared_value ['as'] = f)
-----------------
a:
Condition(['a'] shared_value ['as'] = t)
Condition(['a', 'b'] shared_value ['as'] = f)
b:
Condition(['b', 'a'] shared_value ['as'] = f)
Condition(['b', 'a'] shared_value ['bs'] = t)
-----------------
a:
Condition(['a'] shared_value ['as'] = t)
Condition(['a', 'b'] shared_value ['as'] = f)
b:
Condition(['b', 'a'] shared_value ['as'] = f)
Condition(['b', 'a'] shared_value ['bs'] = f)
-----------------

Agent: b
Max move time: inf
Goal completed: 'False'
Consider goal: 'True'
Consider exp: 'False'
Own Goals:
Condition(['b'] shared_value ['as'] = f)
Condition(['b', 'a'] shared_value ['bs'] = f)
Other Goals:
All Possible Goals:
a:
Condition(['a'] shared_value ['bs'] = f)
b:
Condition(['b'] shared_value ['as'] = f)
Condition(['b', 'a'] shared_value ['bs'] = f)
-----------------
a:
Condition(['a'] shared_value ['as'] = t)
b:
Condition(['b'] shared_value ['as'] = f)
Condition(['b', 'a'] shared_value ['bs'] = f)
-----------------
a:
Condition(['a'] shared_value ['as'] = t)
Condition(['a'] shared_value ['bs'] = f)
b:
Condition(['b'] shared_value ['as'] = f)
Condition(['b', 'a'] shared_value ['bs'] = f)
-----------------
a:
Condition(['a'] shared_value ['as'] = f)
b:
Condition(['b'] shared_value ['as'] = f)
Condition(['b', 'a'] shared_value ['bs'] = f)
-----------------
a:
Condition(['a'] shared_value ['as'] = f)
Condition(['a'] shared_value ['bs'] = f)
b:
Condition(['b'] shared_value ['as'] = f)
Condition(['b', 'a'] shared_value ['bs'] = f)
-----------------
a:
Condition(['a', 'b'] shared_value ['bs'] = f)
b:
Condition(['b'] shared_value ['as'] = f)
Condition(['b', 'a'] shared_value ['bs'] = f)
-----------------
a:
Condition(['a', 'b'] shared_value ['bs'] = f)
Condition(['a'] shared_value ['bs'] = f)
b:
Condition(['b'] shared_value ['as'] = f)
Condition(['b', 'a'] shared_value ['bs'] = f)
-----------------
a:
Condition(['a', 'b'] shared_value ['bs'] = f)
Condition(['a'] shared_value ['as'] = t)
b:
Condition(['b'] shared_value ['as'] = f)
Condition(['b', 'a'] shared_value ['bs'] = f)
-----------------
a:
Condition(['a', 'b'] shared_value ['bs'] = f)
Condition(['a'] shared_value ['as'] = f)
b:
Condition(['b'] shared_value ['as'] = f)
Condition(['b', 'a'] shared_value ['bs'] = f)
-----------------
a:
Condition(['a', 'b'] shared_value ['as'] = f)
b:
Condition(['b'] shared_value ['as'] = f)
Condition(['b', 'a'] shared_value ['bs'] = f)
-----------------
a:
Condition(['a', 'b'] shared_value ['as'] = f)
Condition(['a'] shared_value ['bs'] = f)
b:
Condition(['b'] shared_value ['as'] = f)
Condition(['b', 'a'] shared_value ['bs'] = f)
-----------------
a:
Condition(['a', 'b'] shared_value ['as'] = f)
Condition(['a'] shared_value ['as'] = t)
b:
Condition(['b'] shared_value ['as'] = f)
Condition(['b', 'a'] shared_value ['bs'] = f)
-----------------
a:
Condition(['a', 'b'] shared_value ['as'] = f)
Condition(['a'] shared_value ['as'] = f)
b:
Condition(['b'] shared_value ['as'] = f)
Condition(['b', 'a'] shared_value ['bs'] = f)
-----------------
a:
Condition(['a', 'b'] shared_value ['as'] = f)
Condition(['a', 'b'] shared_value ['bs'] = f)
b:
Condition(['b'] shared_value ['as'] = f)
Condition(['b', 'a'] shared_value ['bs'] = f)
-----------------


2025-10-25 19:01:11,282 INFO - __main__._.<module>:
Model built successfully.
