2025-10-12 19:44:10,244 EXP - __main__.Logger.exp:
a takes action: move(['a', 'r1', 'r4'])
b takes action: stay(['b'])
c takes action: move(['c', 'r6', 'r5'])
d takes action: move(['d', 'r7', 'r8'])
a takes action: move(['a', 'r4', 'r7'])
b takes action: stay(['b'])
c takes action: stay(['c'])
d takes action: move(['d', 'r8', 'r9'])
a takes action: move(['a', 'r7', 'r8'])
b takes action: stay(['b'])
c takes action: stay(['c'])
d takes action: move(['d', 'r9', 'r6'])
a takes action: stay(['a'])
b takes action: stay(['b'])
c takes action: stay(['c'])
d takes action: move(['d', 'r6', 'r3'])
Steps: 16
Time cost: 0.893489s
2025-10-12 19:44:11,151 EXP - __main__.Logger.exp:
a takes action: move(['a', 'r1', 'r4'])
b takes action: stay(['b'])
c takes action: move(['c', 'r6', 'r5'])
d takes action: move(['d', 'r7', 'r8'])
a takes action: move(['a', 'r4', 'r7'])
b takes action: stay(['b'])
c takes action: stay(['c'])
d takes action: move(['d', 'r8', 'r9'])
a takes action: move(['a', 'r7', 'r8'])
b takes action: stay(['b'])
c takes action: stay(['c'])
d takes action: move(['d', 'r9', 'r6'])
a takes action: stay(['a'])
b takes action: stay(['b'])
c takes action: stay(['c'])
d takes action: move(['d', 'r6', 'r3'])
Steps: 16
Time cost: 0.904341s
2025-10-12 19:44:12,056 EXP - __main__.Logger.exp:
a takes action: move(['a', 'r1', 'r4'])
b takes action: stay(['b'])
c takes action: move(['c', 'r6', 'r5'])
d takes action: move(['d', 'r7', 'r8'])
a takes action: move(['a', 'r4', 'r7'])
b takes action: stay(['b'])
c takes action: stay(['c'])
d takes action: move(['d', 'r8', 'r9'])
a takes action: move(['a', 'r7', 'r8'])
b takes action: stay(['b'])
c takes action: stay(['c'])
d takes action: move(['d', 'r9', 'r6'])
a takes action: stay(['a'])
b takes action: stay(['b'])
c takes action: stay(['c'])
d takes action: move(['d', 'r6', 'r3'])
Steps: 16
Time cost: 0.903209s
2025-10-12 19:44:12,953 EXP - __main__.Logger.exp:
a takes action: move(['a', 'r1', 'r4'])
b takes action: stay(['b'])
c takes action: move(['c', 'r6', 'r5'])
d takes action: move(['d', 'r7', 'r8'])
a takes action: move(['a', 'r4', 'r7'])
b takes action: stay(['b'])
c takes action: stay(['c'])
d takes action: move(['d', 'r8', 'r9'])
a takes action: move(['a', 'r7', 'r8'])
b takes action: stay(['b'])
c takes action: stay(['c'])
d takes action: move(['d', 'r9', 'r6'])
a takes action: stay(['a'])
b takes action: stay(['b'])
c takes action: stay(['c'])
d takes action: move(['d', 'r6', 'r3'])
Steps: 16
Time cost: 0.894419s
2025-10-12 19:44:13,854 EXP - __main__.Logger.exp:
a takes action: move(['a', 'r1', 'r4'])
b takes action: stay(['b'])
c takes action: move(['c', 'r6', 'r5'])
d takes action: move(['d', 'r7', 'r8'])
a takes action: move(['a', 'r4', 'r7'])
b takes action: stay(['b'])
c takes action: stay(['c'])
d takes action: move(['d', 'r8', 'r9'])
a takes action: move(['a', 'r7', 'r8'])
b takes action: stay(['b'])
c takes action: stay(['c'])
d takes action: move(['d', 'r9', 'r6'])
a takes action: stay(['a'])
b takes action: stay(['b'])
c takes action: stay(['c'])
d takes action: move(['d', 'r6', 'r3'])
Steps: 16
Time cost: 0.899165s
2025-10-12 19:44:14,756 EXP - __main__.Logger.exp:
a takes action: move(['a', 'r1', 'r4'])
b takes action: stay(['b'])
c takes action: move(['c', 'r6', 'r5'])
d takes action: move(['d', 'r7', 'r8'])
a takes action: move(['a', 'r4', 'r7'])
b takes action: stay(['b'])
c takes action: stay(['c'])
d takes action: move(['d', 'r8', 'r9'])
a takes action: move(['a', 'r7', 'r8'])
b takes action: stay(['b'])
c takes action: stay(['c'])
d takes action: move(['d', 'r9', 'r6'])
a takes action: stay(['a'])
b takes action: stay(['b'])
c takes action: stay(['c'])
d takes action: move(['d', 'r6', 'r3'])
Steps: 16
Time cost: 0.899559s
2025-10-12 19:44:15,653 EXP - __main__.Logger.exp:
a takes action: move(['a', 'r1', 'r4'])
b takes action: stay(['b'])
c takes action: move(['c', 'r6', 'r5'])
d takes action: move(['d', 'r7', 'r8'])
a takes action: move(['a', 'r4', 'r7'])
b takes action: stay(['b'])
c takes action: stay(['c'])
d takes action: move(['d', 'r8', 'r9'])
a takes action: move(['a', 'r7', 'r8'])
b takes action: stay(['b'])
c takes action: stay(['c'])
d takes action: move(['d', 'r9', 'r6'])
a takes action: stay(['a'])
b takes action: stay(['b'])
c takes action: stay(['c'])
d takes action: move(['d', 'r6', 'r3'])
Steps: 16
Time cost: 0.894947s
2025-10-12 19:44:16,556 EXP - __main__.Logger.exp:
a takes action: move(['a', 'r1', 'r4'])
b takes action: stay(['b'])
c takes action: move(['c', 'r6', 'r5'])
d takes action: move(['d', 'r7', 'r8'])
a takes action: move(['a', 'r4', 'r7'])
b takes action: stay(['b'])
c takes action: stay(['c'])
d takes action: move(['d', 'r8', 'r9'])
a takes action: move(['a', 'r7', 'r8'])
b takes action: stay(['b'])
c takes action: stay(['c'])
d takes action: move(['d', 'r9', 'r6'])
a takes action: stay(['a'])
b takes action: stay(['b'])
c takes action: stay(['c'])
d takes action: move(['d', 'r6', 'r3'])
Steps: 16
Time cost: 0.901131s
2025-10-12 19:44:17,452 EXP - __main__.Logger.exp:
a takes action: move(['a', 'r1', 'r4'])
b takes action: stay(['b'])
c takes action: move(['c', 'r6', 'r5'])
d takes action: move(['d', 'r7', 'r8'])
a takes action: move(['a', 'r4', 'r7'])
b takes action: stay(['b'])
c takes action: stay(['c'])
d takes action: move(['d', 'r8', 'r9'])
a takes action: move(['a', 'r7', 'r8'])
b takes action: stay(['b'])
c takes action: stay(['c'])
d takes action: move(['d', 'r9', 'r6'])
a takes action: stay(['a'])
b takes action: stay(['b'])
c takes action: stay(['c'])
d takes action: move(['d', 'r6', 'r3'])
Steps: 16
Time cost: 0.893844s
2025-10-12 19:44:18,355 EXP - __main__.Logger.exp:
a takes action: move(['a', 'r1', 'r4'])
b takes action: stay(['b'])
c takes action: move(['c', 'r6', 'r5'])
d takes action: move(['d', 'r7', 'r8'])
a takes action: move(['a', 'r4', 'r7'])
b takes action: stay(['b'])
c takes action: stay(['c'])
d takes action: move(['d', 'r8', 'r9'])
a takes action: move(['a', 'r7', 'r8'])
b takes action: stay(['b'])
c takes action: stay(['c'])
d takes action: move(['d', 'r9', 'r6'])
a takes action: stay(['a'])
b takes action: stay(['b'])
c takes action: stay(['c'])
d takes action: move(['d', 'r6', 'r3'])
Steps: 16
Time cost: 0.898150s
2025-10-12 19:44:19,257 EXP - __main__.Logger.exp:
a takes action: move(['a', 'r1', 'r4'])
b takes action: stay(['b'])
c takes action: move(['c', 'r6', 'r5'])
d takes action: move(['d', 'r7', 'r8'])
a takes action: move(['a', 'r4', 'r7'])
b takes action: stay(['b'])
c takes action: stay(['c'])
d takes action: move(['d', 'r8', 'r9'])
a takes action: move(['a', 'r7', 'r8'])
b takes action: stay(['b'])
c takes action: stay(['c'])
d takes action: move(['d', 'r9', 'r6'])
a takes action: stay(['a'])
b takes action: stay(['b'])
c takes action: stay(['c'])
d takes action: move(['d', 'r6', 'r3'])
Steps: 16
Time cost: 0.899648s
2025-10-12 19:44:20,168 EXP - __main__.Logger.exp:
a takes action: move(['a', 'r1', 'r4'])
b takes action: stay(['b'])
c takes action: move(['c', 'r6', 'r5'])
d takes action: move(['d', 'r7', 'r8'])
a takes action: move(['a', 'r4', 'r7'])
b takes action: stay(['b'])
c takes action: stay(['c'])
d takes action: move(['d', 'r8', 'r9'])
a takes action: move(['a', 'r7', 'r8'])
b takes action: stay(['b'])
c takes action: stay(['c'])
d takes action: move(['d', 'r9', 'r6'])
a takes action: stay(['a'])
b takes action: stay(['b'])
c takes action: stay(['c'])
d takes action: move(['d', 'r6', 'r3'])
Steps: 16
Time cost: 0.908851s
2025-10-12 19:44:21,069 EXP - __main__.Logger.exp:
a takes action: move(['a', 'r1', 'r4'])
b takes action: stay(['b'])
c takes action: move(['c', 'r6', 'r5'])
d takes action: move(['d', 'r7', 'r8'])
a takes action: move(['a', 'r4', 'r7'])
b takes action: stay(['b'])
c takes action: stay(['c'])
d takes action: move(['d', 'r8', 'r9'])
a takes action: move(['a', 'r7', 'r8'])
b takes action: stay(['b'])
c takes action: stay(['c'])
d takes action: move(['d', 'r9', 'r6'])
a takes action: stay(['a'])
b takes action: stay(['b'])
c takes action: stay(['c'])
d takes action: move(['d', 'r6', 'r3'])
Steps: 16
Time cost: 0.898315s
2025-10-12 19:44:21,970 EXP - __main__.Logger.exp:
a takes action: move(['a', 'r1', 'r4'])
b takes action: stay(['b'])
c takes action: move(['c', 'r6', 'r5'])
d takes action: move(['d', 'r7', 'r8'])
a takes action: move(['a', 'r4', 'r7'])
b takes action: stay(['b'])
c takes action: stay(['c'])
d takes action: move(['d', 'r8', 'r9'])
a takes action: move(['a', 'r7', 'r8'])
b takes action: stay(['b'])
c takes action: stay(['c'])
d takes action: move(['d', 'r9', 'r6'])
a takes action: stay(['a'])
b takes action: stay(['b'])
c takes action: stay(['c'])
d takes action: move(['d', 'r6', 'r3'])
Steps: 16
Time cost: 0.898826s
2025-10-12 19:44:22,868 EXP - __main__.Logger.exp:
a takes action: move(['a', 'r1', 'r4'])
b takes action: stay(['b'])
c takes action: move(['c', 'r6', 'r5'])
d takes action: move(['d', 'r7', 'r8'])
a takes action: move(['a', 'r4', 'r7'])
b takes action: stay(['b'])
c takes action: stay(['c'])
d takes action: move(['d', 'r8', 'r9'])
a takes action: move(['a', 'r7', 'r8'])
b takes action: stay(['b'])
c takes action: stay(['c'])
d takes action: move(['d', 'r9', 'r6'])
a takes action: stay(['a'])
b takes action: stay(['b'])
c takes action: stay(['c'])
d takes action: move(['d', 'r6', 'r3'])
Steps: 16
Time cost: 0.896595s
2025-10-12 19:44:23,770 EXP - __main__.Logger.exp:
a takes action: move(['a', 'r1', 'r4'])
b takes action: stay(['b'])
c takes action: move(['c', 'r6', 'r5'])
d takes action: move(['d', 'r7', 'r8'])
a takes action: move(['a', 'r4', 'r7'])
b takes action: stay(['b'])
c takes action: stay(['c'])
d takes action: move(['d', 'r8', 'r9'])
a takes action: move(['a', 'r7', 'r8'])
b takes action: stay(['b'])
c takes action: stay(['c'])
d takes action: move(['d', 'r9', 'r6'])
a takes action: stay(['a'])
b takes action: stay(['b'])
c takes action: stay(['c'])
d takes action: move(['d', 'r6', 'r3'])
Steps: 16
Time cost: 0.899263s
2025-10-12 19:44:24,679 EXP - __main__.Logger.exp:
a takes action: move(['a', 'r1', 'r4'])
b takes action: stay(['b'])
c takes action: move(['c', 'r6', 'r5'])
d takes action: move(['d', 'r7', 'r8'])
a takes action: move(['a', 'r4', 'r7'])
b takes action: stay(['b'])
c takes action: stay(['c'])
d takes action: move(['d', 'r8', 'r9'])
a takes action: move(['a', 'r7', 'r8'])
b takes action: stay(['b'])
c takes action: stay(['c'])
d takes action: move(['d', 'r9', 'r6'])
a takes action: stay(['a'])
b takes action: stay(['b'])
c takes action: stay(['c'])
d takes action: move(['d', 'r6', 'r3'])
Steps: 16
Time cost: 0.907680s
2025-10-12 19:44:25,576 EXP - __main__.Logger.exp:
a takes action: move(['a', 'r1', 'r4'])
b takes action: stay(['b'])
c takes action: move(['c', 'r6', 'r5'])
d takes action: move(['d', 'r7', 'r8'])
a takes action: move(['a', 'r4', 'r7'])
b takes action: stay(['b'])
c takes action: stay(['c'])
d takes action: move(['d', 'r8', 'r9'])
a takes action: move(['a', 'r7', 'r8'])
b takes action: stay(['b'])
c takes action: stay(['c'])
d takes action: move(['d', 'r9', 'r6'])
a takes action: stay(['a'])
b takes action: stay(['b'])
c takes action: stay(['c'])
d takes action: move(['d', 'r6', 'r3'])
Steps: 16
Time cost: 0.894701s
2025-10-12 19:44:26,478 EXP - __main__.Logger.exp:
a takes action: move(['a', 'r1', 'r4'])
b takes action: stay(['b'])
c takes action: move(['c', 'r6', 'r5'])
d takes action: move(['d', 'r7', 'r8'])
a takes action: move(['a', 'r4', 'r7'])
b takes action: stay(['b'])
c takes action: stay(['c'])
d takes action: move(['d', 'r8', 'r9'])
a takes action: move(['a', 'r7', 'r8'])
b takes action: stay(['b'])
c takes action: stay(['c'])
d takes action: move(['d', 'r9', 'r6'])
a takes action: stay(['a'])
b takes action: stay(['b'])
c takes action: stay(['c'])
d takes action: move(['d', 'r6', 'r3'])
Steps: 16
Time cost: 0.899927s
2025-10-12 19:44:27,377 EXP - __main__.Logger.exp:
a takes action: move(['a', 'r1', 'r4'])
b takes action: stay(['b'])
c takes action: move(['c', 'r6', 'r5'])
d takes action: move(['d', 'r7', 'r8'])
a takes action: move(['a', 'r4', 'r7'])
b takes action: stay(['b'])
c takes action: stay(['c'])
d takes action: move(['d', 'r8', 'r9'])
a takes action: move(['a', 'r7', 'r8'])
b takes action: stay(['b'])
c takes action: stay(['c'])
d takes action: move(['d', 'r9', 'r6'])
a takes action: stay(['a'])
b takes action: stay(['b'])
c takes action: stay(['c'])
d takes action: move(['d', 'r6', 'r3'])
Steps: 16
Time cost: 0.895996s
2025-10-12 19:44:27,377 EXP - __main__.Logger.exp:
Avg Steps: 16.0
Avg Time: 0.899103s
