2025-10-12 19:43:49,881 EXP - __main__.Logger.exp:
a takes action: move(['a', 'r1', 'r4'])
b takes action: stay(['b'])
c takes action: move(['c', 'r6', 'r5'])
d takes action: move(['d', 'r7', 'r8'])
a takes action: move(['a', 'r4', 'r7'])
b takes action: stay(['b'])
c takes action: stay(['c'])
d takes action: move(['d', 'r8', 'r9'])
a takes action: move(['a', 'r7', 'r8'])
b takes action: stay(['b'])
c takes action: stay(['c'])
d takes action: move(['d', 'r9', 'r6'])
a takes action: stay(['a'])
b takes action: stay(['b'])
c takes action: stay(['c'])
d takes action: move(['d', 'r6', 'r3'])
Steps: 16
Time cost: 1.016849s
2025-10-12 19:43:50,900 EXP - __main__.Logger.exp:
a takes action: move(['a', 'r1', 'r4'])
b takes action: stay(['b'])
c takes action: move(['c', 'r6', 'r5'])
d takes action: move(['d', 'r7', 'r8'])
a takes action: move(['a', 'r4', 'r7'])
b takes action: stay(['b'])
c takes action: stay(['c'])
d takes action: move(['d', 'r8', 'r9'])
a takes action: move(['a', 'r7', 'r8'])
b takes action: stay(['b'])
c takes action: stay(['c'])
d takes action: move(['d', 'r9', 'r6'])
a takes action: stay(['a'])
b takes action: stay(['b'])
c takes action: stay(['c'])
d takes action: move(['d', 'r6', 'r3'])
Steps: 16
Time cost: 1.016817s
2025-10-12 19:43:51,922 EXP - __main__.Logger.exp:
a takes action: move(['a', 'r1', 'r4'])
b takes action: stay(['b'])
c takes action: move(['c', 'r6', 'r5'])
d takes action: move(['d', 'r7', 'r8'])
a takes action: move(['a', 'r4', 'r7'])
b takes action: stay(['b'])
c takes action: stay(['c'])
d takes action: move(['d', 'r8', 'r9'])
a takes action: move(['a', 'r7', 'r8'])
b takes action: stay(['b'])
c takes action: stay(['c'])
d takes action: move(['d', 'r9', 'r6'])
a takes action: stay(['a'])
b takes action: stay(['b'])
c takes action: stay(['c'])
d takes action: move(['d', 'r6', 'r3'])
Steps: 16
Time cost: 1.019771s
2025-10-12 19:43:52,941 EXP - __main__.Logger.exp:
a takes action: move(['a', 'r1', 'r4'])
b takes action: stay(['b'])
c takes action: move(['c', 'r6', 'r5'])
d takes action: move(['d', 'r7', 'r8'])
a takes action: move(['a', 'r4', 'r7'])
b takes action: stay(['b'])
c takes action: stay(['c'])
d takes action: move(['d', 'r8', 'r9'])
a takes action: move(['a', 'r7', 'r8'])
b takes action: stay(['b'])
c takes action: stay(['c'])
d takes action: move(['d', 'r9', 'r6'])
a takes action: stay(['a'])
b takes action: stay(['b'])
c takes action: stay(['c'])
d takes action: move(['d', 'r6', 'r3'])
Steps: 16
Time cost: 1.016789s
2025-10-12 19:43:53,972 EXP - __main__.Logger.exp:
a takes action: move(['a', 'r1', 'r4'])
b takes action: stay(['b'])
c takes action: move(['c', 'r6', 'r5'])
d takes action: move(['d', 'r7', 'r8'])
a takes action: move(['a', 'r4', 'r7'])
b takes action: stay(['b'])
c takes action: stay(['c'])
d takes action: move(['d', 'r8', 'r9'])
a takes action: move(['a', 'r7', 'r8'])
b takes action: stay(['b'])
c takes action: stay(['c'])
d takes action: move(['d', 'r9', 'r6'])
a takes action: stay(['a'])
b takes action: stay(['b'])
c takes action: stay(['c'])
d takes action: move(['d', 'r6', 'r3'])
Steps: 16
Time cost: 1.028759s
2025-10-12 19:43:55,003 EXP - __main__.Logger.exp:
a takes action: move(['a', 'r1', 'r4'])
b takes action: stay(['b'])
c takes action: move(['c', 'r6', 'r5'])
d takes action: move(['d', 'r7', 'r8'])
a takes action: move(['a', 'r4', 'r7'])
b takes action: stay(['b'])
c takes action: stay(['c'])
d takes action: move(['d', 'r8', 'r9'])
a takes action: move(['a', 'r7', 'r8'])
b takes action: stay(['b'])
c takes action: stay(['c'])
d takes action: move(['d', 'r9', 'r6'])
a takes action: stay(['a'])
b takes action: stay(['b'])
c takes action: stay(['c'])
d takes action: move(['d', 'r6', 'r3'])
Steps: 16
Time cost: 1.029244s
2025-10-12 19:43:56,029 EXP - __main__.Logger.exp:
a takes action: move(['a', 'r1', 'r4'])
b takes action: stay(['b'])
c takes action: move(['c', 'r6', 'r5'])
d takes action: move(['d', 'r7', 'r8'])
a takes action: move(['a', 'r4', 'r7'])
b takes action: stay(['b'])
c takes action: stay(['c'])
d takes action: move(['d', 'r8', 'r9'])
a takes action: move(['a', 'r7', 'r8'])
b takes action: stay(['b'])
c takes action: stay(['c'])
d takes action: move(['d', 'r9', 'r6'])
a takes action: stay(['a'])
b takes action: stay(['b'])
c takes action: stay(['c'])
d takes action: move(['d', 'r6', 'r3'])
Steps: 16
Time cost: 1.023574s
2025-10-12 19:43:57,051 EXP - __main__.Logger.exp:
a takes action: move(['a', 'r1', 'r4'])
b takes action: stay(['b'])
c takes action: move(['c', 'r6', 'r5'])
d takes action: move(['d', 'r7', 'r8'])
a takes action: move(['a', 'r4', 'r7'])
b takes action: stay(['b'])
c takes action: stay(['c'])
d takes action: move(['d', 'r8', 'r9'])
a takes action: move(['a', 'r7', 'r8'])
b takes action: stay(['b'])
c takes action: stay(['c'])
d takes action: move(['d', 'r9', 'r6'])
a takes action: stay(['a'])
b takes action: stay(['b'])
c takes action: stay(['c'])
d takes action: move(['d', 'r6', 'r3'])
Steps: 16
Time cost: 1.019675s
2025-10-12 19:43:58,068 EXP - __main__.Logger.exp:
a takes action: move(['a', 'r1', 'r4'])
b takes action: stay(['b'])
c takes action: move(['c', 'r6', 'r5'])
d takes action: move(['d', 'r7', 'r8'])
a takes action: move(['a', 'r4', 'r7'])
b takes action: stay(['b'])
c takes action: stay(['c'])
d takes action: move(['d', 'r8', 'r9'])
a takes action: move(['a', 'r7', 'r8'])
b takes action: stay(['b'])
c takes action: stay(['c'])
d takes action: move(['d', 'r9', 'r6'])
a takes action: stay(['a'])
b takes action: stay(['b'])
c takes action: stay(['c'])
d takes action: move(['d', 'r6', 'r3'])
Steps: 16
Time cost: 1.015123s
2025-10-12 19:43:59,105 EXP - __main__.Logger.exp:
a takes action: move(['a', 'r1', 'r4'])
b takes action: stay(['b'])
c takes action: move(['c', 'r6', 'r5'])
d takes action: move(['d', 'r7', 'r8'])
a takes action: move(['a', 'r4', 'r7'])
b takes action: stay(['b'])
c takes action: stay(['c'])
d takes action: move(['d', 'r8', 'r9'])
a takes action: move(['a', 'r7', 'r8'])
b takes action: stay(['b'])
c takes action: stay(['c'])
d takes action: move(['d', 'r9', 'r6'])
a takes action: stay(['a'])
b takes action: stay(['b'])
c takes action: stay(['c'])
d takes action: move(['d', 'r6', 'r3'])
Steps: 16
Time cost: 1.035387s
2025-10-12 19:44:00,130 EXP - __main__.Logger.exp:
a takes action: move(['a', 'r1', 'r4'])
b takes action: stay(['b'])
c takes action: move(['c', 'r6', 'r5'])
d takes action: move(['d', 'r7', 'r8'])
a takes action: move(['a', 'r4', 'r7'])
b takes action: stay(['b'])
c takes action: stay(['c'])
d takes action: move(['d', 'r8', 'r9'])
a takes action: move(['a', 'r7', 'r8'])
b takes action: stay(['b'])
c takes action: stay(['c'])
d takes action: move(['d', 'r9', 'r6'])
a takes action: stay(['a'])
b takes action: stay(['b'])
c takes action: stay(['c'])
d takes action: move(['d', 'r6', 'r3'])
Steps: 16
Time cost: 1.022807s
2025-10-12 19:44:01,149 EXP - __main__.Logger.exp:
a takes action: move(['a', 'r1', 'r4'])
b takes action: stay(['b'])
c takes action: move(['c', 'r6', 'r5'])
d takes action: move(['d', 'r7', 'r8'])
a takes action: move(['a', 'r4', 'r7'])
b takes action: stay(['b'])
c takes action: stay(['c'])
d takes action: move(['d', 'r8', 'r9'])
a takes action: move(['a', 'r7', 'r8'])
b takes action: stay(['b'])
c takes action: stay(['c'])
d takes action: move(['d', 'r9', 'r6'])
a takes action: stay(['a'])
b takes action: stay(['b'])
c takes action: stay(['c'])
d takes action: move(['d', 'r6', 'r3'])
Steps: 16
Time cost: 1.016508s
2025-10-12 19:44:02,165 EXP - __main__.Logger.exp:
a takes action: move(['a', 'r1', 'r4'])
b takes action: stay(['b'])
c takes action: move(['c', 'r6', 'r5'])
d takes action: move(['d', 'r7', 'r8'])
a takes action: move(['a', 'r4', 'r7'])
b takes action: stay(['b'])
c takes action: stay(['c'])
d takes action: move(['d', 'r8', 'r9'])
a takes action: move(['a', 'r7', 'r8'])
b takes action: stay(['b'])
c takes action: stay(['c'])
d takes action: move(['d', 'r9', 'r6'])
a takes action: stay(['a'])
b takes action: stay(['b'])
c takes action: stay(['c'])
d takes action: move(['d', 'r6', 'r3'])
Steps: 16
Time cost: 1.014277s
2025-10-12 19:44:03,183 EXP - __main__.Logger.exp:
a takes action: move(['a', 'r1', 'r4'])
b takes action: stay(['b'])
c takes action: move(['c', 'r6', 'r5'])
d takes action: move(['d', 'r7', 'r8'])
a takes action: move(['a', 'r4', 'r7'])
b takes action: stay(['b'])
c takes action: stay(['c'])
d takes action: move(['d', 'r8', 'r9'])
a takes action: move(['a', 'r7', 'r8'])
b takes action: stay(['b'])
c takes action: stay(['c'])
d takes action: move(['d', 'r9', 'r6'])
a takes action: stay(['a'])
b takes action: stay(['b'])
c takes action: stay(['c'])
d takes action: move(['d', 'r6', 'r3'])
Steps: 16
Time cost: 1.015295s
2025-10-12 19:44:04,203 EXP - __main__.Logger.exp:
a takes action: move(['a', 'r1', 'r4'])
b takes action: stay(['b'])
c takes action: move(['c', 'r6', 'r5'])
d takes action: move(['d', 'r7', 'r8'])
a takes action: move(['a', 'r4', 'r7'])
b takes action: stay(['b'])
c takes action: stay(['c'])
d takes action: move(['d', 'r8', 'r9'])
a takes action: move(['a', 'r7', 'r8'])
b takes action: stay(['b'])
c takes action: stay(['c'])
d takes action: move(['d', 'r9', 'r6'])
a takes action: stay(['a'])
b takes action: stay(['b'])
c takes action: stay(['c'])
d takes action: move(['d', 'r6', 'r3'])
Steps: 16
Time cost: 1.018218s
2025-10-12 19:44:05,223 EXP - __main__.Logger.exp:
a takes action: move(['a', 'r1', 'r4'])
b takes action: stay(['b'])
c takes action: move(['c', 'r6', 'r5'])
d takes action: move(['d', 'r7', 'r8'])
a takes action: move(['a', 'r4', 'r7'])
b takes action: stay(['b'])
c takes action: stay(['c'])
d takes action: move(['d', 'r8', 'r9'])
a takes action: move(['a', 'r7', 'r8'])
b takes action: stay(['b'])
c takes action: stay(['c'])
d takes action: move(['d', 'r9', 'r6'])
a takes action: stay(['a'])
b takes action: stay(['b'])
c takes action: stay(['c'])
d takes action: move(['d', 'r6', 'r3'])
Steps: 16
Time cost: 1.017765s
2025-10-12 19:44:06,240 EXP - __main__.Logger.exp:
a takes action: move(['a', 'r1', 'r4'])
b takes action: stay(['b'])
c takes action: move(['c', 'r6', 'r5'])
d takes action: move(['d', 'r7', 'r8'])
a takes action: move(['a', 'r4', 'r7'])
b takes action: stay(['b'])
c takes action: stay(['c'])
d takes action: move(['d', 'r8', 'r9'])
a takes action: move(['a', 'r7', 'r8'])
b takes action: stay(['b'])
c takes action: stay(['c'])
d takes action: move(['d', 'r9', 'r6'])
a takes action: stay(['a'])
b takes action: stay(['b'])
c takes action: stay(['c'])
d takes action: move(['d', 'r6', 'r3'])
Steps: 16
Time cost: 1.014274s
2025-10-12 19:44:07,258 EXP - __main__.Logger.exp:
a takes action: move(['a', 'r1', 'r4'])
b takes action: stay(['b'])
c takes action: move(['c', 'r6', 'r5'])
d takes action: move(['d', 'r7', 'r8'])
a takes action: move(['a', 'r4', 'r7'])
b takes action: stay(['b'])
c takes action: stay(['c'])
d takes action: move(['d', 'r8', 'r9'])
a takes action: move(['a', 'r7', 'r8'])
b takes action: stay(['b'])
c takes action: stay(['c'])
d takes action: move(['d', 'r9', 'r6'])
a takes action: stay(['a'])
b takes action: stay(['b'])
c takes action: stay(['c'])
d takes action: move(['d', 'r6', 'r3'])
Steps: 16
Time cost: 1.016413s
2025-10-12 19:44:08,273 EXP - __main__.Logger.exp:
a takes action: move(['a', 'r1', 'r4'])
b takes action: stay(['b'])
c takes action: move(['c', 'r6', 'r5'])
d takes action: move(['d', 'r7', 'r8'])
a takes action: move(['a', 'r4', 'r7'])
b takes action: stay(['b'])
c takes action: stay(['c'])
d takes action: move(['d', 'r8', 'r9'])
a takes action: move(['a', 'r7', 'r8'])
b takes action: stay(['b'])
c takes action: stay(['c'])
d takes action: move(['d', 'r9', 'r6'])
a takes action: stay(['a'])
b takes action: stay(['b'])
c takes action: stay(['c'])
d takes action: move(['d', 'r6', 'r3'])
Steps: 16
Time cost: 1.012947s
2025-10-12 19:44:09,293 EXP - __main__.Logger.exp:
a takes action: move(['a', 'r1', 'r4'])
b takes action: stay(['b'])
c takes action: move(['c', 'r6', 'r5'])
d takes action: move(['d', 'r7', 'r8'])
a takes action: move(['a', 'r4', 'r7'])
b takes action: stay(['b'])
c takes action: stay(['c'])
d takes action: move(['d', 'r8', 'r9'])
a takes action: move(['a', 'r7', 'r8'])
b takes action: stay(['b'])
c takes action: stay(['c'])
d takes action: move(['d', 'r9', 'r6'])
a takes action: stay(['a'])
b takes action: stay(['b'])
c takes action: stay(['c'])
d takes action: move(['d', 'r6', 'r3'])
Steps: 16
Time cost: 1.017665s
2025-10-12 19:44:09,293 EXP - __main__.Logger.exp:
Avg Steps: 16.0
Avg Time: 1.019408s
