2025-10-20 22:06:03,182 EXP - __main__.Logger.exp:
a takes action: pick_up(['a', 'o1'])
b takes action: pick_up(['b', 'o2'])
c takes action: pick_up(['c', 'o3'])
d takes action: pick_up(['d', 'o4'])
Steps: 4
Time cost: 0.252212s
2025-10-20 22:06:03,429 EXP - __main__.Logger.exp:
a takes action: pick_up(['a', 'o1'])
b takes action: pick_up(['b', 'o2'])
c takes action: pick_up(['c', 'o3'])
d takes action: pick_up(['d', 'o4'])
Steps: 4
Time cost: 0.246075s
2025-10-20 22:06:03,678 EXP - __main__.Logger.exp:
a takes action: pick_up(['a', 'o1'])
b takes action: pick_up(['b', 'o2'])
c takes action: pick_up(['c', 'o3'])
d takes action: pick_up(['d', 'o4'])
Steps: 4
Time cost: 0.247953s
2025-10-20 22:06:03,926 EXP - __main__.Logger.exp:
a takes action: pick_up(['a', 'o1'])
b takes action: pick_up(['b', 'o2'])
c takes action: pick_up(['c', 'o3'])
d takes action: pick_up(['d', 'o4'])
Steps: 4
Time cost: 0.247308s
2025-10-20 22:06:04,178 EXP - __main__.Logger.exp:
a takes action: pick_up(['a', 'o1'])
b takes action: pick_up(['b', 'o2'])
c takes action: pick_up(['c', 'o3'])
d takes action: pick_up(['d', 'o4'])
Steps: 4
Time cost: 0.251392s
2025-10-20 22:06:04,178 EXP - __main__.Logger.exp:
Avg Steps: 4.0
Avg Time: 0.248988s
