2025-10-20 22:06:04,537 EXP - __main__.Logger.exp:
a takes action: pick_up(['a', 'o1'])
b takes action: pick_up(['b', 'o2'])
c takes action: pick_up(['c', 'o3'])
d takes action: pick_up(['d', 'o4'])
Steps: 4
Time cost: 0.027366s
2025-10-20 22:06:04,566 EXP - __main__.Logger.exp:
a takes action: pick_up(['a', 'o1'])
b takes action: pick_up(['b', 'o2'])
c takes action: pick_up(['c', 'o3'])
d takes action: pick_up(['d', 'o4'])
Steps: 4
Time cost: 0.027842s
2025-10-20 22:06:04,595 EXP - __main__.Logger.exp:
a takes action: pick_up(['a', 'o1'])
b takes action: pick_up(['b', 'o2'])
c takes action: pick_up(['c', 'o3'])
d takes action: pick_up(['d', 'o4'])
Steps: 4
Time cost: 0.027549s
2025-10-20 22:06:04,623 EXP - __main__.Logger.exp:
a takes action: pick_up(['a', 'o1'])
b takes action: pick_up(['b', 'o2'])
c takes action: pick_up(['c', 'o3'])
d takes action: pick_up(['d', 'o4'])
Steps: 4
Time cost: 0.027497s
2025-10-20 22:06:04,651 EXP - __main__.Logger.exp:
a takes action: pick_up(['a', 'o1'])
b takes action: pick_up(['b', 'o2'])
c takes action: pick_up(['c', 'o3'])
d takes action: pick_up(['d', 'o4'])
Steps: 4
Time cost: 0.027466s
2025-10-20 22:06:04,651 EXP - __main__.Logger.exp:
Avg Steps: 4.0
Avg Time: 0.027544s
