2025-11-01 11:22:21,751 EXP - __main__.Logger.exp:
a takes action: peek(['a'])
b takes action: peek(['b'])
Steps: 2
Time cost: 0.004937s
2025-11-01 11:22:21,756 EXP - __main__.Logger.exp:
a takes action: peek(['a'])
b takes action: peek(['b'])
Steps: 2
Time cost: 0.004833s
2025-11-01 11:22:21,762 EXP - __main__.Logger.exp:
a takes action: peek(['a'])
b takes action: peek(['b'])
Steps: 2
Time cost: 0.004697s
2025-11-01 11:22:21,767 EXP - __main__.Logger.exp:
a takes action: peek(['a'])
b takes action: peek(['b'])
Steps: 2
Time cost: 0.004912s
2025-11-01 11:22:21,774 EXP - __main__.Logger.exp:
a takes action: peek(['a'])
b takes action: peek(['b'])
Steps: 2
Time cost: 0.006318s
2025-11-01 11:22:21,774 EXP - __main__.Logger.exp:
Avg Steps: 2.0
Avg Time: 0.005139s
