2025-10-24 21:08:19,360 EXP - __main__.Logger.exp:
a takes action: peek(['a'])
b takes action: peek(['b'])
Steps: 2
Time cost: 0.005661s
2025-10-24 21:08:19,366 EXP - __main__.Logger.exp:
a takes action: peek(['a'])
b takes action: peek(['b'])
Steps: 2
Time cost: 0.005640s
2025-10-24 21:08:19,372 EXP - __main__.Logger.exp:
a takes action: peek(['a'])
b takes action: peek(['b'])
Steps: 2
Time cost: 0.005437s
2025-10-24 21:08:19,378 EXP - __main__.Logger.exp:
a takes action: peek(['a'])
b takes action: peek(['b'])
Steps: 2
Time cost: 0.005596s
2025-10-24 21:08:19,384 EXP - __main__.Logger.exp:
a takes action: peek(['a'])
b takes action: peek(['b'])
Steps: 2
Time cost: 0.005454s
2025-10-24 21:08:19,384 EXP - __main__.Logger.exp:
Avg Steps: 2.0
Avg Time: 0.005557s
