2025-10-22 17:50:56,899 EXP - __main__.Logger.exp:
a takes action: stay(['a'])
b takes action: move_right_without_item(['b'])
a takes action: pick_up(['a', 'i'])
Steps: 3
Time cost: 0.011973s
2025-10-22 17:50:56,912 EXP - __main__.Logger.exp:
a takes action: stay(['a'])
b takes action: move_right_without_item(['b'])
a takes action: pick_up(['a', 'i'])
Steps: 3
Time cost: 0.012060s
2025-10-22 17:50:56,925 EXP - __main__.Logger.exp:
a takes action: stay(['a'])
b takes action: move_right_without_item(['b'])
a takes action: pick_up(['a', 'i'])
Steps: 3
Time cost: 0.012085s
2025-10-22 17:50:56,925 EXP - __main__.Logger.exp:
Avg Steps: 3.0
Avg Time: 0.012039s
