2025-10-12 19:01:56,087 EXP - __main__.Logger.exp:
a takes action: drop_item(['a', 'i'])
b takes action: drop_item(['b', 'j'])
a takes action: pick_up(['a', 'i'])
b takes action: move_left_without_item(['b'])
a takes action: drop_item(['a', 'i'])
b takes action: pick_up(['b', 'i'])
a takes action: move_right_without_item(['a'])
b takes action: drop_item(['b', 'i'])
a takes action: pick_up(['a', 'j'])
Steps: 9
Time cost: 0.711584s
2025-10-12 19:01:56,816 EXP - __main__.Logger.exp:
a takes action: drop_item(['a', 'i'])
b takes action: drop_item(['b', 'j'])
a takes action: stay(['a'])
b takes action: move_left_without_item(['b'])
a takes action: stay(['a'])
b takes action: pick_up(['b', 'i'])
a takes action: move_right_without_item(['a'])
b takes action: drop_item(['b', 'i'])
a takes action: pick_up(['a', 'j'])
Steps: 9
Time cost: 0.727700s
2025-10-12 19:01:57,341 EXP - __main__.Logger.exp:
a takes action: drop_item(['a', 'i'])
b takes action: move_left_with_item(['b', 'j'])
a takes action: stay(['a'])
b takes action: drop_item(['b', 'j'])
a takes action: stay(['a'])
b takes action: pick_up(['b', 'i'])
a takes action: stay(['a'])
b takes action: move_right_with_item(['b', 'i'])
a takes action: pick_up(['a', 'j'])
b takes action: drop_item(['b', 'i'])
Steps: 10
Time cost: 0.523861s
2025-10-12 19:01:57,867 EXP - __main__.Logger.exp:
a takes action: drop_item(['a', 'i'])
b takes action: move_left_with_item(['b', 'j'])
a takes action: stay(['a'])
b takes action: drop_item(['b', 'j'])
a takes action: stay(['a'])
b takes action: pick_up(['b', 'i'])
a takes action: stay(['a'])
b takes action: move_right_with_item(['b', 'i'])
a takes action: pick_up(['a', 'j'])
b takes action: drop_item(['b', 'i'])
Steps: 10
Time cost: 0.525330s
2025-10-12 19:01:58,553 EXP - __main__.Logger.exp:
a takes action: drop_item(['a', 'i'])
b takes action: drop_item(['b', 'j'])
a takes action: move_right_without_item(['a'])
b takes action: move_left_without_item(['b'])
a takes action: move_left_without_item(['a'])
b takes action: pick_up(['b', 'i'])
a takes action: move_right_without_item(['a'])
b takes action: drop_item(['b', 'i'])
a takes action: pick_up(['a', 'j'])
Steps: 9
Time cost: 0.685205s
2025-10-12 19:01:59,076 EXP - __main__.Logger.exp:
a takes action: drop_item(['a', 'i'])
b takes action: move_left_with_item(['b', 'j'])
a takes action: stay(['a'])
b takes action: drop_item(['b', 'j'])
a takes action: stay(['a'])
b takes action: pick_up(['b', 'i'])
a takes action: stay(['a'])
b takes action: move_right_with_item(['b', 'i'])
a takes action: pick_up(['a', 'j'])
b takes action: drop_item(['b', 'i'])
Steps: 10
Time cost: 0.522435s
2025-10-12 19:01:59,602 EXP - __main__.Logger.exp:
a takes action: drop_item(['a', 'i'])
b takes action: move_left_with_item(['b', 'j'])
a takes action: stay(['a'])
b takes action: drop_item(['b', 'j'])
a takes action: stay(['a'])
b takes action: pick_up(['b', 'i'])
a takes action: stay(['a'])
b takes action: move_right_with_item(['b', 'i'])
a takes action: pick_up(['a', 'j'])
b takes action: drop_item(['b', 'i'])
Steps: 10
Time cost: 0.525038s
2025-10-12 19:02:00,320 EXP - __main__.Logger.exp:
a takes action: drop_item(['a', 'i'])
b takes action: drop_item(['b', 'j'])
a takes action: pick_up(['a', 'i'])
b takes action: move_left_without_item(['b'])
a takes action: drop_item(['a', 'i'])
b takes action: pick_up(['b', 'i'])
a takes action: move_right_without_item(['a'])
b takes action: drop_item(['b', 'i'])
a takes action: pick_up(['a', 'j'])
Steps: 9
Time cost: 0.716888s
2025-10-12 19:02:01,019 EXP - __main__.Logger.exp:
a takes action: drop_item(['a', 'i'])
b takes action: drop_item(['b', 'j'])
a takes action: move_right_without_item(['a'])
b takes action: move_left_without_item(['b'])
a takes action: move_left_without_item(['a'])
b takes action: pick_up(['b', 'i'])
a takes action: move_right_without_item(['a'])
b takes action: drop_item(['b', 'i'])
a takes action: pick_up(['a', 'j'])
Steps: 9
Time cost: 0.698323s
2025-10-12 19:02:01,544 EXP - __main__.Logger.exp:
a takes action: drop_item(['a', 'i'])
b takes action: move_left_with_item(['b', 'j'])
a takes action: stay(['a'])
b takes action: drop_item(['b', 'j'])
a takes action: stay(['a'])
b takes action: pick_up(['b', 'i'])
a takes action: stay(['a'])
b takes action: move_right_with_item(['b', 'i'])
a takes action: pick_up(['a', 'j'])
b takes action: drop_item(['b', 'i'])
Steps: 10
Time cost: 0.523532s
2025-10-12 19:02:02,065 EXP - __main__.Logger.exp:
a takes action: drop_item(['a', 'i'])
b takes action: move_left_with_item(['b', 'j'])
a takes action: stay(['a'])
b takes action: drop_item(['b', 'j'])
a takes action: stay(['a'])
b takes action: pick_up(['b', 'i'])
a takes action: stay(['a'])
b takes action: move_right_with_item(['b', 'i'])
a takes action: pick_up(['a', 'j'])
b takes action: drop_item(['b', 'i'])
Steps: 10
Time cost: 0.520783s
2025-10-12 19:02:02,778 EXP - __main__.Logger.exp:
a takes action: drop_item(['a', 'i'])
b takes action: drop_item(['b', 'j'])
a takes action: pick_up(['a', 'i'])
b takes action: move_left_without_item(['b'])
a takes action: drop_item(['a', 'i'])
b takes action: pick_up(['b', 'i'])
a takes action: move_right_without_item(['a'])
b takes action: drop_item(['b', 'i'])
a takes action: pick_up(['a', 'j'])
Steps: 9
Time cost: 0.712296s
2025-10-12 19:02:03,300 EXP - __main__.Logger.exp:
a takes action: drop_item(['a', 'i'])
b takes action: move_left_with_item(['b', 'j'])
a takes action: stay(['a'])
b takes action: drop_item(['b', 'j'])
a takes action: stay(['a'])
b takes action: pick_up(['b', 'i'])
a takes action: stay(['a'])
b takes action: move_right_with_item(['b', 'i'])
a takes action: pick_up(['a', 'j'])
b takes action: drop_item(['b', 'i'])
Steps: 10
Time cost: 0.521064s
2025-10-12 19:02:03,826 EXP - __main__.Logger.exp:
a takes action: drop_item(['a', 'i'])
b takes action: move_left_with_item(['b', 'j'])
a takes action: stay(['a'])
b takes action: drop_item(['b', 'j'])
a takes action: stay(['a'])
b takes action: pick_up(['b', 'i'])
a takes action: stay(['a'])
b takes action: move_right_with_item(['b', 'i'])
a takes action: pick_up(['a', 'j'])
b takes action: drop_item(['b', 'i'])
Steps: 10
Time cost: 0.524807s
2025-10-12 19:02:04,349 EXP - __main__.Logger.exp:
a takes action: drop_item(['a', 'i'])
b takes action: move_left_with_item(['b', 'j'])
a takes action: stay(['a'])
b takes action: drop_item(['b', 'j'])
a takes action: stay(['a'])
b takes action: pick_up(['b', 'i'])
a takes action: stay(['a'])
b takes action: move_right_with_item(['b', 'i'])
a takes action: pick_up(['a', 'j'])
b takes action: drop_item(['b', 'i'])
Steps: 10
Time cost: 0.522079s
2025-10-12 19:02:05,037 EXP - __main__.Logger.exp:
a takes action: drop_item(['a', 'i'])
b takes action: drop_item(['b', 'j'])
a takes action: move_right_without_item(['a'])
b takes action: move_left_without_item(['b'])
a takes action: move_left_without_item(['a'])
b takes action: pick_up(['b', 'i'])
a takes action: move_right_without_item(['a'])
b takes action: drop_item(['b', 'i'])
a takes action: pick_up(['a', 'j'])
Steps: 9
Time cost: 0.687254s
2025-10-12 19:02:05,726 EXP - __main__.Logger.exp:
a takes action: drop_item(['a', 'i'])
b takes action: drop_item(['b', 'j'])
a takes action: move_right_without_item(['a'])
b takes action: move_left_without_item(['b'])
a takes action: move_left_without_item(['a'])
b takes action: pick_up(['b', 'i'])
a takes action: move_right_without_item(['a'])
b takes action: drop_item(['b', 'i'])
a takes action: pick_up(['a', 'j'])
Steps: 9
Time cost: 0.687816s
2025-10-12 19:02:06,443 EXP - __main__.Logger.exp:
a takes action: drop_item(['a', 'i'])
b takes action: drop_item(['b', 'j'])
a takes action: pick_up(['a', 'i'])
b takes action: move_left_without_item(['b'])
a takes action: drop_item(['a', 'i'])
b takes action: pick_up(['b', 'i'])
a takes action: move_right_without_item(['a'])
b takes action: drop_item(['b', 'i'])
a takes action: pick_up(['a', 'j'])
Steps: 9
Time cost: 0.716447s
2025-10-12 19:02:07,159 EXP - __main__.Logger.exp:
a takes action: drop_item(['a', 'i'])
b takes action: drop_item(['b', 'j'])
a takes action: pick_up(['a', 'i'])
b takes action: move_left_without_item(['b'])
a takes action: drop_item(['a', 'i'])
b takes action: pick_up(['b', 'i'])
a takes action: move_right_without_item(['a'])
b takes action: drop_item(['b', 'i'])
a takes action: pick_up(['a', 'j'])
Steps: 9
Time cost: 0.715275s
2025-10-12 19:02:07,874 EXP - __main__.Logger.exp:
a takes action: drop_item(['a', 'i'])
b takes action: drop_item(['b', 'j'])
a takes action: stay(['a'])
b takes action: move_left_without_item(['b'])
a takes action: stay(['a'])
b takes action: pick_up(['b', 'i'])
a takes action: move_right_without_item(['a'])
b takes action: drop_item(['b', 'i'])
a takes action: pick_up(['a', 'j'])
Steps: 9
Time cost: 0.713961s
2025-10-12 19:02:08,593 EXP - __main__.Logger.exp:
a takes action: drop_item(['a', 'i'])
b takes action: drop_item(['b', 'j'])
a takes action: stay(['a'])
b takes action: move_left_without_item(['b'])
a takes action: stay(['a'])
b takes action: pick_up(['b', 'i'])
a takes action: move_right_without_item(['a'])
b takes action: drop_item(['b', 'i'])
a takes action: pick_up(['a', 'j'])
Steps: 9
Time cost: 0.718485s
2025-10-12 19:02:09,280 EXP - __main__.Logger.exp:
a takes action: drop_item(['a', 'i'])
b takes action: drop_item(['b', 'j'])
a takes action: move_right_without_item(['a'])
b takes action: move_left_without_item(['b'])
a takes action: move_left_without_item(['a'])
b takes action: pick_up(['b', 'i'])
a takes action: move_right_without_item(['a'])
b takes action: drop_item(['b', 'i'])
a takes action: pick_up(['a', 'j'])
Steps: 9
Time cost: 0.685531s
2025-10-12 19:02:10,000 EXP - __main__.Logger.exp:
a takes action: drop_item(['a', 'i'])
b takes action: drop_item(['b', 'j'])
a takes action: pick_up(['a', 'i'])
b takes action: move_left_without_item(['b'])
a takes action: drop_item(['a', 'i'])
b takes action: pick_up(['b', 'i'])
a takes action: move_right_without_item(['a'])
b takes action: drop_item(['b', 'i'])
a takes action: pick_up(['a', 'j'])
Steps: 9
Time cost: 0.719100s
2025-10-12 19:02:10,721 EXP - __main__.Logger.exp:
a takes action: drop_item(['a', 'i'])
b takes action: drop_item(['b', 'j'])
a takes action: pick_up(['a', 'i'])
b takes action: move_left_without_item(['b'])
a takes action: drop_item(['a', 'i'])
b takes action: pick_up(['b', 'i'])
a takes action: move_right_without_item(['a'])
b takes action: drop_item(['b', 'i'])
a takes action: pick_up(['a', 'j'])
Steps: 9
Time cost: 0.720193s
2025-10-12 19:02:11,437 EXP - __main__.Logger.exp:
a takes action: drop_item(['a', 'i'])
b takes action: drop_item(['b', 'j'])
a takes action: pick_up(['a', 'i'])
b takes action: move_left_without_item(['b'])
a takes action: drop_item(['a', 'i'])
b takes action: pick_up(['b', 'i'])
a takes action: move_right_without_item(['a'])
b takes action: drop_item(['b', 'i'])
a takes action: pick_up(['a', 'j'])
Steps: 9
Time cost: 0.715316s
2025-10-12 19:02:12,124 EXP - __main__.Logger.exp:
a takes action: drop_item(['a', 'i'])
b takes action: drop_item(['b', 'j'])
a takes action: move_right_without_item(['a'])
b takes action: move_left_without_item(['b'])
a takes action: move_left_without_item(['a'])
b takes action: pick_up(['b', 'i'])
a takes action: move_right_without_item(['a'])
b takes action: drop_item(['b', 'i'])
a takes action: pick_up(['a', 'j'])
Steps: 9
Time cost: 0.686184s
2025-10-12 19:02:12,844 EXP - __main__.Logger.exp:
a takes action: drop_item(['a', 'i'])
b takes action: drop_item(['b', 'j'])
a takes action: stay(['a'])
b takes action: move_left_without_item(['b'])
a takes action: stay(['a'])
b takes action: pick_up(['b', 'i'])
a takes action: move_right_without_item(['a'])
b takes action: drop_item(['b', 'i'])
a takes action: pick_up(['a', 'j'])
Steps: 9
Time cost: 0.718973s
2025-10-12 19:02:13,367 EXP - __main__.Logger.exp:
a takes action: drop_item(['a', 'i'])
b takes action: move_left_with_item(['b', 'j'])
a takes action: stay(['a'])
b takes action: drop_item(['b', 'j'])
a takes action: stay(['a'])
b takes action: pick_up(['b', 'i'])
a takes action: stay(['a'])
b takes action: move_right_with_item(['b', 'i'])
a takes action: pick_up(['a', 'j'])
b takes action: drop_item(['b', 'i'])
Steps: 10
Time cost: 0.522636s
2025-10-12 19:02:13,888 EXP - __main__.Logger.exp:
a takes action: drop_item(['a', 'i'])
b takes action: move_left_with_item(['b', 'j'])
a takes action: stay(['a'])
b takes action: drop_item(['b', 'j'])
a takes action: stay(['a'])
b takes action: pick_up(['b', 'i'])
a takes action: stay(['a'])
b takes action: move_right_with_item(['b', 'i'])
a takes action: pick_up(['a', 'j'])
b takes action: drop_item(['b', 'i'])
Steps: 10
Time cost: 0.519179s
2025-10-12 19:02:14,409 EXP - __main__.Logger.exp:
a takes action: drop_item(['a', 'i'])
b takes action: move_left_with_item(['b', 'j'])
a takes action: stay(['a'])
b takes action: drop_item(['b', 'j'])
a takes action: stay(['a'])
b takes action: pick_up(['b', 'i'])
a takes action: stay(['a'])
b takes action: move_right_with_item(['b', 'i'])
a takes action: pick_up(['a', 'j'])
b takes action: drop_item(['b', 'i'])
Steps: 10
Time cost: 0.520926s
2025-10-12 19:02:15,129 EXP - __main__.Logger.exp:
a takes action: drop_item(['a', 'i'])
b takes action: drop_item(['b', 'j'])
a takes action: pick_up(['a', 'i'])
b takes action: move_left_without_item(['b'])
a takes action: drop_item(['a', 'i'])
b takes action: pick_up(['b', 'i'])
a takes action: move_right_without_item(['a'])
b takes action: drop_item(['b', 'i'])
a takes action: pick_up(['a', 'j'])
Steps: 9
Time cost: 0.719146s
2025-10-12 19:02:15,818 EXP - __main__.Logger.exp:
a takes action: drop_item(['a', 'i'])
b takes action: drop_item(['b', 'j'])
a takes action: move_right_without_item(['a'])
b takes action: move_left_without_item(['b'])
a takes action: move_left_without_item(['a'])
b takes action: pick_up(['b', 'i'])
a takes action: move_right_without_item(['a'])
b takes action: drop_item(['b', 'i'])
a takes action: pick_up(['a', 'j'])
Steps: 9
Time cost: 0.687974s
2025-10-12 19:02:16,541 EXP - __main__.Logger.exp:
a takes action: drop_item(['a', 'i'])
b takes action: drop_item(['b', 'j'])
a takes action: pick_up(['a', 'i'])
b takes action: move_left_without_item(['b'])
a takes action: drop_item(['a', 'i'])
b takes action: pick_up(['b', 'i'])
a takes action: move_right_without_item(['a'])
b takes action: drop_item(['b', 'i'])
a takes action: pick_up(['a', 'j'])
Steps: 9
Time cost: 0.721703s
2025-10-12 19:02:17,067 EXP - __main__.Logger.exp:
a takes action: drop_item(['a', 'i'])
b takes action: move_left_with_item(['b', 'j'])
a takes action: stay(['a'])
b takes action: drop_item(['b', 'j'])
a takes action: stay(['a'])
b takes action: pick_up(['b', 'i'])
a takes action: stay(['a'])
b takes action: move_right_with_item(['b', 'i'])
a takes action: pick_up(['a', 'j'])
b takes action: drop_item(['b', 'i'])
Steps: 10
Time cost: 0.525645s
2025-10-12 19:02:17,786 EXP - __main__.Logger.exp:
a takes action: drop_item(['a', 'i'])
b takes action: drop_item(['b', 'j'])
a takes action: pick_up(['a', 'i'])
b takes action: move_left_without_item(['b'])
a takes action: drop_item(['a', 'i'])
b takes action: pick_up(['b', 'i'])
a takes action: move_right_without_item(['a'])
b takes action: drop_item(['b', 'i'])
a takes action: pick_up(['a', 'j'])
Steps: 9
Time cost: 0.717288s
2025-10-12 19:02:18,309 EXP - __main__.Logger.exp:
a takes action: drop_item(['a', 'i'])
b takes action: move_left_with_item(['b', 'j'])
a takes action: stay(['a'])
b takes action: drop_item(['b', 'j'])
a takes action: stay(['a'])
b takes action: pick_up(['b', 'i'])
a takes action: stay(['a'])
b takes action: move_right_with_item(['b', 'i'])
a takes action: pick_up(['a', 'j'])
b takes action: drop_item(['b', 'i'])
Steps: 10
Time cost: 0.522436s
2025-10-12 19:02:19,032 EXP - __main__.Logger.exp:
a takes action: drop_item(['a', 'i'])
b takes action: drop_item(['b', 'j'])
a takes action: stay(['a'])
b takes action: move_left_without_item(['b'])
a takes action: stay(['a'])
b takes action: pick_up(['b', 'i'])
a takes action: move_right_without_item(['a'])
b takes action: drop_item(['b', 'i'])
a takes action: pick_up(['a', 'j'])
Steps: 9
Time cost: 0.722347s
2025-10-12 19:02:19,750 EXP - __main__.Logger.exp:
a takes action: drop_item(['a', 'i'])
b takes action: drop_item(['b', 'j'])
a takes action: pick_up(['a', 'i'])
b takes action: move_left_without_item(['b'])
a takes action: drop_item(['a', 'i'])
b takes action: pick_up(['b', 'i'])
a takes action: move_right_without_item(['a'])
b takes action: drop_item(['b', 'i'])
a takes action: pick_up(['a', 'j'])
Steps: 9
Time cost: 0.717197s
2025-10-12 19:02:20,466 EXP - __main__.Logger.exp:
a takes action: drop_item(['a', 'i'])
b takes action: drop_item(['b', 'j'])
a takes action: pick_up(['a', 'i'])
b takes action: move_left_without_item(['b'])
a takes action: drop_item(['a', 'i'])
b takes action: pick_up(['b', 'i'])
a takes action: move_right_without_item(['a'])
b takes action: drop_item(['b', 'i'])
a takes action: pick_up(['a', 'j'])
Steps: 9
Time cost: 0.715251s
2025-10-12 19:02:20,989 EXP - __main__.Logger.exp:
a takes action: drop_item(['a', 'i'])
b takes action: move_left_with_item(['b', 'j'])
a takes action: stay(['a'])
b takes action: drop_item(['b', 'j'])
a takes action: stay(['a'])
b takes action: pick_up(['b', 'i'])
a takes action: stay(['a'])
b takes action: move_right_with_item(['b', 'i'])
a takes action: pick_up(['a', 'j'])
b takes action: drop_item(['b', 'i'])
Steps: 10
Time cost: 0.522281s
2025-10-12 19:02:21,706 EXP - __main__.Logger.exp:
a takes action: drop_item(['a', 'i'])
b takes action: drop_item(['b', 'j'])
a takes action: stay(['a'])
b takes action: move_left_without_item(['b'])
a takes action: stay(['a'])
b takes action: pick_up(['b', 'i'])
a takes action: move_right_without_item(['a'])
b takes action: drop_item(['b', 'i'])
a takes action: pick_up(['a', 'j'])
Steps: 9
Time cost: 0.715940s
2025-10-12 19:02:22,428 EXP - __main__.Logger.exp:
a takes action: drop_item(['a', 'i'])
b takes action: drop_item(['b', 'j'])
a takes action: stay(['a'])
b takes action: move_left_without_item(['b'])
a takes action: stay(['a'])
b takes action: pick_up(['b', 'i'])
a takes action: move_right_without_item(['a'])
b takes action: drop_item(['b', 'i'])
a takes action: pick_up(['a', 'j'])
Steps: 9
Time cost: 0.720764s
2025-10-12 19:02:23,144 EXP - __main__.Logger.exp:
a takes action: drop_item(['a', 'i'])
b takes action: drop_item(['b', 'j'])
a takes action: pick_up(['a', 'i'])
b takes action: move_left_without_item(['b'])
a takes action: drop_item(['a', 'i'])
b takes action: pick_up(['b', 'i'])
a takes action: move_right_without_item(['a'])
b takes action: drop_item(['b', 'i'])
a takes action: pick_up(['a', 'j'])
Steps: 9
Time cost: 0.715695s
2025-10-12 19:02:23,869 EXP - __main__.Logger.exp:
a takes action: drop_item(['a', 'i'])
b takes action: drop_item(['b', 'j'])
a takes action: stay(['a'])
b takes action: move_left_without_item(['b'])
a takes action: stay(['a'])
b takes action: pick_up(['b', 'i'])
a takes action: move_right_without_item(['a'])
b takes action: drop_item(['b', 'i'])
a takes action: pick_up(['a', 'j'])
Steps: 9
Time cost: 0.723464s
2025-10-12 19:02:24,559 EXP - __main__.Logger.exp:
a takes action: drop_item(['a', 'i'])
b takes action: drop_item(['b', 'j'])
a takes action: move_right_without_item(['a'])
b takes action: move_left_without_item(['b'])
a takes action: move_left_without_item(['a'])
b takes action: pick_up(['b', 'i'])
a takes action: move_right_without_item(['a'])
b takes action: drop_item(['b', 'i'])
a takes action: pick_up(['a', 'j'])
Steps: 9
Time cost: 0.689169s
2025-10-12 19:02:25,087 EXP - __main__.Logger.exp:
a takes action: drop_item(['a', 'i'])
b takes action: move_left_with_item(['b', 'j'])
a takes action: stay(['a'])
b takes action: drop_item(['b', 'j'])
a takes action: stay(['a'])
b takes action: pick_up(['b', 'i'])
a takes action: stay(['a'])
b takes action: move_right_with_item(['b', 'i'])
a takes action: pick_up(['a', 'j'])
b takes action: drop_item(['b', 'i'])
Steps: 10
Time cost: 0.527313s
2025-10-12 19:02:25,801 EXP - __main__.Logger.exp:
a takes action: drop_item(['a', 'i'])
b takes action: drop_item(['b', 'j'])
a takes action: stay(['a'])
b takes action: move_left_without_item(['b'])
a takes action: stay(['a'])
b takes action: pick_up(['b', 'i'])
a takes action: move_right_without_item(['a'])
b takes action: drop_item(['b', 'i'])
a takes action: pick_up(['a', 'j'])
Steps: 9
Time cost: 0.712827s
2025-10-12 19:02:26,520 EXP - __main__.Logger.exp:
a takes action: drop_item(['a', 'i'])
b takes action: drop_item(['b', 'j'])
a takes action: stay(['a'])
b takes action: move_left_without_item(['b'])
a takes action: stay(['a'])
b takes action: pick_up(['b', 'i'])
a takes action: move_right_without_item(['a'])
b takes action: drop_item(['b', 'i'])
a takes action: pick_up(['a', 'j'])
Steps: 9
Time cost: 0.718820s
2025-10-12 19:02:27,042 EXP - __main__.Logger.exp:
a takes action: drop_item(['a', 'i'])
b takes action: move_left_with_item(['b', 'j'])
a takes action: stay(['a'])
b takes action: drop_item(['b', 'j'])
a takes action: stay(['a'])
b takes action: pick_up(['b', 'i'])
a takes action: stay(['a'])
b takes action: move_right_with_item(['b', 'i'])
a takes action: pick_up(['a', 'j'])
b takes action: drop_item(['b', 'i'])
Steps: 10
Time cost: 0.520369s
2025-10-12 19:02:27,563 EXP - __main__.Logger.exp:
a takes action: drop_item(['a', 'i'])
b takes action: move_left_with_item(['b', 'j'])
a takes action: stay(['a'])
b takes action: drop_item(['b', 'j'])
a takes action: stay(['a'])
b takes action: pick_up(['b', 'i'])
a takes action: stay(['a'])
b takes action: move_right_with_item(['b', 'i'])
a takes action: pick_up(['a', 'j'])
b takes action: drop_item(['b', 'i'])
Steps: 10
Time cost: 0.520444s
2025-10-12 19:02:28,086 EXP - __main__.Logger.exp:
a takes action: drop_item(['a', 'i'])
b takes action: move_left_with_item(['b', 'j'])
a takes action: stay(['a'])
b takes action: drop_item(['b', 'j'])
a takes action: stay(['a'])
b takes action: pick_up(['b', 'i'])
a takes action: stay(['a'])
b takes action: move_right_with_item(['b', 'i'])
a takes action: pick_up(['a', 'j'])
b takes action: drop_item(['b', 'i'])
Steps: 10
Time cost: 0.522048s
2025-10-12 19:02:28,613 EXP - __main__.Logger.exp:
a takes action: drop_item(['a', 'i'])
b takes action: move_left_with_item(['b', 'j'])
a takes action: stay(['a'])
b takes action: drop_item(['b', 'j'])
a takes action: stay(['a'])
b takes action: pick_up(['b', 'i'])
a takes action: stay(['a'])
b takes action: move_right_with_item(['b', 'i'])
a takes action: pick_up(['a', 'j'])
b takes action: drop_item(['b', 'i'])
Steps: 10
Time cost: 0.526822s
2025-10-12 19:02:29,333 EXP - __main__.Logger.exp:
a takes action: drop_item(['a', 'i'])
b takes action: drop_item(['b', 'j'])
a takes action: pick_up(['a', 'i'])
b takes action: move_left_without_item(['b'])
a takes action: drop_item(['a', 'i'])
b takes action: pick_up(['b', 'i'])
a takes action: move_right_without_item(['a'])
b takes action: drop_item(['b', 'i'])
a takes action: pick_up(['a', 'j'])
Steps: 9
Time cost: 0.718343s
2025-10-12 19:02:29,855 EXP - __main__.Logger.exp:
a takes action: drop_item(['a', 'i'])
b takes action: move_left_with_item(['b', 'j'])
a takes action: stay(['a'])
b takes action: drop_item(['b', 'j'])
a takes action: stay(['a'])
b takes action: pick_up(['b', 'i'])
a takes action: stay(['a'])
b takes action: move_right_with_item(['b', 'i'])
a takes action: pick_up(['a', 'j'])
b takes action: drop_item(['b', 'i'])
Steps: 10
Time cost: 0.521606s
2025-10-12 19:02:30,381 EXP - __main__.Logger.exp:
a takes action: drop_item(['a', 'i'])
b takes action: move_left_with_item(['b', 'j'])
a takes action: stay(['a'])
b takes action: drop_item(['b', 'j'])
a takes action: stay(['a'])
b takes action: pick_up(['b', 'i'])
a takes action: stay(['a'])
b takes action: move_right_with_item(['b', 'i'])
a takes action: pick_up(['a', 'j'])
b takes action: drop_item(['b', 'i'])
Steps: 10
Time cost: 0.525494s
2025-10-12 19:02:30,909 EXP - __main__.Logger.exp:
a takes action: drop_item(['a', 'i'])
b takes action: move_left_with_item(['b', 'j'])
a takes action: stay(['a'])
b takes action: drop_item(['b', 'j'])
a takes action: stay(['a'])
b takes action: pick_up(['b', 'i'])
a takes action: stay(['a'])
b takes action: move_right_with_item(['b', 'i'])
a takes action: pick_up(['a', 'j'])
b takes action: drop_item(['b', 'i'])
Steps: 10
Time cost: 0.526193s
2025-10-12 19:02:31,597 EXP - __main__.Logger.exp:
a takes action: drop_item(['a', 'i'])
b takes action: drop_item(['b', 'j'])
a takes action: move_right_without_item(['a'])
b takes action: move_left_without_item(['b'])
a takes action: move_left_without_item(['a'])
b takes action: pick_up(['b', 'i'])
a takes action: move_right_without_item(['a'])
b takes action: drop_item(['b', 'i'])
a takes action: pick_up(['a', 'j'])
Steps: 9
Time cost: 0.687321s
2025-10-12 19:02:32,117 EXP - __main__.Logger.exp:
a takes action: drop_item(['a', 'i'])
b takes action: move_left_with_item(['b', 'j'])
a takes action: stay(['a'])
b takes action: drop_item(['b', 'j'])
a takes action: stay(['a'])
b takes action: pick_up(['b', 'i'])
a takes action: stay(['a'])
b takes action: move_right_with_item(['b', 'i'])
a takes action: pick_up(['a', 'j'])
b takes action: drop_item(['b', 'i'])
Steps: 10
Time cost: 0.519659s
2025-10-12 19:02:32,806 EXP - __main__.Logger.exp:
a takes action: drop_item(['a', 'i'])
b takes action: drop_item(['b', 'j'])
a takes action: move_right_without_item(['a'])
b takes action: move_left_without_item(['b'])
a takes action: move_left_without_item(['a'])
b takes action: pick_up(['b', 'i'])
a takes action: move_right_without_item(['a'])
b takes action: drop_item(['b', 'i'])
a takes action: pick_up(['a', 'j'])
Steps: 9
Time cost: 0.687327s
2025-10-12 19:02:33,332 EXP - __main__.Logger.exp:
a takes action: drop_item(['a', 'i'])
b takes action: move_left_with_item(['b', 'j'])
a takes action: stay(['a'])
b takes action: drop_item(['b', 'j'])
a takes action: stay(['a'])
b takes action: pick_up(['b', 'i'])
a takes action: stay(['a'])
b takes action: move_right_with_item(['b', 'i'])
a takes action: pick_up(['a', 'j'])
b takes action: drop_item(['b', 'i'])
Steps: 10
Time cost: 0.525144s
2025-10-12 19:02:33,855 EXP - __main__.Logger.exp:
a takes action: drop_item(['a', 'i'])
b takes action: move_left_with_item(['b', 'j'])
a takes action: stay(['a'])
b takes action: drop_item(['b', 'j'])
a takes action: stay(['a'])
b takes action: pick_up(['b', 'i'])
a takes action: stay(['a'])
b takes action: move_right_with_item(['b', 'i'])
a takes action: pick_up(['a', 'j'])
b takes action: drop_item(['b', 'i'])
Steps: 10
Time cost: 0.522611s
2025-10-12 19:02:34,376 EXP - __main__.Logger.exp:
a takes action: drop_item(['a', 'i'])
b takes action: move_left_with_item(['b', 'j'])
a takes action: stay(['a'])
b takes action: drop_item(['b', 'j'])
a takes action: stay(['a'])
b takes action: pick_up(['b', 'i'])
a takes action: stay(['a'])
b takes action: move_right_with_item(['b', 'i'])
a takes action: pick_up(['a', 'j'])
b takes action: drop_item(['b', 'i'])
Steps: 10
Time cost: 0.519941s
2025-10-12 19:02:35,092 EXP - __main__.Logger.exp:
a takes action: drop_item(['a', 'i'])
b takes action: drop_item(['b', 'j'])
a takes action: pick_up(['a', 'i'])
b takes action: move_left_without_item(['b'])
a takes action: drop_item(['a', 'i'])
b takes action: pick_up(['b', 'i'])
a takes action: move_right_without_item(['a'])
b takes action: drop_item(['b', 'i'])
a takes action: pick_up(['a', 'j'])
Steps: 9
Time cost: 0.715741s
2025-10-12 19:02:35,614 EXP - __main__.Logger.exp:
a takes action: drop_item(['a', 'i'])
b takes action: move_left_with_item(['b', 'j'])
a takes action: stay(['a'])
b takes action: drop_item(['b', 'j'])
a takes action: stay(['a'])
b takes action: pick_up(['b', 'i'])
a takes action: stay(['a'])
b takes action: move_right_with_item(['b', 'i'])
a takes action: pick_up(['a', 'j'])
b takes action: drop_item(['b', 'i'])
Steps: 10
Time cost: 0.520592s
2025-10-12 19:02:36,327 EXP - __main__.Logger.exp:
a takes action: drop_item(['a', 'i'])
b takes action: drop_item(['b', 'j'])
a takes action: stay(['a'])
b takes action: move_left_without_item(['b'])
a takes action: stay(['a'])
b takes action: pick_up(['b', 'i'])
a takes action: move_right_without_item(['a'])
b takes action: drop_item(['b', 'i'])
a takes action: pick_up(['a', 'j'])
Steps: 9
Time cost: 0.712452s
2025-10-12 19:02:37,040 EXP - __main__.Logger.exp:
a takes action: drop_item(['a', 'i'])
b takes action: drop_item(['b', 'j'])
a takes action: pick_up(['a', 'i'])
b takes action: move_left_without_item(['b'])
a takes action: drop_item(['a', 'i'])
b takes action: pick_up(['b', 'i'])
a takes action: move_right_without_item(['a'])
b takes action: drop_item(['b', 'i'])
a takes action: pick_up(['a', 'j'])
Steps: 9
Time cost: 0.712269s
2025-10-12 19:02:37,565 EXP - __main__.Logger.exp:
a takes action: drop_item(['a', 'i'])
b takes action: move_left_with_item(['b', 'j'])
a takes action: stay(['a'])
b takes action: drop_item(['b', 'j'])
a takes action: stay(['a'])
b takes action: pick_up(['b', 'i'])
a takes action: stay(['a'])
b takes action: move_right_with_item(['b', 'i'])
a takes action: pick_up(['a', 'j'])
b takes action: drop_item(['b', 'i'])
Steps: 10
Time cost: 0.523558s
2025-10-12 19:02:38,086 EXP - __main__.Logger.exp:
a takes action: drop_item(['a', 'i'])
b takes action: move_left_with_item(['b', 'j'])
a takes action: stay(['a'])
b takes action: drop_item(['b', 'j'])
a takes action: stay(['a'])
b takes action: pick_up(['b', 'i'])
a takes action: stay(['a'])
b takes action: move_right_with_item(['b', 'i'])
a takes action: pick_up(['a', 'j'])
b takes action: drop_item(['b', 'i'])
Steps: 10
Time cost: 0.520054s
2025-10-12 19:02:38,607 EXP - __main__.Logger.exp:
a takes action: drop_item(['a', 'i'])
b takes action: move_left_with_item(['b', 'j'])
a takes action: stay(['a'])
b takes action: drop_item(['b', 'j'])
a takes action: stay(['a'])
b takes action: pick_up(['b', 'i'])
a takes action: stay(['a'])
b takes action: move_right_with_item(['b', 'i'])
a takes action: pick_up(['a', 'j'])
b takes action: drop_item(['b', 'i'])
Steps: 10
Time cost: 0.520061s
2025-10-12 19:02:39,128 EXP - __main__.Logger.exp:
a takes action: drop_item(['a', 'i'])
b takes action: move_left_with_item(['b', 'j'])
a takes action: stay(['a'])
b takes action: drop_item(['b', 'j'])
a takes action: stay(['a'])
b takes action: pick_up(['b', 'i'])
a takes action: stay(['a'])
b takes action: move_right_with_item(['b', 'i'])
a takes action: pick_up(['a', 'j'])
b takes action: drop_item(['b', 'i'])
Steps: 10
Time cost: 0.520464s
2025-10-12 19:02:39,653 EXP - __main__.Logger.exp:
a takes action: drop_item(['a', 'i'])
b takes action: move_left_with_item(['b', 'j'])
a takes action: stay(['a'])
b takes action: drop_item(['b', 'j'])
a takes action: stay(['a'])
b takes action: pick_up(['b', 'i'])
a takes action: stay(['a'])
b takes action: move_right_with_item(['b', 'i'])
a takes action: pick_up(['a', 'j'])
b takes action: drop_item(['b', 'i'])
Steps: 10
Time cost: 0.523830s
2025-10-12 19:02:40,375 EXP - __main__.Logger.exp:
a takes action: drop_item(['a', 'i'])
b takes action: drop_item(['b', 'j'])
a takes action: pick_up(['a', 'i'])
b takes action: move_left_without_item(['b'])
a takes action: drop_item(['a', 'i'])
b takes action: pick_up(['b', 'i'])
a takes action: move_right_without_item(['a'])
b takes action: drop_item(['b', 'i'])
a takes action: pick_up(['a', 'j'])
Steps: 9
Time cost: 0.721201s
2025-10-12 19:02:40,898 EXP - __main__.Logger.exp:
a takes action: drop_item(['a', 'i'])
b takes action: move_left_with_item(['b', 'j'])
a takes action: stay(['a'])
b takes action: drop_item(['b', 'j'])
a takes action: stay(['a'])
b takes action: pick_up(['b', 'i'])
a takes action: stay(['a'])
b takes action: move_right_with_item(['b', 'i'])
a takes action: pick_up(['a', 'j'])
b takes action: drop_item(['b', 'i'])
Steps: 10
Time cost: 0.522500s
2025-10-12 19:02:41,613 EXP - __main__.Logger.exp:
a takes action: drop_item(['a', 'i'])
b takes action: drop_item(['b', 'j'])
a takes action: stay(['a'])
b takes action: move_left_without_item(['b'])
a takes action: stay(['a'])
b takes action: pick_up(['b', 'i'])
a takes action: move_right_without_item(['a'])
b takes action: drop_item(['b', 'i'])
a takes action: pick_up(['a', 'j'])
Steps: 9
Time cost: 0.714567s
2025-10-12 19:02:42,141 EXP - __main__.Logger.exp:
a takes action: drop_item(['a', 'i'])
b takes action: move_left_with_item(['b', 'j'])
a takes action: stay(['a'])
b takes action: drop_item(['b', 'j'])
a takes action: stay(['a'])
b takes action: pick_up(['b', 'i'])
a takes action: stay(['a'])
b takes action: move_right_with_item(['b', 'i'])
a takes action: pick_up(['a', 'j'])
b takes action: drop_item(['b', 'i'])
Steps: 10
Time cost: 0.526996s
2025-10-12 19:02:42,863 EXP - __main__.Logger.exp:
a takes action: drop_item(['a', 'i'])
b takes action: drop_item(['b', 'j'])
a takes action: stay(['a'])
b takes action: move_left_without_item(['b'])
a takes action: stay(['a'])
b takes action: pick_up(['b', 'i'])
a takes action: move_right_without_item(['a'])
b takes action: drop_item(['b', 'i'])
a takes action: pick_up(['a', 'j'])
Steps: 9
Time cost: 0.720832s
2025-10-12 19:02:43,384 EXP - __main__.Logger.exp:
a takes action: drop_item(['a', 'i'])
b takes action: move_left_with_item(['b', 'j'])
a takes action: stay(['a'])
b takes action: drop_item(['b', 'j'])
a takes action: stay(['a'])
b takes action: pick_up(['b', 'i'])
a takes action: stay(['a'])
b takes action: move_right_with_item(['b', 'i'])
a takes action: pick_up(['a', 'j'])
b takes action: drop_item(['b', 'i'])
Steps: 10
Time cost: 0.520416s
2025-10-12 19:02:44,102 EXP - __main__.Logger.exp:
a takes action: drop_item(['a', 'i'])
b takes action: drop_item(['b', 'j'])
a takes action: pick_up(['a', 'i'])
b takes action: move_left_without_item(['b'])
a takes action: drop_item(['a', 'i'])
b takes action: pick_up(['b', 'i'])
a takes action: move_right_without_item(['a'])
b takes action: drop_item(['b', 'i'])
a takes action: pick_up(['a', 'j'])
Steps: 9
Time cost: 0.716525s
2025-10-12 19:02:44,822 EXP - __main__.Logger.exp:
a takes action: drop_item(['a', 'i'])
b takes action: drop_item(['b', 'j'])
a takes action: stay(['a'])
b takes action: move_left_without_item(['b'])
a takes action: stay(['a'])
b takes action: pick_up(['b', 'i'])
a takes action: move_right_without_item(['a'])
b takes action: drop_item(['b', 'i'])
a takes action: pick_up(['a', 'j'])
Steps: 9
Time cost: 0.719888s
2025-10-12 19:02:45,343 EXP - __main__.Logger.exp:
a takes action: drop_item(['a', 'i'])
b takes action: move_left_with_item(['b', 'j'])
a takes action: stay(['a'])
b takes action: drop_item(['b', 'j'])
a takes action: stay(['a'])
b takes action: pick_up(['b', 'i'])
a takes action: stay(['a'])
b takes action: move_right_with_item(['b', 'i'])
a takes action: pick_up(['a', 'j'])
b takes action: drop_item(['b', 'i'])
Steps: 10
Time cost: 0.520185s
2025-10-12 19:02:46,061 EXP - __main__.Logger.exp:
a takes action: drop_item(['a', 'i'])
b takes action: drop_item(['b', 'j'])
a takes action: pick_up(['a', 'i'])
b takes action: move_left_without_item(['b'])
a takes action: drop_item(['a', 'i'])
b takes action: pick_up(['b', 'i'])
a takes action: move_right_without_item(['a'])
b takes action: drop_item(['b', 'i'])
a takes action: pick_up(['a', 'j'])
Steps: 9
Time cost: 0.717125s
2025-10-12 19:02:46,753 EXP - __main__.Logger.exp:
a takes action: drop_item(['a', 'i'])
b takes action: drop_item(['b', 'j'])
a takes action: move_right_without_item(['a'])
b takes action: move_left_without_item(['b'])
a takes action: move_left_without_item(['a'])
b takes action: pick_up(['b', 'i'])
a takes action: move_right_without_item(['a'])
b takes action: drop_item(['b', 'i'])
a takes action: pick_up(['a', 'j'])
Steps: 9
Time cost: 0.690709s
2025-10-12 19:02:47,275 EXP - __main__.Logger.exp:
a takes action: drop_item(['a', 'i'])
b takes action: move_left_with_item(['b', 'j'])
a takes action: stay(['a'])
b takes action: drop_item(['b', 'j'])
a takes action: stay(['a'])
b takes action: pick_up(['b', 'i'])
a takes action: stay(['a'])
b takes action: move_right_with_item(['b', 'i'])
a takes action: pick_up(['a', 'j'])
b takes action: drop_item(['b', 'i'])
Steps: 10
Time cost: 0.521107s
2025-10-12 19:02:47,798 EXP - __main__.Logger.exp:
a takes action: drop_item(['a', 'i'])
b takes action: move_left_with_item(['b', 'j'])
a takes action: stay(['a'])
b takes action: drop_item(['b', 'j'])
a takes action: stay(['a'])
b takes action: pick_up(['b', 'i'])
a takes action: stay(['a'])
b takes action: move_right_with_item(['b', 'i'])
a takes action: pick_up(['a', 'j'])
b takes action: drop_item(['b', 'i'])
Steps: 10
Time cost: 0.522161s
2025-10-12 19:02:48,326 EXP - __main__.Logger.exp:
a takes action: drop_item(['a', 'i'])
b takes action: move_left_with_item(['b', 'j'])
a takes action: stay(['a'])
b takes action: drop_item(['b', 'j'])
a takes action: stay(['a'])
b takes action: pick_up(['b', 'i'])
a takes action: stay(['a'])
b takes action: move_right_with_item(['b', 'i'])
a takes action: pick_up(['a', 'j'])
b takes action: drop_item(['b', 'i'])
Steps: 10
Time cost: 0.527520s
2025-10-12 19:02:49,016 EXP - __main__.Logger.exp:
a takes action: drop_item(['a', 'i'])
b takes action: drop_item(['b', 'j'])
a takes action: move_right_without_item(['a'])
b takes action: move_left_without_item(['b'])
a takes action: move_left_without_item(['a'])
b takes action: pick_up(['b', 'i'])
a takes action: move_right_without_item(['a'])
b takes action: drop_item(['b', 'i'])
a takes action: pick_up(['a', 'j'])
Steps: 9
Time cost: 0.688410s
2025-10-12 19:02:49,538 EXP - __main__.Logger.exp:
a takes action: drop_item(['a', 'i'])
b takes action: move_left_with_item(['b', 'j'])
a takes action: stay(['a'])
b takes action: drop_item(['b', 'j'])
a takes action: stay(['a'])
b takes action: pick_up(['b', 'i'])
a takes action: stay(['a'])
b takes action: move_right_with_item(['b', 'i'])
a takes action: pick_up(['a', 'j'])
b takes action: drop_item(['b', 'i'])
Steps: 10
Time cost: 0.521286s
2025-10-12 19:02:50,253 EXP - __main__.Logger.exp:
a takes action: drop_item(['a', 'i'])
b takes action: drop_item(['b', 'j'])
a takes action: stay(['a'])
b takes action: move_left_without_item(['b'])
a takes action: stay(['a'])
b takes action: pick_up(['b', 'i'])
a takes action: move_right_without_item(['a'])
b takes action: drop_item(['b', 'i'])
a takes action: pick_up(['a', 'j'])
Steps: 9
Time cost: 0.714130s
2025-10-12 19:02:50,947 EXP - __main__.Logger.exp:
a takes action: drop_item(['a', 'i'])
b takes action: drop_item(['b', 'j'])
a takes action: move_right_without_item(['a'])
b takes action: move_left_without_item(['b'])
a takes action: move_left_without_item(['a'])
b takes action: pick_up(['b', 'i'])
a takes action: move_right_without_item(['a'])
b takes action: drop_item(['b', 'i'])
a takes action: pick_up(['a', 'j'])
Steps: 9
Time cost: 0.693257s
2025-10-12 19:02:51,635 EXP - __main__.Logger.exp:
a takes action: drop_item(['a', 'i'])
b takes action: drop_item(['b', 'j'])
a takes action: move_right_without_item(['a'])
b takes action: move_left_without_item(['b'])
a takes action: move_left_without_item(['a'])
b takes action: pick_up(['b', 'i'])
a takes action: move_right_without_item(['a'])
b takes action: drop_item(['b', 'i'])
a takes action: pick_up(['a', 'j'])
Steps: 9
Time cost: 0.686987s
2025-10-12 19:02:52,157 EXP - __main__.Logger.exp:
a takes action: drop_item(['a', 'i'])
b takes action: move_left_with_item(['b', 'j'])
a takes action: stay(['a'])
b takes action: drop_item(['b', 'j'])
a takes action: stay(['a'])
b takes action: pick_up(['b', 'i'])
a takes action: stay(['a'])
b takes action: move_right_with_item(['b', 'i'])
a takes action: pick_up(['a', 'j'])
b takes action: drop_item(['b', 'i'])
Steps: 10
Time cost: 0.521036s
2025-10-12 19:02:52,677 EXP - __main__.Logger.exp:
a takes action: drop_item(['a', 'i'])
b takes action: move_left_with_item(['b', 'j'])
a takes action: stay(['a'])
b takes action: drop_item(['b', 'j'])
a takes action: stay(['a'])
b takes action: pick_up(['b', 'i'])
a takes action: stay(['a'])
b takes action: move_right_with_item(['b', 'i'])
a takes action: pick_up(['a', 'j'])
b takes action: drop_item(['b', 'i'])
Steps: 10
Time cost: 0.519288s
2025-10-12 19:02:53,367 EXP - __main__.Logger.exp:
a takes action: drop_item(['a', 'i'])
b takes action: drop_item(['b', 'j'])
a takes action: move_right_without_item(['a'])
b takes action: move_left_without_item(['b'])
a takes action: move_left_without_item(['a'])
b takes action: pick_up(['b', 'i'])
a takes action: move_right_without_item(['a'])
b takes action: drop_item(['b', 'i'])
a takes action: pick_up(['a', 'j'])
Steps: 9
Time cost: 0.689259s
2025-10-12 19:02:54,056 EXP - __main__.Logger.exp:
a takes action: drop_item(['a', 'i'])
b takes action: drop_item(['b', 'j'])
a takes action: move_right_without_item(['a'])
b takes action: move_left_without_item(['b'])
a takes action: move_left_without_item(['a'])
b takes action: pick_up(['b', 'i'])
a takes action: move_right_without_item(['a'])
b takes action: drop_item(['b', 'i'])
a takes action: pick_up(['a', 'j'])
Steps: 9
Time cost: 0.688143s
2025-10-12 19:02:54,579 EXP - __main__.Logger.exp:
a takes action: drop_item(['a', 'i'])
b takes action: move_left_with_item(['b', 'j'])
a takes action: stay(['a'])
b takes action: drop_item(['b', 'j'])
a takes action: stay(['a'])
b takes action: pick_up(['b', 'i'])
a takes action: stay(['a'])
b takes action: move_right_with_item(['b', 'i'])
a takes action: pick_up(['a', 'j'])
b takes action: drop_item(['b', 'i'])
Steps: 10
Time cost: 0.521865s
2025-10-12 19:02:55,276 EXP - __main__.Logger.exp:
a takes action: drop_item(['a', 'i'])
b takes action: drop_item(['b', 'j'])
a takes action: move_right_without_item(['a'])
b takes action: move_left_without_item(['b'])
a takes action: move_left_without_item(['a'])
b takes action: pick_up(['b', 'i'])
a takes action: move_right_without_item(['a'])
b takes action: drop_item(['b', 'i'])
a takes action: pick_up(['a', 'j'])
Steps: 9
Time cost: 0.695901s
2025-10-12 19:02:55,799 EXP - __main__.Logger.exp:
a takes action: drop_item(['a', 'i'])
b takes action: move_left_with_item(['b', 'j'])
a takes action: stay(['a'])
b takes action: drop_item(['b', 'j'])
a takes action: stay(['a'])
b takes action: pick_up(['b', 'i'])
a takes action: stay(['a'])
b takes action: move_right_with_item(['b', 'i'])
a takes action: pick_up(['a', 'j'])
b takes action: drop_item(['b', 'i'])
Steps: 10
Time cost: 0.522581s
2025-10-12 19:02:56,321 EXP - __main__.Logger.exp:
a takes action: drop_item(['a', 'i'])
b takes action: move_left_with_item(['b', 'j'])
a takes action: stay(['a'])
b takes action: drop_item(['b', 'j'])
a takes action: stay(['a'])
b takes action: pick_up(['b', 'i'])
a takes action: stay(['a'])
b takes action: move_right_with_item(['b', 'i'])
a takes action: pick_up(['a', 'j'])
b takes action: drop_item(['b', 'i'])
Steps: 10
Time cost: 0.521076s
2025-10-12 19:02:57,009 EXP - __main__.Logger.exp:
a takes action: drop_item(['a', 'i'])
b takes action: drop_item(['b', 'j'])
a takes action: move_right_without_item(['a'])
b takes action: move_left_without_item(['b'])
a takes action: move_left_without_item(['a'])
b takes action: pick_up(['b', 'i'])
a takes action: move_right_without_item(['a'])
b takes action: drop_item(['b', 'i'])
a takes action: pick_up(['a', 'j'])
Steps: 9
Time cost: 0.686623s
2025-10-12 19:02:57,532 EXP - __main__.Logger.exp:
a takes action: drop_item(['a', 'i'])
b takes action: move_left_with_item(['b', 'j'])
a takes action: stay(['a'])
b takes action: drop_item(['b', 'j'])
a takes action: stay(['a'])
b takes action: pick_up(['b', 'i'])
a takes action: stay(['a'])
b takes action: move_right_with_item(['b', 'i'])
a takes action: pick_up(['a', 'j'])
b takes action: drop_item(['b', 'i'])
Steps: 10
Time cost: 0.523016s
2025-10-12 19:02:57,533 EXP - __main__.Logger.exp:
Avg Steps: 9.47
Avg Time: 0.620704s
