2025-10-20 22:08:38,891 EXP - __main__.Logger.exp:
a takes action: pick_up(['a', 'o1'])
b takes action: stay(['b'])
c takes action: stay(['c'])
d takes action: move_right_without_item(['d'])
a takes action: move_right_with_item(['a', 'o1'])
b takes action: stay(['b'])
c takes action: stay(['c'])
d takes action: stay(['d'])
a takes action: drop_item(['a', 'o1'])
Steps: 9
Time cost: 0.519808s
2025-10-20 22:08:39,407 EXP - __main__.Logger.exp:
a takes action: pick_up(['a', 'o1'])
b takes action: stay(['b'])
c takes action: stay(['c'])
d takes action: move_right_without_item(['d'])
a takes action: move_right_with_item(['a', 'o1'])
b takes action: stay(['b'])
c takes action: stay(['c'])
d takes action: stay(['d'])
a takes action: drop_item(['a', 'o1'])
Steps: 9
Time cost: 0.514873s
2025-10-20 22:08:39,925 EXP - __main__.Logger.exp:
a takes action: pick_up(['a', 'o1'])
b takes action: stay(['b'])
c takes action: stay(['c'])
d takes action: move_right_without_item(['d'])
a takes action: move_right_with_item(['a', 'o1'])
b takes action: stay(['b'])
c takes action: stay(['c'])
d takes action: stay(['d'])
a takes action: drop_item(['a', 'o1'])
Steps: 9
Time cost: 0.517710s
2025-10-20 22:08:40,441 EXP - __main__.Logger.exp:
a takes action: pick_up(['a', 'o1'])
b takes action: stay(['b'])
c takes action: stay(['c'])
d takes action: move_right_without_item(['d'])
a takes action: move_right_with_item(['a', 'o1'])
b takes action: stay(['b'])
c takes action: stay(['c'])
d takes action: stay(['d'])
a takes action: drop_item(['a', 'o1'])
Steps: 9
Time cost: 0.514714s
2025-10-20 22:08:40,959 EXP - __main__.Logger.exp:
a takes action: pick_up(['a', 'o1'])
b takes action: stay(['b'])
c takes action: stay(['c'])
d takes action: move_right_without_item(['d'])
a takes action: move_right_with_item(['a', 'o1'])
b takes action: stay(['b'])
c takes action: stay(['c'])
d takes action: stay(['d'])
a takes action: drop_item(['a', 'o1'])
Steps: 9
Time cost: 0.517645s
2025-10-20 22:08:40,959 EXP - __main__.Logger.exp:
Avg Steps: 9.0
Avg Time: 0.516950s
