2025-10-23 14:37:04,572 EXP - __main__.Logger.exp:
a takes action: pick_up(['a', 'i'])
b takes action: stay(['b'])
a takes action: move_right_with_item(['a', 'i'])
b takes action: stay(['b'])
a takes action: drop_item(['a', 'i'])
b takes action: stay(['b'])
a takes action: move_left_without_item(['a'])
b takes action: stay(['b'])
a takes action: move_right_without_item(['a'])
b takes action: stay(['b'])
a takes action: pick_up(['a', 'i'])
Steps: 11
Time cost: 0.034606s
2025-10-23 14:37:04,789 EXP - __main__.Logger.exp:
a takes action: pick_up(['a', 'i'])
b takes action: move_right_without_item(['b'])
a takes action: drop_item(['a', 'i'])
b takes action: move_left_without_item(['b'])
a takes action: pick_up(['a', 'i'])
b takes action: move_right_without_item(['b'])
a takes action: drop_item(['a', 'i'])
b takes action: move_left_without_item(['b'])
a takes action: pick_up(['a', 'i'])
b takes action: move_right_without_item(['b'])
a takes action: drop_item(['a', 'i'])
b takes action: move_left_without_item(['b'])
a takes action: pick_up(['a', 'i'])
b takes action: stay(['b'])
a takes action: move_right_with_item(['a', 'i'])
b takes action: move_right_without_item(['b'])
a takes action: move_left_with_item(['a', 'i'])
b takes action: stay(['b'])
a takes action: drop_item(['a', 'i'])
b takes action: move_left_without_item(['b'])
a takes action: pick_up(['a', 'i'])
b takes action: stay(['b'])
a takes action: move_right_with_item(['a', 'i'])
b takes action: stay(['b'])
a takes action: drop_item(['a', 'i'])
b takes action: stay(['b'])
a takes action: move_left_without_item(['a'])
b takes action: stay(['b'])
a takes action: move_right_without_item(['a'])
b takes action: stay(['b'])
a takes action: pick_up(['a', 'i'])
Steps: 31
Time cost: 0.216179s
2025-10-23 14:37:04,825 EXP - __main__.Logger.exp:
a takes action: pick_up(['a', 'i'])
b takes action: stay(['b'])
a takes action: move_right_with_item(['a', 'i'])
b takes action: stay(['b'])
a takes action: drop_item(['a', 'i'])
b takes action: stay(['b'])
a takes action: move_left_without_item(['a'])
b takes action: stay(['b'])
a takes action: move_right_without_item(['a'])
b takes action: stay(['b'])
a takes action: pick_up(['a', 'i'])
Steps: 11
Time cost: 0.034789s
2025-10-23 14:37:04,872 EXP - __main__.Logger.exp:
a takes action: pick_up(['a', 'i'])
b takes action: stay(['b'])
a takes action: move_right_with_item(['a', 'i'])
b takes action: move_right_without_item(['b'])
a takes action: move_left_with_item(['a', 'i'])
b takes action: stay(['b'])
a takes action: drop_item(['a', 'i'])
b takes action: stay(['b'])
a takes action: move_right_without_item(['a'])
b takes action: stay(['b'])
a takes action: move_left_without_item(['a'])
b takes action: stay(['b'])
a takes action: pick_up(['a', 'i'])
Steps: 13
Time cost: 0.046268s
2025-10-23 14:37:04,907 EXP - __main__.Logger.exp:
a takes action: pick_up(['a', 'i'])
b takes action: stay(['b'])
a takes action: move_right_with_item(['a', 'i'])
b takes action: stay(['b'])
a takes action: drop_item(['a', 'i'])
b takes action: stay(['b'])
a takes action: move_left_without_item(['a'])
b takes action: stay(['b'])
a takes action: move_right_without_item(['a'])
b takes action: stay(['b'])
a takes action: pick_up(['a', 'i'])
Steps: 11
Time cost: 0.034658s
2025-10-23 14:37:04,907 EXP - __main__.Logger.exp:
Avg Steps: 15.4
Avg Time: 0.073300s
