2025-10-23 14:37:05,003 EXP - __main__.Logger.exp:
a takes action: pick_up(['a', 'i'])
b takes action: stay(['b'])
a takes action: move_right_with_item(['a', 'i'])
b takes action: stay(['b'])
a takes action: drop_item(['a', 'i'])
b takes action: stay(['b'])
a takes action: move_left_without_item(['a'])
b takes action: stay(['b'])
a takes action: move_right_without_item(['a'])
b takes action: stay(['b'])
a takes action: pick_up(['a', 'i'])
Steps: 11
Time cost: 0.037110s
2025-10-23 14:37:05,029 EXP - __main__.Logger.exp:
a takes action: pick_up(['a', 'i'])
b takes action: move_right_without_item(['b'])
a takes action: drop_item(['a', 'i'])
b takes action: stay(['b'])
a takes action: move_right_without_item(['a'])
b takes action: stay(['b'])
a takes action: move_left_without_item(['a'])
b takes action: stay(['b'])
a takes action: pick_up(['a', 'i'])
Steps: 9
Time cost: 0.026094s
2025-10-23 14:37:05,068 EXP - __main__.Logger.exp:
a takes action: pick_up(['a', 'i'])
b takes action: stay(['b'])
a takes action: move_right_with_item(['a', 'i'])
b takes action: stay(['b'])
a takes action: drop_item(['a', 'i'])
b takes action: stay(['b'])
a takes action: move_left_without_item(['a'])
b takes action: stay(['b'])
a takes action: move_right_without_item(['a'])
b takes action: stay(['b'])
a takes action: pick_up(['a', 'i'])
Steps: 11
Time cost: 0.037404s
2025-10-23 14:37:05,158 EXP - __main__.Logger.exp:
a takes action: pick_up(['a', 'i'])
b takes action: move_right_without_item(['b'])
a takes action: drop_item(['a', 'i'])
b takes action: move_left_without_item(['b'])
a takes action: pick_up(['a', 'i'])
b takes action: stay(['b'])
a takes action: move_right_with_item(['a', 'i'])
b takes action: move_right_without_item(['b'])
a takes action: move_left_with_item(['a', 'i'])
b takes action: stay(['b'])
a takes action: drop_item(['a', 'i'])
b takes action: stay(['b'])
a takes action: move_right_without_item(['a'])
b takes action: stay(['b'])
a takes action: move_left_without_item(['a'])
b takes action: stay(['b'])
a takes action: pick_up(['a', 'i'])
Steps: 17
Time cost: 0.090082s
2025-10-23 14:37:05,242 EXP - __main__.Logger.exp:
a takes action: pick_up(['a', 'i'])
b takes action: stay(['b'])
a takes action: move_right_with_item(['a', 'i'])
b takes action: stay(['b'])
a takes action: drop_item(['a', 'i'])
b takes action: move_right_without_item(['b'])
a takes action: pick_up(['a', 'i'])
b takes action: stay(['b'])
a takes action: move_left_with_item(['a', 'i'])
b takes action: stay(['b'])
a takes action: drop_item(['a', 'i'])
b takes action: stay(['b'])
a takes action: move_right_without_item(['a'])
b takes action: stay(['b'])
a takes action: move_left_without_item(['a'])
b takes action: stay(['b'])
a takes action: pick_up(['a', 'i'])
Steps: 17
Time cost: 0.083270s
2025-10-23 14:37:05,243 EXP - __main__.Logger.exp:
Avg Steps: 13.0
Avg Time: 0.054792s
