2025-10-24 15:33:40,755 EXP - __main__.Logger.exp:
a takes action: stay(['a'])
b takes action: move(['b', 'r2', 'r3'])
c takes action: move(['c', 'r6', 'r5'])
d takes action: move(['d', 'r7', 'r4'])
a takes action: move(['a', 'r1', 'r2'])
b takes action: move(['b', 'r3', 'r6'])
c takes action: move(['c', 'r5', 'r8'])
d takes action: move(['d', 'r4', 'r1'])
a takes action: stay(['a'])
b takes action: stay(['b'])
c takes action: move(['c', 'r8', 'r7'])
Steps: 11
Time cost: 3.345910s
2025-10-24 15:33:44,470 EXP - __main__.Logger.exp:
a takes action: stay(['a'])
b takes action: move(['b', 'r2', 'r5'])
c takes action: move(['c', 'r6', 'r9'])
d takes action: move(['d', 'r7', 'r4'])
a takes action: move(['a', 'r1', 'r2'])
b takes action: move(['b', 'r5', 'r6'])
c takes action: move(['c', 'r9', 'r8'])
d takes action: move(['d', 'r4', 'r1'])
a takes action: stay(['a'])
b takes action: stay(['b'])
c takes action: move(['c', 'r8', 'r7'])
Steps: 11
Time cost: 3.713047s
2025-10-24 15:33:47,698 EXP - __main__.Logger.exp:
a takes action: stay(['a'])
b takes action: move(['b', 'r2', 'r3'])
c takes action: move(['c', 'r6', 'r9'])
d takes action: move(['d', 'r7', 'r4'])
a takes action: move(['a', 'r1', 'r2'])
b takes action: move(['b', 'r3', 'r6'])
c takes action: move(['c', 'r9', 'r8'])
d takes action: move(['d', 'r4', 'r1'])
a takes action: stay(['a'])
b takes action: stay(['b'])
c takes action: move(['c', 'r8', 'r7'])
Steps: 11
Time cost: 3.225624s
2025-10-24 15:33:51,062 EXP - __main__.Logger.exp:
a takes action: stay(['a'])
b takes action: move(['b', 'r2', 'r3'])
c takes action: move(['c', 'r6', 'r5'])
d takes action: move(['d', 'r7', 'r4'])
a takes action: move(['a', 'r1', 'r2'])
b takes action: move(['b', 'r3', 'r6'])
c takes action: move(['c', 'r5', 'r8'])
d takes action: move(['d', 'r4', 'r1'])
a takes action: stay(['a'])
b takes action: stay(['b'])
c takes action: move(['c', 'r8', 'r7'])
Steps: 11
Time cost: 3.362618s
2025-10-24 15:33:54,300 EXP - __main__.Logger.exp:
a takes action: stay(['a'])
b takes action: move(['b', 'r2', 'r3'])
c takes action: move(['c', 'r6', 'r9'])
d takes action: move(['d', 'r7', 'r4'])
a takes action: move(['a', 'r1', 'r2'])
b takes action: move(['b', 'r3', 'r6'])
c takes action: move(['c', 'r9', 'r8'])
d takes action: move(['d', 'r4', 'r1'])
a takes action: stay(['a'])
b takes action: stay(['b'])
c takes action: move(['c', 'r8', 'r7'])
Steps: 11
Time cost: 3.236217s
2025-10-24 15:33:54,301 EXP - __main__.Logger.exp:
Avg Steps: 11.0
Avg Time: 3.376684s
