2025-12-06 20:01:19,167 ERROR - __main__._.regex_search:
result not found: \s+b\[([\w,]+)\]\s(.+)\((.+)\)=\[(.+)\] in         shared_value(as)=[all]

2025-12-06 20:01:19,603 EXP - __main__.Logger.exp:
a takes action: lying_own_secret(['a', 'as'])
b takes action: sharing_stay(['b'])
c takes action: sharing_stay(['c'])
a takes action: quiet(['a', 'as'])
b takes action: move_right(['b'])
c takes action: normal_stay(['c'])
a takes action: move_right(['a'])
b takes action: normal_stay(['b'])
c takes action: normal_stay(['c'])
a takes action: sharing_own_secret(['a', 'as'])
Steps: 10
Time cost: 0.340654s
Number of Generated Virtual Problems: 8

2025-12-06 20:01:19,806 EXP - __main__.Logger.exp:
a takes action: lying_own_secret(['a', 'as'])
b takes action: sharing_stay(['b'])
c takes action: sharing_stay(['c'])
a takes action: quiet(['a', 'as'])
b takes action: normal_stay(['b'])
c takes action: move_right(['c'])
a takes action: sharing_own_secret(['a', 'as'])
Steps: 7
Time cost: 0.202348s
Number of Generated Virtual Problems: 5

2025-12-06 20:01:20,005 EXP - __main__.Logger.exp:
a takes action: lying_own_secret(['a', 'as'])
b takes action: sharing_stay(['b'])
c takes action: sharing_stay(['c'])
a takes action: quiet(['a', 'as'])
b takes action: normal_stay(['b'])
c takes action: move_right(['c'])
a takes action: sharing_own_secret(['a', 'as'])
Steps: 7
Time cost: 0.197376s
Number of Generated Virtual Problems: 5

2025-12-06 20:01:20,202 EXP - __main__.Logger.exp:
a takes action: lying_own_secret(['a', 'as'])
b takes action: sharing_stay(['b'])
c takes action: sharing_stay(['c'])
a takes action: quiet(['a', 'as'])
b takes action: normal_stay(['b'])
c takes action: move_right(['c'])
a takes action: sharing_own_secret(['a', 'as'])
Steps: 7
Time cost: 0.196384s
Number of Generated Virtual Problems: 5

2025-12-06 20:01:20,672 EXP - __main__.Logger.exp:
a takes action: lying_own_secret(['a', 'as'])
b takes action: sharing_stay(['b'])
c takes action: sharing_stay(['c'])
a takes action: quiet(['a', 'as'])
b takes action: move_right(['b'])
c takes action: move_right(['c'])
a takes action: move_right(['a'])
b takes action: move_left(['b'])
c takes action: move_left(['c'])
a takes action: move_left(['a'])
b takes action: normal_stay(['b'])
c takes action: move_right(['c'])
a takes action: sharing_own_secret(['a', 'as'])
Steps: 13
Time cost: 0.468550s
Number of Generated Virtual Problems: 11

2025-12-06 20:01:20,672 EXP - __main__.Logger.exp:
Avg Steps: 8.8
Avg Time: 0.281062s
Avg VMS: 6.8

