2025-12-06 20:01:19,454 ERROR - __main__._.regex_search:
result not found: \s+b\[([\w,]+)\]\s(.+)\((.+)\)=\[(.+)\] in         shared_value(as)=[all]

2025-12-06 20:01:24,256 EXP - __main__.Logger.exp:
a takes action: sharing_own_secret(['a', 'as'])
b takes action: sharing_stay(['b'])
c takes action: sharing_stay(['c'])
a takes action: quiet(['a', 'as'])
b takes action: normal_stay(['b'])
c takes action: move_right(['c'])
a takes action: lying_own_secret(['a', 'as'])
b takes action: sharing_stay(['b'])
c takes action: sharing_stay(['c'])
a takes action: quiet(['a', 'as'])
b takes action: move_right(['b'])
c takes action: normal_stay(['c'])
a takes action: sharing_own_secret(['a', 'as'])
Steps: 13
Time cost: 4.042110s
Number of Generated Virtual Problems: 8

2025-12-06 20:01:28,044 EXP - __main__.Logger.exp:
a takes action: sharing_own_secret(['a', 'as'])
b takes action: sharing_stay(['b'])
c takes action: sharing_stay(['c'])
a takes action: quiet(['a', 'as'])
b takes action: normal_stay(['b'])
c takes action: move_right(['c'])
a takes action: lying_own_secret(['a', 'as'])
b takes action: sharing_stay(['b'])
c takes action: sharing_stay(['c'])
a takes action: quiet(['a', 'as'])
b takes action: move_right(['b'])
c takes action: normal_stay(['c'])
a takes action: sharing_own_secret(['a', 'as'])
Steps: 13
Time cost: 3.787282s
Number of Generated Virtual Problems: 8

2025-12-06 20:01:31,782 EXP - __main__.Logger.exp:
a takes action: sharing_own_secret(['a', 'as'])
b takes action: sharing_stay(['b'])
c takes action: sharing_stay(['c'])
a takes action: quiet(['a', 'as'])
b takes action: normal_stay(['b'])
c takes action: move_right(['c'])
a takes action: lying_own_secret(['a', 'as'])
b takes action: sharing_stay(['b'])
c takes action: sharing_stay(['c'])
a takes action: quiet(['a', 'as'])
b takes action: move_right(['b'])
c takes action: normal_stay(['c'])
a takes action: sharing_own_secret(['a', 'as'])
Steps: 13
Time cost: 3.735433s
Number of Generated Virtual Problems: 8

2025-12-06 20:01:36,077 EXP - __main__.Logger.exp:
a takes action: sharing_own_secret(['a', 'as'])
b takes action: sharing_stay(['b'])
c takes action: sharing_stay(['c'])
a takes action: quiet(['a', 'as'])
b takes action: move_right(['b'])
c takes action: move_right(['c'])
a takes action: normal_stay(['a'])
b takes action: move_left(['b'])
c takes action: normal_stay(['c'])
a takes action: lying_own_secret(['a', 'as'])
b takes action: sharing_stay(['b'])
c takes action: sharing_stay(['c'])
a takes action: quiet(['a', 'as'])
b takes action: move_right(['b'])
c takes action: move_left(['c'])
a takes action: sharing_own_secret(['a', 'as'])
Steps: 16
Time cost: 4.293608s
Number of Generated Virtual Problems: 11

2025-12-06 20:01:40,539 EXP - __main__.Logger.exp:
a takes action: sharing_own_secret(['a', 'as'])
b takes action: sharing_stay(['b'])
c takes action: sharing_stay(['c'])
a takes action: quiet(['a', 'as'])
b takes action: move_right(['b'])
c takes action: normal_stay(['c'])
a takes action: move_right(['a'])
b takes action: normal_stay(['b'])
c takes action: normal_stay(['c'])
a takes action: lying_own_secret(['a', 'as'])
b takes action: sharing_stay(['b'])
c takes action: sharing_stay(['c'])
a takes action: quiet(['a', 'as'])
b takes action: move_left(['b'])
c takes action: move_right(['c'])
a takes action: sharing_own_secret(['a', 'as'])
Steps: 16
Time cost: 4.461069s
Number of Generated Virtual Problems: 11

2025-12-06 20:01:40,539 EXP - __main__.Logger.exp:
Avg Steps: 14.2
Avg Time: 4.063900s
Avg VMS: 9.2

