2025-10-24 20:08:08,699 EXP - __main__.Logger.exp:
a takes action: move(['a', 'r1', 'r2'])
b takes action: stay(['b'])
a takes action: move(['a', 'r2', 'r4'])
b takes action: move(['b', 'r3', 'r2'])
a takes action: stay(['a'])
b takes action: move(['b', 'r2', 'r1'])
a takes action: move(['a', 'r4', 'r2'])
b takes action: stay(['b'])
a takes action: move(['a', 'r2', 'r3'])
Steps: 9
Time cost: 0.026057s
2025-10-24 20:08:08,726 EXP - __main__.Logger.exp:
a takes action: move(['a', 'r1', 'r2'])
b takes action: stay(['b'])
a takes action: move(['a', 'r2', 'r4'])
b takes action: move(['b', 'r3', 'r2'])
a takes action: stay(['a'])
b takes action: move(['b', 'r2', 'r1'])
a takes action: move(['a', 'r4', 'r2'])
b takes action: stay(['b'])
a takes action: move(['a', 'r2', 'r3'])
Steps: 9
Time cost: 0.026100s
2025-10-24 20:08:08,754 EXP - __main__.Logger.exp:
a takes action: move(['a', 'r1', 'r2'])
b takes action: stay(['b'])
a takes action: move(['a', 'r2', 'r4'])
b takes action: move(['b', 'r3', 'r2'])
a takes action: stay(['a'])
b takes action: move(['b', 'r2', 'r1'])
a takes action: move(['a', 'r4', 'r2'])
b takes action: stay(['b'])
a takes action: move(['a', 'r2', 'r3'])
Steps: 9
Time cost: 0.026707s
2025-10-24 20:08:08,754 EXP - __main__.Logger.exp:
Avg Steps: 9.0
Avg Time: 0.026288s
