2025-10-24 12:07:40,909 EXP - __main__.Logger.exp:
a takes action: sharing_own_secret(['a', 'as'])
b takes action: sharing_stay(['b'])
c takes action: sharing_stay(['c'])
a takes action: quiet(['a', 'as'])
b takes action: sharing_others_secret(['b', 'as'])
c takes action: sharing_stay(['c'])
a takes action: sharing_stay(['a'])
b takes action: quiet(['b', 'as'])
c takes action: normal_stay(['c'])
a takes action: lying_own_secret(['a', 'as'])
b takes action: sharing_stay(['b'])
c takes action: sharing_stay(['c'])
a takes action: quiet(['a', 'as'])
b takes action: normal_stay(['b'])
c takes action: normal_stay(['c'])
a takes action: sharing_own_secret(['a', 'as'])
b takes action: sharing_stay(['b'])
c takes action: sharing_stay(['c'])
a takes action: quiet(['a', 'as'])
b takes action: sharing_others_secret(['b', 'as'])
c takes action: sharing_stay(['c'])
a takes action: sharing_stay(['a'])
b takes action: quiet(['b', 'as'])
c takes action: move_right(['c'])
a takes action: sharing_own_secret(['a', 'as'])
b takes action: sharing_stay(['b'])
c takes action: sharing_stay(['c'])
a takes action: quiet(['a', 'as'])
b takes action: move_right(['b'])
c takes action: move_left(['c'])
a takes action: normal_stay(['a'])
b takes action: move_left(['b'])
c takes action: normal_stay(['c'])
a takes action: lying_own_secret(['a', 'as'])
b takes action: sharing_stay(['b'])
c takes action: sharing_stay(['c'])
a takes action: quiet(['a', 'as'])
b takes action: normal_stay(['b'])
c takes action: normal_stay(['c'])
a takes action: sharing_own_secret(['a', 'as'])
b takes action: sharing_stay(['b'])
c takes action: sharing_stay(['c'])
a takes action: quiet(['a', 'as'])
b takes action: move_right(['b'])
c takes action: normal_stay(['c'])
a takes action: lying_own_secret(['a', 'as'])
b takes action: sharing_stay(['b'])
c takes action: sharing_stay(['c'])
a takes action: quiet(['a', 'as'])
b takes action: normal_stay(['b'])
c takes action: normal_stay(['c'])
a takes action: sharing_own_secret(['a', 'as'])
b takes action: sharing_stay(['b'])
c takes action: sharing_stay(['c'])
a takes action: quiet(['a', 'as'])
b takes action: move_left(['b'])
c takes action: normal_stay(['c'])
a takes action: normal_stay(['a'])
b takes action: move_right(['b'])
c takes action: normal_stay(['c'])
a takes action: move_right(['a'])
b takes action: normal_stay(['b'])
c takes action: move_right(['c'])
a takes action: lying_own_secret(['a', 'as'])
b takes action: sharing_stay(['b'])
c takes action: sharing_stay(['c'])
a takes action: quiet(['a', 'as'])
b takes action: normal_stay(['b'])
c takes action: normal_stay(['c'])
a takes action: sharing_own_secret(['a', 'as'])
b takes action: sharing_stay(['b'])
c takes action: sharing_stay(['c'])
a takes action: quiet(['a', 'as'])
b takes action: sharing_others_secret(['b', 'as'])
c takes action: sharing_stay(['c'])
a takes action: sharing_stay(['a'])
b takes action: quiet(['b', 'as'])
c takes action: move_left(['c'])
a takes action: normal_stay(['a'])
b takes action: normal_stay(['b'])
c takes action: move_right(['c'])
a takes action: sharing_own_secret(['a', 'as'])
b takes action: sharing_stay(['b'])
c takes action: sharing_stay(['c'])
a takes action: quiet(['a', 'as'])
b takes action: sharing_others_secret(['b', 'as'])
c takes action: sharing_stay(['c'])
a takes action: sharing_stay(['a'])
b takes action: quiet(['b', 'as'])
c takes action: move_left(['c'])
a takes action: lying_own_secret(['a', 'as'])
b takes action: sharing_stay(['b'])
c takes action: sharing_stay(['c'])
a takes action: quiet(['a', 'as'])
b takes action: normal_stay(['b'])
c takes action: move_right(['c'])
a takes action: sharing_own_secret(['a', 'as'])
b takes action: sharing_stay(['b'])
c takes action: sharing_stay(['c'])
a takes action: quiet(['a', 'as'])
b takes action: move_left(['b'])
c takes action: normal_stay(['c'])
a takes action: move_left(['a'])
b takes action: sharing_others_secret(['b', 'as'])
c takes action: sharing_stay(['c'])
a takes action: sharing_stay(['a'])
b takes action: quiet(['b', 'as'])
c takes action: move_left(['c'])
a takes action: move_right(['a'])
b takes action: move_right(['b'])
c takes action: move_right(['c'])
a takes action: move_left(['a'])
b takes action: normal_stay(['b'])
c takes action: move_left(['c'])
a takes action: normal_stay(['a'])
b takes action: normal_stay(['b'])
c takes action: normal_stay(['c'])
a takes action: move_right(['a'])
b takes action: normal_stay(['b'])
c takes action: move_right(['c'])
a takes action: move_left(['a'])
b takes action: sharing_others_secret(['b', 'as'])
c takes action: sharing_stay(['c'])
a takes action: sharing_stay(['a'])
b takes action: quiet(['b', 'as'])
c takes action: move_left(['c'])
a takes action: sharing_own_secret(['a', 'as'])
b takes action: sharing_stay(['b'])
c takes action: sharing_stay(['c'])
a takes action: quiet(['a', 'as'])
b takes action: move_left(['b'])
c takes action: normal_stay(['c'])
a takes action: sharing_own_secret(['a', 'as'])
b takes action: sharing_stay(['b'])
c takes action: sharing_stay(['c'])
a takes action: quiet(['a', 'as'])
b takes action: move_right(['b'])
c takes action: normal_stay(['c'])
a takes action: normal_stay(['a'])
b takes action: normal_stay(['b'])
c takes action: normal_stay(['c'])
a takes action: lying_own_secret(['a', 'as'])
b takes action: sharing_stay(['b'])
c takes action: sharing_stay(['c'])
a takes action: quiet(['a', 'as'])
b takes action: sharing_others_secret(['b', 'as'])
c takes action: sharing_stay(['c'])
a takes action: sharing_stay(['a'])
b takes action: quiet(['b', 'as'])
c takes action: move_right(['c'])
a takes action: sharing_own_secret(['a', 'as'])
Steps: 151
Time cost: 4.525247s
2025-10-24 12:07:40,981 EXP - __main__.Logger.exp:
a takes action: sharing_own_secret(['a', 'as'])
b takes action: sharing_stay(['b'])
c takes action: sharing_stay(['c'])
a takes action: quiet(['a', 'as'])
b takes action: normal_stay(['b'])
c takes action: normal_stay(['c'])
a takes action: lying_own_secret(['a', 'as'])
b takes action: sharing_stay(['b'])
c takes action: sharing_stay(['c'])
a takes action: quiet(['a', 'as'])
b takes action: normal_stay(['b'])
c takes action: move_right(['c'])
a takes action: sharing_own_secret(['a', 'as'])
Steps: 13
Time cost: 0.070570s
2025-10-24 12:07:55,268 EXP - __main__.Logger.exp:
a takes action: sharing_own_secret(['a', 'as'])
b takes action: sharing_stay(['b'])
c takes action: sharing_stay(['c'])
a takes action: quiet(['a', 'as'])
b takes action: move_right(['b'])
c takes action: normal_stay(['c'])
a takes action: normal_stay(['a'])
b takes action: normal_stay(['b'])
c takes action: normal_stay(['c'])
a takes action: sharing_own_secret(['a', 'as'])
b takes action: sharing_stay(['b'])
c takes action: sharing_stay(['c'])
a takes action: quiet(['a', 'as'])
b takes action: sharing_others_secret(['b', 'as'])
c takes action: sharing_stay(['c'])
a takes action: sharing_stay(['a'])
b takes action: quiet(['b', 'as'])
c takes action: normal_stay(['c'])
a takes action: sharing_own_secret(['a', 'as'])
b takes action: sharing_stay(['b'])
c takes action: sharing_stay(['c'])
a takes action: quiet(['a', 'as'])
b takes action: move_left(['b'])
c takes action: move_right(['c'])
a takes action: lying_own_secret(['a', 'as'])
b takes action: sharing_stay(['b'])
c takes action: sharing_stay(['c'])
a takes action: quiet(['a', 'as'])
b takes action: normal_stay(['b'])
c takes action: move_left(['c'])
a takes action: sharing_own_secret(['a', 'as'])
b takes action: sharing_stay(['b'])
c takes action: sharing_stay(['c'])
a takes action: quiet(['a', 'as'])
b takes action: move_right(['b'])
c takes action: normal_stay(['c'])
a takes action: lying_own_secret(['a', 'as'])
b takes action: sharing_stay(['b'])
c takes action: sharing_stay(['c'])
a takes action: quiet(['a', 'as'])
b takes action: normal_stay(['b'])
c takes action: sharing_others_secret(['c', 'as'])
a takes action: sharing_stay(['a'])
b takes action: sharing_stay(['b'])
c takes action: quiet(['c', 'as'])
a takes action: sharing_own_secret(['a', 'as'])
b takes action: sharing_stay(['b'])
c takes action: sharing_stay(['c'])
a takes action: quiet(['a', 'as'])
b takes action: move_left(['b'])
c takes action: move_right(['c'])
a takes action: lying_own_secret(['a', 'as'])
b takes action: sharing_stay(['b'])
c takes action: sharing_stay(['c'])
a takes action: quiet(['a', 'as'])
b takes action: normal_stay(['b'])
c takes action: move_left(['c'])
a takes action: sharing_own_secret(['a', 'as'])
b takes action: sharing_stay(['b'])
c takes action: sharing_stay(['c'])
a takes action: quiet(['a', 'as'])
b takes action: move_right(['b'])
c takes action: normal_stay(['c'])
a takes action: lying_own_secret(['a', 'as'])
b takes action: sharing_stay(['b'])
c takes action: sharing_stay(['c'])
a takes action: quiet(['a', 'as'])
b takes action: normal_stay(['b'])
c takes action: sharing_others_secret(['c', 'as'])
a takes action: sharing_stay(['a'])
b takes action: sharing_stay(['b'])
c takes action: quiet(['c', 'as'])
a takes action: sharing_own_secret(['a', 'as'])
b takes action: sharing_stay(['b'])
c takes action: sharing_stay(['c'])
a takes action: quiet(['a', 'as'])
b takes action: sharing_others_secret(['b', 'as'])
c takes action: sharing_stay(['c'])
a takes action: sharing_stay(['a'])
b takes action: quiet(['b', 'as'])
c takes action: normal_stay(['c'])
a takes action: move_right(['a'])
b takes action: sharing_others_secret(['b', 'as'])
c takes action: sharing_stay(['c'])
a takes action: sharing_stay(['a'])
b takes action: quiet(['b', 'as'])
c takes action: move_right(['c'])
a takes action: normal_stay(['a'])
b takes action: normal_stay(['b'])
c takes action: normal_stay(['c'])
a takes action: move_left(['a'])
b takes action: move_left(['b'])
c takes action: move_left(['c'])
a takes action: normal_stay(['a'])
b takes action: move_right(['b'])
c takes action: normal_stay(['c'])
a takes action: move_right(['a'])
b takes action: move_left(['b'])
c takes action: move_right(['c'])
a takes action: lying_own_secret(['a', 'as'])
b takes action: sharing_stay(['b'])
c takes action: sharing_stay(['c'])
a takes action: quiet(['a', 'as'])
b takes action: move_right(['b'])
c takes action: normal_stay(['c'])
a takes action: sharing_own_secret(['a', 'as'])
b takes action: sharing_stay(['b'])
c takes action: sharing_stay(['c'])
a takes action: quiet(['a', 'as'])
b takes action: normal_stay(['b'])
c takes action: normal_stay(['c'])
a takes action: sharing_own_secret(['a', 'as'])
b takes action: sharing_stay(['b'])
c takes action: sharing_stay(['c'])
a takes action: quiet(['a', 'as'])
b takes action: sharing_others_secret(['b', 'as'])
c takes action: sharing_stay(['c'])
a takes action: sharing_stay(['a'])
b takes action: quiet(['b', 'as'])
c takes action: move_left(['c'])
a takes action: sharing_own_secret(['a', 'as'])
b takes action: sharing_stay(['b'])
c takes action: sharing_stay(['c'])
a takes action: quiet(['a', 'as'])
b takes action: sharing_others_secret(['b', 'as'])
c takes action: sharing_stay(['c'])
a takes action: sharing_stay(['a'])
b takes action: quiet(['b', 'as'])
c takes action: move_right(['c'])
a takes action: normal_stay(['a'])
b takes action: normal_stay(['b'])
c takes action: normal_stay(['c'])
a takes action: normal_stay(['a'])
b takes action: move_left(['b'])
c takes action: normal_stay(['c'])
a takes action: sharing_own_secret(['a', 'as'])
b takes action: sharing_stay(['b'])
c takes action: sharing_stay(['c'])
a takes action: quiet(['a', 'as'])
b takes action: move_right(['b'])
c takes action: normal_stay(['c'])
a takes action: move_left(['a'])
b takes action: sharing_others_secret(['b', 'as'])
c takes action: sharing_stay(['c'])
a takes action: sharing_stay(['a'])
b takes action: quiet(['b', 'as'])
c takes action: move_left(['c'])
a takes action: normal_stay(['a'])
b takes action: sharing_others_secret(['b', 'as'])
c takes action: sharing_stay(['c'])
a takes action: sharing_stay(['a'])
b takes action: quiet(['b', 'as'])
c takes action: normal_stay(['c'])
a takes action: sharing_own_secret(['a', 'as'])
b takes action: sharing_stay(['b'])
c takes action: sharing_stay(['c'])
a takes action: quiet(['a', 'as'])
b takes action: move_left(['b'])
c takes action: move_right(['c'])
a takes action: sharing_own_secret(['a', 'as'])
b takes action: sharing_stay(['b'])
c takes action: sharing_stay(['c'])
a takes action: quiet(['a', 'as'])
b takes action: sharing_others_secret(['b', 'as'])
c takes action: sharing_stay(['c'])
a takes action: sharing_stay(['a'])
b takes action: quiet(['b', 'as'])
c takes action: move_left(['c'])
a takes action: move_right(['a'])
b takes action: sharing_others_secret(['b', 'as'])
c takes action: sharing_stay(['c'])
a takes action: sharing_stay(['a'])
b takes action: quiet(['b', 'as'])
c takes action: move_right(['c'])
a takes action: sharing_own_secret(['a', 'as'])
b takes action: sharing_stay(['b'])
c takes action: sharing_stay(['c'])
a takes action: quiet(['a', 'as'])
b takes action: sharing_others_secret(['b', 'as'])
c takes action: sharing_stay(['c'])
a takes action: sharing_stay(['a'])
b takes action: quiet(['b', 'as'])
c takes action: normal_stay(['c'])
a takes action: normal_stay(['a'])
b takes action: sharing_others_secret(['b', 'as'])
c takes action: sharing_stay(['c'])
a takes action: sharing_stay(['a'])
b takes action: quiet(['b', 'as'])
c takes action: normal_stay(['c'])
a takes action: move_left(['a'])
b takes action: normal_stay(['b'])
c takes action: move_left(['c'])
a takes action: sharing_own_secret(['a', 'as'])
b takes action: sharing_stay(['b'])
c takes action: sharing_stay(['c'])
a takes action: quiet(['a', 'as'])
b takes action: normal_stay(['b'])
c takes action: normal_stay(['c'])
a takes action: sharing_own_secret(['a', 'as'])
b takes action: sharing_stay(['b'])
c takes action: sharing_stay(['c'])
a takes action: quiet(['a', 'as'])
b takes action: move_right(['b'])
c takes action: normal_stay(['c'])
a takes action: normal_stay(['a'])
b takes action: move_left(['b'])
c takes action: normal_stay(['c'])
a takes action: sharing_own_secret(['a', 'as'])
b takes action: sharing_stay(['b'])
c takes action: sharing_stay(['c'])
a takes action: quiet(['a', 'as'])
b takes action: sharing_others_secret(['b', 'as'])
c takes action: sharing_stay(['c'])
a takes action: sharing_stay(['a'])
b takes action: quiet(['b', 'as'])
c takes action: move_right(['c'])
a takes action: sharing_own_secret(['a', 'as'])
b takes action: sharing_stay(['b'])
c takes action: sharing_stay(['c'])
a takes action: quiet(['a', 'as'])
b takes action: move_right(['b'])
c takes action: move_left(['c'])
a takes action: sharing_own_secret(['a', 'as'])
b takes action: sharing_stay(['b'])
c takes action: sharing_stay(['c'])
a takes action: quiet(['a', 'as'])
b takes action: sharing_others_secret(['b', 'as'])
c takes action: sharing_stay(['c'])
a takes action: sharing_stay(['a'])
b takes action: quiet(['b', 'as'])
c takes action: normal_stay(['c'])
a takes action: sharing_own_secret(['a', 'as'])
b takes action: sharing_stay(['b'])
c takes action: sharing_stay(['c'])
a takes action: quiet(['a', 'as'])
b takes action: move_left(['b'])
c takes action: move_right(['c'])
a takes action: sharing_own_secret(['a', 'as'])
b takes action: sharing_stay(['b'])
c takes action: sharing_stay(['c'])
a takes action: quiet(['a', 'as'])
b takes action: sharing_others_secret(['b', 'as'])
c takes action: sharing_stay(['c'])
a takes action: sharing_stay(['a'])
b takes action: quiet(['b', 'as'])
c takes action: move_left(['c'])
a takes action: sharing_own_secret(['a', 'as'])
b takes action: sharing_stay(['b'])
c takes action: sharing_stay(['c'])
a takes action: quiet(['a', 'as'])
b takes action: normal_stay(['b'])
c takes action: normal_stay(['c'])
a takes action: lying_own_secret(['a', 'as'])
b takes action: sharing_stay(['b'])
c takes action: sharing_stay(['c'])
a takes action: quiet(['a', 'as'])
b takes action: normal_stay(['b'])
c takes action: sharing_others_secret(['c', 'as'])
a takes action: sharing_stay(['a'])
b takes action: sharing_stay(['b'])
c takes action: quiet(['c', 'as'])
a takes action: sharing_own_secret(['a', 'as'])
b takes action: sharing_stay(['b'])
c takes action: sharing_stay(['c'])
a takes action: quiet(['a', 'as'])
b takes action: move_right(['b'])
c takes action: normal_stay(['c'])
a takes action: lying_own_secret(['a', 'as'])
b takes action: sharing_stay(['b'])
c takes action: sharing_stay(['c'])
a takes action: quiet(['a', 'as'])
b takes action: move_left(['b'])
c takes action: move_right(['c'])
a takes action: sharing_own_secret(['a', 'as'])
Steps: 274
Time cost: 14.285590s
2025-10-24 12:07:55,268 EXP - __main__.Logger.exp:
Avg Steps: 146.0
Avg Time: 6.293802s
