2025-10-24 12:07:27,301 EXP - __main__.Logger.exp:
a takes action: lying_own_secret(['a', 'as'])
b takes action: sharing_stay(['b'])
c takes action: sharing_stay(['c'])
a takes action: quiet(['a', 'as'])
b takes action: normal_stay(['b'])
c takes action: move_right(['c'])
a takes action: sharing_own_secret(['a', 'as'])
Steps: 7
Time cost: 0.139032s
2025-10-24 12:07:27,441 EXP - __main__.Logger.exp:
a takes action: lying_own_secret(['a', 'as'])
b takes action: sharing_stay(['b'])
c takes action: sharing_stay(['c'])
a takes action: quiet(['a', 'as'])
b takes action: normal_stay(['b'])
c takes action: move_right(['c'])
a takes action: sharing_own_secret(['a', 'as'])
Steps: 7
Time cost: 0.138703s
2025-10-24 12:07:27,640 EXP - __main__.Logger.exp:
a takes action: lying_own_secret(['a', 'as'])
b takes action: sharing_stay(['b'])
c takes action: sharing_stay(['c'])
a takes action: quiet(['a', 'as'])
b takes action: move_right(['b'])
c takes action: normal_stay(['c'])
a takes action: move_right(['a'])
b takes action: normal_stay(['b'])
c takes action: normal_stay(['c'])
a takes action: sharing_own_secret(['a', 'as'])
Steps: 10
Time cost: 0.198091s
2025-10-24 12:07:27,640 EXP - __main__.Logger.exp:
Avg Steps: 8.0
Avg Time: 0.158609s
