2025-10-12 19:01:20,713 EXP - __main__.Logger.exp:
a takes action: drop_item(['a', 'i'])
b takes action: stay(['b'])
a takes action: move_right_without_item(['a'])
b takes action: stay(['b'])
a takes action: stay(['a'])
b takes action: stay(['b'])
a takes action: stay(['a'])
b takes action: stay(['b'])
a takes action: stay(['a'])
b takes action: stay(['b'])
a takes action: stay(['a'])
b takes action: stay(['b'])
a takes action: stay(['a'])
b takes action: stay(['b'])
a takes action: stay(['a'])
b takes action: stay(['b'])
a takes action: stay(['a'])
b takes action: stay(['b'])
a takes action: stay(['a'])
b takes action: stay(['b'])
a takes action: stay(['a'])
b takes action: stay(['b'])
a takes action: stay(['a'])
b takes action: stay(['b'])
a takes action: stay(['a'])
b takes action: stay(['b'])
a takes action: stay(['a'])
b takes action: stay(['b'])
a takes action: stay(['a'])
b takes action: stay(['b'])
a takes action: stay(['a'])
b takes action: stay(['b'])
a takes action: stay(['a'])
b takes action: stay(['b'])
a takes action: stay(['a'])
b takes action: stay(['b'])
a takes action: stay(['a'])
b takes action: stay(['b'])
a takes action: stay(['a'])
b takes action: stay(['b'])
a takes action: stay(['a'])
b takes action: stay(['b'])
a takes action: stay(['a'])
b takes action: stay(['b'])
a takes action: stay(['a'])
b takes action: stay(['b'])
a takes action: stay(['a'])
b takes action: stay(['b'])
a takes action: stay(['a'])
b takes action: stay(['b'])
a takes action: stay(['a'])
b takes action: stay(['b'])
a takes action: stay(['a'])
b takes action: stay(['b'])
a takes action: stay(['a'])
b takes action: stay(['b'])
a takes action: stay(['a'])
b takes action: stay(['b'])
a takes action: stay(['a'])
b takes action: stay(['b'])
a takes action: stay(['a'])
b takes action: stay(['b'])
a takes action: stay(['a'])
b takes action: stay(['b'])
a takes action: stay(['a'])
b takes action: stay(['b'])
a takes action: stay(['a'])
b takes action: stay(['b'])
a takes action: stay(['a'])
b takes action: stay(['b'])
a takes action: stay(['a'])
b takes action: stay(['b'])
a takes action: stay(['a'])
b takes action: stay(['b'])
a takes action: stay(['a'])
b takes action: stay(['b'])
a takes action: stay(['a'])
b takes action: stay(['b'])
a takes action: stay(['a'])
b takes action: stay(['b'])
a takes action: stay(['a'])
b takes action: stay(['b'])
a takes action: stay(['a'])
b takes action: stay(['b'])
a takes action: stay(['a'])
b takes action: stay(['b'])
a takes action: stay(['a'])
b takes action: stay(['b'])
a takes action: stay(['a'])
b takes action: stay(['b'])
a takes action: stay(['a'])
b takes action: stay(['b'])
a takes action: stay(['a'])
b takes action: stay(['b'])
a takes action: stay(['a'])
b takes action: stay(['b'])
a takes action: stay(['a'])
b takes action: stay(['b'])
a takes action: stay(['a'])
b takes action: stay(['b'])

