2025-10-27 17:17:29,326 INFO - __main__._.<module>:
Start building the model, type: "True"
2025-10-27 17:17:29,327 INFO - __main__._.build:
Start building the model, type: "True"
2025-10-27 17:17:29,327 INFO - __main__.DomainParser.run:
Domain "models/grapevine/domain.pddl" start initialization.
2025-10-27 17:17:29,327 INFO - __main__.DomainParser.run:
Domain Parser found "models/grapevine/domain.pddl"
2025-10-27 17:17:29,327 INFO - __main__.DomainParser.run:
Complete file reading.
2025-10-27 17:17:29,327 INFO - __main__.DomainParser.run:
Domain name found
2025-10-27 17:17:29,327 INFO - __main__.DomainParser.run:
Domain type found
2025-10-27 17:17:29,327 INFO - __main__.DomainParser.run:
Domain functions found
2025-10-27 17:17:29,328 INFO - __main__.DomainParser.run:
Domain actions found
2025-10-27 17:17:29,328 DEBUG - __main__.DomainParser.run:
Parsed Domain Result:
================= Domain "(grapevine)" Parsing Result ================
Domain types: ['secret', 'agent']
=================
Domain functions:
Function(name:agent_loc, parameters:{'agent': ['?a']}). 
Function(name:secret_id, parameters:{'secret': ['?s']}). 
Function(name:agent_id, parameters:{'agent': ['?a']}). 
Function(name:shared_value, parameters:{'secret': ['?s']}). 
Function(name:shared_loc, parameters:{'secret': ['?s']}). 
Function(name:own, parameters:{'secret': ['?s']}). 
Function(name:sharing_lock, parameters:{}). 
Function(name:agent_sharing, parameters:{'agent': ['?a']}). 
=================
Domain actions:
-----------------
Action:
Name: move_right
Parameters:
    agent : ['?self']
Preconditions:
1: Condition(Variable(sharing_lock: []) = 0)
2: Condition(Variable(agent_sharing: ['?self']) = none)
3: Condition(Variable(agent_loc: ['?self']) = 1)
Effects:
1: Effect('assign' Variable(agent_loc: ['?self']) 2)

-----------------
Action:
Name: move_left
Parameters:
    agent : ['?self']
Preconditions:
1: Condition(Variable(sharing_lock: []) = 0)
2: Condition(Variable(agent_sharing: ['?self']) = none)
3: Condition(Variable(agent_loc: ['?self']) = 2)
Effects:
1: Effect('assign' Variable(agent_loc: ['?self']) 1)

-----------------
Action:
Name: quiet
Parameters:
    agent : ['?self']
    secret : ['?s']
Preconditions:
1: Condition(Variable(sharing_lock: []) = 1)
2: Condition(Variable(agent_sharing: ['?self']) = Variable(secret_id: ['?s']))
3: Condition(Variable(shared_loc: ['?s']) != 0)
Effects:
1: Effect('assign' Variable(sharing_lock: []) 0)
2: Effect('assign' Variable(agent_sharing: ['?self']) none)
3: Effect('assign' Variable(shared_loc: ['?s']) 0)
4: Effect('assign' Variable(shared_value: ['?s']) t)

-----------------
Action:
Name: sharing_stay
Parameters:
    agent : ['?self']
Preconditions:
1: Condition(Variable(sharing_lock: []) = 1)
2: Condition(Variable(agent_sharing: ['?self']) = none)
Effects:
1: Effect('assign' Variable(sharing_lock: []) 1)

-----------------
Action:
Name: normal_stay
Parameters:
    agent : ['?self']
Preconditions:
1: Condition(Variable(sharing_lock: []) = 0)
Effects:
1: Effect('assign' Variable(sharing_lock: []) 0)

-----------------
Action:
Name: sharing_own_secret
Parameters:
    agent : ['?self']
    secret : ['?s']
Preconditions:
1: Condition(Variable(sharing_lock: []) = 0)
2: Condition(Variable(own: ['?s']) = Variable(agent_id: ['?self']))
3: Condition(Variable(agent_sharing: ['?self']) = none)
Effects:
1: Effect('assign' Variable(sharing_lock: []) 1)
2: Effect(effect_operator:'assign' Variable(agent_sharing: ['?self']) Variable(secret_id: ['?s']))
3: Effect(effect_operator:'assign' Variable(shared_loc: ['?s']) Variable(agent_loc: ['?self']))
4: Effect('assign' Variable(shared_value: ['?s']) t)

-----------------
Action:
Name: lying_own_secret
Parameters:
    agent : ['?self']
    secret : ['?s']
Preconditions:
1: Condition(Variable(sharing_lock: []) = 0)
2: Condition(Variable(own: ['?s']) = Variable(agent_id: ['?self']))
3: Condition(Variable(agent_sharing: ['?self']) = none)
Effects:
1: Effect('assign' Variable(sharing_lock: []) 1)
2: Effect(effect_operator:'assign' Variable(agent_sharing: ['?self']) Variable(secret_id: ['?s']))
3: Effect(effect_operator:'assign' Variable(shared_loc: ['?s']) Variable(agent_loc: ['?self']))
4: Effect('assign' Variable(shared_value: ['?s']) f)

-----------------
Action:
Name: sharing_others_secret
Parameters:
    agent : ['?self']
    secret : ['?s']
Preconditions:
1: Condition(Variable(sharing_lock: []) = 0)
2: Condition(Variable(own: ['?s']) != Variable(agent_id: ['?self']))
3: Condition(Variable(agent_sharing: ['?self']) = none)
4: EpistemicCondition(Belief sequence: ['?self'], epistemic truth: "!= unknown", Condition(Variable(shared_value: ['?s'])  ))
Effects:
1: Effect('assign' Variable(sharing_lock: []) 1)
2: Effect(effect_operator:'assign' Variable(agent_sharing: ['?self']) Variable(secret_id: ['?s']))
3: Effect(effect_operator:'assign' Variable(shared_loc: ['?s']) Variable(agent_loc: ['?self']))
4: Effect(effect_operator:'assign' Variable(shared_value: ['?s']) Variable(shared_value: ['?s']))


2025-10-27 17:17:29,328 INFO - __main__.ProblemParser.run:
Problem "models/grapevine/3a1s4" start initialization.
2025-10-27 17:17:29,328 INFO - __main__.ProblemParser.get_files:
Problem folder found "models/grapevine/3a1s4"
2025-10-27 17:17:29,328 INFO - __main__.ProblemParser.run:
Found 3 agent files:
"models/grapevine/3a1s4/b.agtpddl"
"models/grapevine/3a1s4/a.agtpddl"
"models/grapevine/3a1s4/c.agtpddl"
2025-10-27 17:17:29,328 INFO - __main__.ProblemParser.run:
Found init file: "models/grapevine/3a1s4/init.envpddl"
2025-10-27 17:17:29,328 INFO - __main__.ProblemParser.run:
Complete reading environment file.
2025-10-27 17:17:29,328 INFO - __main__.ProblemParser.run:
Copmlete reading agent file "models/grapevine/3a1s4/b.agtpddl"
2025-10-27 17:17:29,328 INFO - __main__.ProblemParser.run:
Copmlete reading agent file "models/grapevine/3a1s4/a.agtpddl"
2025-10-27 17:17:29,328 INFO - __main__.ProblemParser.run:
Copmlete reading agent file "models/grapevine/3a1s4/c.agtpddl"
2025-10-27 17:17:29,328 INFO - __main__.ProblemParser.run:
Problem domain name "grapevine" found
Problem name "3a1s3" found
2025-10-27 17:17:29,328 INFO - __main__.ProblemParser.run:
Problem agents found
2025-10-27 17:17:29,328 INFO - __main__.ProblemParser.run:
Problem objects found
2025-10-27 17:17:29,329 INFO - __main__.ProblemParser.run:
Problem ranges found
2025-10-27 17:17:29,329 INFO - __main__.ProblemParser.run:
Problem initial states found
2025-10-27 17:17:29,329 INFO - __main__.ProblemParser.run:
Problem goals found
2025-10-27 17:17:29,329 INFO - __main__.ProblemParser.run:
Problem acceptable goal set found
2025-10-27 17:17:29,329 INFO - __main__.ProblemParser.run:
Problem max belief depth found
2025-10-27 17:17:29,329 DEBUG - __main__.ProblemParser.run:
Parsed Problem Result:
============ Problem "(grapevine : 3a1s3)" Parsing Result ===========
Agents: ['a', 'b', 'c']
=================
Objects:
secret: ['as']
=================
States:
State(variable: Variable(agent_loc: ['a']), value: 1, target_variable: Variable(None: []))
State(variable: Variable(agent_loc: ['b']), value: 1, target_variable: Variable(None: []))
State(variable: Variable(agent_loc: ['c']), value: 1, target_variable: Variable(None: []))
State(variable: Variable(secret_id: ['as']), value: as, target_variable: Variable(None: []))
State(variable: Variable(agent_id: ['a']), value: a, target_variable: Variable(None: []))
State(variable: Variable(agent_id: ['b']), value: b, target_variable: Variable(None: []))
State(variable: Variable(agent_id: ['c']), value: c, target_variable: Variable(None: []))
State(variable: Variable(shared_value: ['as']), value: t, target_variable: Variable(None: []))
State(variable: Variable(shared_loc: ['as']), value: 0, target_variable: Variable(None: []))
State(variable: Variable(own: ['as']), value: a, target_variable: Variable(None: []))
State(variable: Variable(sharing_lock: []), value: 0, target_variable: Variable(None: []))
State(variable: Variable(agent_sharing: ['a']), value: none, target_variable: Variable(None: []))
State(variable: Variable(agent_sharing: ['b']), value: none, target_variable: Variable(None: []))
State(variable: Variable(agent_sharing: ['c']), value: none, target_variable: Variable(None: []))
=================
Goals:
-----------------
a:
EpistemicCondition(Belief sequence: ['a', 'b'], epistemic truth: "= true", Condition(Variable(shared_value: ['as']) = t))
EpistemicCondition(Belief sequence: ['a', 'c'], epistemic truth: "= true", Condition(Variable(shared_value: ['as']) = f))
-----------------
b:
EpistemicCondition(Belief sequence: ['b'], epistemic truth: "= true", Condition(Variable(shared_value: ['as']) = f))
-----------------
c:
EpistemicCondition(Belief sequence: ['c'], epistemic truth: "= true", Condition(Variable(shared_value: ['as']) = f))
=================
Ranges:
Range(function_name: agent_loc, type: integer, min: 1, max: 2)
Range(function_name: secret_id, type: enumerate, enumerates: ['as'])
Range(function_name: agent_id, type: enumerate, enumerates: ['a', 'b', 'c'])
Range(function_name: own, type: enumerate, enumerates: ['a'])
Range(function_name: sharing_lock, type: integer, min: 0, max: 1)
Range(function_name: agent_sharing, type: enumerate, enumerates: ['none', 'as'])
Range(function_name: shared_value, type: enumerate, enumerates: ['t', 'f'])
Range(function_name: shared_loc, type: integer, min: 0, max: 2)

2025-10-27 17:17:29,329 INFO - __main__.ModelChecker.check_validity:
checking the validity...
2025-10-27 17:17:29,329 DEBUG - __main__.ModelChecker.check_validity:
Valid names: ['a', 'b', 'c', 'as', 'unknown', 'agent_loc', 'secret_id', 'agent_id', 'shared_value', 'shared_loc', 'own', 'sharing_lock', 'agent_sharing']
2025-10-27 17:17:29,329 DEBUG - __main__.ModelChecker.check_validity:
Checking the states
2025-10-27 17:17:29,329 DEBUG - __main__.ModelChecker.check_validity:
Checking the goals
2025-10-27 17:17:29,329 DEBUG - __main__.ModelChecker.check_validity:
Checking the ranges
2025-10-27 17:17:29,329 DEBUG - __main__.ModelChecker.check_validity:
Checking the actions
2025-10-27 17:17:29,329 INFO - __main__.ModelChecker.check_validity:
The domain and problem pass the checker.
2025-10-27 17:17:29,329 INFO - __main__.ModelChecker.check_validity:
checking the validity...
2025-10-27 17:17:29,329 DEBUG - __main__.ModelChecker.check_validity:
Valid names: ['a', 'b', 'c', 'as', 'unknown', 'agent_loc', 'secret_id', 'agent_id', 'shared_value', 'shared_loc', 'own', 'sharing_lock', 'agent_sharing']
2025-10-27 17:17:29,329 DEBUG - __main__.ModelChecker.check_validity:
Checking the states
2025-10-27 17:17:29,329 DEBUG - __main__.ModelChecker.check_validity:
Checking the goals
2025-10-27 17:17:29,329 DEBUG - __main__.ModelChecker.check_validity:
Checking the ranges
2025-10-27 17:17:29,329 DEBUG - __main__.ModelChecker.check_validity:
Checking the actions
2025-10-27 17:17:29,329 INFO - __main__.ModelChecker.check_validity:
The domain and problem pass the checker.
2025-10-27 17:17:29,330 INFO - __main__._.load_observation_function:
Loaded observation function GrapevineObsFunc to agent a
2025-10-27 17:17:29,330 INFO - __main__._.load_observation_function:
Loaded observation function GrapevineObsFunc to agent b
2025-10-27 17:17:29,330 INFO - __main__._.load_observation_function:
Loaded observation function GrapevineObsFunc to agent c
2025-10-27 17:17:29,331 INFO - __main__._.load_policy_strategy:
Loaded strategy class ShareGoalBFS for agent a
2025-10-27 17:17:29,331 INFO - __main__._.load_policy_strategy:
Loaded strategy class ShareGoalBFS for agent b
2025-10-27 17:17:29,331 INFO - __main__._.load_policy_strategy:
Loaded strategy class ShareGoalBFS for agent c
2025-10-27 17:17:29,331 INFO - __main__.Model.init:
Loaded problem type: "SHARE"
2025-10-27 17:17:29,332 DEBUG - __main__._.build_model:
Model:
================= Model Result================
Domain name: grapevine
Problem name: 3a1s3
Problem type: "SHARE"
=================
Function agent_loc:
Parameters ['a']:
Value 1: Function([id:1, header_id:1]  agent_loc {'?a': 'a'} = 1)
Value 2: Function([id:2, header_id:1]  agent_loc {'?a': 'a'} = 2)
Parameters ['b']:
Value 1: Function([id:3, header_id:2]  agent_loc {'?a': 'b'} = 1)
Value 2: Function([id:4, header_id:2]  agent_loc {'?a': 'b'} = 2)
Parameters ['c']:
Value 1: Function([id:5, header_id:3]  agent_loc {'?a': 'c'} = 1)
Value 2: Function([id:6, header_id:3]  agent_loc {'?a': 'c'} = 2)
Function secret_id:
Parameters ['as']:
Value as: Function([id:7, header_id:4]  secret_id {'?s': 'as'} = as)
Function agent_id:
Parameters ['a']:
Value a: Function([id:8, header_id:5]  agent_id {'?a': 'a'} = a)
Value b: Function([id:9, header_id:5]  agent_id {'?a': 'a'} = b)
Value c: Function([id:10, header_id:5]  agent_id {'?a': 'a'} = c)
Parameters ['b']:
Value a: Function([id:11, header_id:6]  agent_id {'?a': 'b'} = a)
Value b: Function([id:12, header_id:6]  agent_id {'?a': 'b'} = b)
Value c: Function([id:13, header_id:6]  agent_id {'?a': 'b'} = c)
Parameters ['c']:
Value a: Function([id:14, header_id:7]  agent_id {'?a': 'c'} = a)
Value b: Function([id:15, header_id:7]  agent_id {'?a': 'c'} = b)
Value c: Function([id:16, header_id:7]  agent_id {'?a': 'c'} = c)
Function shared_value:
Parameters ['as']:
Value t: Function([id:17, header_id:8]  shared_value {'?s': 'as'} = t)
Value f: Function([id:18, header_id:8]  shared_value {'?s': 'as'} = f)
Function shared_loc:
Parameters ['as']:
Value 0: Function([id:19, header_id:9]  shared_loc {'?s': 'as'} = 0)
Value 1: Function([id:20, header_id:9]  shared_loc {'?s': 'as'} = 1)
Value 2: Function([id:21, header_id:9]  shared_loc {'?s': 'as'} = 2)
Function own:
Parameters ['as']:
Value a: Function([id:22, header_id:10]  own {'?s': 'as'} = a)
Function sharing_lock:
Parameters []:
Value 0: Function([id:23, header_id:11]  sharing_lock {} = 0)
Value 1: Function([id:24, header_id:11]  sharing_lock {} = 1)
Function agent_sharing:
Parameters ['a']:
Value none: Function([id:25, header_id:12]  agent_sharing {'?a': 'a'} = none)
Value as: Function([id:26, header_id:12]  agent_sharing {'?a': 'a'} = as)
Parameters ['b']:
Value none: Function([id:27, header_id:13]  agent_sharing {'?a': 'b'} = none)
Value as: Function([id:28, header_id:13]  agent_sharing {'?a': 'b'} = as)
Parameters ['c']:
Value none: Function([id:29, header_id:14]  agent_sharing {'?a': 'c'} = none)
Value as: Function([id:30, header_id:14]  agent_sharing {'?a': 'c'} = as)

=================
Entity(a - agent)
Entity(b - agent)
Entity(c - agent)
Entity(as - secret)
=================
FunctionSchema(name: agent_loc, range: (1, 2), type: integer, require_parameters: {'?a': 'agent'})
FunctionSchema(name: secret_id, range: ['as'], type: enumerate, require_parameters: {'?s': 'secret'})
FunctionSchema(name: agent_id, range: ['a', 'b', 'c'], type: enumerate, require_parameters: {'?a': 'agent'})
FunctionSchema(name: shared_value, range: ['t', 'f'], type: enumerate, require_parameters: {'?s': 'secret'})
FunctionSchema(name: shared_loc, range: (0, 2), type: integer, require_parameters: {'?s': 'secret'})
FunctionSchema(name: own, range: ['a'], type: enumerate, require_parameters: {'?s': 'secret'})
FunctionSchema(name: sharing_lock, range: (0, 1), type: integer, require_parameters: {})
FunctionSchema(name: agent_sharing, range: ['none', 'as'], type: enumerate, require_parameters: {'?a': 'agent'})
=================
-----------------
Action Schema: move_right
Parameters: {'?self': 'agent'}
Precondition Schemas:
ConditionSchema(("EP_NONE" [] "EP_NONE") "EQUAL" (sharing_lock {}) = 0)
ConditionSchema(("EP_NONE" [] "EP_NONE") "EQUAL" (agent_sharing {'?self': 'agent'}) = none)
ConditionSchema(("EP_NONE" [] "EP_NONE") "EQUAL" (agent_loc {'?self': 'agent'}) = 1)
Effect Schemas:
EffectSchema("ASSIGN" (agent_loc {'?self': 'agent'}) = 2)

-----------------
Action Schema: move_left
Parameters: {'?self': 'agent'}
Precondition Schemas:
ConditionSchema(("EP_NONE" [] "EP_NONE") "EQUAL" (sharing_lock {}) = 0)
ConditionSchema(("EP_NONE" [] "EP_NONE") "EQUAL" (agent_sharing {'?self': 'agent'}) = none)
ConditionSchema(("EP_NONE" [] "EP_NONE") "EQUAL" (agent_loc {'?self': 'agent'}) = 2)
Effect Schemas:
EffectSchema("ASSIGN" (agent_loc {'?self': 'agent'}) = 1)

-----------------
Action Schema: quiet
Parameters: {'?self': 'agent', '?s': 'secret'}
Precondition Schemas:
ConditionSchema(("EP_NONE" [] "EP_NONE") "EQUAL" (sharing_lock {}) = 1)
ConditionSchema(("EP_NONE" [] "EP_NONE") "EQUAL" (agent_sharing {'?self': 'agent'}) = (secret_id {'?s': 'secret'}))
ConditionSchema(("EP_NONE" [] "EP_NONE") "NOT_EQUAL" (shared_loc {'?s': 'secret'}) = 0)
Effect Schemas:
EffectSchema("ASSIGN" (sharing_lock {}) = 0)
EffectSchema("ASSIGN" (agent_sharing {'?self': 'agent'}) = none)
EffectSchema("ASSIGN" (shared_loc {'?s': 'secret'}) = 0)
EffectSchema("ASSIGN" (shared_value {'?s': 'secret'}) = t)

-----------------
Action Schema: sharing_stay
Parameters: {'?self': 'agent'}
Precondition Schemas:
ConditionSchema(("EP_NONE" [] "EP_NONE") "EQUAL" (sharing_lock {}) = 1)
ConditionSchema(("EP_NONE" [] "EP_NONE") "EQUAL" (agent_sharing {'?self': 'agent'}) = none)
Effect Schemas:
EffectSchema("ASSIGN" (sharing_lock {}) = 1)

-----------------
Action Schema: normal_stay
Parameters: {'?self': 'agent'}
Precondition Schemas:
ConditionSchema(("EP_NONE" [] "EP_NONE") "EQUAL" (sharing_lock {}) = 0)
Effect Schemas:
EffectSchema("ASSIGN" (sharing_lock {}) = 0)

-----------------
Action Schema: sharing_own_secret
Parameters: {'?self': 'agent', '?s': 'secret'}
Precondition Schemas:
ConditionSchema(("EP_NONE" [] "EP_NONE") "EQUAL" (sharing_lock {}) = 0)
ConditionSchema(("EP_NONE" [] "EP_NONE") "EQUAL" (own {'?s': 'secret'}) = (agent_id {'?self': 'agent'}))
ConditionSchema(("EP_NONE" [] "EP_NONE") "EQUAL" (agent_sharing {'?self': 'agent'}) = none)
Effect Schemas:
EffectSchema("ASSIGN" (sharing_lock {}) = 1)
EffectSchema("ASSIGN" (agent_sharing {'?self': 'agent'}) = (secret_id {'?s': 'secret'}))
EffectSchema("ASSIGN" (shared_loc {'?s': 'secret'}) = (agent_loc {'?self': 'agent'}))
EffectSchema("ASSIGN" (shared_value {'?s': 'secret'}) = t)

-----------------
Action Schema: lying_own_secret
Parameters: {'?self': 'agent', '?s': 'secret'}
Precondition Schemas:
ConditionSchema(("EP_NONE" [] "EP_NONE") "EQUAL" (sharing_lock {}) = 0)
ConditionSchema(("EP_NONE" [] "EP_NONE") "EQUAL" (own {'?s': 'secret'}) = (agent_id {'?self': 'agent'}))
ConditionSchema(("EP_NONE" [] "EP_NONE") "EQUAL" (agent_sharing {'?self': 'agent'}) = none)
Effect Schemas:
EffectSchema("ASSIGN" (sharing_lock {}) = 1)
EffectSchema("ASSIGN" (agent_sharing {'?self': 'agent'}) = (secret_id {'?s': 'secret'}))
EffectSchema("ASSIGN" (shared_loc {'?s': 'secret'}) = (agent_loc {'?self': 'agent'}))
EffectSchema("ASSIGN" (shared_value {'?s': 'secret'}) = f)

-----------------
Action Schema: sharing_others_secret
Parameters: {'?self': 'agent', '?s': 'secret'}
Precondition Schemas:
ConditionSchema(("EP_NONE" [] "EP_NONE") "EQUAL" (sharing_lock {}) = 0)
ConditionSchema(("EP_NONE" [] "EP_NONE") "NOT_EQUAL" (own {'?s': 'secret'}) = (agent_id {'?self': 'agent'}))
ConditionSchema(("EP_NONE" [] "EP_NONE") "EQUAL" (agent_sharing {'?self': 'agent'}) = none)
ConditionSchema(("EP_NOT_EQUAL" ['?self'] "EP_UNKNOWN") "NONE" (shared_value {'?s': 'secret'}) = )
Effect Schemas:
EffectSchema("ASSIGN" (sharing_lock {}) = 1)
EffectSchema("ASSIGN" (agent_sharing {'?self': 'agent'}) = (secret_id {'?s': 'secret'}))
EffectSchema("ASSIGN" (shared_loc {'?s': 'secret'}) = (agent_loc {'?self': 'agent'}))
EffectSchema("ASSIGN" (shared_value {'?s': 'secret'}) = (['?self'] shared_value {'?s': 'secret'}))

=================
Function([id:1, header_id:1]  agent_loc {'?a': 'a'} = 1)
Function([id:3, header_id:2]  agent_loc {'?a': 'b'} = 1)
Function([id:5, header_id:3]  agent_loc {'?a': 'c'} = 1)
Function([id:7, header_id:4]  secret_id {'?s': 'as'} = as)
Function([id:8, header_id:5]  agent_id {'?a': 'a'} = a)
Function([id:12, header_id:6]  agent_id {'?a': 'b'} = b)
Function([id:16, header_id:7]  agent_id {'?a': 'c'} = c)
Function([id:17, header_id:8]  shared_value {'?s': 'as'} = t)
Function([id:19, header_id:9]  shared_loc {'?s': 'as'} = 0)
Function([id:22, header_id:10]  own {'?s': 'as'} = a)
Function([id:23, header_id:11]  sharing_lock {} = 0)
Function([id:25, header_id:12]  agent_sharing {'?a': 'a'} = none)
Function([id:27, header_id:13]  agent_sharing {'?a': 'b'} = none)
Function([id:29, header_id:14]  agent_sharing {'?a': 'c'} = none)
=================
Agent: a
Max move time: inf
Goal completed: 'False'
Consider goal: 'False'
Consider exp: 'False'
Own Goals:
Condition(['a', 'b'] shared_value ['as'] = t)
Condition(['a', 'c'] shared_value ['as'] = f)
Other Goals:
b:
Condition(['b'] shared_value ['as'] = f)
c:
Condition(['c'] shared_value ['as'] = f)
All Possible Goals:

Agent: b
Max move time: inf
Goal completed: 'False'
Consider goal: 'False'
Consider exp: 'False'
Own Goals:
Condition(['b'] shared_value ['as'] = f)
Other Goals:
a:
Condition(['a', 'b'] shared_value ['as'] = t)
Condition(['a', 'c'] shared_value ['as'] = f)
c:
Condition(['c'] shared_value ['as'] = f)
All Possible Goals:

Agent: c
Max move time: inf
Goal completed: 'False'
Consider goal: 'False'
Consider exp: 'False'
Own Goals:
Condition(['c'] shared_value ['as'] = f)
Other Goals:
a:
Condition(['a', 'b'] shared_value ['as'] = t)
Condition(['a', 'c'] shared_value ['as'] = f)
b:
Condition(['b'] shared_value ['as'] = f)
All Possible Goals:


2025-10-27 17:17:29,332 INFO - __main__._.<module>:
Model built successfully.
2025-10-27 17:17:34,173 INFO - __main__.ShareGoalBFS.bfs:
Models: 2, Exapnds: 1078, 3.208ms/expand
2025-10-27 17:17:34,173 INFO - __main__.ShareGoalBFS.get_policy:
[("lying_own_secret(['a', 'as'])", 2), ("sharing_own_secret(['a', 'as'])", 2)]
{'a': 0, 'b': 0, 'c': 0}
2025-10-27 17:17:34,173 INFO - __main__.Model.simulate:
a takes action: lying_own_secret(['a', 'as'])
2025-10-27 17:17:34,173 INFO - __main__.ShareGoalBFS.get_policy:
Only one successor: sharing_stay(['b'])
2025-10-27 17:17:34,173 INFO - __main__.Model.simulate:
b takes action: sharing_stay(['b'])
2025-10-27 17:17:34,174 INFO - __main__.ShareGoalBFS.get_policy:
Only one successor: sharing_stay(['c'])
2025-10-27 17:17:34,174 INFO - __main__.Model.simulate:
c takes action: sharing_stay(['c'])
2025-10-27 17:17:34,174 INFO - __main__.ShareGoalBFS.get_policy:
Only one successor: quiet(['a', 'as'])
2025-10-27 17:17:34,174 INFO - __main__.Model.simulate:
a takes action: quiet(['a', 'as'])
2025-10-27 17:17:35,078 INFO - __main__.ShareGoalBFS.bfs:
Models: 1, Exapnds: 209, 4.322ms/expand
2025-10-27 17:17:35,078 INFO - __main__.ShareGoalBFS.get_policy:
[("normal_stay(['b'])", 1), ("move_right(['b'])", 1)]
{'a': 0, 'b': 0, 'c': 0}
2025-10-27 17:17:35,078 INFO - __main__.Model.simulate:
b takes action: normal_stay(['b'])
2025-10-27 17:17:35,762 INFO - __main__.ShareGoalBFS.bfs:
Models: 1, Exapnds: 156, 4.379ms/expand
2025-10-27 17:17:35,762 INFO - __main__.ShareGoalBFS.get_policy:
[("move_right(['c'])", 1)]
{'a': 0, 'b': 0, 'c': 0}
2025-10-27 17:17:35,762 INFO - __main__.Model.simulate:
c takes action: move_right(['c'])
2025-10-27 17:17:36,193 INFO - __main__.ShareGoalBFS.bfs:
Models: 1, Exapnds: 113, 3.806ms/expand
2025-10-27 17:17:36,193 INFO - __main__.ShareGoalBFS.get_policy:
[("sharing_own_secret(['a', 'as'])", 1)]
{'a': 0, 'b': 0, 'c': 0}
2025-10-27 17:17:36,193 INFO - __main__.Model.simulate:
a takes action: sharing_own_secret(['a', 'as'])
2025-10-27 17:17:36,193 INFO - __main__.ShareGoalBFS.get_policy:
Only one successor: sharing_stay(['b'])
2025-10-27 17:17:36,193 INFO - __main__.Model.simulate:
b takes action: sharing_stay(['b'])
2025-10-27 17:17:36,194 INFO - __main__.ShareGoalBFS.get_policy:
Only one successor: sharing_stay(['c'])
2025-10-27 17:17:36,194 INFO - __main__.Model.simulate:
c takes action: sharing_stay(['c'])
2025-10-27 17:17:36,194 INFO - __main__.ShareGoalBFS.get_policy:
Only one successor: quiet(['a', 'as'])
2025-10-27 17:17:36,195 INFO - __main__.Model.simulate:
a takes action: quiet(['a', 'as'])
2025-10-27 17:17:36,315 INFO - __main__.ShareGoalBFS.bfs:
Models: 1, Exapnds: 36, 3.326ms/expand
2025-10-27 17:17:36,315 INFO - __main__.ShareGoalBFS.get_policy:
[("move_right(['b'])", 1)]
{'a': 0, 'b': 0, 'c': 0}
2025-10-27 17:17:36,315 INFO - __main__.Model.simulate:
b takes action: move_right(['b'])
2025-10-27 17:17:37,602 INFO - __main__.ShareGoalBFS.bfs:
Models: 1, Exapnds: 194, 6.627ms/expand
2025-10-27 17:17:37,602 INFO - __main__.ShareGoalBFS.get_policy:
[("normal_stay(['c'])", 1), ("move_left(['c'])", 1)]
{'a': 0, 'b': 0, 'c': 0}
2025-10-27 17:17:37,602 INFO - __main__.Model.simulate:
c takes action: normal_stay(['c'])
2025-10-27 17:17:37,755 INFO - __main__.ShareGoalBFS.bfs:
Models: 1, Exapnds: 42, 3.609ms/expand
2025-10-27 17:17:37,755 INFO - __main__.ShareGoalBFS.get_policy:
[("normal_stay(['a'])", 1)]
{'a': 0, 'b': 0, 'c': 0}
2025-10-27 17:17:37,755 INFO - __main__.Model.simulate:
a takes action: normal_stay(['a'])
2025-10-27 17:17:37,915 INFO - __main__.ShareGoalBFS.bfs:
Models: 1, Exapnds: 42, 3.759ms/expand
2025-10-27 17:17:37,915 INFO - __main__.ShareGoalBFS.get_policy:
[("normal_stay(['b'])", 1)]
{'a': 0, 'b': 0, 'c': 0}
2025-10-27 17:17:37,915 INFO - __main__.Model.simulate:
b takes action: normal_stay(['b'])
2025-10-27 17:17:39,381 INFO - __main__.ShareGoalBFS.bfs:
Models: 1, Exapnds: 194, 7.552ms/expand
2025-10-27 17:17:39,381 INFO - __main__.ShareGoalBFS.get_policy:
[("normal_stay(['c'])", 1), ("move_left(['c'])", 1)]
{'a': 0, 'b': 0, 'c': 0}
2025-10-27 17:17:39,381 INFO - __main__.Model.simulate:
c takes action: move_left(['c'])
2025-10-27 17:17:39,845 INFO - __main__.ShareGoalBFS.bfs:
Models: 1, Exapnds: 81, 5.706ms/expand
2025-10-27 17:17:39,845 INFO - __main__.ShareGoalBFS.get_policy:
[("move_right(['a'])", 1), ("normal_stay(['a'])", 1)]
{'a': 0, 'b': 0, 'c': 0}
2025-10-27 17:17:39,845 INFO - __main__.Model.simulate:
a takes action: move_right(['a'])
2025-10-27 17:17:40,008 INFO - __main__.ShareGoalBFS.bfs:
Models: 1, Exapnds: 36, 4.465ms/expand
2025-10-27 17:17:40,008 INFO - __main__.ShareGoalBFS.get_policy:
[("move_left(['b'])", 1)]
{'a': 0, 'b': 0, 'c': 0}
2025-10-27 17:17:40,008 INFO - __main__.Model.simulate:
b takes action: move_left(['b'])
2025-10-27 17:17:41,656 INFO - __main__.ShareGoalBFS.bfs:
Models: 1, Exapnds: 194, 8.486ms/expand
2025-10-27 17:17:41,656 INFO - __main__.ShareGoalBFS.get_policy:
[("normal_stay(['c'])", 1), ("move_right(['c'])", 1)]
{'a': 0, 'b': 0, 'c': 0}
2025-10-27 17:17:41,656 INFO - __main__.Model.simulate:
c takes action: normal_stay(['c'])
2025-10-27 17:17:41,855 INFO - __main__.ShareGoalBFS.bfs:
Models: 1, Exapnds: 42, 4.705ms/expand
2025-10-27 17:17:41,855 INFO - __main__.ShareGoalBFS.get_policy:
[("normal_stay(['a'])", 1)]
{'a': 0, 'b': 0, 'c': 0}
2025-10-27 17:17:41,855 INFO - __main__.Model.simulate:
a takes action: normal_stay(['a'])
2025-10-27 17:17:42,062 INFO - __main__.ShareGoalBFS.bfs:
Models: 1, Exapnds: 42, 4.868ms/expand
2025-10-27 17:17:42,062 INFO - __main__.ShareGoalBFS.get_policy:
[("normal_stay(['b'])", 1)]
{'a': 0, 'b': 0, 'c': 0}
2025-10-27 17:17:42,062 INFO - __main__.Model.simulate:
b takes action: normal_stay(['b'])
2025-10-27 17:17:43,887 INFO - __main__.ShareGoalBFS.bfs:
Models: 1, Exapnds: 194, 9.396ms/expand
2025-10-27 17:17:43,887 INFO - __main__.ShareGoalBFS.get_policy:
[("normal_stay(['c'])", 1), ("move_right(['c'])", 1)]
{'a': 0, 'b': 0, 'c': 0}
2025-10-27 17:17:43,887 INFO - __main__.Model.simulate:
c takes action: normal_stay(['c'])
2025-10-27 17:17:44,111 INFO - __main__.ShareGoalBFS.bfs:
Models: 1, Exapnds: 42, 5.273ms/expand
2025-10-27 17:17:44,111 INFO - __main__.ShareGoalBFS.get_policy:
[("normal_stay(['a'])", 1)]
{'a': 0, 'b': 0, 'c': 0}
2025-10-27 17:17:44,111 INFO - __main__.Model.simulate:
a takes action: normal_stay(['a'])
2025-10-27 17:17:44,340 INFO - __main__.ShareGoalBFS.bfs:
Models: 1, Exapnds: 42, 5.405ms/expand
2025-10-27 17:17:44,340 INFO - __main__.ShareGoalBFS.get_policy:
[("normal_stay(['b'])", 1)]
{'a': 0, 'b': 0, 'c': 0}
2025-10-27 17:17:44,340 INFO - __main__.Model.simulate:
b takes action: normal_stay(['b'])
2025-10-27 17:17:46,337 INFO - __main__.ShareGoalBFS.bfs:
Models: 1, Exapnds: 194, 10.276ms/expand
2025-10-27 17:17:46,337 INFO - __main__.ShareGoalBFS.get_policy:
[("normal_stay(['c'])", 1), ("move_right(['c'])", 1)]
{'a': 0, 'b': 0, 'c': 0}
2025-10-27 17:17:46,337 INFO - __main__.Model.simulate:
c takes action: normal_stay(['c'])
2025-10-27 17:17:46,582 INFO - __main__.ShareGoalBFS.bfs:
Models: 1, Exapnds: 42, 5.771ms/expand
2025-10-27 17:17:46,582 INFO - __main__.ShareGoalBFS.get_policy:
[("normal_stay(['a'])", 1)]
{'a': 0, 'b': 0, 'c': 0}
2025-10-27 17:17:46,582 INFO - __main__.Model.simulate:
a takes action: normal_stay(['a'])
2025-10-27 17:17:46,834 INFO - __main__.ShareGoalBFS.bfs:
Models: 1, Exapnds: 42, 5.925ms/expand
2025-10-27 17:17:46,834 INFO - __main__.ShareGoalBFS.get_policy:
[("normal_stay(['b'])", 1)]
{'a': 0, 'b': 0, 'c': 0}
2025-10-27 17:17:46,834 INFO - __main__.Model.simulate:
b takes action: normal_stay(['b'])
2025-10-27 17:17:49,005 INFO - __main__.ShareGoalBFS.bfs:
Models: 1, Exapnds: 194, 11.178ms/expand
2025-10-27 17:17:49,006 INFO - __main__.ShareGoalBFS.get_policy:
[("normal_stay(['c'])", 1), ("move_right(['c'])", 1)]
{'a': 0, 'b': 0, 'c': 0}
2025-10-27 17:17:49,006 INFO - __main__.Model.simulate:
c takes action: move_right(['c'])
2025-10-27 17:17:49,702 INFO - __main__.ShareGoalBFS.bfs:
Models: 1, Exapnds: 81, 8.560ms/expand
2025-10-27 17:17:49,702 INFO - __main__.ShareGoalBFS.get_policy:
[("move_left(['a'])", 1), ("normal_stay(['a'])", 1)]
{'a': 0, 'b': 0, 'c': 0}
2025-10-27 17:17:49,702 INFO - __main__.Model.simulate:
a takes action: normal_stay(['a'])
2025-10-27 17:17:50,252 INFO - __main__.ShareGoalBFS.bfs:
Models: 1, Exapnds: 66, 8.292ms/expand
2025-10-27 17:17:50,253 INFO - __main__.ShareGoalBFS.get_policy:
[("move_right(['b'])", 1), ("normal_stay(['b'])", 1)]
{'a': 0, 'b': 0, 'c': 0}
2025-10-27 17:17:50,253 INFO - __main__.Model.simulate:
b takes action: move_right(['b'])
2025-10-27 17:17:52,031 INFO - __main__.ShareGoalBFS.bfs:
Models: 1, Exapnds: 156, 11.377ms/expand
2025-10-27 17:17:52,031 INFO - __main__.ShareGoalBFS.get_policy:
[("move_left(['c'])", 1)]
{'a': 0, 'b': 0, 'c': 0}
2025-10-27 17:17:52,031 INFO - __main__.Model.simulate:
c takes action: move_left(['c'])
2025-10-27 17:17:52,691 INFO - __main__.ShareGoalBFS.bfs:
Models: 1, Exapnds: 75, 8.762ms/expand
2025-10-27 17:17:52,691 INFO - __main__.ShareGoalBFS.get_policy:
[("normal_stay(['a'])", 1), ("move_left(['a'])", 1)]
{'a': 0, 'b': 0, 'c': 0}
2025-10-27 17:17:52,691 INFO - __main__.Model.simulate:
a takes action: move_left(['a'])
2025-10-27 17:17:53,291 INFO - __main__.ShareGoalBFS.bfs:
Models: 1, Exapnds: 66, 9.024ms/expand
2025-10-27 17:17:53,291 INFO - __main__.ShareGoalBFS.get_policy:
[("move_left(['b'])", 1), ("normal_stay(['b'])", 1)]
{'a': 0, 'b': 0, 'c': 0}
2025-10-27 17:17:53,291 INFO - __main__.Model.simulate:
b takes action: normal_stay(['b'])
2025-10-27 17:17:55,817 INFO - __main__.ShareGoalBFS.bfs:
Models: 1, Exapnds: 194, 13.002ms/expand
2025-10-27 17:17:55,817 INFO - __main__.ShareGoalBFS.get_policy:
[("move_right(['c'])", 1), ("normal_stay(['c'])", 1)]
{'a': 0, 'b': 0, 'c': 0}
2025-10-27 17:17:55,817 INFO - __main__.Model.simulate:
c takes action: move_right(['c'])
2025-10-27 17:17:56,133 INFO - __main__.ShareGoalBFS.bfs:
Models: 1, Exapnds: 42, 7.449ms/expand
2025-10-27 17:17:56,134 INFO - __main__.ShareGoalBFS.get_policy:
[("normal_stay(['a'])", 1)]
{'a': 0, 'b': 0, 'c': 0}
2025-10-27 17:17:56,134 INFO - __main__.Model.simulate:
a takes action: normal_stay(['a'])
2025-10-27 17:17:56,456 INFO - __main__.ShareGoalBFS.bfs:
Models: 1, Exapnds: 42, 7.577ms/expand
2025-10-27 17:17:56,456 INFO - __main__.ShareGoalBFS.get_policy:
[("normal_stay(['b'])", 1)]
{'a': 0, 'b': 0, 'c': 0}
2025-10-27 17:17:56,456 INFO - __main__.Model.simulate:
b takes action: normal_stay(['b'])
2025-10-27 17:17:59,162 INFO - __main__.ShareGoalBFS.bfs:
Models: 1, Exapnds: 194, 13.928ms/expand
2025-10-27 17:17:59,162 INFO - __main__.ShareGoalBFS.get_policy:
[("normal_stay(['c'])", 1), ("move_left(['c'])", 1)]
{'a': 0, 'b': 0, 'c': 0}
2025-10-27 17:17:59,162 INFO - __main__.Model.simulate:
c takes action: normal_stay(['c'])
2025-10-27 17:17:59,501 INFO - __main__.ShareGoalBFS.bfs:
Models: 1, Exapnds: 42, 7.973ms/expand
2025-10-27 17:17:59,502 INFO - __main__.ShareGoalBFS.get_policy:
[("normal_stay(['a'])", 1)]
{'a': 0, 'b': 0, 'c': 0}
2025-10-27 17:17:59,502 INFO - __main__.Model.simulate:
a takes action: normal_stay(['a'])
2025-10-27 17:17:59,848 INFO - __main__.ShareGoalBFS.bfs:
Models: 1, Exapnds: 42, 8.145ms/expand
2025-10-27 17:17:59,848 INFO - __main__.ShareGoalBFS.get_policy:
[("normal_stay(['b'])", 1)]
{'a': 0, 'b': 0, 'c': 0}
2025-10-27 17:17:59,848 INFO - __main__.Model.simulate:
b takes action: normal_stay(['b'])
2025-10-27 17:18:02,724 INFO - __main__.ShareGoalBFS.bfs:
Models: 1, Exapnds: 194, 14.797ms/expand
2025-10-27 17:18:02,724 INFO - __main__.ShareGoalBFS.get_policy:
[("normal_stay(['c'])", 1), ("move_left(['c'])", 1)]
{'a': 0, 'b': 0, 'c': 0}
2025-10-27 17:18:02,724 INFO - __main__.Model.simulate:
c takes action: normal_stay(['c'])
2025-10-27 17:18:03,086 INFO - __main__.ShareGoalBFS.bfs:
Models: 1, Exapnds: 42, 8.519ms/expand
2025-10-27 17:18:03,086 INFO - __main__.ShareGoalBFS.get_policy:
[("normal_stay(['a'])", 1)]
{'a': 0, 'b': 0, 'c': 0}
2025-10-27 17:18:03,086 INFO - __main__.Model.simulate:
a takes action: normal_stay(['a'])
2025-10-27 17:18:03,454 INFO - __main__.ShareGoalBFS.bfs:
Models: 1, Exapnds: 42, 8.641ms/expand
2025-10-27 17:18:03,454 INFO - __main__.ShareGoalBFS.get_policy:
[("normal_stay(['b'])", 1)]
{'a': 0, 'b': 0, 'c': 0}
2025-10-27 17:18:03,454 INFO - __main__.Model.simulate:
b takes action: normal_stay(['b'])
2025-10-27 17:18:06,502 INFO - __main__.ShareGoalBFS.bfs:
Models: 1, Exapnds: 194, 15.685ms/expand
2025-10-27 17:18:06,503 INFO - __main__.ShareGoalBFS.get_policy:
[("normal_stay(['c'])", 1), ("move_left(['c'])", 1)]
{'a': 0, 'b': 0, 'c': 0}
2025-10-27 17:18:06,503 INFO - __main__.Model.simulate:
c takes action: normal_stay(['c'])
2025-10-27 17:18:06,890 INFO - __main__.ShareGoalBFS.bfs:
Models: 1, Exapnds: 42, 9.097ms/expand
2025-10-27 17:18:06,890 INFO - __main__.ShareGoalBFS.get_policy:
[("normal_stay(['a'])", 1)]
{'a': 0, 'b': 0, 'c': 0}
2025-10-27 17:18:06,890 INFO - __main__.Model.simulate:
a takes action: normal_stay(['a'])
2025-10-27 17:18:07,281 INFO - __main__.ShareGoalBFS.bfs:
Models: 1, Exapnds: 42, 9.177ms/expand
2025-10-27 17:18:07,281 INFO - __main__.ShareGoalBFS.get_policy:
[("normal_stay(['b'])", 1)]
{'a': 0, 'b': 0, 'c': 0}
2025-10-27 17:18:07,281 INFO - __main__.Model.simulate:
b takes action: normal_stay(['b'])
2025-10-27 17:18:10,501 INFO - __main__.ShareGoalBFS.bfs:
Models: 1, Exapnds: 194, 16.566ms/expand
2025-10-27 17:18:10,501 INFO - __main__.ShareGoalBFS.get_policy:
[("normal_stay(['c'])", 1), ("move_left(['c'])", 1)]
{'a': 0, 'b': 0, 'c': 0}
2025-10-27 17:18:10,501 INFO - __main__.Model.simulate:
c takes action: move_left(['c'])
2025-10-27 17:18:11,550 INFO - __main__.ShareGoalBFS.bfs:
Models: 1, Exapnds: 81, 12.877ms/expand
2025-10-27 17:18:11,550 INFO - __main__.ShareGoalBFS.get_policy:
[("move_right(['a'])", 1), ("normal_stay(['a'])", 1)]
{'a': 0, 'b': 0, 'c': 0}
2025-10-27 17:18:11,550 INFO - __main__.Model.simulate:
a takes action: move_right(['a'])
2025-10-27 17:18:11,920 INFO - __main__.ShareGoalBFS.bfs:
Models: 1, Exapnds: 36, 10.095ms/expand
2025-10-27 17:18:11,920 INFO - __main__.ShareGoalBFS.get_policy:
[("move_left(['b'])", 1)]
{'a': 0, 'b': 0, 'c': 0}
2025-10-27 17:18:11,920 INFO - __main__.Model.simulate:
b takes action: move_left(['b'])
2025-10-27 17:18:15,325 INFO - __main__.ShareGoalBFS.bfs:
Models: 1, Exapnds: 194, 17.519ms/expand
2025-10-27 17:18:15,325 INFO - __main__.ShareGoalBFS.get_policy:
[("normal_stay(['c'])", 1), ("move_right(['c'])", 1)]
{'a': 0, 'b': 0, 'c': 0}
2025-10-27 17:18:15,325 INFO - __main__.Model.simulate:
c takes action: move_right(['c'])
2025-10-27 17:18:16,436 INFO - __main__.ShareGoalBFS.bfs:
Models: 1, Exapnds: 81, 13.642ms/expand
2025-10-27 17:18:16,437 INFO - __main__.ShareGoalBFS.get_policy:
[("move_left(['a'])", 1), ("normal_stay(['a'])", 1)]
{'a': 0, 'b': 0, 'c': 0}
2025-10-27 17:18:16,437 INFO - __main__.Model.simulate:
a takes action: normal_stay(['a'])
2025-10-27 17:18:17,305 INFO - __main__.ShareGoalBFS.bfs:
Models: 1, Exapnds: 66, 13.047ms/expand
2025-10-27 17:18:17,305 INFO - __main__.ShareGoalBFS.get_policy:
[("move_right(['b'])", 1), ("normal_stay(['b'])", 1)]
{'a': 0, 'b': 0, 'c': 0}
2025-10-27 17:18:17,305 INFO - __main__.Model.simulate:
b takes action: normal_stay(['b'])
2025-10-27 17:18:20,886 INFO - __main__.ShareGoalBFS.bfs:
Models: 1, Exapnds: 194, 18.426ms/expand
2025-10-27 17:18:20,886 INFO - __main__.ShareGoalBFS.get_policy:
[("move_left(['c'])", 1), ("normal_stay(['c'])", 1)]
{'a': 0, 'b': 0, 'c': 0}
2025-10-27 17:18:20,886 INFO - __main__.Model.simulate:
c takes action: normal_stay(['c'])
2025-10-27 17:18:22,052 INFO - __main__.ShareGoalBFS.bfs:
Models: 1, Exapnds: 81, 14.299ms/expand
2025-10-27 17:18:22,052 INFO - __main__.ShareGoalBFS.get_policy:
[("move_left(['a'])", 1), ("normal_stay(['a'])", 1)]
{'a': 0, 'b': 0, 'c': 0}
2025-10-27 17:18:22,052 INFO - __main__.Model.simulate:
a takes action: move_left(['a'])
2025-10-27 17:18:22,463 INFO - __main__.ShareGoalBFS.bfs:
Models: 1, Exapnds: 36, 11.212ms/expand
2025-10-27 17:18:22,463 INFO - __main__.ShareGoalBFS.get_policy:
[("move_right(['b'])", 1)]
{'a': 0, 'b': 0, 'c': 0}
2025-10-27 17:18:22,463 INFO - __main__.Model.simulate:
b takes action: move_right(['b'])
2025-10-27 17:18:26,214 INFO - __main__.ShareGoalBFS.bfs:
Models: 1, Exapnds: 194, 19.295ms/expand
2025-10-27 17:18:26,214 INFO - __main__.ShareGoalBFS.get_policy:
[("normal_stay(['c'])", 1), ("move_left(['c'])", 1)]
{'a': 0, 'b': 0, 'c': 0}
2025-10-27 17:18:26,214 INFO - __main__.Model.simulate:
c takes action: normal_stay(['c'])
2025-10-27 17:18:26,695 INFO - __main__.ShareGoalBFS.bfs:
Models: 1, Exapnds: 42, 11.271ms/expand
2025-10-27 17:18:26,695 INFO - __main__.ShareGoalBFS.get_policy:
[("normal_stay(['a'])", 1)]
{'a': 0, 'b': 0, 'c': 0}
2025-10-27 17:18:26,695 INFO - __main__.Model.simulate:
a takes action: normal_stay(['a'])
2025-10-27 17:18:27,179 INFO - __main__.ShareGoalBFS.bfs:
Models: 1, Exapnds: 42, 11.321ms/expand
2025-10-27 17:18:27,179 INFO - __main__.ShareGoalBFS.get_policy:
[("normal_stay(['b'])", 1)]
{'a': 0, 'b': 0, 'c': 0}
2025-10-27 17:18:27,179 INFO - __main__.Model.simulate:
b takes action: normal_stay(['b'])
2025-10-27 17:18:31,098 INFO - __main__.ShareGoalBFS.bfs:
Models: 1, Exapnds: 194, 20.161ms/expand
2025-10-27 17:18:31,098 INFO - __main__.ShareGoalBFS.get_policy:
[("normal_stay(['c'])", 1), ("move_left(['c'])", 1)]
{'a': 0, 'b': 0, 'c': 0}
2025-10-27 17:18:31,099 INFO - __main__.Model.simulate:
c takes action: normal_stay(['c'])
2025-10-27 17:18:31,601 INFO - __main__.ShareGoalBFS.bfs:
Models: 1, Exapnds: 42, 11.762ms/expand
2025-10-27 17:18:31,601 INFO - __main__.ShareGoalBFS.get_policy:
[("normal_stay(['a'])", 1)]
{'a': 0, 'b': 0, 'c': 0}
2025-10-27 17:18:31,601 INFO - __main__.Model.simulate:
a takes action: normal_stay(['a'])
2025-10-27 17:18:32,108 INFO - __main__.ShareGoalBFS.bfs:
Models: 1, Exapnds: 42, 11.870ms/expand
2025-10-27 17:18:32,108 INFO - __main__.ShareGoalBFS.get_policy:
[("normal_stay(['b'])", 1)]
{'a': 0, 'b': 0, 'c': 0}
2025-10-27 17:18:32,108 INFO - __main__.Model.simulate:
b takes action: normal_stay(['b'])
2025-10-27 17:18:36,209 INFO - __main__.ShareGoalBFS.bfs:
Models: 1, Exapnds: 194, 21.089ms/expand
2025-10-27 17:18:36,209 INFO - __main__.ShareGoalBFS.get_policy:
[("normal_stay(['c'])", 1), ("move_left(['c'])", 1)]
{'a': 0, 'b': 0, 'c': 0}
2025-10-27 17:18:36,209 INFO - __main__.Model.simulate:
c takes action: normal_stay(['c'])
2025-10-27 17:18:36,734 INFO - __main__.ShareGoalBFS.bfs:
Models: 1, Exapnds: 42, 12.292ms/expand
2025-10-27 17:18:36,734 INFO - __main__.ShareGoalBFS.get_policy:
[("normal_stay(['a'])", 1)]
{'a': 0, 'b': 0, 'c': 0}
2025-10-27 17:18:36,734 INFO - __main__.Model.simulate:
a takes action: normal_stay(['a'])
2025-10-27 17:18:37,264 INFO - __main__.ShareGoalBFS.bfs:
Models: 1, Exapnds: 42, 12.383ms/expand
2025-10-27 17:18:37,264 INFO - __main__.ShareGoalBFS.get_policy:
[("normal_stay(['b'])", 1)]
{'a': 0, 'b': 0, 'c': 0}
2025-10-27 17:18:37,264 INFO - __main__.Model.simulate:
b takes action: normal_stay(['b'])
2025-10-27 17:18:41,536 INFO - __main__.ShareGoalBFS.bfs:
Models: 1, Exapnds: 194, 21.971ms/expand
2025-10-27 17:18:41,536 INFO - __main__.ShareGoalBFS.get_policy:
[("normal_stay(['c'])", 1), ("move_left(['c'])", 1)]
{'a': 0, 'b': 0, 'c': 0}
2025-10-27 17:18:41,536 INFO - __main__.Model.simulate:
c takes action: move_left(['c'])
2025-10-27 17:18:42,938 INFO - __main__.ShareGoalBFS.bfs:
Models: 1, Exapnds: 81, 17.188ms/expand
2025-10-27 17:18:42,938 INFO - __main__.ShareGoalBFS.get_policy:
[("move_right(['a'])", 1), ("normal_stay(['a'])", 1)]
{'a': 0, 'b': 0, 'c': 0}
2025-10-27 17:18:42,938 INFO - __main__.Model.simulate:
a takes action: move_right(['a'])
2025-10-27 17:18:43,433 INFO - __main__.ShareGoalBFS.bfs:
Models: 1, Exapnds: 36, 13.464ms/expand
2025-10-27 17:18:43,433 INFO - __main__.ShareGoalBFS.get_policy:
[("move_left(['b'])", 1)]
{'a': 0, 'b': 0, 'c': 0}
2025-10-27 17:18:43,434 INFO - __main__.Model.simulate:
b takes action: move_left(['b'])
2025-10-27 17:18:47,885 INFO - __main__.ShareGoalBFS.bfs:
Models: 1, Exapnds: 194, 22.894ms/expand
2025-10-27 17:18:47,885 INFO - __main__.ShareGoalBFS.get_policy:
[("normal_stay(['c'])", 1), ("move_right(['c'])", 1)]
{'a': 0, 'b': 0, 'c': 0}
2025-10-27 17:18:47,886 INFO - __main__.Model.simulate:
c takes action: move_right(['c'])
2025-10-27 17:18:49,347 INFO - __main__.ShareGoalBFS.bfs:
Models: 1, Exapnds: 81, 17.910ms/expand
2025-10-27 17:18:49,347 INFO - __main__.ShareGoalBFS.get_policy:
[("move_left(['a'])", 1), ("normal_stay(['a'])", 1)]
{'a': 0, 'b': 0, 'c': 0}
2025-10-27 17:18:49,347 INFO - __main__.Model.simulate:
a takes action: normal_stay(['a'])
2025-10-27 17:18:50,484 INFO - __main__.ShareGoalBFS.bfs:
Models: 1, Exapnds: 66, 17.051ms/expand
2025-10-27 17:18:50,484 INFO - __main__.ShareGoalBFS.get_policy:
[("move_right(['b'])", 1), ("normal_stay(['b'])", 1)]
{'a': 0, 'b': 0, 'c': 0}
2025-10-27 17:18:50,484 INFO - __main__.Model.simulate:
b takes action: move_right(['b'])
2025-10-27 17:18:54,009 INFO - __main__.ShareGoalBFS.bfs:
Models: 1, Exapnds: 156, 22.526ms/expand
2025-10-27 17:18:54,009 INFO - __main__.ShareGoalBFS.get_policy:
[("move_left(['c'])", 1)]
{'a': 0, 'b': 0, 'c': 0}
2025-10-27 17:18:54,009 INFO - __main__.Model.simulate:
c takes action: move_left(['c'])
2025-10-27 17:18:55,335 INFO - __main__.ShareGoalBFS.bfs:
Models: 1, Exapnds: 75, 17.531ms/expand
2025-10-27 17:18:55,336 INFO - __main__.ShareGoalBFS.get_policy:
[("normal_stay(['a'])", 1), ("move_left(['a'])", 1)]
{'a': 0, 'b': 0, 'c': 0}
2025-10-27 17:18:55,336 INFO - __main__.Model.simulate:
a takes action: normal_stay(['a'])
2025-10-27 17:18:55,873 INFO - __main__.ShareGoalBFS.bfs:
Models: 1, Exapnds: 36, 14.607ms/expand
2025-10-27 17:18:55,874 INFO - __main__.ShareGoalBFS.get_policy:
[("move_left(['b'])", 1)]
{'a': 0, 'b': 0, 'c': 0}
2025-10-27 17:18:55,874 INFO - __main__.Model.simulate:
b takes action: move_left(['b'])
2025-10-27 17:19:00,676 INFO - __main__.ShareGoalBFS.bfs:
Models: 1, Exapnds: 194, 24.692ms/expand
2025-10-27 17:19:00,676 INFO - __main__.ShareGoalBFS.get_policy:
[("normal_stay(['c'])", 1), ("move_right(['c'])", 1)]
{'a': 0, 'b': 0, 'c': 0}
2025-10-27 17:19:00,676 INFO - __main__.Model.simulate:
c takes action: normal_stay(['c'])
2025-10-27 17:19:01,297 INFO - __main__.ShareGoalBFS.bfs:
Models: 1, Exapnds: 42, 14.504ms/expand
2025-10-27 17:19:01,298 INFO - __main__.ShareGoalBFS.get_policy:
[("normal_stay(['a'])", 1)]
{'a': 0, 'b': 0, 'c': 0}
2025-10-27 17:19:01,298 INFO - __main__.Model.simulate:
a takes action: normal_stay(['a'])
2025-10-27 17:19:01,923 INFO - __main__.ShareGoalBFS.bfs:
Models: 1, Exapnds: 42, 14.584ms/expand
2025-10-27 17:19:01,923 INFO - __main__.ShareGoalBFS.get_policy:
[("normal_stay(['b'])", 1)]
{'a': 0, 'b': 0, 'c': 0}
2025-10-27 17:19:01,923 INFO - __main__.Model.simulate:
b takes action: normal_stay(['b'])
2025-10-27 17:19:06,899 INFO - __main__.ShareGoalBFS.bfs:
Models: 1, Exapnds: 194, 25.582ms/expand
2025-10-27 17:19:06,899 INFO - __main__.ShareGoalBFS.get_policy:
[("normal_stay(['c'])", 1), ("move_right(['c'])", 1)]
{'a': 0, 'b': 0, 'c': 0}
2025-10-27 17:19:06,899 INFO - __main__.Model.simulate:
c takes action: move_right(['c'])
2025-10-27 17:19:08,536 INFO - __main__.ShareGoalBFS.bfs:
Models: 1, Exapnds: 81, 20.056ms/expand
2025-10-27 17:19:08,536 INFO - __main__.ShareGoalBFS.get_policy:
[("move_left(['a'])", 1), ("normal_stay(['a'])", 1)]
{'a': 0, 'b': 0, 'c': 0}
2025-10-27 17:19:08,536 INFO - __main__.Model.simulate:
a takes action: normal_stay(['a'])
2025-10-27 17:19:09,810 INFO - __main__.ShareGoalBFS.bfs:
Models: 1, Exapnds: 66, 19.092ms/expand
2025-10-27 17:19:09,810 INFO - __main__.ShareGoalBFS.get_policy:
[("move_right(['b'])", 1), ("normal_stay(['b'])", 1)]
{'a': 0, 'b': 0, 'c': 0}
2025-10-27 17:19:09,810 INFO - __main__.Model.simulate:
b takes action: normal_stay(['b'])
2025-10-27 17:19:14,963 INFO - __main__.ShareGoalBFS.bfs:
Models: 1, Exapnds: 194, 26.488ms/expand
2025-10-27 17:19:14,963 INFO - __main__.ShareGoalBFS.get_policy:
[("move_left(['c'])", 1), ("normal_stay(['c'])", 1)]
{'a': 0, 'b': 0, 'c': 0}
2025-10-27 17:19:14,963 INFO - __main__.Model.simulate:
c takes action: normal_stay(['c'])
2025-10-27 17:19:16,657 INFO - __main__.ShareGoalBFS.bfs:
Models: 1, Exapnds: 81, 20.741ms/expand
2025-10-27 17:19:16,657 INFO - __main__.ShareGoalBFS.get_policy:
[("move_left(['a'])", 1), ("normal_stay(['a'])", 1)]
{'a': 0, 'b': 0, 'c': 0}
2025-10-27 17:19:16,657 INFO - __main__.Model.simulate:
a takes action: normal_stay(['a'])
2025-10-27 17:19:17,974 INFO - __main__.ShareGoalBFS.bfs:
Models: 1, Exapnds: 66, 19.735ms/expand
2025-10-27 17:19:17,974 INFO - __main__.ShareGoalBFS.get_policy:
[("move_right(['b'])", 1), ("normal_stay(['b'])", 1)]
{'a': 0, 'b': 0, 'c': 0}
2025-10-27 17:19:17,974 INFO - __main__.Model.simulate:
b takes action: normal_stay(['b'])
2025-10-27 17:19:23,291 INFO - __main__.ShareGoalBFS.bfs:
Models: 1, Exapnds: 194, 27.330ms/expand
2025-10-27 17:19:23,291 INFO - __main__.ShareGoalBFS.get_policy:
[("move_left(['c'])", 1), ("normal_stay(['c'])", 1)]
{'a': 0, 'b': 0, 'c': 0}
2025-10-27 17:19:23,291 INFO - __main__.Model.simulate:
c takes action: move_left(['c'])
2025-10-27 17:19:23,981 INFO - __main__.ShareGoalBFS.bfs:
Models: 1, Exapnds: 42, 16.087ms/expand
2025-10-27 17:19:23,981 INFO - __main__.ShareGoalBFS.get_policy:
[("normal_stay(['a'])", 1)]
{'a': 0, 'b': 0, 'c': 0}
2025-10-27 17:19:23,981 INFO - __main__.Model.simulate:
a takes action: normal_stay(['a'])
2025-10-27 17:19:24,676 INFO - __main__.ShareGoalBFS.bfs:
Models: 1, Exapnds: 42, 16.168ms/expand
2025-10-27 17:19:24,676 INFO - __main__.ShareGoalBFS.get_policy:
[("normal_stay(['b'])", 1)]
{'a': 0, 'b': 0, 'c': 0}
2025-10-27 17:19:24,676 INFO - __main__.Model.simulate:
b takes action: normal_stay(['b'])
2025-10-27 17:19:30,166 INFO - __main__.ShareGoalBFS.bfs:
Models: 1, Exapnds: 194, 28.220ms/expand
2025-10-27 17:19:30,166 INFO - __main__.ShareGoalBFS.get_policy:
[("normal_stay(['c'])", 1), ("move_right(['c'])", 1)]
{'a': 0, 'b': 0, 'c': 0}
2025-10-27 17:19:30,166 INFO - __main__.Model.simulate:
c takes action: move_right(['c'])
2025-10-27 17:19:31,977 INFO - __main__.ShareGoalBFS.bfs:
Models: 1, Exapnds: 81, 22.155ms/expand
2025-10-27 17:19:31,977 INFO - __main__.ShareGoalBFS.get_policy:
[("move_left(['a'])", 1), ("normal_stay(['a'])", 1)]
{'a': 0, 'b': 0, 'c': 0}
2025-10-27 17:19:31,977 INFO - __main__.Model.simulate:
a takes action: normal_stay(['a'])
2025-10-27 17:19:33,386 INFO - __main__.ShareGoalBFS.bfs:
Models: 1, Exapnds: 66, 21.096ms/expand
2025-10-27 17:19:33,386 INFO - __main__.ShareGoalBFS.get_policy:
[("move_right(['b'])", 1), ("normal_stay(['b'])", 1)]
{'a': 0, 'b': 0, 'c': 0}
2025-10-27 17:19:33,386 INFO - __main__.Model.simulate:
b takes action: normal_stay(['b'])
2025-10-27 17:19:39,064 INFO - __main__.ShareGoalBFS.bfs:
Models: 1, Exapnds: 194, 29.183ms/expand
2025-10-27 17:19:39,064 INFO - __main__.ShareGoalBFS.get_policy:
[("move_left(['c'])", 1), ("normal_stay(['c'])", 1)]
{'a': 0, 'b': 0, 'c': 0}
2025-10-27 17:19:39,064 INFO - __main__.Model.simulate:
c takes action: normal_stay(['c'])
2025-10-27 17:19:40,933 INFO - __main__.ShareGoalBFS.bfs:
Models: 1, Exapnds: 81, 22.871ms/expand
2025-10-27 17:19:40,933 INFO - __main__.ShareGoalBFS.get_policy:
[("move_left(['a'])", 1), ("normal_stay(['a'])", 1)]
{'a': 0, 'b': 0, 'c': 0}
2025-10-27 17:19:40,934 INFO - __main__.Model.simulate:
a takes action: normal_stay(['a'])
2025-10-27 17:19:42,388 INFO - __main__.ShareGoalBFS.bfs:
Models: 1, Exapnds: 66, 21.767ms/expand
2025-10-27 17:19:42,388 INFO - __main__.ShareGoalBFS.get_policy:
[("move_right(['b'])", 1), ("normal_stay(['b'])", 1)]
{'a': 0, 'b': 0, 'c': 0}
2025-10-27 17:19:42,388 INFO - __main__.Model.simulate:
b takes action: normal_stay(['b'])
2025-10-27 17:19:48,235 INFO - __main__.ShareGoalBFS.bfs:
Models: 1, Exapnds: 194, 30.050ms/expand
2025-10-27 17:19:48,235 INFO - __main__.ShareGoalBFS.get_policy:
[("move_left(['c'])", 1), ("normal_stay(['c'])", 1)]
{'a': 0, 'b': 0, 'c': 0}
2025-10-27 17:19:48,235 INFO - __main__.Model.simulate:
c takes action: move_left(['c'])
2025-10-27 17:19:49,000 INFO - __main__.ShareGoalBFS.bfs:
Models: 1, Exapnds: 42, 17.784ms/expand
2025-10-27 17:19:49,000 INFO - __main__.ShareGoalBFS.get_policy:
[("normal_stay(['a'])", 1)]
{'a': 0, 'b': 0, 'c': 0}
2025-10-27 17:19:49,000 INFO - __main__.Model.simulate:
a takes action: normal_stay(['a'])
2025-10-27 17:19:49,768 INFO - __main__.ShareGoalBFS.bfs:
Models: 1, Exapnds: 42, 17.840ms/expand
2025-10-27 17:19:49,768 INFO - __main__.ShareGoalBFS.get_policy:
[("normal_stay(['b'])", 1)]
{'a': 0, 'b': 0, 'c': 0}
2025-10-27 17:19:49,768 INFO - __main__.Model.simulate:
b takes action: normal_stay(['b'])
2025-10-27 17:19:55,789 INFO - __main__.ShareGoalBFS.bfs:
Models: 1, Exapnds: 194, 30.939ms/expand
2025-10-27 17:19:55,789 INFO - __main__.ShareGoalBFS.get_policy:
[("normal_stay(['c'])", 1), ("move_right(['c'])", 1)]
{'a': 0, 'b': 0, 'c': 0}
2025-10-27 17:19:55,789 INFO - __main__.Model.simulate:
c takes action: move_right(['c'])
2025-10-27 17:19:57,774 INFO - __main__.ShareGoalBFS.bfs:
Models: 1, Exapnds: 81, 24.269ms/expand
2025-10-27 17:19:57,774 INFO - __main__.ShareGoalBFS.get_policy:
[("move_left(['a'])", 1), ("normal_stay(['a'])", 1)]
{'a': 0, 'b': 0, 'c': 0}
2025-10-27 17:19:57,774 INFO - __main__.Model.simulate:
a takes action: move_left(['a'])
2025-10-27 17:19:58,482 INFO - __main__.ShareGoalBFS.bfs:
Models: 1, Exapnds: 36, 19.129ms/expand
2025-10-27 17:19:58,482 INFO - __main__.ShareGoalBFS.get_policy:
[("move_right(['b'])", 1)]
{'a': 0, 'b': 0, 'c': 0}
2025-10-27 17:19:58,482 INFO - __main__.Model.simulate:
b takes action: move_right(['b'])
2025-10-27 17:20:04,676 INFO - __main__.ShareGoalBFS.bfs:
Models: 1, Exapnds: 194, 31.827ms/expand
2025-10-27 17:20:04,676 INFO - __main__.ShareGoalBFS.get_policy:
[("normal_stay(['c'])", 1), ("move_left(['c'])", 1)]
{'a': 0, 'b': 0, 'c': 0}
2025-10-27 17:20:04,676 INFO - __main__.Model.simulate:
c takes action: move_left(['c'])
2025-10-27 17:20:06,724 INFO - __main__.ShareGoalBFS.bfs:
Models: 1, Exapnds: 81, 25.041ms/expand
2025-10-27 17:20:06,724 INFO - __main__.ShareGoalBFS.get_policy:
[("move_right(['a'])", 1), ("normal_stay(['a'])", 1)]
{'a': 0, 'b': 0, 'c': 0}
2025-10-27 17:20:06,725 INFO - __main__.Model.simulate:
a takes action: move_right(['a'])
2025-10-27 17:20:07,450 INFO - __main__.ShareGoalBFS.bfs:
Models: 1, Exapnds: 36, 19.579ms/expand
2025-10-27 17:20:07,450 INFO - __main__.ShareGoalBFS.get_policy:
[("move_left(['b'])", 1)]
{'a': 0, 'b': 0, 'c': 0}
2025-10-27 17:20:07,450 INFO - __main__.Model.simulate:
b takes action: move_left(['b'])
