2025-10-23 17:13:06,930 EXP - __main__.Logger.exp:
a takes action: lying_own_secret(['a', 'as'])
b takes action: sharing_stay(['b'])
a takes action: quiet(['a', 'as'])
b takes action: sharing_others_secret(['b', 'as'])
a takes action: sharing_stay(['a'])
b takes action: quiet(['b', 'as'])
a takes action: move_right(['a'])
b takes action: move_right(['b'])
a takes action: move_left(['a'])
b takes action: normal_stay(['b'])
a takes action: sharing_own_secret(['a', 'as'])
Steps: 11
Time cost: 0.141459s
2025-10-23 17:13:07,051 EXP - __main__.Logger.exp:
a takes action: lying_own_secret(['a', 'as'])
b takes action: sharing_stay(['b'])
a takes action: quiet(['a', 'as'])
b takes action: sharing_others_secret(['b', 'as'])
a takes action: sharing_stay(['a'])
b takes action: quiet(['b', 'as'])
a takes action: move_right(['a'])
b takes action: normal_stay(['b'])
a takes action: sharing_own_secret(['a', 'as'])
Steps: 9
Time cost: 0.119991s
2025-10-23 17:13:07,148 EXP - __main__.Logger.exp:
a takes action: lying_own_secret(['a', 'as'])
b takes action: sharing_stay(['b'])
a takes action: quiet(['a', 'as'])
b takes action: move_right(['b'])
a takes action: sharing_own_secret(['a', 'as'])
Steps: 5
Time cost: 0.095266s
2025-10-23 17:13:07,243 EXP - __main__.Logger.exp:
a takes action: lying_own_secret(['a', 'as'])
b takes action: sharing_stay(['b'])
a takes action: quiet(['a', 'as'])
b takes action: move_right(['b'])
a takes action: sharing_own_secret(['a', 'as'])
Steps: 5
Time cost: 0.094548s
2025-10-23 17:13:07,363 EXP - __main__.Logger.exp:
a takes action: lying_own_secret(['a', 'as'])
b takes action: sharing_stay(['b'])
a takes action: quiet(['a', 'as'])
b takes action: sharing_others_secret(['b', 'as'])
a takes action: sharing_stay(['a'])
b takes action: quiet(['b', 'as'])
a takes action: move_right(['a'])
b takes action: sharing_others_secret(['b', 'as'])
a takes action: sharing_stay(['a'])
b takes action: quiet(['b', 'as'])
a takes action: sharing_own_secret(['a', 'as'])
Steps: 11
Time cost: 0.118636s
2025-10-23 17:13:07,363 EXP - __main__.Logger.exp:
Avg Steps: 8.2
Avg Time: 0.113980s
