2025-10-23 17:13:07,564 EXP - __main__.Logger.exp:
a takes action: lying_own_secret(['a', 'as'])
b takes action: sharing_stay(['b'])
a takes action: quiet(['a', 'as'])
b takes action: normal_stay(['b'])
a takes action: move_right(['a'])
b takes action: normal_stay(['b'])
a takes action: sharing_own_secret(['a', 'as'])
Steps: 7
Time cost: 0.112901s
2025-10-23 17:13:07,709 EXP - __main__.Logger.exp:
a takes action: lying_own_secret(['a', 'as'])
b takes action: sharing_stay(['b'])
a takes action: quiet(['a', 'as'])
b takes action: sharing_others_secret(['b', 'as'])
a takes action: sharing_stay(['a'])
b takes action: quiet(['b', 'as'])
a takes action: move_right(['a'])
b takes action: move_right(['b'])
a takes action: move_left(['a'])
b takes action: sharing_others_secret(['b', 'as'])
a takes action: sharing_stay(['a'])
b takes action: quiet(['b', 'as'])
a takes action: sharing_own_secret(['a', 'as'])
Steps: 13
Time cost: 0.143985s
2025-10-23 17:13:07,827 EXP - __main__.Logger.exp:
a takes action: lying_own_secret(['a', 'as'])
b takes action: sharing_stay(['b'])
a takes action: quiet(['a', 'as'])
b takes action: sharing_others_secret(['b', 'as'])
a takes action: sharing_stay(['a'])
b takes action: quiet(['b', 'as'])
a takes action: move_right(['a'])
b takes action: normal_stay(['b'])
a takes action: sharing_own_secret(['a', 'as'])
Steps: 9
Time cost: 0.117196s
2025-10-23 17:13:07,927 EXP - __main__.Logger.exp:
a takes action: lying_own_secret(['a', 'as'])
b takes action: sharing_stay(['b'])
a takes action: quiet(['a', 'as'])
b takes action: move_right(['b'])
a takes action: sharing_own_secret(['a', 'as'])
Steps: 5
Time cost: 0.099455s
2025-10-23 17:13:08,046 EXP - __main__.Logger.exp:
a takes action: lying_own_secret(['a', 'as'])
b takes action: sharing_stay(['b'])
a takes action: quiet(['a', 'as'])
b takes action: sharing_others_secret(['b', 'as'])
a takes action: sharing_stay(['a'])
b takes action: quiet(['b', 'as'])
a takes action: move_right(['a'])
b takes action: normal_stay(['b'])
a takes action: sharing_own_secret(['a', 'as'])
Steps: 9
Time cost: 0.117496s
2025-10-23 17:13:08,046 EXP - __main__.Logger.exp:
Avg Steps: 8.6
Avg Time: 0.118207s
