2025-10-12 21:53:11,330 EXP - __main__.Logger.exp:
a takes action: move_without_item(['a', 'r1', 'r2'])
b takes action: move_without_item(['b', 'r3', 'r1'])
a takes action: move_without_item(['a', 'r2', 'r1'])
b takes action: move_without_item(['b', 'r1', 'r3'])
a takes action: move_without_item(['a', 'r1', 'r2'])
b takes action: move_without_item(['b', 'r3', 'r4'])
a takes action: move_without_item(['a', 'r2', 'r1'])
b takes action: pick_up(['b', 'i', 'r4'])
a takes action: move_without_item(['a', 'r1', 'r2'])
b takes action: move_with_item(['b', 'i', 'r4', 'r3'])
a takes action: move_without_item(['a', 'r2', 'r1'])
b takes action: move_with_item(['b', 'i', 'r3', 'r1'])
a takes action: move_without_item(['a', 'r1', 'r3'])
b takes action: drop_item(['b', 'i'])
Steps: 14
Time cost: 40.774311s
2025-10-12 21:54:49,437 EXP - __main__.Logger.exp:
a takes action: move_without_item(['a', 'r1', 'r2'])
b takes action: move_without_item(['b', 'r3', 'r1'])
a takes action: move_without_item(['a', 'r2', 'r1'])
b takes action: move_without_item(['b', 'r1', 'r2'])
a takes action: move_without_item(['a', 'r1', 'r2'])
b takes action: move_without_item(['b', 'r2', 'r1'])
a takes action: move_without_item(['a', 'r2', 'r1'])
b takes action: move_without_item(['b', 'r1', 'r2'])
a takes action: move_without_item(['a', 'r1', 'r2'])
b takes action: move_without_item(['b', 'r2', 'r1'])
a takes action: move_without_item(['a', 'r2', 'r1'])
b takes action: move_without_item(['b', 'r1', 'r3'])
a takes action: move_without_item(['a', 'r1', 'r2'])
b takes action: move_without_item(['b', 'r3', 'r4'])
a takes action: move_without_item(['a', 'r2', 'r1'])
b takes action: pick_up(['b', 'i', 'r4'])
a takes action: move_without_item(['a', 'r1', 'r2'])
b takes action: move_with_item(['b', 'i', 'r4', 'r3'])
a takes action: move_without_item(['a', 'r2', 'r1'])
b takes action: move_with_item(['b', 'i', 'r3', 'r1'])
a takes action: move_without_item(['a', 'r1', 'r2'])
b takes action: drop_item(['b', 'i'])
Steps: 22
Time cost: 98.105570s
2025-10-12 21:55:23,482 EXP - __main__.Logger.exp:
a takes action: move_without_item(['a', 'r1', 'r2'])
b takes action: move_without_item(['b', 'r3', 'r1'])
a takes action: move_without_item(['a', 'r2', 'r1'])
b takes action: move_without_item(['b', 'r1', 'r3'])
a takes action: move_without_item(['a', 'r1', 'r2'])
b takes action: move_without_item(['b', 'r3', 'r4'])
a takes action: move_without_item(['a', 'r2', 'r1'])
b takes action: pick_up(['b', 'i', 'r4'])
a takes action: move_without_item(['a', 'r1', 'r2'])
b takes action: move_with_item(['b', 'i', 'r4', 'r3'])
a takes action: move_without_item(['a', 'r2', 'r1'])
b takes action: move_with_item(['b', 'i', 'r3', 'r1'])
a takes action: move_without_item(['a', 'r1', 'r2'])
b takes action: drop_item(['b', 'i'])
Steps: 14
Time cost: 34.043762s
2025-10-12 21:56:09,449 EXP - __main__.Logger.exp:
a takes action: move_without_item(['a', 'r1', 'r2'])
b takes action: move_without_item(['b', 'r3', 'r1'])
a takes action: move_without_item(['a', 'r2', 'r1'])
b takes action: move_without_item(['b', 'r1', 'r3'])
a takes action: move_without_item(['a', 'r1', 'r2'])
b takes action: move_without_item(['b', 'r3', 'r4'])
a takes action: move_without_item(['a', 'r2', 'r1'])
b takes action: pick_up(['b', 'i', 'r4'])
a takes action: move_without_item(['a', 'r1', 'r2'])
b takes action: move_with_item(['b', 'i', 'r4', 'r3'])
a takes action: move_without_item(['a', 'r2', 'r1'])
b takes action: move_with_item(['b', 'i', 'r3', 'r1'])
a takes action: move_without_item(['a', 'r1', 'r3'])
b takes action: drop_item(['b', 'i'])
Steps: 14
Time cost: 45.965083s
2025-10-12 21:56:56,099 EXP - __main__.Logger.exp:
a takes action: move_without_item(['a', 'r1', 'r2'])
b takes action: move_without_item(['b', 'r3', 'r1'])
a takes action: move_without_item(['a', 'r2', 'r1'])
b takes action: move_without_item(['b', 'r1', 'r3'])
a takes action: move_without_item(['a', 'r1', 'r2'])
b takes action: move_without_item(['b', 'r3', 'r4'])
a takes action: move_without_item(['a', 'r2', 'r1'])
b takes action: pick_up(['b', 'i', 'r4'])
a takes action: move_without_item(['a', 'r1', 'r2'])
b takes action: move_with_item(['b', 'i', 'r4', 'r3'])
a takes action: move_without_item(['a', 'r2', 'r1'])
b takes action: move_with_item(['b', 'i', 'r3', 'r1'])
a takes action: move_without_item(['a', 'r1', 'r2'])
b takes action: drop_item(['b', 'i'])
Steps: 14
Time cost: 46.648695s
2025-10-12 21:58:03,116 EXP - __main__.Logger.exp:
a takes action: move_without_item(['a', 'r1', 'r2'])
b takes action: move_without_item(['b', 'r3', 'r1'])
a takes action: move_without_item(['a', 'r2', 'r1'])
b takes action: move_without_item(['b', 'r1', 'r2'])
a takes action: move_without_item(['a', 'r1', 'r2'])
b takes action: move_without_item(['b', 'r2', 'r1'])
a takes action: move_without_item(['a', 'r2', 'r1'])
b takes action: move_without_item(['b', 'r1', 'r2'])
a takes action: move_without_item(['a', 'r1', 'r2'])
b takes action: move_without_item(['b', 'r2', 'r4'])
a takes action: move_without_item(['a', 'r2', 'r1'])
b takes action: pick_up(['b', 'i', 'r4'])
a takes action: move_without_item(['a', 'r1', 'r2'])
b takes action: move_with_item(['b', 'i', 'r4', 'r2'])
a takes action: move_without_item(['a', 'r2', 'r4'])
b takes action: drop_item(['b', 'i'])
Steps: 16
Time cost: 67.015514s
2025-10-12 21:59:40,991 EXP - __main__.Logger.exp:
a takes action: move_without_item(['a', 'r1', 'r2'])
b takes action: move_without_item(['b', 'r3', 'r1'])
a takes action: move_without_item(['a', 'r2', 'r1'])
b takes action: move_without_item(['b', 'r1', 'r2'])
a takes action: move_without_item(['a', 'r1', 'r2'])
b takes action: move_without_item(['b', 'r2', 'r1'])
a takes action: move_without_item(['a', 'r2', 'r1'])
b takes action: move_without_item(['b', 'r1', 'r2'])
a takes action: move_without_item(['a', 'r1', 'r2'])
b takes action: move_without_item(['b', 'r2', 'r1'])
a takes action: move_without_item(['a', 'r2', 'r1'])
b takes action: move_without_item(['b', 'r1', 'r3'])
a takes action: move_without_item(['a', 'r1', 'r2'])
b takes action: move_without_item(['b', 'r3', 'r4'])
a takes action: move_without_item(['a', 'r2', 'r1'])
b takes action: pick_up(['b', 'i', 'r4'])
a takes action: move_without_item(['a', 'r1', 'r2'])
b takes action: move_with_item(['b', 'i', 'r4', 'r3'])
a takes action: move_without_item(['a', 'r2', 'r1'])
b takes action: move_with_item(['b', 'i', 'r3', 'r1'])
a takes action: move_without_item(['a', 'r1', 'r3'])
b takes action: drop_item(['b', 'i'])
Steps: 22
Time cost: 97.873133s
2025-10-12 22:01:14,671 EXP - __main__.Logger.exp:
a takes action: move_without_item(['a', 'r1', 'r2'])
b takes action: move_without_item(['b', 'r3', 'r1'])
a takes action: move_without_item(['a', 'r2', 'r1'])
b takes action: move_without_item(['b', 'r1', 'r2'])
a takes action: move_without_item(['a', 'r1', 'r2'])
b takes action: move_without_item(['b', 'r2', 'r1'])
a takes action: move_without_item(['a', 'r2', 'r1'])
b takes action: move_without_item(['b', 'r1', 'r2'])
a takes action: move_without_item(['a', 'r1', 'r2'])
b takes action: move_without_item(['b', 'r2', 'r1'])
a takes action: move_without_item(['a', 'r2', 'r1'])
b takes action: move_without_item(['b', 'r1', 'r2'])
a takes action: move_without_item(['a', 'r1', 'r2'])
b takes action: move_without_item(['b', 'r2', 'r4'])
a takes action: move_without_item(['a', 'r2', 'r1'])
b takes action: pick_up(['b', 'i', 'r4'])
a takes action: move_without_item(['a', 'r1', 'r2'])
b takes action: move_with_item(['b', 'i', 'r4', 'r2'])
a takes action: move_without_item(['a', 'r2', 'r4'])
b takes action: drop_item(['b', 'i'])
Steps: 20
Time cost: 93.678844s
2025-10-12 22:02:24,794 EXP - __main__.Logger.exp:
a takes action: move_without_item(['a', 'r1', 'r2'])
b takes action: move_without_item(['b', 'r3', 'r1'])
a takes action: move_without_item(['a', 'r2', 'r1'])
b takes action: move_without_item(['b', 'r1', 'r2'])
a takes action: move_without_item(['a', 'r1', 'r2'])
b takes action: move_without_item(['b', 'r2', 'r1'])
a takes action: move_without_item(['a', 'r2', 'r1'])
b takes action: move_without_item(['b', 'r1', 'r3'])
a takes action: move_without_item(['a', 'r1', 'r2'])
b takes action: move_without_item(['b', 'r3', 'r4'])
a takes action: move_without_item(['a', 'r2', 'r1'])
b takes action: pick_up(['b', 'i', 'r4'])
a takes action: move_without_item(['a', 'r1', 'r2'])
b takes action: move_with_item(['b', 'i', 'r4', 'r3'])
a takes action: move_without_item(['a', 'r2', 'r1'])
b takes action: move_with_item(['b', 'i', 'r3', 'r1'])
a takes action: move_without_item(['a', 'r1', 'r2'])
b takes action: drop_item(['b', 'i'])
Steps: 18
Time cost: 70.120952s
2025-10-12 22:03:10,805 EXP - __main__.Logger.exp:
a takes action: move_without_item(['a', 'r1', 'r2'])
b takes action: move_without_item(['b', 'r3', 'r1'])
a takes action: move_without_item(['a', 'r2', 'r1'])
b takes action: move_without_item(['b', 'r1', 'r3'])
a takes action: move_without_item(['a', 'r1', 'r2'])
b takes action: move_without_item(['b', 'r3', 'r4'])
a takes action: move_without_item(['a', 'r2', 'r1'])
b takes action: pick_up(['b', 'i', 'r4'])
a takes action: move_without_item(['a', 'r1', 'r2'])
b takes action: move_with_item(['b', 'i', 'r4', 'r3'])
a takes action: move_without_item(['a', 'r2', 'r1'])
b takes action: move_with_item(['b', 'i', 'r3', 'r1'])
a takes action: move_without_item(['a', 'r1', 'r2'])
b takes action: drop_item(['b', 'i'])
Steps: 14
Time cost: 46.009067s
2025-10-12 22:03:10,805 EXP - __main__.Logger.exp:
Avg Steps: 16.8
Avg Time: 64.023493s
