2025-10-20 22:05:32,285 EXP - __main__.Logger.exp:
a takes action: pick_up(['a', 'i'])
b takes action: pick_up(['b', 'j'])
Steps: 2
Time cost: 0.005128s
2025-10-20 22:05:32,290 EXP - __main__.Logger.exp:
a takes action: pick_up(['a', 'i'])
b takes action: pick_up(['b', 'j'])
Steps: 2
Time cost: 0.004783s
2025-10-20 22:05:32,296 EXP - __main__.Logger.exp:
a takes action: pick_up(['a', 'i'])
b takes action: pick_up(['b', 'j'])
Steps: 2
Time cost: 0.004828s
2025-10-20 22:05:32,301 EXP - __main__.Logger.exp:
a takes action: pick_up(['a', 'i'])
b takes action: pick_up(['b', 'j'])
Steps: 2
Time cost: 0.004725s
2025-10-20 22:05:32,306 EXP - __main__.Logger.exp:
a takes action: pick_up(['a', 'i'])
b takes action: pick_up(['b', 'j'])
Steps: 2
Time cost: 0.004810s
2025-10-20 22:05:32,307 EXP - __main__.Logger.exp:
Avg Steps: 2.0
Avg Time: 0.004855s
