2025-11-01 14:11:24,997 EXP - __main__.Logger.exp:
a takes action: sharing_own_secret(['a', 'as'])
b takes action: sharing_stay(['b'])
a takes action: quiet(['a', 'as'])
b takes action: stay(['b'])
a takes action: move_right(['a'])
b takes action: stay(['b'])
a takes action: lying_own_secret(['a', 'as'])
Steps: 7
Time cost: 0.065987s
2025-11-01 14:11:25,065 EXP - __main__.Logger.exp:
a takes action: sharing_own_secret(['a', 'as'])
b takes action: sharing_stay(['b'])
a takes action: quiet(['a', 'as'])
b takes action: stay(['b'])
a takes action: move_right(['a'])
b takes action: stay(['b'])
a takes action: lying_own_secret(['a', 'as'])
Steps: 7
Time cost: 0.066646s
2025-11-01 14:11:25,135 EXP - __main__.Logger.exp:
a takes action: sharing_own_secret(['a', 'as'])
b takes action: sharing_stay(['b'])
a takes action: quiet(['a', 'as'])
b takes action: stay(['b'])
a takes action: move_right(['a'])
b takes action: stay(['b'])
a takes action: lying_own_secret(['a', 'as'])
Steps: 7
Time cost: 0.069251s
2025-11-01 14:11:25,203 EXP - __main__.Logger.exp:
a takes action: sharing_own_secret(['a', 'as'])
b takes action: sharing_stay(['b'])
a takes action: quiet(['a', 'as'])
b takes action: stay(['b'])
a takes action: move_right(['a'])
b takes action: stay(['b'])
a takes action: lying_own_secret(['a', 'as'])
Steps: 7
Time cost: 0.066656s
2025-11-01 14:11:25,270 EXP - __main__.Logger.exp:
a takes action: sharing_own_secret(['a', 'as'])
b takes action: sharing_stay(['b'])
a takes action: quiet(['a', 'as'])
b takes action: stay(['b'])
a takes action: move_right(['a'])
b takes action: stay(['b'])
a takes action: lying_own_secret(['a', 'as'])
Steps: 7
Time cost: 0.065842s
2025-11-01 14:11:25,270 EXP - __main__.Logger.exp:
Avg Steps: 7.0
Avg Time: 0.066877s
