2025-10-23 14:37:10,462 EXP - __main__.Logger.exp:
a takes action: stay(['a'])
b takes action: pick_up(['b', 'i'])
Steps: 2
Time cost: 0.006756s
2025-10-23 14:37:10,470 EXP - __main__.Logger.exp:
a takes action: stay(['a'])
b takes action: pick_up(['b', 'i'])
Steps: 2
Time cost: 0.006615s
2025-10-23 14:37:10,477 EXP - __main__.Logger.exp:
a takes action: stay(['a'])
b takes action: pick_up(['b', 'i'])
Steps: 2
Time cost: 0.006603s
2025-10-23 14:37:10,484 EXP - __main__.Logger.exp:
a takes action: stay(['a'])
b takes action: pick_up(['b', 'i'])
Steps: 2
Time cost: 0.006566s
2025-10-23 14:37:10,491 EXP - __main__.Logger.exp:
a takes action: stay(['a'])
b takes action: pick_up(['b', 'i'])
Steps: 2
Time cost: 0.006640s
2025-10-23 14:37:10,491 EXP - __main__.Logger.exp:
Avg Steps: 2.0
Avg Time: 0.006636s
