2025-11-01 14:11:53,690 EXP - __main__.Logger.exp:
a takes action: sharing_own_secret(['a', 'as'])
Steps: 1
Time cost: 0.004495s
2025-11-01 14:11:53,696 EXP - __main__.Logger.exp:
a takes action: sharing_own_secret(['a', 'as'])
Steps: 1
Time cost: 0.004456s
2025-11-01 14:11:53,701 EXP - __main__.Logger.exp:
a takes action: sharing_own_secret(['a', 'as'])
Steps: 1
Time cost: 0.004436s
2025-11-01 14:11:53,707 EXP - __main__.Logger.exp:
a takes action: sharing_own_secret(['a', 'as'])
Steps: 1
Time cost: 0.004433s
2025-11-01 14:11:53,712 EXP - __main__.Logger.exp:
a takes action: sharing_own_secret(['a', 'as'])
Steps: 1
Time cost: 0.004519s
2025-11-01 14:11:53,713 EXP - __main__.Logger.exp:
Avg Steps: 1.0
Avg Time: 0.004468s
