-------------------
Centralized Planning Result:
Time spent: 0.956448s
Number of Expansions: 339
Path Length: 5
Path: ["move_without_item(['a', 'r1', 'r4'])", "move_without_item(['b', 'r3', 'r4'])", "pick_up(['a', 'i', 'r4'])", "move_with_item(['a', 'i', 'r4', 'r1'])", "drop_item(['a', 'i'])"]
-------------------
1th Simulation:
a takes action: move_without_item(['a', 'r1', 'r2'])
b takes action: move_without_item(['b', 'r3', 'r4'])
a takes action: move_without_item(['a', 'r2', 'r4'])
b takes action: stay(['b'])
a takes action: pick_up(['a', 'i', 'r4'])
b takes action: move_without_item(['b', 'r4', 'r3'])
a takes action: move_with_item(['a', 'i', 'r4', 'r2'])
b takes action: move_without_item(['b', 'r3', 'r1'])
a takes action: drop_item(['a', 'i'])
2th Simulation:
a takes action: move_without_item(['a', 'r1', 'r3'])
b takes action: move_without_item(['b', 'r3', 'r2'])
a takes action: move_without_item(['a', 'r3', 'r2'])
b takes action: move_without_item(['b', 'r2', 'r1'])
a takes action: move_without_item(['a', 'r2', 'r3'])
b takes action: move_without_item(['b', 'r1', 'r4'])
a takes action: move_without_item(['a', 'r3', 'r1'])
b takes action: stay(['b'])
a takes action: move_without_item(['a', 'r1', 'r3'])
b takes action: stay(['b'])
a takes action: move_without_item(['a', 'r3', 'r1'])
b takes action: stay(['b'])
a takes action: move_without_item(['a', 'r1', 'r4'])
b takes action: stay(['b'])
a takes action: pick_up(['a', 'i', 'r4'])
b takes action: move_without_item(['b', 'r4', 'r3'])
a takes action: move_with_item(['a', 'i', 'r4', 'r1'])
b takes action: move_without_item(['b', 'r3', 'r2'])
a takes action: drop_item(['a', 'i'])
3th Simulation:
a takes action: move_without_item(['a', 'r1', 'r3'])
b takes action: move_without_item(['b', 'r3', 'r4'])
a takes action: move_without_item(['a', 'r3', 'r4'])
b takes action: stay(['b'])
a takes action: pick_up(['a', 'i', 'r4'])
b takes action: move_without_item(['b', 'r4', 'r3'])
a takes action: move_with_item(['a', 'i', 'r4', 'r2'])
b takes action: move_without_item(['b', 'r3', 'r2'])
a takes action: move_with_item(['a', 'i', 'r2', 'r1'])
b takes action: move_without_item(['b', 'r2', 'r1'])
a takes action: move_with_item(['a', 'i', 'r1', 'r3'])
b takes action: move_without_item(['b', 'r1', 'r2'])
a takes action: drop_item(['a', 'i'])
4th Simulation:
a takes action: move_without_item(['a', 'r1', 'r3'])
b takes action: move_without_item(['b', 'r3', 'r1'])
a takes action: move_without_item(['a', 'r3', 'r4'])
b takes action: move_without_item(['b', 'r1', 'r2'])
a takes action: pick_up(['a', 'i', 'r4'])
b takes action: move_without_item(['b', 'r2', 'r3'])
a takes action: move_with_item(['a', 'i', 'r4', 'r3'])
b takes action: move_without_item(['b', 'r3', 'r1'])
a takes action: move_with_item(['a', 'i', 'r3', 'r1'])
b takes action: move_without_item(['b', 'r1', 'r4'])
a takes action: move_with_item(['a', 'i', 'r1', 'r2'])
b takes action: move_without_item(['b', 'r4', 'r2'])
a takes action: move_with_item(['a', 'i', 'r2', 'r4'])
b takes action: move_without_item(['b', 'r2', 'r3'])
a takes action: drop_item(['a', 'i'])
5th Simulation:
a takes action: move_without_item(['a', 'r1', 'r3'])
b takes action: move_without_item(['b', 'r3', 'r4'])
a takes action: move_without_item(['a', 'r3', 'r4'])
b takes action: stay(['b'])
a takes action: pick_up(['a', 'i', 'r4'])
b takes action: move_without_item(['b', 'r4', 'r2'])
a takes action: move_with_item(['a', 'i', 'r4', 'r2'])
b takes action: move_without_item(['b', 'r2', 'r1'])
a takes action: move_with_item(['a', 'i', 'r2', 'r1'])
b takes action: move_without_item(['b', 'r1', 'r3'])
a takes action: move_with_item(['a', 'i', 'r1', 'r3'])
b takes action: move_without_item(['b', 'r3', 'r2'])
a takes action: move_with_item(['a', 'i', 'r3', 'r4'])
b takes action: move_without_item(['b', 'r2', 'r4'])
a takes action: move_with_item(['a', 'i', 'r4', 'r3'])
b takes action: move_without_item(['b', 'r4', 'r3'])
a takes action: move_with_item(['a', 'i', 'r3', 'r4'])
b takes action: move_without_item(['b', 'r3', 'r2'])
a takes action: drop_item(['a', 'i'])
Avg Steps: 15.0
Avg Time: 32.786101s
Avg VMS: 37.2
Avg Call of JP: 50822.8

