-------------------
Centralized Planning Result:
Time spent: 4.003238s
Number of Expansions: 417
Path Length: 7
Path: ["sharing_own_secret(['a', 'as'])", "quiet(['a', 'as'])", "move_right(['c'])", "lying_own_secret(['a', 'as'])", "quiet(['a', 'as'])", "move_right(['b'])", "sharing_own_secret(['a', 'as'])"]
-------------------
1th Simulation:
a takes action: sharing_own_secret(['a', 'as'])
b takes action: sharing_stay(['b'])
c takes action: sharing_stay(['c'])
d takes action: sharing_stay(['d'])
a takes action: quiet(['a', 'as'])
b takes action: move_right(['b'])
c takes action: normal_stay(['c'])
d takes action: normal_stay(['d'])
a takes action: move_right(['a'])
b takes action: normal_stay(['b'])
c takes action: normal_stay(['c'])
d takes action: move_right(['d'])
a takes action: lying_own_secret(['a', 'as'])
b takes action: sharing_stay(['b'])
c takes action: sharing_stay(['c'])
d takes action: sharing_stay(['d'])
a takes action: quiet(['a', 'as'])
b takes action: move_left(['b'])
c takes action: normal_stay(['c'])
d takes action: normal_stay(['d'])
a takes action: sharing_own_secret(['a', 'as'])
2th Simulation:
a takes action: sharing_own_secret(['a', 'as'])
b takes action: sharing_stay(['b'])
c takes action: sharing_stay(['c'])
d takes action: sharing_stay(['d'])
a takes action: quiet(['a', 'as'])
b takes action: move_right(['b'])
c takes action: move_right(['c'])
d takes action: move_right(['d'])
a takes action: normal_stay(['a'])
b takes action: move_left(['b'])
c takes action: normal_stay(['c'])
d takes action: normal_stay(['d'])
a takes action: lying_own_secret(['a', 'as'])
b takes action: sharing_stay(['b'])
c takes action: sharing_stay(['c'])
d takes action: sharing_stay(['d'])
a takes action: quiet(['a', 'as'])
b takes action: move_right(['b'])
c takes action: normal_stay(['c'])
d takes action: normal_stay(['d'])
a takes action: sharing_own_secret(['a', 'as'])
3th Simulation:
a takes action: sharing_own_secret(['a', 'as'])
b takes action: sharing_stay(['b'])
c takes action: sharing_stay(['c'])
d takes action: sharing_stay(['d'])
a takes action: quiet(['a', 'as'])
b takes action: normal_stay(['b'])
c takes action: move_right(['c'])
d takes action: move_right(['d'])
a takes action: lying_own_secret(['a', 'as'])
b takes action: sharing_stay(['b'])
c takes action: sharing_stay(['c'])
d takes action: sharing_stay(['d'])
a takes action: quiet(['a', 'as'])
b takes action: move_right(['b'])
c takes action: normal_stay(['c'])
d takes action: move_left(['d'])
a takes action: sharing_own_secret(['a', 'as'])
4th Simulation:
a takes action: sharing_own_secret(['a', 'as'])
b takes action: sharing_stay(['b'])
c takes action: sharing_stay(['c'])
d takes action: sharing_stay(['d'])
a takes action: quiet(['a', 'as'])
b takes action: move_right(['b'])
c takes action: normal_stay(['c'])
d takes action: move_right(['d'])
a takes action: move_right(['a'])
b takes action: normal_stay(['b'])
c takes action: normal_stay(['c'])
d takes action: move_left(['d'])
a takes action: lying_own_secret(['a', 'as'])
b takes action: sharing_stay(['b'])
c takes action: sharing_stay(['c'])
d takes action: sharing_stay(['d'])
a takes action: quiet(['a', 'as'])
b takes action: move_left(['b'])
c takes action: move_right(['c'])
d takes action: move_right(['d'])
a takes action: sharing_own_secret(['a', 'as'])
5th Simulation:
a takes action: sharing_own_secret(['a', 'as'])
b takes action: sharing_stay(['b'])
c takes action: sharing_stay(['c'])
d takes action: sharing_stay(['d'])
a takes action: quiet(['a', 'as'])
b takes action: normal_stay(['b'])
c takes action: move_right(['c'])
d takes action: move_right(['d'])
a takes action: lying_own_secret(['a', 'as'])
b takes action: sharing_stay(['b'])
c takes action: sharing_stay(['c'])
d takes action: sharing_stay(['d'])
a takes action: quiet(['a', 'as'])
b takes action: move_right(['b'])
c takes action: normal_stay(['c'])
d takes action: normal_stay(['d'])
a takes action: sharing_own_secret(['a', 'as'])
Avg Steps: 19.4
Avg Time: 19.034139s
Avg VMS: 12.4
Avg Call of JP: 39096.0

