-------------------
Centralized Planning Result:
Time spent: 66.731978s
Number of Expansions: 6462
Path Length: 9
Path: ["sharing_own_secret(['a1', 'a1s'])", "quiet(['a1', 'a1s'])", "move_right(['a6'])", "move_right(['a5'])", "move_right(['a8'])", "lying_own_secret(['a1', 'a1s'])", "quiet(['a1', 'a1s'])", "move_right(['a7'])", "sharing_others_secret(['a5', 'a1s'])"]
-------------------
1th Simulation:
a1 takes action: sharing_own_secret(['a1', 'a1s'])
a2 takes action: sharing_stay(['a2'])
a3 takes action: sharing_stay(['a3'])
a4 takes action: sharing_stay(['a4'])
a5 takes action: sharing_stay(['a5'])
a6 takes action: sharing_stay(['a6'])
a7 takes action: sharing_stay(['a7'])
a8 takes action: sharing_stay(['a8'])
a1 takes action: quiet(['a1', 'a1s'])
a2 takes action: move_right(['a2'])
a3 takes action: move_right(['a3'])
a4 takes action: move_right(['a4'])
a5 takes action: normal_stay(['a5'])
a6 takes action: normal_stay(['a6'])
a7 takes action: normal_stay(['a7'])
a8 takes action: normal_stay(['a8'])
a1 takes action: move_right(['a1'])
a2 takes action: normal_stay(['a2'])
a3 takes action: normal_stay(['a3'])
a4 takes action: normal_stay(['a4'])
a5 takes action: normal_stay(['a5'])
a6 takes action: normal_stay(['a6'])
a7 takes action: normal_stay(['a7'])
a8 takes action: normal_stay(['a8'])
a1 takes action: lying_own_secret(['a1', 'a1s'])
2th Simulation:
a1 takes action: sharing_own_secret(['a1', 'a1s'])
a2 takes action: sharing_stay(['a2'])
a3 takes action: sharing_stay(['a3'])
a4 takes action: sharing_stay(['a4'])
a5 takes action: sharing_stay(['a5'])
a6 takes action: sharing_stay(['a6'])
a7 takes action: sharing_stay(['a7'])
a8 takes action: sharing_stay(['a8'])
a1 takes action: quiet(['a1', 'a1s'])
a2 takes action: move_right(['a2'])
a3 takes action: move_right(['a3'])
a4 takes action: move_right(['a4'])
a5 takes action: normal_stay(['a5'])
a6 takes action: normal_stay(['a6'])
a7 takes action: normal_stay(['a7'])
a8 takes action: normal_stay(['a8'])
a1 takes action: move_right(['a1'])
a2 takes action: normal_stay(['a2'])
a3 takes action: normal_stay(['a3'])
a4 takes action: normal_stay(['a4'])
a5 takes action: normal_stay(['a5'])
a6 takes action: normal_stay(['a6'])
a7 takes action: normal_stay(['a7'])
a8 takes action: normal_stay(['a8'])
a1 takes action: lying_own_secret(['a1', 'a1s'])
3th Simulation:
a1 takes action: lying_own_secret(['a1', 'a1s'])
a2 takes action: sharing_stay(['a2'])
a3 takes action: sharing_stay(['a3'])
a4 takes action: sharing_stay(['a4'])
a5 takes action: sharing_stay(['a5'])
a6 takes action: sharing_stay(['a6'])
a7 takes action: sharing_stay(['a7'])
a8 takes action: sharing_stay(['a8'])
a1 takes action: quiet(['a1', 'a1s'])
a2 takes action: move_right(['a2'])
a3 takes action: move_right(['a3'])
a4 takes action: move_right(['a4'])
a5 takes action: normal_stay(['a5'])
a6 takes action: normal_stay(['a6'])
a7 takes action: normal_stay(['a7'])
a8 takes action: normal_stay(['a8'])
a1 takes action: sharing_own_secret(['a1', 'a1s'])
a2 takes action: sharing_stay(['a2'])
a3 takes action: sharing_stay(['a3'])
a4 takes action: sharing_stay(['a4'])
a5 takes action: sharing_stay(['a5'])
a6 takes action: sharing_stay(['a6'])
a7 takes action: sharing_stay(['a7'])
a8 takes action: sharing_stay(['a8'])
a1 takes action: quiet(['a1', 'a1s'])
a2 takes action: normal_stay(['a2'])
a3 takes action: normal_stay(['a3'])
a4 takes action: normal_stay(['a4'])
a5 takes action: normal_stay(['a5'])
a6 takes action: normal_stay(['a6'])
a7 takes action: normal_stay(['a7'])
a8 takes action: normal_stay(['a8'])
a1 takes action: move_right(['a1'])
a2 takes action: normal_stay(['a2'])
a3 takes action: normal_stay(['a3'])
a4 takes action: normal_stay(['a4'])
a5 takes action: normal_stay(['a5'])
a6 takes action: normal_stay(['a6'])
a7 takes action: normal_stay(['a7'])
a8 takes action: normal_stay(['a8'])
a1 takes action: lying_own_secret(['a1', 'a1s'])
4th Simulation:
a1 takes action: sharing_own_secret(['a1', 'a1s'])
a2 takes action: sharing_stay(['a2'])
a3 takes action: sharing_stay(['a3'])
a4 takes action: sharing_stay(['a4'])
a5 takes action: sharing_stay(['a5'])
a6 takes action: sharing_stay(['a6'])
a7 takes action: sharing_stay(['a7'])
a8 takes action: sharing_stay(['a8'])
a1 takes action: quiet(['a1', 'a1s'])
a2 takes action: move_right(['a2'])
a3 takes action: move_right(['a3'])
a4 takes action: move_right(['a4'])
a5 takes action: normal_stay(['a5'])
a6 takes action: normal_stay(['a6'])
a7 takes action: normal_stay(['a7'])
a8 takes action: normal_stay(['a8'])
a1 takes action: move_right(['a1'])
a2 takes action: normal_stay(['a2'])
a3 takes action: normal_stay(['a3'])
a4 takes action: normal_stay(['a4'])
a5 takes action: normal_stay(['a5'])
a6 takes action: normal_stay(['a6'])
a7 takes action: normal_stay(['a7'])
a8 takes action: normal_stay(['a8'])
a1 takes action: lying_own_secret(['a1', 'a1s'])
5th Simulation:
a1 takes action: lying_own_secret(['a1', 'a1s'])
a2 takes action: sharing_stay(['a2'])
a3 takes action: sharing_stay(['a3'])
a4 takes action: sharing_stay(['a4'])
a5 takes action: sharing_stay(['a5'])
a6 takes action: sharing_stay(['a6'])
a7 takes action: sharing_stay(['a7'])
a8 takes action: sharing_stay(['a8'])
a1 takes action: quiet(['a1', 'a1s'])
a2 takes action: move_right(['a2'])
a3 takes action: move_right(['a3'])
a4 takes action: move_right(['a4'])
a5 takes action: normal_stay(['a5'])
a6 takes action: normal_stay(['a6'])
a7 takes action: normal_stay(['a7'])
a8 takes action: normal_stay(['a8'])
a1 takes action: sharing_own_secret(['a1', 'a1s'])
a2 takes action: sharing_stay(['a2'])
a3 takes action: sharing_stay(['a3'])
a4 takes action: sharing_stay(['a4'])
a5 takes action: sharing_stay(['a5'])
a6 takes action: sharing_stay(['a6'])
a7 takes action: sharing_stay(['a7'])
a8 takes action: sharing_stay(['a8'])
a1 takes action: quiet(['a1', 'a1s'])
a2 takes action: normal_stay(['a2'])
a3 takes action: normal_stay(['a3'])
a4 takes action: normal_stay(['a4'])
a5 takes action: normal_stay(['a5'])
a6 takes action: normal_stay(['a6'])
a7 takes action: normal_stay(['a7'])
a8 takes action: normal_stay(['a8'])
a1 takes action: move_right(['a1'])
a2 takes action: normal_stay(['a2'])
a3 takes action: normal_stay(['a3'])
a4 takes action: normal_stay(['a4'])
a5 takes action: normal_stay(['a5'])
a6 takes action: normal_stay(['a6'])
a7 takes action: normal_stay(['a7'])
a8 takes action: normal_stay(['a8'])
a1 takes action: lying_own_secret(['a1', 'a1s'])
Avg Steps: 31.4
Avg Time: 265.953098s
Avg VMS: 21.2
Avg Call of JP: 261162.4

