-------------------
Centralized Planning Result:
Time spent: 0.381148s
Number of Expansions: 78
Path Length: 6
Path: ["move_and_share(['b', 'r3', 'r2'])", "move_and_share_survivor(['b', 's1', 'r2', 'r4'])", "move_and_share(['b', 'r4', 'r1'])", "move_and_share(['b', 'r1', 'r4'])", "move_and_share(['b', 'r4', 'r5'])", "move_and_share(['b', 'r5', 'r3'])"]
-------------------
1th Simulation:
a takes action: stay(['a'])
b vms: 4
b takes action: move_and_share(['b', 'r3', 'r5'])
a takes action: stay(['a'])
b vms: 4
b takes action: move_and_share(['b', 'r5', 'r3'])
a takes action: stay(['a'])
b vms: 4
b takes action: move_and_share(['b', 'r3', 'r2'])
a takes action: stay(['a'])
b vms: 4
b takes action: move_and_share(['b', 'r2', 'r4'])
a takes action: stay(['a'])
b vms: 1
b takes action: move_and_share(['b', 'r4', 'r1'])
a takes action: stay(['a'])
b vms: 1
b takes action: move_and_share_survivor(['b', 's1', 'r1', 'r4'])
Avg Steps: 12.0
Avg Time: 11.614066s
Avg VMS: 18.0
Avg Call of JP: 5438.0

