2025-10-23 17:17:02,256 EXP - __main__.Logger.exp:
a takes action: sharing_own_secret(['a', 'as'])
Steps: 1
Time cost: 0.011984s
2025-10-23 17:17:02,270 EXP - __main__.Logger.exp:
a takes action: sharing_own_secret(['a', 'as'])
Steps: 1
Time cost: 0.012482s
2025-10-23 17:17:02,283 EXP - __main__.Logger.exp:
a takes action: sharing_own_secret(['a', 'as'])
Steps: 1
Time cost: 0.011974s
2025-10-23 17:17:02,296 EXP - __main__.Logger.exp:
a takes action: sharing_own_secret(['a', 'as'])
Steps: 1
Time cost: 0.012135s
2025-10-23 17:17:02,309 EXP - __main__.Logger.exp:
a takes action: sharing_own_secret(['a', 'as'])
Steps: 1
Time cost: 0.012226s
2025-10-23 17:17:02,309 EXP - __main__.Logger.exp:
Avg Steps: 1.0
Avg Time: 0.012160s
