2025-10-23 17:17:02,023 EXP - __main__.Logger.exp:
a takes action: sharing_own_secret(['a', 'as'])
Steps: 1
Time cost: 0.005922s
2025-10-23 17:17:02,030 EXP - __main__.Logger.exp:
a takes action: sharing_own_secret(['a', 'as'])
Steps: 1
Time cost: 0.005826s
2025-10-23 17:17:02,037 EXP - __main__.Logger.exp:
a takes action: sharing_own_secret(['a', 'as'])
Steps: 1
Time cost: 0.005776s
2025-10-23 17:17:02,044 EXP - __main__.Logger.exp:
a takes action: sharing_own_secret(['a', 'as'])
Steps: 1
Time cost: 0.005824s
2025-10-23 17:17:02,051 EXP - __main__.Logger.exp:
a takes action: sharing_own_secret(['a', 'as'])
Steps: 1
Time cost: 0.005805s
2025-10-23 17:17:02,051 EXP - __main__.Logger.exp:
Avg Steps: 1.0
Avg Time: 0.005831s
