2025-10-23 17:17:01,926 EXP - __main__.Logger.exp:
a takes action: sharing_own_secret(['a', 'as'])
Steps: 1
Time cost: 0.005649s
2025-10-23 17:17:01,933 EXP - __main__.Logger.exp:
a takes action: sharing_own_secret(['a', 'as'])
Steps: 1
Time cost: 0.005637s
2025-10-23 17:17:01,940 EXP - __main__.Logger.exp:
a takes action: sharing_own_secret(['a', 'as'])
Steps: 1
Time cost: 0.005538s
2025-10-23 17:17:01,947 EXP - __main__.Logger.exp:
a takes action: sharing_own_secret(['a', 'as'])
Steps: 1
Time cost: 0.005575s
2025-10-23 17:17:01,953 EXP - __main__.Logger.exp:
a takes action: sharing_own_secret(['a', 'as'])
Steps: 1
Time cost: 0.005574s
2025-10-23 17:17:01,953 EXP - __main__.Logger.exp:
Avg Steps: 1.0
Avg Time: 0.005595s
