2025-10-24 12:07:48,631 EXP - __main__.Logger.exp:
a takes action: lying_own_secret(['a', 'as'])
b takes action: sharing_stay(['b'])
c takes action: sharing_stay(['c'])
a takes action: quiet(['a', 'as'])
b takes action: move_right(['b'])
c takes action: normal_stay(['c'])
a takes action: sharing_own_secret(['a', 'as'])
b takes action: sharing_stay(['b'])
c takes action: sharing_stay(['c'])
a takes action: quiet(['a', 'as'])
b takes action: normal_stay(['b'])
c takes action: move_right(['c'])
a takes action: normal_stay(['a'])
b takes action: move_left(['b'])
c takes action: move_left(['c'])
a takes action: move_right(['a'])
b takes action: normal_stay(['b'])
c takes action: sharing_others_secret(['c', 'as'])
Steps: 18
Time cost: 5.405388s
2025-10-24 12:07:59,104 EXP - __main__.Logger.exp:
a takes action: lying_own_secret(['a', 'as'])
b takes action: sharing_stay(['b'])
c takes action: sharing_stay(['c'])
a takes action: quiet(['a', 'as'])
b takes action: move_right(['b'])
c takes action: normal_stay(['c'])
a takes action: sharing_own_secret(['a', 'as'])
b takes action: sharing_stay(['b'])
c takes action: sharing_stay(['c'])
a takes action: quiet(['a', 'as'])
b takes action: normal_stay(['b'])
c takes action: move_right(['c'])
a takes action: normal_stay(['a'])
b takes action: move_left(['b'])
c takes action: normal_stay(['c'])
a takes action: normal_stay(['a'])
b takes action: normal_stay(['b'])
c takes action: move_left(['c'])
a takes action: move_right(['a'])
b takes action: move_right(['b'])
c takes action: normal_stay(['c'])
a takes action: move_left(['a'])
b takes action: normal_stay(['b'])
c takes action: move_right(['c'])
a takes action: normal_stay(['a'])
b takes action: normal_stay(['b'])
c takes action: sharing_others_secret(['c', 'as'])
Steps: 27
Time cost: 10.471854s
2025-10-24 12:08:02,957 EXP - __main__.Logger.exp:
a takes action: lying_own_secret(['a', 'as'])
b takes action: sharing_stay(['b'])
c takes action: sharing_stay(['c'])
a takes action: quiet(['a', 'as'])
b takes action: move_right(['b'])
c takes action: normal_stay(['c'])
a takes action: sharing_own_secret(['a', 'as'])
b takes action: sharing_stay(['b'])
c takes action: sharing_stay(['c'])
a takes action: quiet(['a', 'as'])
b takes action: normal_stay(['b'])
c takes action: move_right(['c'])
a takes action: normal_stay(['a'])
b takes action: normal_stay(['b'])
c takes action: sharing_others_secret(['c', 'as'])
Steps: 15
Time cost: 3.851281s
2025-10-24 12:08:02,957 EXP - __main__.Logger.exp:
Avg Steps: 20.0
Avg Time: 6.576174s
