2025-10-24 20:09:59,608 EXP - __main__.Logger.exp:
a takes action: move(['a', 'r1', 'r4'])
b takes action: move(['b', 'r2', 'r5'])
c takes action: move(['c', 'r6', 'r3'])
d takes action: move(['d', 'r7', 'r8'])
a takes action: move(['a', 'r4', 'r7'])
b takes action: move(['b', 'r5', 'r6'])
c takes action: move(['c', 'r3', 'r2'])
d takes action: move(['d', 'r8', 'r5'])
a takes action: stay(['a'])
b takes action: stay(['b'])
c takes action: stay(['c'])
d takes action: move(['d', 'r5', 'r4'])
a takes action: stay(['a'])
b takes action: stay(['b'])
c takes action: stay(['c'])
d takes action: move(['d', 'r4', 'r1'])
Steps: 16
Time cost: 1.553172s
2025-10-24 20:10:01,181 EXP - __main__.Logger.exp:
a takes action: move(['a', 'r1', 'r4'])
b takes action: move(['b', 'r2', 'r5'])
c takes action: move(['c', 'r6', 'r3'])
d takes action: move(['d', 'r7', 'r8'])
a takes action: move(['a', 'r4', 'r7'])
b takes action: move(['b', 'r5', 'r6'])
c takes action: move(['c', 'r3', 'r2'])
d takes action: move(['d', 'r8', 'r5'])
a takes action: stay(['a'])
b takes action: stay(['b'])
c takes action: stay(['c'])
d takes action: move(['d', 'r5', 'r4'])
a takes action: stay(['a'])
b takes action: stay(['b'])
c takes action: stay(['c'])
d takes action: move(['d', 'r4', 'r1'])
Steps: 16
Time cost: 1.570024s
2025-10-24 20:10:02,755 EXP - __main__.Logger.exp:
a takes action: move(['a', 'r1', 'r4'])
b takes action: move(['b', 'r2', 'r5'])
c takes action: move(['c', 'r6', 'r3'])
d takes action: move(['d', 'r7', 'r8'])
a takes action: move(['a', 'r4', 'r7'])
b takes action: move(['b', 'r5', 'r6'])
c takes action: move(['c', 'r3', 'r2'])
d takes action: move(['d', 'r8', 'r5'])
a takes action: stay(['a'])
b takes action: stay(['b'])
c takes action: stay(['c'])
d takes action: move(['d', 'r5', 'r4'])
a takes action: stay(['a'])
b takes action: stay(['b'])
c takes action: stay(['c'])
d takes action: move(['d', 'r4', 'r1'])
Steps: 16
Time cost: 1.571988s
2025-10-24 20:10:02,755 EXP - __main__.Logger.exp:
Avg Steps: 16.0
Avg Time: 1.565061s
