2025-10-24 20:09:51,614 EXP - __main__.Logger.exp:
a takes action: stay(['a'])
b takes action: move(['b', 'r2', 'r3'])
c takes action: move(['c', 'r6', 'r5'])
d takes action: move(['d', 'r7', 'r8'])
a takes action: move(['a', 'r1', 'r4'])
b takes action: move(['b', 'r3', 'r6'])
c takes action: move(['c', 'r5', 'r2'])
d takes action: stay(['d'])
a takes action: move(['a', 'r4', 'r7'])
b takes action: stay(['b'])
c takes action: stay(['c'])
d takes action: move(['d', 'r8', 'r5'])
a takes action: stay(['a'])
b takes action: stay(['b'])
c takes action: stay(['c'])
d takes action: move(['d', 'r5', 'r4'])
a takes action: stay(['a'])
b takes action: stay(['b'])
c takes action: stay(['c'])
d takes action: move(['d', 'r4', 'r1'])
Steps: 20
Time cost: 0.230557s
2025-10-24 20:09:51,917 EXP - __main__.Logger.exp:
a takes action: stay(['a'])
b takes action: move(['b', 'r2', 'r3'])
c takes action: move(['c', 'r6', 'r5'])
d takes action: stay(['d'])
a takes action: stay(['a'])
b takes action: move(['b', 'r3', 'r6'])
c takes action: move(['c', 'r5', 'r2'])
d takes action: stay(['d'])
a takes action: move(['a', 'r1', 'r4'])
b takes action: stay(['b'])
c takes action: stay(['c'])
d takes action: move(['d', 'r7', 'r8'])
a takes action: move(['a', 'r4', 'r7'])
b takes action: stay(['b'])
c takes action: stay(['c'])
d takes action: move(['d', 'r8', 'r5'])
a takes action: stay(['a'])
b takes action: stay(['b'])
c takes action: stay(['c'])
d takes action: move(['d', 'r5', 'r4'])
a takes action: stay(['a'])
b takes action: stay(['b'])
c takes action: stay(['c'])
d takes action: move(['d', 'r4', 'r1'])
Steps: 24
Time cost: 0.300669s
2025-10-24 20:09:52,193 EXP - __main__.Logger.exp:
a takes action: stay(['a'])
b takes action: move(['b', 'r2', 'r5'])
c takes action: move(['c', 'r6', 'r3'])
d takes action: move(['d', 'r7', 'r8'])
a takes action: move(['a', 'r1', 'r4'])
b takes action: move(['b', 'r5', 'r6'])
c takes action: move(['c', 'r3', 'r2'])
d takes action: move(['d', 'r8', 'r9'])
a takes action: move(['a', 'r4', 'r7'])
b takes action: stay(['b'])
c takes action: stay(['c'])
d takes action: move(['d', 'r9', 'r8'])
a takes action: stay(['a'])
b takes action: stay(['b'])
c takes action: stay(['c'])
d takes action: move(['d', 'r8', 'r5'])
a takes action: stay(['a'])
b takes action: stay(['b'])
c takes action: stay(['c'])
d takes action: move(['d', 'r5', 'r4'])
a takes action: stay(['a'])
b takes action: stay(['b'])
c takes action: stay(['c'])
d takes action: move(['d', 'r4', 'r1'])
Steps: 24
Time cost: 0.274138s
2025-10-24 20:09:52,193 EXP - __main__.Logger.exp:
Avg Steps: 22.666666666666668
Avg Time: 0.268454s
