2025-10-24 20:09:44,609 EXP - __main__.Logger.exp:
a takes action: move(['a', 'r1', 'r4'])
b takes action: move(['b', 'r2', 'r5'])
c takes action: move(['c', 'r6', 'r3'])
d takes action: stay(['d'])
a takes action: move(['a', 'r4', 'r1'])
b takes action: move(['b', 'r5', 'r6'])
c takes action: move(['c', 'r3', 'r2'])
d takes action: move(['d', 'r7', 'r8'])
a takes action: move(['a', 'r1', 'r4'])
b takes action: stay(['b'])
c takes action: stay(['c'])
d takes action: stay(['d'])
a takes action: move(['a', 'r4', 'r7'])
b takes action: stay(['b'])
c takes action: stay(['c'])
d takes action: move(['d', 'r8', 'r5'])
a takes action: stay(['a'])
b takes action: stay(['b'])
c takes action: stay(['c'])
d takes action: move(['d', 'r5', 'r4'])
a takes action: stay(['a'])
b takes action: stay(['b'])
c takes action: stay(['c'])
d takes action: move(['d', 'r4', 'r1'])
Steps: 24
Time cost: 0.268174s
2025-10-24 20:09:45,111 EXP - __main__.Logger.exp:
a takes action: move(['a', 'r1', 'r4'])
b takes action: stay(['b'])
c takes action: move(['c', 'r6', 'r5'])
d takes action: stay(['d'])
a takes action: stay(['a'])
b takes action: move(['b', 'r2', 'r3'])
c takes action: move(['c', 'r5', 'r2'])
d takes action: stay(['d'])
a takes action: move(['a', 'r4', 'r1'])
b takes action: move(['b', 'r3', 'r6'])
c takes action: stay(['c'])
d takes action: move(['d', 'r7', 'r4'])
a takes action: stay(['a'])
b takes action: stay(['b'])
c takes action: stay(['c'])
d takes action: stay(['d'])
a takes action: stay(['a'])
b takes action: stay(['b'])
c takes action: stay(['c'])
d takes action: move(['d', 'r4', 'r7'])
a takes action: stay(['a'])
b takes action: stay(['b'])
c takes action: stay(['c'])
d takes action: stay(['d'])
a takes action: move(['a', 'r1', 'r4'])
b takes action: stay(['b'])
c takes action: stay(['c'])
d takes action: stay(['d'])
a takes action: move(['a', 'r4', 'r5'])
b takes action: stay(['b'])
c takes action: stay(['c'])
d takes action: move(['d', 'r7', 'r4'])
a takes action: move(['a', 'r5', 'r8'])
b takes action: stay(['b'])
c takes action: stay(['c'])
d takes action: move(['d', 'r4', 'r1'])
a takes action: move(['a', 'r8', 'r7'])
Steps: 37
Time cost: 0.498882s
2025-10-24 20:09:45,494 EXP - __main__.Logger.exp:
a takes action: move(['a', 'r1', 'r4'])
b takes action: move(['b', 'r2', 'r3'])
c takes action: move(['c', 'r6', 'r5'])
d takes action: stay(['d'])
a takes action: stay(['a'])
b takes action: move(['b', 'r3', 'r6'])
c takes action: move(['c', 'r5', 'r2'])
d takes action: stay(['d'])
a takes action: move(['a', 'r4', 'r1'])
b takes action: stay(['b'])
c takes action: stay(['c'])
d takes action: stay(['d'])
a takes action: move(['a', 'r1', 'r4'])
b takes action: stay(['b'])
c takes action: stay(['c'])
d takes action: stay(['d'])
a takes action: stay(['a'])
b takes action: stay(['b'])
c takes action: stay(['c'])
d takes action: stay(['d'])
a takes action: move(['a', 'r4', 'r5'])
b takes action: stay(['b'])
c takes action: stay(['c'])
d takes action: move(['d', 'r7', 'r4'])
a takes action: move(['a', 'r5', 'r8'])
b takes action: stay(['b'])
c takes action: stay(['c'])
d takes action: move(['d', 'r4', 'r1'])
a takes action: move(['a', 'r8', 'r7'])
Steps: 29
Time cost: 0.381692s
2025-10-24 20:09:45,494 EXP - __main__.Logger.exp:
Avg Steps: 30.0
Avg Time: 0.382916s
