2025-12-06 19:28:13,620 ERROR - __main__._.regex_search:
result not found: \s+b\[([\w,]+)\]\s(.+)\((.+)\)=\[(.+)\] in         coin(c1)=[all]

2025-12-06 19:28:13,684 EXP - __main__.Logger.exp:
a takes action: peek(['a'])
b takes action: peek(['b'])
a takes action: flip_up(['a', 'c1'])
b takes action: return(['b'])
a takes action: flip_down(['a', 'c1'])
Steps: 5
Time cost: 0.048241s
Number of Generated Virtual Problems: 7

2025-12-06 19:28:13,731 EXP - __main__.Logger.exp:
a takes action: peek(['a'])
b takes action: peek(['b'])
a takes action: flip_up(['a', 'c1'])
b takes action: return(['b'])
a takes action: flip_down(['a', 'c1'])
Steps: 5
Time cost: 0.046486s
Number of Generated Virtual Problems: 7

2025-12-06 19:28:13,783 EXP - __main__.Logger.exp:
a takes action: peek(['a'])
b takes action: peek(['b'])
a takes action: flip_up(['a', 'c1'])
b takes action: return(['b'])
a takes action: flip_down(['a', 'c1'])
Steps: 5
Time cost: 0.050730s
Number of Generated Virtual Problems: 7

2025-12-06 19:28:13,833 EXP - __main__.Logger.exp:
a takes action: peek(['a'])
b takes action: peek(['b'])
a takes action: flip_up(['a', 'c1'])
b takes action: return(['b'])
a takes action: flip_down(['a', 'c1'])
Steps: 5
Time cost: 0.050196s
Number of Generated Virtual Problems: 7

2025-12-06 19:28:13,884 EXP - __main__.Logger.exp:
a takes action: peek(['a'])
b takes action: peek(['b'])
a takes action: flip_up(['a', 'c1'])
b takes action: return(['b'])
a takes action: flip_down(['a', 'c1'])
Steps: 5
Time cost: 0.050450s
Number of Generated Virtual Problems: 7

2025-12-06 19:28:13,885 EXP - __main__.Logger.exp:
Avg Steps: 5.0
Avg Time: 0.049220s
Avg VMS: 7.0

