2025-12-06 19:28:13,719 ERROR - __main__._.regex_search:
result not found: \s+b\[([\w,]+)\]\s(.+)\((.+)\)=\[(.+)\] in         coin(c1)=[all]

2025-12-06 19:28:13,753 EXP - __main__.Logger.exp:
a takes action: peek(['a'])
b takes action: peek(['b'])
a takes action: flip_up(['a', 'c1'])
b takes action: return(['b'])
a takes action: flip_down(['a', 'c1'])
Steps: 5
Time cost: 0.026195s
Number of Generated Virtual Problems: 7

2025-12-06 19:28:13,769 EXP - __main__.Logger.exp:
a takes action: peek(['a'])
b takes action: peek(['b'])
a takes action: flip_up(['a', 'c1'])
b takes action: return(['b'])
a takes action: flip_down(['a', 'c1'])
Steps: 5
Time cost: 0.016015s
Number of Generated Virtual Problems: 7

2025-12-06 19:28:13,785 EXP - __main__.Logger.exp:
a takes action: peek(['a'])
b takes action: peek(['b'])
a takes action: flip_up(['a', 'c1'])
b takes action: return(['b'])
a takes action: flip_down(['a', 'c1'])
Steps: 5
Time cost: 0.015101s
Number of Generated Virtual Problems: 7

2025-12-06 19:28:13,800 EXP - __main__.Logger.exp:
a takes action: peek(['a'])
b takes action: peek(['b'])
a takes action: flip_up(['a', 'c1'])
b takes action: return(['b'])
a takes action: flip_down(['a', 'c1'])
Steps: 5
Time cost: 0.015080s
Number of Generated Virtual Problems: 7

2025-12-06 19:28:13,815 EXP - __main__.Logger.exp:
a takes action: peek(['a'])
b takes action: peek(['b'])
a takes action: flip_up(['a', 'c1'])
b takes action: return(['b'])
a takes action: flip_down(['a', 'c1'])
Steps: 5
Time cost: 0.014906s
Number of Generated Virtual Problems: 7

2025-12-06 19:28:13,815 EXP - __main__.Logger.exp:
Avg Steps: 5.0
Avg Time: 0.017459s
Avg VMS: 7.0

