2025-10-23 16:54:29,656 EXP - __main__.Logger.exp:
a takes action: stay(['a'])
b takes action: stay(['b'])
c takes action: move_right_without_item(['c'])
d takes action: move_right_without_item(['d'])
a takes action: pick_up(['a', 'o1'])
b takes action: pick_up(['b', 'o2'])
Steps: 6
Time cost: 803.870248s
2025-10-23 17:07:50,428 EXP - __main__.Logger.exp:
a takes action: stay(['a'])
b takes action: stay(['b'])
c takes action: move_right_without_item(['c'])
d takes action: move_right_without_item(['d'])
a takes action: pick_up(['a', 'o1'])
b takes action: pick_up(['b', 'o2'])
Steps: 6
Time cost: 800.769714s
2025-10-23 17:07:50,428 EXP - __main__.Logger.exp:
Avg Steps: 6.0
Avg Time: 802.319981s
