2025-10-23 16:53:35,297 EXP - __main__.Logger.exp:
a takes action: stay(['a'])
b takes action: stay(['b'])
c takes action: move_right_without_item(['c'])
d takes action: move_right_without_item(['d'])
a takes action: pick_up(['a', 'o1'])
b takes action: pick_up(['b', 'o2'])
Steps: 6
Time cost: 749.453433s
2025-10-23 17:06:00,192 EXP - __main__.Logger.exp:
a takes action: stay(['a'])
b takes action: stay(['b'])
c takes action: move_right_without_item(['c'])
d takes action: move_right_without_item(['d'])
a takes action: pick_up(['a', 'o1'])
b takes action: pick_up(['b', 'o2'])
Steps: 6
Time cost: 744.893667s
2025-10-23 17:06:00,193 EXP - __main__.Logger.exp:
Avg Steps: 6.0
Avg Time: 747.173550s
