2025-10-24 15:15:23,010 EXP - __main__.Logger.exp:
a takes action: move(['a', 'r1', 'r2'])
b takes action: stay(['b'])
a takes action: move(['a', 'r2', 'r3'])
b takes action: move(['b', 'r4', 'r5'])
a takes action: stay(['a'])
b takes action: move(['b', 'r5', 'r4'])
a takes action: stay(['a'])
b takes action: stay(['b'])
a takes action: stay(['a'])
b takes action: move(['b', 'r4', 'r5'])
a takes action: stay(['a'])
b takes action: move(['b', 'r5', 'r4'])
a takes action: stay(['a'])
b takes action: stay(['b'])
a takes action: stay(['a'])
b takes action: move(['b', 'r4', 'r5'])
a takes action: stay(['a'])
b takes action: move(['b', 'r5', 'r4'])
a takes action: stay(['a'])
b takes action: stay(['b'])
a takes action: stay(['a'])
b takes action: stay(['b'])
a takes action: stay(['a'])
b takes action: move(['b', 'r4', 'r5'])
a takes action: stay(['a'])
b takes action: move(['b', 'r5', 'r4'])
a takes action: stay(['a'])
b takes action: move(['b', 'r4', 'r5'])
a takes action: stay(['a'])
b takes action: move(['b', 'r5', 'r4'])
a takes action: stay(['a'])
b takes action: stay(['b'])
a takes action: stay(['a'])
b takes action: move(['b', 'r4', 'r5'])
a takes action: stay(['a'])
b takes action: move(['b', 'r5', 'r4'])
a takes action: stay(['a'])
b takes action: stay(['b'])
a takes action: stay(['a'])
b takes action: move(['b', 'r4', 'r7'])
a takes action: move(['a', 'r3', 'r4'])
b takes action: stay(['b'])
a takes action: move(['a', 'r4', 'r5'])
b takes action: move(['b', 'r7', 'r4'])
Steps: 44
Time cost: 3.754156s
2025-10-24 15:15:24,724 EXP - __main__.Logger.exp:
a takes action: move(['a', 'r1', 'r2'])
b takes action: stay(['b'])
a takes action: move(['a', 'r2', 'r3'])
b takes action: move(['b', 'r4', 'r5'])
a takes action: stay(['a'])
b takes action: move(['b', 'r5', 'r4'])
a takes action: stay(['a'])
b takes action: stay(['b'])
a takes action: stay(['a'])
b takes action: move(['b', 'r4', 'r5'])
a takes action: stay(['a'])
b takes action: move(['b', 'r5', 'r4'])
a takes action: stay(['a'])
b takes action: move(['b', 'r4', 'r5'])
a takes action: stay(['a'])
b takes action: move(['b', 'r5', 'r4'])
a takes action: stay(['a'])
b takes action: stay(['b'])
a takes action: stay(['a'])
b takes action: move(['b', 'r4', 'r7'])
a takes action: move(['a', 'r3', 'r4'])
b takes action: stay(['b'])
a takes action: move(['a', 'r4', 'r5'])
b takes action: move(['b', 'r7', 'r4'])
Steps: 24
Time cost: 1.712431s
2025-10-24 15:15:25,391 EXP - __main__.Logger.exp:
a takes action: move(['a', 'r1', 'r2'])
b takes action: stay(['b'])
a takes action: move(['a', 'r2', 'r3'])
b takes action: stay(['b'])
a takes action: stay(['a'])
b takes action: stay(['b'])
a takes action: stay(['a'])
b takes action: move(['b', 'r4', 'r7'])
a takes action: move(['a', 'r3', 'r4'])
b takes action: stay(['b'])
a takes action: move(['a', 'r4', 'r5'])
b takes action: move(['b', 'r7', 'r4'])
Steps: 12
Time cost: 0.666265s
2025-10-24 15:15:25,392 EXP - __main__.Logger.exp:
Avg Steps: 26.666666666666668
Avg Time: 2.044284s
