2025-10-25 18:07:56,704 EXP - __main__.Logger.exp:
a takes action: stay(['a'])
b takes action: move_without_item(['b', 'r2', 'r3'])
a takes action: stay(['a'])
b takes action: pick_up(['b', 'i', 'r3'])
a takes action: move_without_item(['a', 'r1', 'r2'])
b takes action: stay(['b'])
a takes action: move_without_item(['a', 'r2', 'r1'])
b takes action: stay(['b'])
a takes action: move_without_item(['a', 'r1', 'r2'])
b takes action: stay(['b'])
a takes action: move_without_item(['a', 'r2', 'r1'])
b takes action: stay(['b'])
a takes action: move_without_item(['a', 'r1', 'r2'])
b takes action: stay(['b'])
a takes action: stay(['a'])
b takes action: stay(['b'])
a takes action: move_without_item(['a', 'r2', 'r3'])
Steps: 17
Time cost: 25.797427s
2025-10-25 18:07:59,854 EXP - __main__.Logger.exp:
a takes action: stay(['a'])
b takes action: move_without_item(['b', 'r2', 'r1'])
a takes action: move_without_item(['a', 'r1', 'r3'])
b takes action: move_without_item(['b', 'r1', 'r3'])
a takes action: stay(['a'])
b takes action: pick_up(['b', 'i', 'r3'])
Steps: 6
Time cost: 3.148245s
2025-10-25 18:07:59,854 EXP - __main__.Logger.exp:
Avg Steps: 11.5
Avg Time: 14.472836s
