2025-10-25 18:07:28,145 EXP - __main__.Logger.exp:
a takes action: stay(['a'])
b takes action: move_without_item(['b', 'r2', 'r3'])
a takes action: move_without_item(['a', 'r1', 'r3'])
b takes action: pick_up(['b', 'i', 'r3'])
Steps: 4
Time cost: 3.568826s
2025-10-25 18:07:34,374 EXP - __main__.Logger.exp:
a takes action: move_without_item(['a', 'r1', 'r3'])
b takes action: move_without_item(['b', 'r2', 'r1'])
a takes action: stay(['a'])
b takes action: move_without_item(['b', 'r1', 'r2'])
a takes action: stay(['a'])
b takes action: move_without_item(['b', 'r2', 'r3'])
a takes action: stay(['a'])
b takes action: pick_up(['b', 'i', 'r3'])
Steps: 8
Time cost: 6.228393s
2025-10-25 18:07:34,374 EXP - __main__.Logger.exp:
Avg Steps: 6.0
Avg Time: 4.898609s
