2025-10-22 17:50:56,957 EXP - __main__.Logger.exp:
a takes action: stay(['a'])
b takes action: move_right_without_item(['b'])
a takes action: pick_up(['a', 'i'])
Steps: 3
Time cost: 0.065387s
2025-10-22 17:50:57,020 EXP - __main__.Logger.exp:
a takes action: stay(['a'])
b takes action: move_right_without_item(['b'])
a takes action: pick_up(['a', 'i'])
Steps: 3
Time cost: 0.062293s
2025-10-22 17:50:57,083 EXP - __main__.Logger.exp:
a takes action: stay(['a'])
b takes action: move_right_without_item(['b'])
a takes action: pick_up(['a', 'i'])
Steps: 3
Time cost: 0.062471s
2025-10-22 17:50:57,083 EXP - __main__.Logger.exp:
Avg Steps: 3.0
Avg Time: 0.063384s
