2025-10-20 22:02:59,282 EXP - __main__.Logger.exp:
a takes action: stay(['a'])
b takes action: move_right_without_item(['b'])
a takes action: pick_up(['a', 'i'])
Steps: 3
Time cost: 0.022783s
2025-10-20 22:02:59,305 EXP - __main__.Logger.exp:
a takes action: stay(['a'])
b takes action: move_right_without_item(['b'])
a takes action: pick_up(['a', 'i'])
Steps: 3
Time cost: 0.022889s
2025-10-20 22:02:59,329 EXP - __main__.Logger.exp:
a takes action: stay(['a'])
b takes action: move_right_without_item(['b'])
a takes action: pick_up(['a', 'i'])
Steps: 3
Time cost: 0.022785s
2025-10-20 22:02:59,352 EXP - __main__.Logger.exp:
a takes action: stay(['a'])
b takes action: move_right_without_item(['b'])
a takes action: pick_up(['a', 'i'])
Steps: 3
Time cost: 0.022565s
2025-10-20 22:02:59,375 EXP - __main__.Logger.exp:
a takes action: stay(['a'])
b takes action: move_right_without_item(['b'])
a takes action: pick_up(['a', 'i'])
Steps: 3
Time cost: 0.022322s
2025-10-20 22:02:59,375 EXP - __main__.Logger.exp:
Avg Steps: 3.0
Avg Time: 0.022669s
