2025-10-20 22:03:00,287 EXP - __main__.Logger.exp:
a takes action: pick_up(['a', 'i'])
b takes action: stay(['b'])
a takes action: move_right_with_item(['a', 'i'])
b takes action: move_right_without_item(['b'])
a takes action: move_left_with_item(['a', 'i'])
b takes action: stay(['b'])
a takes action: drop_item(['a', 'i'])
b takes action: move_left_without_item(['b'])
a takes action: pick_up(['a', 'i'])
b takes action: move_right_without_item(['b'])
a takes action: drop_item(['a', 'i'])
b takes action: move_left_without_item(['b'])
a takes action: pick_up(['a', 'i'])
b takes action: move_right_without_item(['b'])
a takes action: drop_item(['a', 'i'])
b takes action: move_left_without_item(['b'])
a takes action: pick_up(['a', 'i'])
b takes action: stay(['b'])
a takes action: move_right_with_item(['a', 'i'])
b takes action: move_right_without_item(['b'])
a takes action: move_left_with_item(['a', 'i'])
b takes action: move_left_without_item(['b'])
a takes action: move_right_with_item(['a', 'i'])
b takes action: move_right_without_item(['b'])
a takes action: move_left_with_item(['a', 'i'])
b takes action: move_left_without_item(['b'])
a takes action: move_right_with_item(['a', 'i'])
b takes action: stay(['b'])
a takes action: drop_item(['a', 'i'])
b takes action: stay(['b'])
a takes action: move_left_without_item(['a'])
b takes action: stay(['b'])
a takes action: move_right_without_item(['a'])
b takes action: stay(['b'])
a takes action: pick_up(['a', 'i'])
Steps: 35
Time cost: 0.351247s
2025-10-20 22:03:00,434 EXP - __main__.Logger.exp:
a takes action: pick_up(['a', 'i'])
b takes action: stay(['b'])
a takes action: move_right_with_item(['a', 'i'])
b takes action: stay(['b'])
a takes action: drop_item(['a', 'i'])
b takes action: move_right_without_item(['b'])
a takes action: pick_up(['a', 'i'])
b takes action: stay(['b'])
a takes action: move_left_with_item(['a', 'i'])
b takes action: move_left_without_item(['b'])
a takes action: move_right_with_item(['a', 'i'])
b takes action: stay(['b'])
a takes action: drop_item(['a', 'i'])
b takes action: move_right_without_item(['b'])
a takes action: pick_up(['a', 'i'])
b takes action: move_left_without_item(['b'])
a takes action: drop_item(['a', 'i'])
b takes action: stay(['b'])
a takes action: move_left_without_item(['a'])
b takes action: stay(['b'])
a takes action: move_right_without_item(['a'])
b takes action: stay(['b'])
a takes action: pick_up(['a', 'i'])
Steps: 23
Time cost: 0.146562s
2025-10-20 22:03:00,624 EXP - __main__.Logger.exp:
a takes action: pick_up(['a', 'i'])
b takes action: stay(['b'])
a takes action: move_right_with_item(['a', 'i'])
b takes action: move_right_without_item(['b'])
a takes action: move_left_with_item(['a', 'i'])
b takes action: move_left_without_item(['b'])
a takes action: move_right_with_item(['a', 'i'])
b takes action: stay(['b'])
a takes action: drop_item(['a', 'i'])
b takes action: move_right_without_item(['b'])
a takes action: pick_up(['a', 'i'])
b takes action: move_left_without_item(['b'])
a takes action: drop_item(['a', 'i'])
b takes action: move_right_without_item(['b'])
a takes action: pick_up(['a', 'i'])
b takes action: stay(['b'])
a takes action: move_left_with_item(['a', 'i'])
b takes action: stay(['b'])
a takes action: drop_item(['a', 'i'])
b takes action: stay(['b'])
a takes action: move_right_without_item(['a'])
b takes action: stay(['b'])
a takes action: move_left_without_item(['a'])
b takes action: stay(['b'])
a takes action: pick_up(['a', 'i'])
Steps: 25
Time cost: 0.188366s
2025-10-20 22:03:00,730 EXP - __main__.Logger.exp:
a takes action: pick_up(['a', 'i'])
b takes action: stay(['b'])
a takes action: move_right_with_item(['a', 'i'])
b takes action: move_right_without_item(['b'])
a takes action: move_left_with_item(['a', 'i'])
b takes action: move_left_without_item(['b'])
a takes action: move_right_with_item(['a', 'i'])
b takes action: move_right_without_item(['b'])
a takes action: move_left_with_item(['a', 'i'])
b takes action: move_left_without_item(['b'])
a takes action: move_right_with_item(['a', 'i'])
b takes action: stay(['b'])
a takes action: drop_item(['a', 'i'])
b takes action: stay(['b'])
a takes action: move_left_without_item(['a'])
b takes action: stay(['b'])
a takes action: move_right_without_item(['a'])
b takes action: stay(['b'])
a takes action: pick_up(['a', 'i'])
Steps: 19
Time cost: 0.105707s
2025-10-20 22:03:00,947 EXP - __main__.Logger.exp:
a takes action: pick_up(['a', 'i'])
b takes action: stay(['b'])
a takes action: move_right_with_item(['a', 'i'])
b takes action: move_right_without_item(['b'])
a takes action: move_left_with_item(['a', 'i'])
b takes action: move_left_without_item(['b'])
a takes action: move_right_with_item(['a', 'i'])
b takes action: move_right_without_item(['b'])
a takes action: move_left_with_item(['a', 'i'])
b takes action: move_left_without_item(['b'])
a takes action: move_right_with_item(['a', 'i'])
b takes action: stay(['b'])
a takes action: drop_item(['a', 'i'])
b takes action: move_right_without_item(['b'])
a takes action: pick_up(['a', 'i'])
b takes action: move_left_without_item(['b'])
a takes action: drop_item(['a', 'i'])
b takes action: move_right_without_item(['b'])
a takes action: pick_up(['a', 'i'])
b takes action: move_left_without_item(['b'])
a takes action: drop_item(['a', 'i'])
b takes action: stay(['b'])
a takes action: move_left_without_item(['a'])
b takes action: stay(['b'])
a takes action: move_right_without_item(['a'])
b takes action: stay(['b'])
a takes action: pick_up(['a', 'i'])
Steps: 27
Time cost: 0.216034s
2025-10-20 22:03:00,947 EXP - __main__.Logger.exp:
Avg Steps: 25.8
Avg Time: 0.201583s
