2025-10-23 17:52:49,152 EXP - __main__.Logger.exp:
a takes action: lying_own_secret(['a', 'as'])
b takes action: sharing_stay(['b'])
c takes action: sharing_stay(['c'])
d takes action: sharing_stay(['d'])
a takes action: quiet(['a', 'as'])
b takes action: normal_stay(['b'])
c takes action: normal_stay(['c'])
d takes action: move_right(['d'])
a takes action: move_right(['a'])
b takes action: move_right(['b'])
c takes action: move_right(['c'])
d takes action: move_left(['d'])
a takes action: move_left(['a'])
b takes action: move_left(['b'])
c takes action: move_left(['c'])
d takes action: normal_stay(['d'])
a takes action: move_right(['a'])
b takes action: move_right(['b'])
c takes action: move_right(['c'])
d takes action: move_right(['d'])
a takes action: move_left(['a'])
b takes action: move_left(['b'])
c takes action: move_left(['c'])
d takes action: normal_stay(['d'])
a takes action: move_right(['a'])
b takes action: move_right(['b'])
c takes action: move_right(['c'])
d takes action: normal_stay(['d'])
a takes action: move_left(['a'])
b takes action: move_left(['b'])
c takes action: move_left(['c'])
d takes action: normal_stay(['d'])
a takes action: move_right(['a'])
b takes action: move_right(['b'])
c takes action: move_right(['c'])
d takes action: move_left(['d'])
a takes action: move_left(['a'])
b takes action: move_left(['b'])
c takes action: move_left(['c'])
d takes action: normal_stay(['d'])
a takes action: move_right(['a'])
b takes action: move_right(['b'])
c takes action: move_right(['c'])
d takes action: sharing_others_secret(['d', 'as'])
a takes action: sharing_stay(['a'])
b takes action: sharing_stay(['b'])
c takes action: sharing_stay(['c'])
d takes action: quiet(['d', 'as'])
a takes action: move_left(['a'])
b takes action: move_left(['b'])
c takes action: move_left(['c'])
d takes action: normal_stay(['d'])
a takes action: move_right(['a'])
b takes action: move_right(['b'])
c takes action: move_right(['c'])
d takes action: move_right(['d'])
a takes action: move_left(['a'])
b takes action: move_left(['b'])
c takes action: move_left(['c'])
d takes action: sharing_others_secret(['d', 'as'])
a takes action: sharing_stay(['a'])
b takes action: sharing_stay(['b'])
c takes action: sharing_stay(['c'])
d takes action: quiet(['d', 'as'])
a takes action: move_right(['a'])
b takes action: move_right(['b'])
c takes action: move_right(['c'])
d takes action: sharing_others_secret(['d', 'as'])
a takes action: sharing_stay(['a'])
b takes action: sharing_stay(['b'])
c takes action: sharing_stay(['c'])
d takes action: quiet(['d', 'as'])
a takes action: move_left(['a'])
b takes action: move_left(['b'])
c takes action: move_left(['c'])
d takes action: move_left(['d'])
a takes action: move_right(['a'])
b takes action: move_right(['b'])
c takes action: move_right(['c'])
d takes action: sharing_others_secret(['d', 'as'])
a takes action: sharing_stay(['a'])
b takes action: sharing_stay(['b'])
c takes action: sharing_stay(['c'])
d takes action: quiet(['d', 'as'])
a takes action: move_left(['a'])
b takes action: move_left(['b'])
c takes action: move_left(['c'])
d takes action: sharing_others_secret(['d', 'as'])
a takes action: sharing_stay(['a'])
b takes action: sharing_stay(['b'])
c takes action: sharing_stay(['c'])
d takes action: quiet(['d', 'as'])
a takes action: move_right(['a'])
b takes action: move_right(['b'])
c takes action: move_right(['c'])
d takes action: sharing_others_secret(['d', 'as'])
a takes action: sharing_stay(['a'])
b takes action: sharing_stay(['b'])
c takes action: sharing_stay(['c'])
d takes action: quiet(['d', 'as'])
a takes action: move_left(['a'])
b takes action: move_left(['b'])
c takes action: move_left(['c'])
d takes action: move_right(['d'])
a takes action: move_right(['a'])
b takes action: move_right(['b'])
c takes action: move_right(['c'])
d takes action: normal_stay(['d'])
a takes action: move_left(['a'])
b takes action: move_left(['b'])
c takes action: move_left(['c'])
d takes action: move_left(['d'])
a takes action: move_right(['a'])
b takes action: move_right(['b'])
c takes action: move_right(['c'])
d takes action: move_right(['d'])
a takes action: move_left(['a'])
b takes action: move_left(['b'])
c takes action: move_left(['c'])
d takes action: sharing_others_secret(['d', 'as'])
a takes action: sharing_stay(['a'])
b takes action: sharing_stay(['b'])
c takes action: sharing_stay(['c'])
d takes action: quiet(['d', 'as'])
a takes action: move_right(['a'])
b takes action: move_right(['b'])
c takes action: move_right(['c'])
d takes action: sharing_others_secret(['d', 'as'])
a takes action: sharing_stay(['a'])
b takes action: sharing_stay(['b'])
c takes action: sharing_stay(['c'])
d takes action: quiet(['d', 'as'])
a takes action: move_left(['a'])
b takes action: move_left(['b'])
c takes action: move_left(['c'])
d takes action: normal_stay(['d'])
a takes action: move_right(['a'])
b takes action: move_right(['b'])
c takes action: move_right(['c'])
d takes action: sharing_others_secret(['d', 'as'])
a takes action: sharing_stay(['a'])
b takes action: sharing_stay(['b'])
c takes action: sharing_stay(['c'])
d takes action: quiet(['d', 'as'])
a takes action: move_left(['a'])
b takes action: move_left(['b'])
c takes action: move_left(['c'])
d takes action: move_left(['d'])
a takes action: move_right(['a'])
b takes action: move_right(['b'])
c takes action: move_right(['c'])
d takes action: move_right(['d'])
a takes action: move_left(['a'])
b takes action: move_left(['b'])
c takes action: move_left(['c'])
d takes action: sharing_others_secret(['d', 'as'])
a takes action: sharing_stay(['a'])
b takes action: sharing_stay(['b'])
c takes action: sharing_stay(['c'])
d takes action: quiet(['d', 'as'])
a takes action: move_right(['a'])
b takes action: move_right(['b'])
c takes action: move_right(['c'])
d takes action: sharing_others_secret(['d', 'as'])
a takes action: sharing_stay(['a'])
b takes action: sharing_stay(['b'])
c takes action: sharing_stay(['c'])
d takes action: quiet(['d', 'as'])
a takes action: move_left(['a'])
b takes action: move_left(['b'])
c takes action: move_left(['c'])
d takes action: sharing_others_secret(['d', 'as'])
a takes action: sharing_stay(['a'])
b takes action: sharing_stay(['b'])
c takes action: sharing_stay(['c'])
d takes action: quiet(['d', 'as'])
a takes action: move_right(['a'])
b takes action: move_right(['b'])
c takes action: move_right(['c'])
d takes action: normal_stay(['d'])
a takes action: move_left(['a'])
b takes action: move_left(['b'])
c takes action: move_left(['c'])
d takes action: normal_stay(['d'])
a takes action: move_right(['a'])
b takes action: move_right(['b'])
c takes action: move_right(['c'])
d takes action: normal_stay(['d'])
a takes action: move_left(['a'])
b takes action: move_left(['b'])
c takes action: move_left(['c'])
d takes action: normal_stay(['d'])
a takes action: move_right(['a'])
b takes action: move_right(['b'])
c takes action: move_right(['c'])
d takes action: normal_stay(['d'])
a takes action: move_left(['a'])
b takes action: move_left(['b'])
c takes action: move_left(['c'])
d takes action: sharing_others_secret(['d', 'as'])
a takes action: sharing_stay(['a'])
b takes action: sharing_stay(['b'])
c takes action: sharing_stay(['c'])
d takes action: quiet(['d', 'as'])
a takes action: move_right(['a'])
b takes action: move_right(['b'])
c takes action: move_right(['c'])
d takes action: move_left(['d'])
a takes action: move_left(['a'])
b takes action: move_left(['b'])
c takes action: move_left(['c'])
d takes action: normal_stay(['d'])
a takes action: move_right(['a'])
b takes action: move_right(['b'])
c takes action: move_right(['c'])
d takes action: sharing_others_secret(['d', 'as'])
a takes action: sharing_stay(['a'])
b takes action: sharing_stay(['b'])
c takes action: sharing_stay(['c'])
d takes action: quiet(['d', 'as'])
a takes action: move_left(['a'])
b takes action: move_left(['b'])
c takes action: move_left(['c'])
d takes action: normal_stay(['d'])
a takes action: move_right(['a'])
b takes action: move_right(['b'])
c takes action: move_right(['c'])
d takes action: move_right(['d'])
a takes action: move_left(['a'])
b takes action: move_left(['b'])
c takes action: move_left(['c'])
d takes action: sharing_others_secret(['d', 'as'])
a takes action: sharing_stay(['a'])
b takes action: sharing_stay(['b'])
c takes action: sharing_stay(['c'])
d takes action: quiet(['d', 'as'])
a takes action: move_right(['a'])
b takes action: move_right(['b'])
c takes action: move_right(['c'])
d takes action: move_left(['d'])
a takes action: move_left(['a'])
b takes action: move_left(['b'])
c takes action: move_left(['c'])
d takes action: move_right(['d'])
a takes action: move_right(['a'])
b takes action: move_right(['b'])
c takes action: move_right(['c'])
d takes action: move_left(['d'])
a takes action: move_left(['a'])
b takes action: move_left(['b'])
c takes action: move_left(['c'])
d takes action: move_right(['d'])
a takes action: move_right(['a'])
b takes action: move_right(['b'])
c takes action: move_right(['c'])
d takes action: normal_stay(['d'])
a takes action: move_left(['a'])
b takes action: move_left(['b'])
c takes action: move_left(['c'])
d takes action: move_left(['d'])
a takes action: move_right(['a'])
b takes action: move_right(['b'])
c takes action: move_right(['c'])
d takes action: normal_stay(['d'])
a takes action: move_left(['a'])
b takes action: move_left(['b'])
c takes action: move_left(['c'])
d takes action: sharing_others_secret(['d', 'as'])
a takes action: sharing_stay(['a'])
b takes action: sharing_stay(['b'])
c takes action: sharing_stay(['c'])
d takes action: quiet(['d', 'as'])
a takes action: move_right(['a'])
b takes action: move_right(['b'])
c takes action: move_right(['c'])
d takes action: sharing_others_secret(['d', 'as'])
a takes action: sharing_stay(['a'])
b takes action: sharing_stay(['b'])
c takes action: sharing_stay(['c'])
d takes action: quiet(['d', 'as'])
a takes action: move_left(['a'])
b takes action: move_left(['b'])
c takes action: move_left(['c'])
d takes action: normal_stay(['d'])
a takes action: move_right(['a'])
b takes action: move_right(['b'])
c takes action: move_right(['c'])
d takes action: sharing_others_secret(['d', 'as'])
a takes action: sharing_stay(['a'])
b takes action: sharing_stay(['b'])
c takes action: sharing_stay(['c'])
d takes action: quiet(['d', 'as'])
a takes action: move_left(['a'])
b takes action: move_left(['b'])
c takes action: move_left(['c'])
d takes action: move_right(['d'])
a takes action: move_right(['a'])
b takes action: move_right(['b'])
c takes action: move_right(['c'])
d takes action: move_left(['d'])
a takes action: move_left(['a'])
b takes action: move_left(['b'])
c takes action: move_left(['c'])
d takes action: move_right(['d'])
a takes action: move_right(['a'])
b takes action: move_right(['b'])
c takes action: move_right(['c'])
d takes action: move_left(['d'])
a takes action: move_left(['a'])
b takes action: move_left(['b'])
c takes action: move_left(['c'])
d takes action: sharing_others_secret(['d', 'as'])
a takes action: sharing_stay(['a'])
b takes action: sharing_stay(['b'])
c takes action: sharing_stay(['c'])
d takes action: quiet(['d', 'as'])
a takes action: move_right(['a'])
b takes action: move_right(['b'])
c takes action: move_right(['c'])
d takes action: normal_stay(['d'])
a takes action: move_left(['a'])
b takes action: move_left(['b'])
c takes action: move_left(['c'])
d takes action: normal_stay(['d'])
a takes action: move_right(['a'])
b takes action: move_right(['b'])
c takes action: move_right(['c'])
d takes action: normal_stay(['d'])
a takes action: move_left(['a'])
b takes action: move_left(['b'])
c takes action: move_left(['c'])
d takes action: move_right(['d'])
a takes action: move_right(['a'])
b takes action: move_right(['b'])
c takes action: move_right(['c'])
d takes action: sharing_others_secret(['d', 'as'])
a takes action: sharing_stay(['a'])
b takes action: sharing_stay(['b'])
c takes action: sharing_stay(['c'])
d takes action: quiet(['d', 'as'])
a takes action: move_left(['a'])
b takes action: move_left(['b'])
c takes action: move_left(['c'])
d takes action: sharing_others_secret(['d', 'as'])
a takes action: sharing_stay(['a'])
b takes action: sharing_stay(['b'])
c takes action: sharing_stay(['c'])
d takes action: quiet(['d', 'as'])
a takes action: move_right(['a'])
b takes action: move_right(['b'])
c takes action: move_right(['c'])
d takes action: normal_stay(['d'])
a takes action: move_left(['a'])
b takes action: move_left(['b'])
c takes action: move_left(['c'])
d takes action: move_left(['d'])
a takes action: move_right(['a'])
b takes action: move_right(['b'])
c takes action: move_right(['c'])
d takes action: normal_stay(['d'])
a takes action: move_left(['a'])
b takes action: move_left(['b'])
c takes action: move_left(['c'])
d takes action: normal_stay(['d'])
a takes action: move_right(['a'])
b takes action: move_right(['b'])
c takes action: move_right(['c'])
d takes action: sharing_others_secret(['d', 'as'])
a takes action: sharing_stay(['a'])
b takes action: sharing_stay(['b'])
c takes action: sharing_stay(['c'])
d takes action: quiet(['d', 'as'])
a takes action: move_left(['a'])
b takes action: move_left(['b'])
c takes action: move_left(['c'])
d takes action: move_right(['d'])
a takes action: move_right(['a'])
b takes action: move_right(['b'])
c takes action: move_right(['c'])
d takes action: sharing_others_secret(['d', 'as'])
a takes action: sharing_stay(['a'])
b takes action: sharing_stay(['b'])
c takes action: sharing_stay(['c'])
d takes action: quiet(['d', 'as'])
a takes action: move_left(['a'])
b takes action: move_left(['b'])
c takes action: move_left(['c'])
d takes action: sharing_others_secret(['d', 'as'])
a takes action: sharing_stay(['a'])
b takes action: sharing_stay(['b'])
c takes action: sharing_stay(['c'])
d takes action: quiet(['d', 'as'])
a takes action: move_right(['a'])
b takes action: move_right(['b'])
c takes action: move_right(['c'])
d takes action: normal_stay(['d'])
a takes action: move_left(['a'])
b takes action: move_left(['b'])
c takes action: move_left(['c'])
d takes action: move_left(['d'])
a takes action: move_right(['a'])
b takes action: move_right(['b'])
c takes action: move_right(['c'])
d takes action: sharing_others_secret(['d', 'as'])
a takes action: sharing_stay(['a'])
b takes action: sharing_stay(['b'])
c takes action: sharing_stay(['c'])
d takes action: quiet(['d', 'as'])
a takes action: move_left(['a'])
b takes action: move_left(['b'])
c takes action: move_left(['c'])
d takes action: move_right(['d'])
a takes action: move_right(['a'])
b takes action: move_right(['b'])
c takes action: move_right(['c'])
d takes action: move_left(['d'])
a takes action: move_left(['a'])
b takes action: move_left(['b'])
c takes action: move_left(['c'])
d takes action: sharing_others_secret(['d', 'as'])
a takes action: sharing_stay(['a'])
b takes action: sharing_stay(['b'])
c takes action: sharing_stay(['c'])
d takes action: quiet(['d', 'as'])
a takes action: move_right(['a'])
b takes action: move_right(['b'])
c takes action: move_right(['c'])
d takes action: sharing_others_secret(['d', 'as'])
a takes action: sharing_stay(['a'])
b takes action: sharing_stay(['b'])
c takes action: sharing_stay(['c'])
d takes action: quiet(['d', 'as'])
a takes action: move_left(['a'])
b takes action: move_left(['b'])
c takes action: move_left(['c'])
d takes action: sharing_others_secret(['d', 'as'])
a takes action: sharing_stay(['a'])
b takes action: sharing_stay(['b'])
c takes action: sharing_stay(['c'])
d takes action: quiet(['d', 'as'])
a takes action: move_right(['a'])
b takes action: move_right(['b'])
c takes action: move_right(['c'])
d takes action: sharing_others_secret(['d', 'as'])
a takes action: sharing_stay(['a'])
b takes action: sharing_stay(['b'])
c takes action: sharing_stay(['c'])
d takes action: quiet(['d', 'as'])
a takes action: move_left(['a'])
b takes action: move_left(['b'])
c takes action: move_left(['c'])
d takes action: normal_stay(['d'])
a takes action: move_right(['a'])
b takes action: move_right(['b'])
c takes action: move_right(['c'])
d takes action: normal_stay(['d'])
a takes action: move_left(['a'])
b takes action: move_left(['b'])
c takes action: move_left(['c'])
d takes action: move_right(['d'])
a takes action: move_right(['a'])
b takes action: move_right(['b'])
c takes action: move_right(['c'])
d takes action: normal_stay(['d'])
a takes action: move_left(['a'])
b takes action: move_left(['b'])
c takes action: move_left(['c'])
d takes action: sharing_others_secret(['d', 'as'])
a takes action: sharing_stay(['a'])
b takes action: sharing_stay(['b'])
c takes action: sharing_stay(['c'])
d takes action: quiet(['d', 'as'])
a takes action: move_right(['a'])
b takes action: move_right(['b'])
c takes action: move_right(['c'])
d takes action: move_left(['d'])
a takes action: move_left(['a'])
b takes action: move_left(['b'])
c takes action: move_left(['c'])
d takes action: normal_stay(['d'])
a takes action: move_right(['a'])
b takes action: move_right(['b'])
c takes action: move_right(['c'])
d takes action: normal_stay(['d'])
a takes action: move_left(['a'])
b takes action: move_left(['b'])
c takes action: move_left(['c'])
d takes action: move_right(['d'])
a takes action: move_right(['a'])
b takes action: move_right(['b'])
c takes action: move_right(['c'])
d takes action: move_left(['d'])
a takes action: move_left(['a'])
b takes action: move_left(['b'])
c takes action: move_left(['c'])
d takes action: normal_stay(['d'])
a takes action: move_right(['a'])
b takes action: move_right(['b'])
c takes action: move_right(['c'])
d takes action: sharing_others_secret(['d', 'as'])

