2025-10-24 12:06:36,388 EXP - __main__.Logger.exp:
a takes action: sharing_own_secret(['a', 'as'])
b takes action: sharing_stay(['b'])
a takes action: quiet(['a', 'as'])
b takes action: move_right(['b'])
a takes action: lying_own_secret(['a', 'as'])
Steps: 5
Time cost: 0.056706s
2025-10-24 12:06:36,447 EXP - __main__.Logger.exp:
a takes action: sharing_own_secret(['a', 'as'])
b takes action: sharing_stay(['b'])
a takes action: quiet(['a', 'as'])
b takes action: move_right(['b'])
a takes action: lying_own_secret(['a', 'as'])
Steps: 5
Time cost: 0.058201s
2025-10-24 12:06:36,505 EXP - __main__.Logger.exp:
a takes action: sharing_own_secret(['a', 'as'])
b takes action: sharing_stay(['b'])
a takes action: quiet(['a', 'as'])
b takes action: move_right(['b'])
a takes action: lying_own_secret(['a', 'as'])
Steps: 5
Time cost: 0.056999s
2025-10-24 12:06:36,505 EXP - __main__.Logger.exp:
Avg Steps: 5.0
Avg Time: 0.057302s
