2025-10-23 14:03:38,163 EXP - __main__.Logger.exp:
a takes action: pick_up(['a', 'o1'])
b takes action: stay(['b'])
c takes action: stay(['c'])
d takes action: stay(['d'])
a takes action: move_right_with_item(['a', 'o1'])
b takes action: stay(['b'])
c takes action: stay(['c'])
d takes action: stay(['d'])
a takes action: drop_item(['a', 'o1'])
b takes action: stay(['b'])
c takes action: stay(['c'])
d takes action: move_right_without_item(['d'])
Steps: 12
Time cost: 0.087877s
2025-10-23 14:03:38,334 EXP - __main__.Logger.exp:
a takes action: pick_up(['a', 'o1'])
b takes action: stay(['b'])
c takes action: stay(['c'])
d takes action: stay(['d'])
a takes action: move_right_with_item(['a', 'o1'])
b takes action: stay(['b'])
c takes action: stay(['c'])
d takes action: stay(['d'])
a takes action: drop_item(['a', 'o1'])
b takes action: stay(['b'])
c takes action: stay(['c'])
d takes action: stay(['d'])
a takes action: stay(['a'])
b takes action: stay(['b'])
c takes action: stay(['c'])
d takes action: stay(['d'])
a takes action: stay(['a'])
b takes action: stay(['b'])
c takes action: stay(['c'])
d takes action: stay(['d'])
a takes action: stay(['a'])
b takes action: stay(['b'])
c takes action: stay(['c'])
d takes action: move_right_without_item(['d'])
Steps: 24
Time cost: 0.169223s
2025-10-23 14:03:38,443 EXP - __main__.Logger.exp:
a takes action: pick_up(['a', 'o1'])
b takes action: stay(['b'])
c takes action: stay(['c'])
d takes action: stay(['d'])
a takes action: move_right_with_item(['a', 'o1'])
b takes action: stay(['b'])
c takes action: stay(['c'])
d takes action: stay(['d'])
a takes action: drop_item(['a', 'o1'])
b takes action: stay(['b'])
c takes action: stay(['c'])
d takes action: stay(['d'])
a takes action: stay(['a'])
b takes action: stay(['b'])
c takes action: stay(['c'])
d takes action: move_right_without_item(['d'])
Steps: 16
Time cost: 0.109032s
2025-10-23 14:03:38,515 EXP - __main__.Logger.exp:
a takes action: pick_up(['a', 'o1'])
b takes action: stay(['b'])
c takes action: stay(['c'])
d takes action: stay(['d'])
a takes action: move_right_with_item(['a', 'o1'])
b takes action: stay(['b'])
c takes action: stay(['c'])
d takes action: move_right_without_item(['d'])
a takes action: drop_item(['a', 'o1'])
Steps: 9
Time cost: 0.070352s
2025-10-23 14:03:38,586 EXP - __main__.Logger.exp:
a takes action: pick_up(['a', 'o1'])
b takes action: stay(['b'])
c takes action: stay(['c'])
d takes action: move_right_without_item(['d'])
a takes action: move_right_with_item(['a', 'o1'])
b takes action: stay(['b'])
c takes action: stay(['c'])
d takes action: stay(['d'])
a takes action: drop_item(['a', 'o1'])
Steps: 9
Time cost: 0.070921s
2025-10-23 14:03:38,587 EXP - __main__.Logger.exp:
Avg Steps: 14.0
Avg Time: 0.101481s
