2025-10-25 20:52:34,902 EXP - __main__.Logger.exp:
a takes action: move_without_item(['a', 'r1', 'r2'])
b takes action: move_without_item(['b', 'r2', 'r3'])
a takes action: stay(['a'])
b takes action: pick_up(['b', 'i', 'r3'])
a takes action: move_without_item(['a', 'r2', 'r3'])
b takes action: move_with_item(['b', 'i', 'r3', 'r1'])
a takes action: stay(['a'])
b takes action: drop_item(['b', 'i'])
Steps: 8
Time cost: 40.681591s
2025-10-25 20:52:57,513 EXP - __main__.Logger.exp:
a takes action: move_without_item(['a', 'r1', 'r3'])
b takes action: move_without_item(['b', 'r2', 'r3'])
a takes action: stay(['a'])
b takes action: pick_up(['b', 'i', 'r3'])
a takes action: move_without_item(['a', 'r3', 'r1'])
b takes action: drop_item(['b', 'i'])
Steps: 6
Time cost: 22.610300s
2025-10-25 20:52:57,514 EXP - __main__.Logger.exp:
Avg Steps: 7.0
Avg Time: 31.645945s
