2025-10-24 14:57:33,042 EXP - __main__.Logger.exp:
a takes action: stay(['a'])
b takes action: move(['b', 'r3', 'r2'])
a takes action: stay(['a'])
b takes action: move(['b', 'r2', 'r4'])
a takes action: move(['a', 'r1', 'r2'])
b takes action: stay(['b'])
a takes action: move(['a', 'r2', 'r3'])
b takes action: move(['b', 'r4', 'r2'])
a takes action: stay(['a'])
b takes action: move(['b', 'r2', 'r1'])
Steps: 10
Time cost: 0.019956s
2025-10-24 14:57:33,062 EXP - __main__.Logger.exp:
a takes action: stay(['a'])
b takes action: move(['b', 'r3', 'r2'])
a takes action: stay(['a'])
b takes action: move(['b', 'r2', 'r4'])
a takes action: move(['a', 'r1', 'r2'])
b takes action: stay(['b'])
a takes action: move(['a', 'r2', 'r3'])
b takes action: move(['b', 'r4', 'r2'])
a takes action: stay(['a'])
b takes action: move(['b', 'r2', 'r1'])
Steps: 10
Time cost: 0.019745s
2025-10-24 14:57:33,083 EXP - __main__.Logger.exp:
a takes action: stay(['a'])
b takes action: move(['b', 'r3', 'r2'])
a takes action: stay(['a'])
b takes action: move(['b', 'r2', 'r4'])
a takes action: move(['a', 'r1', 'r2'])
b takes action: stay(['b'])
a takes action: move(['a', 'r2', 'r3'])
b takes action: move(['b', 'r4', 'r2'])
a takes action: stay(['a'])
b takes action: move(['b', 'r2', 'r1'])
Steps: 10
Time cost: 0.020382s
2025-10-24 14:57:33,104 EXP - __main__.Logger.exp:
a takes action: stay(['a'])
b takes action: move(['b', 'r3', 'r2'])
a takes action: stay(['a'])
b takes action: move(['b', 'r2', 'r4'])
a takes action: move(['a', 'r1', 'r2'])
b takes action: stay(['b'])
a takes action: move(['a', 'r2', 'r3'])
b takes action: move(['b', 'r4', 'r2'])
a takes action: stay(['a'])
b takes action: move(['b', 'r2', 'r1'])
Steps: 10
Time cost: 0.019848s
2025-10-24 14:57:33,124 EXP - __main__.Logger.exp:
a takes action: stay(['a'])
b takes action: move(['b', 'r3', 'r2'])
a takes action: stay(['a'])
b takes action: move(['b', 'r2', 'r4'])
a takes action: move(['a', 'r1', 'r2'])
b takes action: stay(['b'])
a takes action: move(['a', 'r2', 'r3'])
b takes action: move(['b', 'r4', 'r2'])
a takes action: stay(['a'])
b takes action: move(['b', 'r2', 'r1'])
Steps: 10
Time cost: 0.019932s
2025-10-24 14:57:33,124 EXP - __main__.Logger.exp:
Avg Steps: 10.0
Avg Time: 0.019972s
