2025-10-23 21:51:52,677 EXP - __main__.Logger.exp:
a takes action: sharing_own_secret(['a', 'as'])
b takes action: sharing_stay(['b'])
a takes action: quiet(['a', 'as'])
b takes action: move_right(['b'])
a takes action: lying_own_secret(['a', 'as'])
Steps: 5
Time cost: 0.116976s
2025-10-23 21:51:52,794 EXP - __main__.Logger.exp:
a takes action: sharing_own_secret(['a', 'as'])
b takes action: sharing_stay(['b'])
a takes action: quiet(['a', 'as'])
b takes action: move_right(['b'])
a takes action: lying_own_secret(['a', 'as'])
Steps: 5
Time cost: 0.115790s
2025-10-23 21:51:52,911 EXP - __main__.Logger.exp:
a takes action: sharing_own_secret(['a', 'as'])
b takes action: sharing_stay(['b'])
a takes action: quiet(['a', 'as'])
b takes action: move_right(['b'])
a takes action: lying_own_secret(['a', 'as'])
Steps: 5
Time cost: 0.115674s
2025-10-23 21:51:52,911 EXP - __main__.Logger.exp:
Avg Steps: 5.0
Avg Time: 0.116147s
