2025-10-12 19:36:33,232 EXP - __main__.Logger.exp:
a takes action: move(['a', 'r1', 'r2'])
b takes action: stay(['b'])
a takes action: move(['a', 'r2', 'r4'])
b takes action: move(['b', 'r3', 'r2'])
a takes action: stay(['a'])
b takes action: move(['b', 'r2', 'r1'])
a takes action: move(['a', 'r4', 'r2'])
b takes action: stay(['b'])
a takes action: move(['a', 'r2', 'r3'])
Steps: 9
Time cost: 0.034743s
2025-10-12 19:36:33,267 EXP - __main__.Logger.exp:
a takes action: move(['a', 'r1', 'r2'])
b takes action: stay(['b'])
a takes action: move(['a', 'r2', 'r4'])
b takes action: move(['b', 'r3', 'r2'])
a takes action: stay(['a'])
b takes action: move(['b', 'r2', 'r1'])
a takes action: move(['a', 'r4', 'r2'])
b takes action: stay(['b'])
a takes action: move(['a', 'r2', 'r3'])
Steps: 9
Time cost: 0.034651s
2025-10-12 19:36:33,303 EXP - __main__.Logger.exp:
a takes action: move(['a', 'r1', 'r2'])
b takes action: stay(['b'])
a takes action: move(['a', 'r2', 'r4'])
b takes action: move(['b', 'r3', 'r2'])
a takes action: stay(['a'])
b takes action: move(['b', 'r2', 'r1'])
a takes action: move(['a', 'r4', 'r2'])
b takes action: stay(['b'])
a takes action: move(['a', 'r2', 'r3'])
Steps: 9
Time cost: 0.035140s
2025-10-12 19:36:33,339 EXP - __main__.Logger.exp:
a takes action: move(['a', 'r1', 'r2'])
b takes action: stay(['b'])
a takes action: move(['a', 'r2', 'r4'])
b takes action: move(['b', 'r3', 'r2'])
a takes action: stay(['a'])
b takes action: move(['b', 'r2', 'r1'])
a takes action: move(['a', 'r4', 'r2'])
b takes action: stay(['b'])
a takes action: move(['a', 'r2', 'r3'])
Steps: 9
Time cost: 0.034736s
2025-10-12 19:36:33,375 EXP - __main__.Logger.exp:
a takes action: move(['a', 'r1', 'r2'])
b takes action: stay(['b'])
a takes action: move(['a', 'r2', 'r4'])
b takes action: move(['b', 'r3', 'r2'])
a takes action: stay(['a'])
b takes action: move(['b', 'r2', 'r1'])
a takes action: move(['a', 'r4', 'r2'])
b takes action: stay(['b'])
a takes action: move(['a', 'r2', 'r3'])
Steps: 9
Time cost: 0.034628s
2025-10-12 19:36:33,410 EXP - __main__.Logger.exp:
a takes action: move(['a', 'r1', 'r2'])
b takes action: stay(['b'])
a takes action: move(['a', 'r2', 'r4'])
b takes action: move(['b', 'r3', 'r2'])
a takes action: stay(['a'])
b takes action: move(['b', 'r2', 'r1'])
a takes action: move(['a', 'r4', 'r2'])
b takes action: stay(['b'])
a takes action: move(['a', 'r2', 'r3'])
Steps: 9
Time cost: 0.034497s
2025-10-12 19:36:33,446 EXP - __main__.Logger.exp:
a takes action: move(['a', 'r1', 'r2'])
b takes action: stay(['b'])
a takes action: move(['a', 'r2', 'r4'])
b takes action: move(['b', 'r3', 'r2'])
a takes action: stay(['a'])
b takes action: move(['b', 'r2', 'r1'])
a takes action: move(['a', 'r4', 'r2'])
b takes action: stay(['b'])
a takes action: move(['a', 'r2', 'r3'])
Steps: 9
Time cost: 0.034594s
2025-10-12 19:36:33,482 EXP - __main__.Logger.exp:
a takes action: move(['a', 'r1', 'r2'])
b takes action: stay(['b'])
a takes action: move(['a', 'r2', 'r4'])
b takes action: move(['b', 'r3', 'r2'])
a takes action: stay(['a'])
b takes action: move(['b', 'r2', 'r1'])
a takes action: move(['a', 'r4', 'r2'])
b takes action: stay(['b'])
a takes action: move(['a', 'r2', 'r3'])
Steps: 9
Time cost: 0.034441s
2025-10-12 19:36:33,517 EXP - __main__.Logger.exp:
a takes action: move(['a', 'r1', 'r2'])
b takes action: stay(['b'])
a takes action: move(['a', 'r2', 'r4'])
b takes action: move(['b', 'r3', 'r2'])
a takes action: stay(['a'])
b takes action: move(['b', 'r2', 'r1'])
a takes action: move(['a', 'r4', 'r2'])
b takes action: stay(['b'])
a takes action: move(['a', 'r2', 'r3'])
Steps: 9
Time cost: 0.034475s
2025-10-12 19:36:33,553 EXP - __main__.Logger.exp:
a takes action: move(['a', 'r1', 'r2'])
b takes action: stay(['b'])
a takes action: move(['a', 'r2', 'r4'])
b takes action: move(['b', 'r3', 'r2'])
a takes action: stay(['a'])
b takes action: move(['b', 'r2', 'r1'])
a takes action: move(['a', 'r4', 'r2'])
b takes action: stay(['b'])
a takes action: move(['a', 'r2', 'r3'])
Steps: 9
Time cost: 0.034413s
2025-10-12 19:36:33,588 EXP - __main__.Logger.exp:
a takes action: move(['a', 'r1', 'r2'])
b takes action: stay(['b'])
a takes action: move(['a', 'r2', 'r4'])
b takes action: move(['b', 'r3', 'r2'])
a takes action: stay(['a'])
b takes action: move(['b', 'r2', 'r1'])
a takes action: move(['a', 'r4', 'r2'])
b takes action: stay(['b'])
a takes action: move(['a', 'r2', 'r3'])
Steps: 9
Time cost: 0.034340s
2025-10-12 19:36:33,623 EXP - __main__.Logger.exp:
a takes action: move(['a', 'r1', 'r2'])
b takes action: stay(['b'])
a takes action: move(['a', 'r2', 'r4'])
b takes action: move(['b', 'r3', 'r2'])
a takes action: stay(['a'])
b takes action: move(['b', 'r2', 'r1'])
a takes action: move(['a', 'r4', 'r2'])
b takes action: stay(['b'])
a takes action: move(['a', 'r2', 'r3'])
Steps: 9
Time cost: 0.034211s
2025-10-12 19:36:33,659 EXP - __main__.Logger.exp:
a takes action: move(['a', 'r1', 'r2'])
b takes action: stay(['b'])
a takes action: move(['a', 'r2', 'r4'])
b takes action: move(['b', 'r3', 'r2'])
a takes action: stay(['a'])
b takes action: move(['b', 'r2', 'r1'])
a takes action: move(['a', 'r4', 'r2'])
b takes action: stay(['b'])
a takes action: move(['a', 'r2', 'r3'])
Steps: 9
Time cost: 0.034338s
2025-10-12 19:36:33,694 EXP - __main__.Logger.exp:
a takes action: move(['a', 'r1', 'r2'])
b takes action: stay(['b'])
a takes action: move(['a', 'r2', 'r4'])
b takes action: move(['b', 'r3', 'r2'])
a takes action: stay(['a'])
b takes action: move(['b', 'r2', 'r1'])
a takes action: move(['a', 'r4', 'r2'])
b takes action: stay(['b'])
a takes action: move(['a', 'r2', 'r3'])
Steps: 9
Time cost: 0.034335s
2025-10-12 19:36:33,729 EXP - __main__.Logger.exp:
a takes action: move(['a', 'r1', 'r2'])
b takes action: stay(['b'])
a takes action: move(['a', 'r2', 'r4'])
b takes action: move(['b', 'r3', 'r2'])
a takes action: stay(['a'])
b takes action: move(['b', 'r2', 'r1'])
a takes action: move(['a', 'r4', 'r2'])
b takes action: stay(['b'])
a takes action: move(['a', 'r2', 'r3'])
Steps: 9
Time cost: 0.034314s
2025-10-12 19:36:33,765 EXP - __main__.Logger.exp:
a takes action: move(['a', 'r1', 'r2'])
b takes action: stay(['b'])
a takes action: move(['a', 'r2', 'r4'])
b takes action: move(['b', 'r3', 'r2'])
a takes action: stay(['a'])
b takes action: move(['b', 'r2', 'r1'])
a takes action: move(['a', 'r4', 'r2'])
b takes action: stay(['b'])
a takes action: move(['a', 'r2', 'r3'])
Steps: 9
Time cost: 0.034239s
2025-10-12 19:36:33,800 EXP - __main__.Logger.exp:
a takes action: move(['a', 'r1', 'r2'])
b takes action: stay(['b'])
a takes action: move(['a', 'r2', 'r4'])
b takes action: move(['b', 'r3', 'r2'])
a takes action: stay(['a'])
b takes action: move(['b', 'r2', 'r1'])
a takes action: move(['a', 'r4', 'r2'])
b takes action: stay(['b'])
a takes action: move(['a', 'r2', 'r3'])
Steps: 9
Time cost: 0.034347s
2025-10-12 19:36:33,835 EXP - __main__.Logger.exp:
a takes action: move(['a', 'r1', 'r2'])
b takes action: stay(['b'])
a takes action: move(['a', 'r2', 'r4'])
b takes action: move(['b', 'r3', 'r2'])
a takes action: stay(['a'])
b takes action: move(['b', 'r2', 'r1'])
a takes action: move(['a', 'r4', 'r2'])
b takes action: stay(['b'])
a takes action: move(['a', 'r2', 'r3'])
Steps: 9
Time cost: 0.034290s
2025-10-12 19:36:33,871 EXP - __main__.Logger.exp:
a takes action: move(['a', 'r1', 'r2'])
b takes action: stay(['b'])
a takes action: move(['a', 'r2', 'r4'])
b takes action: move(['b', 'r3', 'r2'])
a takes action: stay(['a'])
b takes action: move(['b', 'r2', 'r1'])
a takes action: move(['a', 'r4', 'r2'])
b takes action: stay(['b'])
a takes action: move(['a', 'r2', 'r3'])
Steps: 9
Time cost: 0.034437s
2025-10-12 19:36:33,906 EXP - __main__.Logger.exp:
a takes action: move(['a', 'r1', 'r2'])
b takes action: stay(['b'])
a takes action: move(['a', 'r2', 'r4'])
b takes action: move(['b', 'r3', 'r2'])
a takes action: stay(['a'])
b takes action: move(['b', 'r2', 'r1'])
a takes action: move(['a', 'r4', 'r2'])
b takes action: stay(['b'])
a takes action: move(['a', 'r2', 'r3'])
Steps: 9
Time cost: 0.034221s
2025-10-12 19:36:33,941 EXP - __main__.Logger.exp:
a takes action: move(['a', 'r1', 'r2'])
b takes action: stay(['b'])
a takes action: move(['a', 'r2', 'r4'])
b takes action: move(['b', 'r3', 'r2'])
a takes action: stay(['a'])
b takes action: move(['b', 'r2', 'r1'])
a takes action: move(['a', 'r4', 'r2'])
b takes action: stay(['b'])
a takes action: move(['a', 'r2', 'r3'])
Steps: 9
Time cost: 0.034457s
2025-10-12 19:36:33,977 EXP - __main__.Logger.exp:
a takes action: move(['a', 'r1', 'r2'])
b takes action: stay(['b'])
a takes action: move(['a', 'r2', 'r4'])
b takes action: move(['b', 'r3', 'r2'])
a takes action: stay(['a'])
b takes action: move(['b', 'r2', 'r1'])
a takes action: move(['a', 'r4', 'r2'])
b takes action: stay(['b'])
a takes action: move(['a', 'r2', 'r3'])
Steps: 9
Time cost: 0.034436s
2025-10-12 19:36:34,012 EXP - __main__.Logger.exp:
a takes action: move(['a', 'r1', 'r2'])
b takes action: stay(['b'])
a takes action: move(['a', 'r2', 'r4'])
b takes action: move(['b', 'r3', 'r2'])
a takes action: stay(['a'])
b takes action: move(['b', 'r2', 'r1'])
a takes action: move(['a', 'r4', 'r2'])
b takes action: stay(['b'])
a takes action: move(['a', 'r2', 'r3'])
Steps: 9
Time cost: 0.034252s
2025-10-12 19:36:34,048 EXP - __main__.Logger.exp:
a takes action: move(['a', 'r1', 'r2'])
b takes action: stay(['b'])
a takes action: move(['a', 'r2', 'r4'])
b takes action: move(['b', 'r3', 'r2'])
a takes action: stay(['a'])
b takes action: move(['b', 'r2', 'r1'])
a takes action: move(['a', 'r4', 'r2'])
b takes action: stay(['b'])
a takes action: move(['a', 'r2', 'r3'])
Steps: 9
Time cost: 0.034433s
2025-10-12 19:36:34,083 EXP - __main__.Logger.exp:
a takes action: move(['a', 'r1', 'r2'])
b takes action: stay(['b'])
a takes action: move(['a', 'r2', 'r4'])
b takes action: move(['b', 'r3', 'r2'])
a takes action: stay(['a'])
b takes action: move(['b', 'r2', 'r1'])
a takes action: move(['a', 'r4', 'r2'])
b takes action: stay(['b'])
a takes action: move(['a', 'r2', 'r3'])
Steps: 9
Time cost: 0.034362s
2025-10-12 19:36:34,118 EXP - __main__.Logger.exp:
a takes action: move(['a', 'r1', 'r2'])
b takes action: stay(['b'])
a takes action: move(['a', 'r2', 'r4'])
b takes action: move(['b', 'r3', 'r2'])
a takes action: stay(['a'])
b takes action: move(['b', 'r2', 'r1'])
a takes action: move(['a', 'r4', 'r2'])
b takes action: stay(['b'])
a takes action: move(['a', 'r2', 'r3'])
Steps: 9
Time cost: 0.034309s
2025-10-12 19:36:34,154 EXP - __main__.Logger.exp:
a takes action: move(['a', 'r1', 'r2'])
b takes action: stay(['b'])
a takes action: move(['a', 'r2', 'r4'])
b takes action: move(['b', 'r3', 'r2'])
a takes action: stay(['a'])
b takes action: move(['b', 'r2', 'r1'])
a takes action: move(['a', 'r4', 'r2'])
b takes action: stay(['b'])
a takes action: move(['a', 'r2', 'r3'])
Steps: 9
Time cost: 0.034331s
2025-10-12 19:36:34,189 EXP - __main__.Logger.exp:
a takes action: move(['a', 'r1', 'r2'])
b takes action: stay(['b'])
a takes action: move(['a', 'r2', 'r4'])
b takes action: move(['b', 'r3', 'r2'])
a takes action: stay(['a'])
b takes action: move(['b', 'r2', 'r1'])
a takes action: move(['a', 'r4', 'r2'])
b takes action: stay(['b'])
a takes action: move(['a', 'r2', 'r3'])
Steps: 9
Time cost: 0.034373s
2025-10-12 19:36:34,225 EXP - __main__.Logger.exp:
a takes action: move(['a', 'r1', 'r2'])
b takes action: stay(['b'])
a takes action: move(['a', 'r2', 'r4'])
b takes action: move(['b', 'r3', 'r2'])
a takes action: stay(['a'])
b takes action: move(['b', 'r2', 'r1'])
a takes action: move(['a', 'r4', 'r2'])
b takes action: stay(['b'])
a takes action: move(['a', 'r2', 'r3'])
Steps: 9
Time cost: 0.034292s
2025-10-12 19:36:34,260 EXP - __main__.Logger.exp:
a takes action: move(['a', 'r1', 'r2'])
b takes action: stay(['b'])
a takes action: move(['a', 'r2', 'r4'])
b takes action: move(['b', 'r3', 'r2'])
a takes action: stay(['a'])
b takes action: move(['b', 'r2', 'r1'])
a takes action: move(['a', 'r4', 'r2'])
b takes action: stay(['b'])
a takes action: move(['a', 'r2', 'r3'])
Steps: 9
Time cost: 0.034282s
2025-10-12 19:36:34,295 EXP - __main__.Logger.exp:
a takes action: move(['a', 'r1', 'r2'])
b takes action: stay(['b'])
a takes action: move(['a', 'r2', 'r4'])
b takes action: move(['b', 'r3', 'r2'])
a takes action: stay(['a'])
b takes action: move(['b', 'r2', 'r1'])
a takes action: move(['a', 'r4', 'r2'])
b takes action: stay(['b'])
a takes action: move(['a', 'r2', 'r3'])
Steps: 9
Time cost: 0.034257s
2025-10-12 19:36:34,331 EXP - __main__.Logger.exp:
a takes action: move(['a', 'r1', 'r2'])
b takes action: stay(['b'])
a takes action: move(['a', 'r2', 'r4'])
b takes action: move(['b', 'r3', 'r2'])
a takes action: stay(['a'])
b takes action: move(['b', 'r2', 'r1'])
a takes action: move(['a', 'r4', 'r2'])
b takes action: stay(['b'])
a takes action: move(['a', 'r2', 'r3'])
Steps: 9
Time cost: 0.034367s
2025-10-12 19:36:34,366 EXP - __main__.Logger.exp:
a takes action: move(['a', 'r1', 'r2'])
b takes action: stay(['b'])
a takes action: move(['a', 'r2', 'r4'])
b takes action: move(['b', 'r3', 'r2'])
a takes action: stay(['a'])
b takes action: move(['b', 'r2', 'r1'])
a takes action: move(['a', 'r4', 'r2'])
b takes action: stay(['b'])
a takes action: move(['a', 'r2', 'r3'])
Steps: 9
Time cost: 0.034256s
2025-10-12 19:36:34,401 EXP - __main__.Logger.exp:
a takes action: move(['a', 'r1', 'r2'])
b takes action: stay(['b'])
a takes action: move(['a', 'r2', 'r4'])
b takes action: move(['b', 'r3', 'r2'])
a takes action: stay(['a'])
b takes action: move(['b', 'r2', 'r1'])
a takes action: move(['a', 'r4', 'r2'])
b takes action: stay(['b'])
a takes action: move(['a', 'r2', 'r3'])
Steps: 9
Time cost: 0.034135s
2025-10-12 19:36:34,436 EXP - __main__.Logger.exp:
a takes action: move(['a', 'r1', 'r2'])
b takes action: stay(['b'])
a takes action: move(['a', 'r2', 'r4'])
b takes action: move(['b', 'r3', 'r2'])
a takes action: stay(['a'])
b takes action: move(['b', 'r2', 'r1'])
a takes action: move(['a', 'r4', 'r2'])
b takes action: stay(['b'])
a takes action: move(['a', 'r2', 'r3'])
Steps: 9
Time cost: 0.034234s
2025-10-12 19:36:34,472 EXP - __main__.Logger.exp:
a takes action: move(['a', 'r1', 'r2'])
b takes action: stay(['b'])
a takes action: move(['a', 'r2', 'r4'])
b takes action: move(['b', 'r3', 'r2'])
a takes action: stay(['a'])
b takes action: move(['b', 'r2', 'r1'])
a takes action: move(['a', 'r4', 'r2'])
b takes action: stay(['b'])
a takes action: move(['a', 'r2', 'r3'])
Steps: 9
Time cost: 0.034293s
2025-10-12 19:36:34,507 EXP - __main__.Logger.exp:
a takes action: move(['a', 'r1', 'r2'])
b takes action: stay(['b'])
a takes action: move(['a', 'r2', 'r4'])
b takes action: move(['b', 'r3', 'r2'])
a takes action: stay(['a'])
b takes action: move(['b', 'r2', 'r1'])
a takes action: move(['a', 'r4', 'r2'])
b takes action: stay(['b'])
a takes action: move(['a', 'r2', 'r3'])
Steps: 9
Time cost: 0.034223s
2025-10-12 19:36:34,542 EXP - __main__.Logger.exp:
a takes action: move(['a', 'r1', 'r2'])
b takes action: stay(['b'])
a takes action: move(['a', 'r2', 'r4'])
b takes action: move(['b', 'r3', 'r2'])
a takes action: stay(['a'])
b takes action: move(['b', 'r2', 'r1'])
a takes action: move(['a', 'r4', 'r2'])
b takes action: stay(['b'])
a takes action: move(['a', 'r2', 'r3'])
Steps: 9
Time cost: 0.034249s
2025-10-12 19:36:34,577 EXP - __main__.Logger.exp:
a takes action: move(['a', 'r1', 'r2'])
b takes action: stay(['b'])
a takes action: move(['a', 'r2', 'r4'])
b takes action: move(['b', 'r3', 'r2'])
a takes action: stay(['a'])
b takes action: move(['b', 'r2', 'r1'])
a takes action: move(['a', 'r4', 'r2'])
b takes action: stay(['b'])
a takes action: move(['a', 'r2', 'r3'])
Steps: 9
Time cost: 0.034231s
2025-10-12 19:36:34,613 EXP - __main__.Logger.exp:
a takes action: move(['a', 'r1', 'r2'])
b takes action: stay(['b'])
a takes action: move(['a', 'r2', 'r4'])
b takes action: move(['b', 'r3', 'r2'])
a takes action: stay(['a'])
b takes action: move(['b', 'r2', 'r1'])
a takes action: move(['a', 'r4', 'r2'])
b takes action: stay(['b'])
a takes action: move(['a', 'r2', 'r3'])
Steps: 9
Time cost: 0.034316s
2025-10-12 19:36:34,648 EXP - __main__.Logger.exp:
a takes action: move(['a', 'r1', 'r2'])
b takes action: stay(['b'])
a takes action: move(['a', 'r2', 'r4'])
b takes action: move(['b', 'r3', 'r2'])
a takes action: stay(['a'])
b takes action: move(['b', 'r2', 'r1'])
a takes action: move(['a', 'r4', 'r2'])
b takes action: stay(['b'])
a takes action: move(['a', 'r2', 'r3'])
Steps: 9
Time cost: 0.034110s
2025-10-12 19:36:34,683 EXP - __main__.Logger.exp:
a takes action: move(['a', 'r1', 'r2'])
b takes action: stay(['b'])
a takes action: move(['a', 'r2', 'r4'])
b takes action: move(['b', 'r3', 'r2'])
a takes action: stay(['a'])
b takes action: move(['b', 'r2', 'r1'])
a takes action: move(['a', 'r4', 'r2'])
b takes action: stay(['b'])
a takes action: move(['a', 'r2', 'r3'])
Steps: 9
Time cost: 0.034153s
2025-10-12 19:36:34,718 EXP - __main__.Logger.exp:
a takes action: move(['a', 'r1', 'r2'])
b takes action: stay(['b'])
a takes action: move(['a', 'r2', 'r4'])
b takes action: move(['b', 'r3', 'r2'])
a takes action: stay(['a'])
b takes action: move(['b', 'r2', 'r1'])
a takes action: move(['a', 'r4', 'r2'])
b takes action: stay(['b'])
a takes action: move(['a', 'r2', 'r3'])
Steps: 9
Time cost: 0.034261s
2025-10-12 19:36:34,754 EXP - __main__.Logger.exp:
a takes action: move(['a', 'r1', 'r2'])
b takes action: stay(['b'])
a takes action: move(['a', 'r2', 'r4'])
b takes action: move(['b', 'r3', 'r2'])
a takes action: stay(['a'])
b takes action: move(['b', 'r2', 'r1'])
a takes action: move(['a', 'r4', 'r2'])
b takes action: stay(['b'])
a takes action: move(['a', 'r2', 'r3'])
Steps: 9
Time cost: 0.034221s
2025-10-12 19:36:34,789 EXP - __main__.Logger.exp:
a takes action: move(['a', 'r1', 'r2'])
b takes action: stay(['b'])
a takes action: move(['a', 'r2', 'r4'])
b takes action: move(['b', 'r3', 'r2'])
a takes action: stay(['a'])
b takes action: move(['b', 'r2', 'r1'])
a takes action: move(['a', 'r4', 'r2'])
b takes action: stay(['b'])
a takes action: move(['a', 'r2', 'r3'])
Steps: 9
Time cost: 0.034236s
2025-10-12 19:36:34,824 EXP - __main__.Logger.exp:
a takes action: move(['a', 'r1', 'r2'])
b takes action: stay(['b'])
a takes action: move(['a', 'r2', 'r4'])
b takes action: move(['b', 'r3', 'r2'])
a takes action: stay(['a'])
b takes action: move(['b', 'r2', 'r1'])
a takes action: move(['a', 'r4', 'r2'])
b takes action: stay(['b'])
a takes action: move(['a', 'r2', 'r3'])
Steps: 9
Time cost: 0.034085s
2025-10-12 19:36:34,859 EXP - __main__.Logger.exp:
a takes action: move(['a', 'r1', 'r2'])
b takes action: stay(['b'])
a takes action: move(['a', 'r2', 'r4'])
b takes action: move(['b', 'r3', 'r2'])
a takes action: stay(['a'])
b takes action: move(['b', 'r2', 'r1'])
a takes action: move(['a', 'r4', 'r2'])
b takes action: stay(['b'])
a takes action: move(['a', 'r2', 'r3'])
Steps: 9
Time cost: 0.034218s
2025-10-12 19:36:34,894 EXP - __main__.Logger.exp:
a takes action: move(['a', 'r1', 'r2'])
b takes action: stay(['b'])
a takes action: move(['a', 'r2', 'r4'])
b takes action: move(['b', 'r3', 'r2'])
a takes action: stay(['a'])
b takes action: move(['b', 'r2', 'r1'])
a takes action: move(['a', 'r4', 'r2'])
b takes action: stay(['b'])
a takes action: move(['a', 'r2', 'r3'])
Steps: 9
Time cost: 0.034062s
2025-10-12 19:36:34,929 EXP - __main__.Logger.exp:
a takes action: move(['a', 'r1', 'r2'])
b takes action: stay(['b'])
a takes action: move(['a', 'r2', 'r4'])
b takes action: move(['b', 'r3', 'r2'])
a takes action: stay(['a'])
b takes action: move(['b', 'r2', 'r1'])
a takes action: move(['a', 'r4', 'r2'])
b takes action: stay(['b'])
a takes action: move(['a', 'r2', 'r3'])
Steps: 9
Time cost: 0.034222s
2025-10-12 19:36:34,965 EXP - __main__.Logger.exp:
a takes action: move(['a', 'r1', 'r2'])
b takes action: stay(['b'])
a takes action: move(['a', 'r2', 'r4'])
b takes action: move(['b', 'r3', 'r2'])
a takes action: stay(['a'])
b takes action: move(['b', 'r2', 'r1'])
a takes action: move(['a', 'r4', 'r2'])
b takes action: stay(['b'])
a takes action: move(['a', 'r2', 'r3'])
Steps: 9
Time cost: 0.034110s
2025-10-12 19:36:35,000 EXP - __main__.Logger.exp:
a takes action: move(['a', 'r1', 'r2'])
b takes action: stay(['b'])
a takes action: move(['a', 'r2', 'r4'])
b takes action: move(['b', 'r3', 'r2'])
a takes action: stay(['a'])
b takes action: move(['b', 'r2', 'r1'])
a takes action: move(['a', 'r4', 'r2'])
b takes action: stay(['b'])
a takes action: move(['a', 'r2', 'r3'])
Steps: 9
Time cost: 0.034172s
2025-10-12 19:36:35,038 EXP - __main__.Logger.exp:
a takes action: move(['a', 'r1', 'r2'])
b takes action: stay(['b'])
a takes action: move(['a', 'r2', 'r4'])
b takes action: move(['b', 'r3', 'r2'])
a takes action: stay(['a'])
b takes action: move(['b', 'r2', 'r1'])
a takes action: move(['a', 'r4', 'r2'])
b takes action: stay(['b'])
a takes action: move(['a', 'r2', 'r3'])
Steps: 9
Time cost: 0.036764s
2025-10-12 19:36:35,072 EXP - __main__.Logger.exp:
a takes action: move(['a', 'r1', 'r2'])
b takes action: stay(['b'])
a takes action: move(['a', 'r2', 'r4'])
b takes action: move(['b', 'r3', 'r2'])
a takes action: stay(['a'])
b takes action: move(['b', 'r2', 'r1'])
a takes action: move(['a', 'r4', 'r2'])
b takes action: stay(['b'])
a takes action: move(['a', 'r2', 'r3'])
Steps: 9
Time cost: 0.033773s
2025-10-12 19:36:35,107 EXP - __main__.Logger.exp:
a takes action: move(['a', 'r1', 'r2'])
b takes action: stay(['b'])
a takes action: move(['a', 'r2', 'r4'])
b takes action: move(['b', 'r3', 'r2'])
a takes action: stay(['a'])
b takes action: move(['b', 'r2', 'r1'])
a takes action: move(['a', 'r4', 'r2'])
b takes action: stay(['b'])
a takes action: move(['a', 'r2', 'r3'])
Steps: 9
Time cost: 0.033801s
2025-10-12 19:36:35,142 EXP - __main__.Logger.exp:
a takes action: move(['a', 'r1', 'r2'])
b takes action: stay(['b'])
a takes action: move(['a', 'r2', 'r4'])
b takes action: move(['b', 'r3', 'r2'])
a takes action: stay(['a'])
b takes action: move(['b', 'r2', 'r1'])
a takes action: move(['a', 'r4', 'r2'])
b takes action: stay(['b'])
a takes action: move(['a', 'r2', 'r3'])
Steps: 9
Time cost: 0.033822s
2025-10-12 19:36:35,177 EXP - __main__.Logger.exp:
a takes action: move(['a', 'r1', 'r2'])
b takes action: stay(['b'])
a takes action: move(['a', 'r2', 'r4'])
b takes action: move(['b', 'r3', 'r2'])
a takes action: stay(['a'])
b takes action: move(['b', 'r2', 'r1'])
a takes action: move(['a', 'r4', 'r2'])
b takes action: stay(['b'])
a takes action: move(['a', 'r2', 'r3'])
Steps: 9
Time cost: 0.033772s
2025-10-12 19:36:35,212 EXP - __main__.Logger.exp:
a takes action: move(['a', 'r1', 'r2'])
b takes action: stay(['b'])
a takes action: move(['a', 'r2', 'r4'])
b takes action: move(['b', 'r3', 'r2'])
a takes action: stay(['a'])
b takes action: move(['b', 'r2', 'r1'])
a takes action: move(['a', 'r4', 'r2'])
b takes action: stay(['b'])
a takes action: move(['a', 'r2', 'r3'])
Steps: 9
Time cost: 0.033746s
2025-10-12 19:36:35,246 EXP - __main__.Logger.exp:
a takes action: move(['a', 'r1', 'r2'])
b takes action: stay(['b'])
a takes action: move(['a', 'r2', 'r4'])
b takes action: move(['b', 'r3', 'r2'])
a takes action: stay(['a'])
b takes action: move(['b', 'r2', 'r1'])
a takes action: move(['a', 'r4', 'r2'])
b takes action: stay(['b'])
a takes action: move(['a', 'r2', 'r3'])
Steps: 9
Time cost: 0.033745s
2025-10-12 19:36:35,281 EXP - __main__.Logger.exp:
a takes action: move(['a', 'r1', 'r2'])
b takes action: stay(['b'])
a takes action: move(['a', 'r2', 'r4'])
b takes action: move(['b', 'r3', 'r2'])
a takes action: stay(['a'])
b takes action: move(['b', 'r2', 'r1'])
a takes action: move(['a', 'r4', 'r2'])
b takes action: stay(['b'])
a takes action: move(['a', 'r2', 'r3'])
Steps: 9
Time cost: 0.033719s
2025-10-12 19:36:35,314 EXP - __main__.Logger.exp:
a takes action: move(['a', 'r1', 'r2'])
b takes action: stay(['b'])
a takes action: move(['a', 'r2', 'r4'])
b takes action: move(['b', 'r3', 'r2'])
a takes action: stay(['a'])
b takes action: move(['b', 'r2', 'r1'])
a takes action: move(['a', 'r4', 'r2'])
b takes action: stay(['b'])
a takes action: move(['a', 'r2', 'r3'])
Steps: 9
Time cost: 0.031660s
2025-10-12 19:36:35,336 EXP - __main__.Logger.exp:
a takes action: move(['a', 'r1', 'r2'])
b takes action: stay(['b'])
a takes action: move(['a', 'r2', 'r4'])
b takes action: move(['b', 'r3', 'r2'])
a takes action: stay(['a'])
b takes action: move(['b', 'r2', 'r1'])
a takes action: move(['a', 'r4', 'r2'])
b takes action: stay(['b'])
a takes action: move(['a', 'r2', 'r3'])
Steps: 9
Time cost: 0.021477s
2025-10-12 19:36:35,358 EXP - __main__.Logger.exp:
a takes action: move(['a', 'r1', 'r2'])
b takes action: stay(['b'])
a takes action: move(['a', 'r2', 'r4'])
b takes action: move(['b', 'r3', 'r2'])
a takes action: stay(['a'])
b takes action: move(['b', 'r2', 'r1'])
a takes action: move(['a', 'r4', 'r2'])
b takes action: stay(['b'])
a takes action: move(['a', 'r2', 'r3'])
Steps: 9
Time cost: 0.021134s
2025-10-12 19:36:35,380 EXP - __main__.Logger.exp:
a takes action: move(['a', 'r1', 'r2'])
b takes action: stay(['b'])
a takes action: move(['a', 'r2', 'r4'])
b takes action: move(['b', 'r3', 'r2'])
a takes action: stay(['a'])
b takes action: move(['b', 'r2', 'r1'])
a takes action: move(['a', 'r4', 'r2'])
b takes action: stay(['b'])
a takes action: move(['a', 'r2', 'r3'])
Steps: 9
Time cost: 0.021405s
2025-10-12 19:36:35,402 EXP - __main__.Logger.exp:
a takes action: move(['a', 'r1', 'r2'])
b takes action: stay(['b'])
a takes action: move(['a', 'r2', 'r4'])
b takes action: move(['b', 'r3', 'r2'])
a takes action: stay(['a'])
b takes action: move(['b', 'r2', 'r1'])
a takes action: move(['a', 'r4', 'r2'])
b takes action: stay(['b'])
a takes action: move(['a', 'r2', 'r3'])
Steps: 9
Time cost: 0.021227s
2025-10-12 19:36:35,424 EXP - __main__.Logger.exp:
a takes action: move(['a', 'r1', 'r2'])
b takes action: stay(['b'])
a takes action: move(['a', 'r2', 'r4'])
b takes action: move(['b', 'r3', 'r2'])
a takes action: stay(['a'])
b takes action: move(['b', 'r2', 'r1'])
a takes action: move(['a', 'r4', 'r2'])
b takes action: stay(['b'])
a takes action: move(['a', 'r2', 'r3'])
Steps: 9
Time cost: 0.021427s
2025-10-12 19:36:35,446 EXP - __main__.Logger.exp:
a takes action: move(['a', 'r1', 'r2'])
b takes action: stay(['b'])
a takes action: move(['a', 'r2', 'r4'])
b takes action: move(['b', 'r3', 'r2'])
a takes action: stay(['a'])
b takes action: move(['b', 'r2', 'r1'])
a takes action: move(['a', 'r4', 'r2'])
b takes action: stay(['b'])
a takes action: move(['a', 'r2', 'r3'])
Steps: 9
Time cost: 0.021289s
2025-10-12 19:36:35,468 EXP - __main__.Logger.exp:
a takes action: move(['a', 'r1', 'r2'])
b takes action: stay(['b'])
a takes action: move(['a', 'r2', 'r4'])
b takes action: move(['b', 'r3', 'r2'])
a takes action: stay(['a'])
b takes action: move(['b', 'r2', 'r1'])
a takes action: move(['a', 'r4', 'r2'])
b takes action: stay(['b'])
a takes action: move(['a', 'r2', 'r3'])
Steps: 9
Time cost: 0.021378s
2025-10-12 19:36:35,490 EXP - __main__.Logger.exp:
a takes action: move(['a', 'r1', 'r2'])
b takes action: stay(['b'])
a takes action: move(['a', 'r2', 'r4'])
b takes action: move(['b', 'r3', 'r2'])
a takes action: stay(['a'])
b takes action: move(['b', 'r2', 'r1'])
a takes action: move(['a', 'r4', 'r2'])
b takes action: stay(['b'])
a takes action: move(['a', 'r2', 'r3'])
Steps: 9
Time cost: 0.021096s
2025-10-12 19:36:35,512 EXP - __main__.Logger.exp:
a takes action: move(['a', 'r1', 'r2'])
b takes action: stay(['b'])
a takes action: move(['a', 'r2', 'r4'])
b takes action: move(['b', 'r3', 'r2'])
a takes action: stay(['a'])
b takes action: move(['b', 'r2', 'r1'])
a takes action: move(['a', 'r4', 'r2'])
b takes action: stay(['b'])
a takes action: move(['a', 'r2', 'r3'])
Steps: 9
Time cost: 0.021198s
2025-10-12 19:36:35,535 EXP - __main__.Logger.exp:
a takes action: move(['a', 'r1', 'r2'])
b takes action: stay(['b'])
a takes action: move(['a', 'r2', 'r4'])
b takes action: move(['b', 'r3', 'r2'])
a takes action: stay(['a'])
b takes action: move(['b', 'r2', 'r1'])
a takes action: move(['a', 'r4', 'r2'])
b takes action: stay(['b'])
a takes action: move(['a', 'r2', 'r3'])
Steps: 9
Time cost: 0.022345s
2025-10-12 19:36:35,557 EXP - __main__.Logger.exp:
a takes action: move(['a', 'r1', 'r2'])
b takes action: stay(['b'])
a takes action: move(['a', 'r2', 'r4'])
b takes action: move(['b', 'r3', 'r2'])
a takes action: stay(['a'])
b takes action: move(['b', 'r2', 'r1'])
a takes action: move(['a', 'r4', 'r2'])
b takes action: stay(['b'])
a takes action: move(['a', 'r2', 'r3'])
Steps: 9
Time cost: 0.021489s
2025-10-12 19:36:35,579 EXP - __main__.Logger.exp:
a takes action: move(['a', 'r1', 'r2'])
b takes action: stay(['b'])
a takes action: move(['a', 'r2', 'r4'])
b takes action: move(['b', 'r3', 'r2'])
a takes action: stay(['a'])
b takes action: move(['b', 'r2', 'r1'])
a takes action: move(['a', 'r4', 'r2'])
b takes action: stay(['b'])
a takes action: move(['a', 'r2', 'r3'])
Steps: 9
Time cost: 0.021146s
2025-10-12 19:36:35,601 EXP - __main__.Logger.exp:
a takes action: move(['a', 'r1', 'r2'])
b takes action: stay(['b'])
a takes action: move(['a', 'r2', 'r4'])
b takes action: move(['b', 'r3', 'r2'])
a takes action: stay(['a'])
b takes action: move(['b', 'r2', 'r1'])
a takes action: move(['a', 'r4', 'r2'])
b takes action: stay(['b'])
a takes action: move(['a', 'r2', 'r3'])
Steps: 9
Time cost: 0.021558s
2025-10-12 19:36:35,623 EXP - __main__.Logger.exp:
a takes action: move(['a', 'r1', 'r2'])
b takes action: stay(['b'])
a takes action: move(['a', 'r2', 'r4'])
b takes action: move(['b', 'r3', 'r2'])
a takes action: stay(['a'])
b takes action: move(['b', 'r2', 'r1'])
a takes action: move(['a', 'r4', 'r2'])
b takes action: stay(['b'])
a takes action: move(['a', 'r2', 'r3'])
Steps: 9
Time cost: 0.021166s
2025-10-12 19:36:35,646 EXP - __main__.Logger.exp:
a takes action: move(['a', 'r1', 'r2'])
b takes action: stay(['b'])
a takes action: move(['a', 'r2', 'r4'])
b takes action: move(['b', 'r3', 'r2'])
a takes action: stay(['a'])
b takes action: move(['b', 'r2', 'r1'])
a takes action: move(['a', 'r4', 'r2'])
b takes action: stay(['b'])
a takes action: move(['a', 'r2', 'r3'])
Steps: 9
Time cost: 0.021830s
2025-10-12 19:36:35,668 EXP - __main__.Logger.exp:
a takes action: move(['a', 'r1', 'r2'])
b takes action: stay(['b'])
a takes action: move(['a', 'r2', 'r4'])
b takes action: move(['b', 'r3', 'r2'])
a takes action: stay(['a'])
b takes action: move(['b', 'r2', 'r1'])
a takes action: move(['a', 'r4', 'r2'])
b takes action: stay(['b'])
a takes action: move(['a', 'r2', 'r3'])
Steps: 9
Time cost: 0.021225s
2025-10-12 19:36:35,690 EXP - __main__.Logger.exp:
a takes action: move(['a', 'r1', 'r2'])
b takes action: stay(['b'])
a takes action: move(['a', 'r2', 'r4'])
b takes action: move(['b', 'r3', 'r2'])
a takes action: stay(['a'])
b takes action: move(['b', 'r2', 'r1'])
a takes action: move(['a', 'r4', 'r2'])
b takes action: stay(['b'])
a takes action: move(['a', 'r2', 'r3'])
Steps: 9
Time cost: 0.021398s
2025-10-12 19:36:35,712 EXP - __main__.Logger.exp:
a takes action: move(['a', 'r1', 'r2'])
b takes action: stay(['b'])
a takes action: move(['a', 'r2', 'r4'])
b takes action: move(['b', 'r3', 'r2'])
a takes action: stay(['a'])
b takes action: move(['b', 'r2', 'r1'])
a takes action: move(['a', 'r4', 'r2'])
b takes action: stay(['b'])
a takes action: move(['a', 'r2', 'r3'])
Steps: 9
Time cost: 0.021112s
2025-10-12 19:36:35,734 EXP - __main__.Logger.exp:
a takes action: move(['a', 'r1', 'r2'])
b takes action: stay(['b'])
a takes action: move(['a', 'r2', 'r4'])
b takes action: move(['b', 'r3', 'r2'])
a takes action: stay(['a'])
b takes action: move(['b', 'r2', 'r1'])
a takes action: move(['a', 'r4', 'r2'])
b takes action: stay(['b'])
a takes action: move(['a', 'r2', 'r3'])
Steps: 9
Time cost: 0.021283s
2025-10-12 19:36:35,756 EXP - __main__.Logger.exp:
a takes action: move(['a', 'r1', 'r2'])
b takes action: stay(['b'])
a takes action: move(['a', 'r2', 'r4'])
b takes action: move(['b', 'r3', 'r2'])
a takes action: stay(['a'])
b takes action: move(['b', 'r2', 'r1'])
a takes action: move(['a', 'r4', 'r2'])
b takes action: stay(['b'])
a takes action: move(['a', 'r2', 'r3'])
Steps: 9
Time cost: 0.021346s
2025-10-12 19:36:35,777 EXP - __main__.Logger.exp:
a takes action: move(['a', 'r1', 'r2'])
b takes action: stay(['b'])
a takes action: move(['a', 'r2', 'r4'])
b takes action: move(['b', 'r3', 'r2'])
a takes action: stay(['a'])
b takes action: move(['b', 'r2', 'r1'])
a takes action: move(['a', 'r4', 'r2'])
b takes action: stay(['b'])
a takes action: move(['a', 'r2', 'r3'])
Steps: 9
Time cost: 0.021157s
2025-10-12 19:36:35,799 EXP - __main__.Logger.exp:
a takes action: move(['a', 'r1', 'r2'])
b takes action: stay(['b'])
a takes action: move(['a', 'r2', 'r4'])
b takes action: move(['b', 'r3', 'r2'])
a takes action: stay(['a'])
b takes action: move(['b', 'r2', 'r1'])
a takes action: move(['a', 'r4', 'r2'])
b takes action: stay(['b'])
a takes action: move(['a', 'r2', 'r3'])
Steps: 9
Time cost: 0.021209s
2025-10-12 19:36:35,821 EXP - __main__.Logger.exp:
a takes action: move(['a', 'r1', 'r2'])
b takes action: stay(['b'])
a takes action: move(['a', 'r2', 'r4'])
b takes action: move(['b', 'r3', 'r2'])
a takes action: stay(['a'])
b takes action: move(['b', 'r2', 'r1'])
a takes action: move(['a', 'r4', 'r2'])
b takes action: stay(['b'])
a takes action: move(['a', 'r2', 'r3'])
Steps: 9
Time cost: 0.021367s
2025-10-12 19:36:35,843 EXP - __main__.Logger.exp:
a takes action: move(['a', 'r1', 'r2'])
b takes action: stay(['b'])
a takes action: move(['a', 'r2', 'r4'])
b takes action: move(['b', 'r3', 'r2'])
a takes action: stay(['a'])
b takes action: move(['b', 'r2', 'r1'])
a takes action: move(['a', 'r4', 'r2'])
b takes action: stay(['b'])
a takes action: move(['a', 'r2', 'r3'])
Steps: 9
Time cost: 0.021331s
2025-10-12 19:36:35,865 EXP - __main__.Logger.exp:
a takes action: move(['a', 'r1', 'r2'])
b takes action: stay(['b'])
a takes action: move(['a', 'r2', 'r4'])
b takes action: move(['b', 'r3', 'r2'])
a takes action: stay(['a'])
b takes action: move(['b', 'r2', 'r1'])
a takes action: move(['a', 'r4', 'r2'])
b takes action: stay(['b'])
a takes action: move(['a', 'r2', 'r3'])
Steps: 9
Time cost: 0.021235s
2025-10-12 19:36:35,887 EXP - __main__.Logger.exp:
a takes action: move(['a', 'r1', 'r2'])
b takes action: stay(['b'])
a takes action: move(['a', 'r2', 'r4'])
b takes action: move(['b', 'r3', 'r2'])
a takes action: stay(['a'])
b takes action: move(['b', 'r2', 'r1'])
a takes action: move(['a', 'r4', 'r2'])
b takes action: stay(['b'])
a takes action: move(['a', 'r2', 'r3'])
Steps: 9
Time cost: 0.020985s
2025-10-12 19:36:35,909 EXP - __main__.Logger.exp:
a takes action: move(['a', 'r1', 'r2'])
b takes action: stay(['b'])
a takes action: move(['a', 'r2', 'r4'])
b takes action: move(['b', 'r3', 'r2'])
a takes action: stay(['a'])
b takes action: move(['b', 'r2', 'r1'])
a takes action: move(['a', 'r4', 'r2'])
b takes action: stay(['b'])
a takes action: move(['a', 'r2', 'r3'])
Steps: 9
Time cost: 0.021182s
2025-10-12 19:36:35,931 EXP - __main__.Logger.exp:
a takes action: move(['a', 'r1', 'r2'])
b takes action: stay(['b'])
a takes action: move(['a', 'r2', 'r4'])
b takes action: move(['b', 'r3', 'r2'])
a takes action: stay(['a'])
b takes action: move(['b', 'r2', 'r1'])
a takes action: move(['a', 'r4', 'r2'])
b takes action: stay(['b'])
a takes action: move(['a', 'r2', 'r3'])
Steps: 9
Time cost: 0.021205s
2025-10-12 19:36:35,953 EXP - __main__.Logger.exp:
a takes action: move(['a', 'r1', 'r2'])
b takes action: stay(['b'])
a takes action: move(['a', 'r2', 'r4'])
b takes action: move(['b', 'r3', 'r2'])
a takes action: stay(['a'])
b takes action: move(['b', 'r2', 'r1'])
a takes action: move(['a', 'r4', 'r2'])
b takes action: stay(['b'])
a takes action: move(['a', 'r2', 'r3'])
Steps: 9
Time cost: 0.021196s
2025-10-12 19:36:35,975 EXP - __main__.Logger.exp:
a takes action: move(['a', 'r1', 'r2'])
b takes action: stay(['b'])
a takes action: move(['a', 'r2', 'r4'])
b takes action: move(['b', 'r3', 'r2'])
a takes action: stay(['a'])
b takes action: move(['b', 'r2', 'r1'])
a takes action: move(['a', 'r4', 'r2'])
b takes action: stay(['b'])
a takes action: move(['a', 'r2', 'r3'])
Steps: 9
Time cost: 0.021171s
2025-10-12 19:36:35,997 EXP - __main__.Logger.exp:
a takes action: move(['a', 'r1', 'r2'])
b takes action: stay(['b'])
a takes action: move(['a', 'r2', 'r4'])
b takes action: move(['b', 'r3', 'r2'])
a takes action: stay(['a'])
b takes action: move(['b', 'r2', 'r1'])
a takes action: move(['a', 'r4', 'r2'])
b takes action: stay(['b'])
a takes action: move(['a', 'r2', 'r3'])
Steps: 9
Time cost: 0.021258s
2025-10-12 19:36:36,018 EXP - __main__.Logger.exp:
a takes action: move(['a', 'r1', 'r2'])
b takes action: stay(['b'])
a takes action: move(['a', 'r2', 'r4'])
b takes action: move(['b', 'r3', 'r2'])
a takes action: stay(['a'])
b takes action: move(['b', 'r2', 'r1'])
a takes action: move(['a', 'r4', 'r2'])
b takes action: stay(['b'])
a takes action: move(['a', 'r2', 'r3'])
Steps: 9
Time cost: 0.021095s
2025-10-12 19:36:36,040 EXP - __main__.Logger.exp:
a takes action: move(['a', 'r1', 'r2'])
b takes action: stay(['b'])
a takes action: move(['a', 'r2', 'r4'])
b takes action: move(['b', 'r3', 'r2'])
a takes action: stay(['a'])
b takes action: move(['b', 'r2', 'r1'])
a takes action: move(['a', 'r4', 'r2'])
b takes action: stay(['b'])
a takes action: move(['a', 'r2', 'r3'])
Steps: 9
Time cost: 0.021190s
2025-10-12 19:36:36,062 EXP - __main__.Logger.exp:
a takes action: move(['a', 'r1', 'r2'])
b takes action: stay(['b'])
a takes action: move(['a', 'r2', 'r4'])
b takes action: move(['b', 'r3', 'r2'])
a takes action: stay(['a'])
b takes action: move(['b', 'r2', 'r1'])
a takes action: move(['a', 'r4', 'r2'])
b takes action: stay(['b'])
a takes action: move(['a', 'r2', 'r3'])
Steps: 9
Time cost: 0.021218s
2025-10-12 19:36:36,084 EXP - __main__.Logger.exp:
a takes action: move(['a', 'r1', 'r2'])
b takes action: stay(['b'])
a takes action: move(['a', 'r2', 'r4'])
b takes action: move(['b', 'r3', 'r2'])
a takes action: stay(['a'])
b takes action: move(['b', 'r2', 'r1'])
a takes action: move(['a', 'r4', 'r2'])
b takes action: stay(['b'])
a takes action: move(['a', 'r2', 'r3'])
Steps: 9
Time cost: 0.021177s
2025-10-12 19:36:36,106 EXP - __main__.Logger.exp:
a takes action: move(['a', 'r1', 'r2'])
b takes action: stay(['b'])
a takes action: move(['a', 'r2', 'r4'])
b takes action: move(['b', 'r3', 'r2'])
a takes action: stay(['a'])
b takes action: move(['b', 'r2', 'r1'])
a takes action: move(['a', 'r4', 'r2'])
b takes action: stay(['b'])
a takes action: move(['a', 'r2', 'r3'])
Steps: 9
Time cost: 0.021163s
2025-10-12 19:36:36,128 EXP - __main__.Logger.exp:
a takes action: move(['a', 'r1', 'r2'])
b takes action: stay(['b'])
a takes action: move(['a', 'r2', 'r4'])
b takes action: move(['b', 'r3', 'r2'])
a takes action: stay(['a'])
b takes action: move(['b', 'r2', 'r1'])
a takes action: move(['a', 'r4', 'r2'])
b takes action: stay(['b'])
a takes action: move(['a', 'r2', 'r3'])
Steps: 9
Time cost: 0.021230s
2025-10-12 19:36:36,150 EXP - __main__.Logger.exp:
a takes action: move(['a', 'r1', 'r2'])
b takes action: stay(['b'])
a takes action: move(['a', 'r2', 'r4'])
b takes action: move(['b', 'r3', 'r2'])
a takes action: stay(['a'])
b takes action: move(['b', 'r2', 'r1'])
a takes action: move(['a', 'r4', 'r2'])
b takes action: stay(['b'])
a takes action: move(['a', 'r2', 'r3'])
Steps: 9
Time cost: 0.021142s
2025-10-12 19:36:36,172 EXP - __main__.Logger.exp:
a takes action: move(['a', 'r1', 'r2'])
b takes action: stay(['b'])
a takes action: move(['a', 'r2', 'r4'])
b takes action: move(['b', 'r3', 'r2'])
a takes action: stay(['a'])
b takes action: move(['b', 'r2', 'r1'])
a takes action: move(['a', 'r4', 'r2'])
b takes action: stay(['b'])
a takes action: move(['a', 'r2', 'r3'])
Steps: 9
Time cost: 0.021585s
2025-10-12 19:36:36,194 EXP - __main__.Logger.exp:
a takes action: move(['a', 'r1', 'r2'])
b takes action: stay(['b'])
a takes action: move(['a', 'r2', 'r4'])
b takes action: move(['b', 'r3', 'r2'])
a takes action: stay(['a'])
b takes action: move(['b', 'r2', 'r1'])
a takes action: move(['a', 'r4', 'r2'])
b takes action: stay(['b'])
a takes action: move(['a', 'r2', 'r3'])
Steps: 9
Time cost: 0.021227s
2025-10-12 19:36:36,194 EXP - __main__.Logger.exp:
Avg Steps: 9.0
Avg Time: 0.029080s
