2025-10-27 17:13:48,013 EXP - __main__.Logger.exp:
a takes action: lying_own_secret(['a', 'as'])
b takes action: sharing_stay(['b'])
c takes action: sharing_stay(['c'])
a takes action: quiet(['a', 'as'])
b takes action: move_right(['b'])
c takes action: normal_stay(['c'])
a takes action: sharing_own_secret(['a', 'as'])
b takes action: sharing_stay(['b'])
c takes action: sharing_stay(['c'])
a takes action: quiet(['a', 'as'])
b takes action: normal_stay(['b'])
c takes action: move_right(['c'])
a takes action: normal_stay(['a'])
b takes action: move_left(['b'])
c takes action: move_left(['c'])
a takes action: move_right(['a'])
b takes action: move_right(['b'])
c takes action: normal_stay(['c'])
a takes action: normal_stay(['a'])
b takes action: move_left(['b'])
c takes action: sharing_others_secret(['c', 'as'])
Steps: 21
Time cost: 12.256125s
2025-10-27 17:14:18,626 EXP - __main__.Logger.exp:
a takes action: lying_own_secret(['a', 'as'])
b takes action: sharing_stay(['b'])
c takes action: sharing_stay(['c'])
a takes action: quiet(['a', 'as'])
b takes action: move_right(['b'])
c takes action: normal_stay(['c'])
a takes action: sharing_own_secret(['a', 'as'])
b takes action: sharing_stay(['b'])
c takes action: sharing_stay(['c'])
a takes action: quiet(['a', 'as'])
b takes action: normal_stay(['b'])
c takes action: move_right(['c'])
a takes action: normal_stay(['a'])
b takes action: move_left(['b'])
c takes action: move_left(['c'])
a takes action: move_right(['a'])
b takes action: move_right(['b'])
c takes action: normal_stay(['c'])
a takes action: normal_stay(['a'])
b takes action: normal_stay(['b'])
c takes action: normal_stay(['c'])
a takes action: move_left(['a'])
b takes action: normal_stay(['b'])
c takes action: move_right(['c'])
a takes action: normal_stay(['a'])
b takes action: move_left(['b'])
c takes action: normal_stay(['c'])
a takes action: move_right(['a'])
b takes action: normal_stay(['b'])
c takes action: move_left(['c'])
a takes action: normal_stay(['a'])
b takes action: move_right(['b'])
c takes action: move_right(['c'])
a takes action: move_left(['a'])
b takes action: move_left(['b'])
c takes action: normal_stay(['c'])
a takes action: normal_stay(['a'])
b takes action: move_right(['b'])
c takes action: sharing_others_secret(['c', 'as'])
Steps: 39
Time cost: 30.611502s
2025-10-27 17:14:26,228 EXP - __main__.Logger.exp:
a takes action: lying_own_secret(['a', 'as'])
b takes action: sharing_stay(['b'])
c takes action: sharing_stay(['c'])
a takes action: quiet(['a', 'as'])
b takes action: move_right(['b'])
c takes action: normal_stay(['c'])
a takes action: sharing_own_secret(['a', 'as'])
b takes action: sharing_stay(['b'])
c takes action: sharing_stay(['c'])
a takes action: quiet(['a', 'as'])
b takes action: normal_stay(['b'])
c takes action: move_right(['c'])
a takes action: normal_stay(['a'])
b takes action: normal_stay(['b'])
c takes action: sharing_others_secret(['c', 'as'])
Steps: 15
Time cost: 7.601304s
2025-10-27 17:14:26,228 EXP - __main__.Logger.exp:
Avg Steps: 25.0
Avg Time: 16.822977s
