2025-10-23 14:07:11,507 EXP - __main__.Logger.exp:
a takes action: pick_up(['a', 'o1'])
b takes action: stay(['b'])
c takes action: move_right_without_item(['c'])
d takes action: stay(['d'])
a takes action: drop_item(['a', 'o1'])
b takes action: move_right_without_item(['b'])
c takes action: stay(['c'])
d takes action: move_right_without_item(['d'])
a takes action: stay(['a'])
b takes action: stay(['b'])
c takes action: move_left_without_item(['c'])
d takes action: move_left_without_item(['d'])
a takes action: pick_up(['a', 'o1'])
b takes action: move_left_without_item(['b'])
c takes action: move_right_without_item(['c'])
d takes action: stay(['d'])
a takes action: drop_item(['a', 'o1'])
b takes action: pick_up(['b', 'o1'])
c takes action: move_left_without_item(['c'])
d takes action: move_right_without_item(['d'])
a takes action: move_right_without_item(['a'])
b takes action: drop_item(['b', 'o1'])
c takes action: stay(['c'])
d takes action: move_left_without_item(['d'])
a takes action: move_left_without_item(['a'])
b takes action: stay(['b'])
c takes action: stay(['c'])
d takes action: stay(['d'])
a takes action: pick_up(['a', 'o1'])
b takes action: stay(['b'])
c takes action: stay(['c'])
d takes action: stay(['d'])
a takes action: move_right_with_item(['a', 'o1'])
b takes action: stay(['b'])
c takes action: move_right_without_item(['c'])
d takes action: stay(['d'])
a takes action: drop_item(['a', 'o1'])
Steps: 37
Time cost: 14.887134s
2025-10-23 14:14:44,684 EXP - __main__.Logger.exp:
a takes action: pick_up(['a', 'o1'])
b takes action: stay(['b'])
c takes action: move_right_without_item(['c'])
d takes action: stay(['d'])
a takes action: drop_item(['a', 'o1'])
b takes action: move_right_without_item(['b'])
c takes action: stay(['c'])
d takes action: stay(['d'])
a takes action: stay(['a'])
b takes action: move_left_without_item(['b'])
c takes action: stay(['c'])
d takes action: pick_up(['d', 'o1'])
a takes action: stay(['a'])
b takes action: move_right_without_item(['b'])
c takes action: move_left_without_item(['c'])
d takes action: drop_item(['d', 'o1'])
a takes action: pick_up(['a', 'o1'])
b takes action: stay(['b'])
c takes action: stay(['c'])
d takes action: stay(['d'])
a takes action: move_right_with_item(['a', 'o1'])
b takes action: stay(['b'])
c takes action: move_right_without_item(['c'])
d takes action: stay(['d'])
a takes action: drop_item(['a', 'o1'])
b takes action: pick_up(['b', 'o1'])
c takes action: stay(['c'])
d takes action: stay(['d'])
a takes action: stay(['a'])
b takes action: drop_item(['b', 'o1'])
c takes action: stay(['c'])
d takes action: stay(['d'])
a takes action: stay(['a'])
b takes action: stay(['b'])
c takes action: stay(['c'])
d takes action: stay(['d'])
a takes action: stay(['a'])
b takes action: move_left_without_item(['b'])
c takes action: stay(['c'])
d takes action: stay(['d'])
a takes action: stay(['a'])
b takes action: stay(['b'])
c takes action: stay(['c'])
d takes action: stay(['d'])
a takes action: stay(['a'])
b takes action: move_right_without_item(['b'])
c takes action: stay(['c'])
d takes action: stay(['d'])
a takes action: stay(['a'])
b takes action: move_left_without_item(['b'])
c takes action: stay(['c'])
d takes action: stay(['d'])
a takes action: stay(['a'])
b takes action: move_right_without_item(['b'])
c takes action: stay(['c'])
d takes action: stay(['d'])
a takes action: stay(['a'])
b takes action: move_left_without_item(['b'])
c takes action: stay(['c'])
d takes action: stay(['d'])
a takes action: stay(['a'])
b takes action: move_right_without_item(['b'])
c takes action: stay(['c'])
d takes action: stay(['d'])
a takes action: stay(['a'])
b takes action: move_left_without_item(['b'])
c takes action: stay(['c'])
d takes action: stay(['d'])
a takes action: stay(['a'])
b takes action: stay(['b'])
c takes action: stay(['c'])
d takes action: stay(['d'])
a takes action: stay(['a'])
b takes action: move_right_without_item(['b'])
c takes action: stay(['c'])
d takes action: stay(['d'])
a takes action: stay(['a'])
b takes action: pick_up(['b', 'o1'])
c takes action: stay(['c'])
d takes action: stay(['d'])
a takes action: stay(['a'])
b takes action: move_left_with_item(['b', 'o1'])
c takes action: stay(['c'])
d takes action: move_right_without_item(['d'])
a takes action: move_left_without_item(['a'])
b takes action: drop_item(['b', 'o1'])
c takes action: stay(['c'])
d takes action: stay(['d'])
a takes action: move_right_without_item(['a'])
b takes action: stay(['b'])
c takes action: stay(['c'])
d takes action: move_left_without_item(['d'])
a takes action: stay(['a'])
b takes action: stay(['b'])
c takes action: stay(['c'])
d takes action: move_right_without_item(['d'])
a takes action: move_left_without_item(['a'])
b takes action: move_right_without_item(['b'])
c takes action: stay(['c'])
d takes action: move_left_without_item(['d'])
a takes action: move_right_without_item(['a'])
b takes action: stay(['b'])
c takes action: stay(['c'])
d takes action: pick_up(['d', 'o1'])
a takes action: move_left_without_item(['a'])
b takes action: move_left_without_item(['b'])
c takes action: stay(['c'])
d takes action: move_right_with_item(['d', 'o1'])
a takes action: move_right_without_item(['a'])
b takes action: stay(['b'])
c takes action: stay(['c'])
d takes action: stay(['d'])
a takes action: stay(['a'])
b takes action: stay(['b'])
c takes action: stay(['c'])
d takes action: move_left_with_item(['d', 'o1'])
a takes action: stay(['a'])
b takes action: stay(['b'])
c takes action: stay(['c'])
d takes action: move_right_with_item(['d', 'o1'])
a takes action: stay(['a'])
b takes action: move_right_without_item(['b'])
c takes action: stay(['c'])
d takes action: stay(['d'])
a takes action: stay(['a'])
b takes action: stay(['b'])
c takes action: stay(['c'])
d takes action: drop_item(['d', 'o1'])
a takes action: pick_up(['a', 'o1'])
b takes action: stay(['b'])
c takes action: stay(['c'])
d takes action: stay(['d'])
a takes action: move_left_with_item(['a', 'o1'])
b takes action: stay(['b'])
c takes action: stay(['c'])
d takes action: stay(['d'])
a takes action: drop_item(['a', 'o1'])
b takes action: stay(['b'])
c takes action: move_left_without_item(['c'])
Steps: 139
Time cost: 453.175466s
2025-10-23 14:14:52,421 EXP - __main__.Logger.exp:
a takes action: pick_up(['a', 'o1'])
b takes action: stay(['b'])
c takes action: move_right_without_item(['c'])
d takes action: stay(['d'])
a takes action: drop_item(['a', 'o1'])
b takes action: move_right_without_item(['b'])
c takes action: move_left_without_item(['c'])
d takes action: move_right_without_item(['d'])
a takes action: stay(['a'])
b takes action: stay(['b'])
c takes action: stay(['c'])
d takes action: stay(['d'])
a takes action: stay(['a'])
b takes action: move_left_without_item(['b'])
c takes action: stay(['c'])
d takes action: move_left_without_item(['d'])
a takes action: pick_up(['a', 'o1'])
b takes action: stay(['b'])
c takes action: stay(['c'])
d takes action: stay(['d'])
a takes action: move_right_with_item(['a', 'o1'])
b takes action: stay(['b'])
c takes action: stay(['c'])
d takes action: stay(['d'])
a takes action: drop_item(['a', 'o1'])
b takes action: stay(['b'])
c takes action: move_right_without_item(['c'])
Steps: 27
Time cost: 7.736057s
2025-10-23 14:14:53,255 EXP - __main__.Logger.exp:
a takes action: pick_up(['a', 'o1'])
b takes action: stay(['b'])
c takes action: stay(['c'])
d takes action: stay(['d'])
a takes action: move_right_with_item(['a', 'o1'])
b takes action: stay(['b'])
c takes action: stay(['c'])
d takes action: stay(['d'])
a takes action: drop_item(['a', 'o1'])
b takes action: stay(['b'])
c takes action: move_right_without_item(['c'])
Steps: 11
Time cost: 0.832836s
2025-10-23 14:14:56,274 EXP - __main__.Logger.exp:
a takes action: pick_up(['a', 'o1'])
b takes action: stay(['b'])
c takes action: move_right_without_item(['c'])
d takes action: stay(['d'])
a takes action: drop_item(['a', 'o1'])
b takes action: stay(['b'])
c takes action: move_left_without_item(['c'])
d takes action: stay(['d'])
a takes action: pick_up(['a', 'o1'])
b takes action: stay(['b'])
c takes action: stay(['c'])
d takes action: stay(['d'])
a takes action: move_right_with_item(['a', 'o1'])
b takes action: stay(['b'])
c takes action: stay(['c'])
d takes action: stay(['d'])
a takes action: drop_item(['a', 'o1'])
b takes action: stay(['b'])
c takes action: move_right_without_item(['c'])
Steps: 19
Time cost: 3.018120s
2025-10-23 14:14:56,274 EXP - __main__.Logger.exp:
Avg Steps: 46.6
Avg Time: 95.929923s
