2025-10-24 20:08:14,286 EXP - __main__.Logger.exp:
a takes action: stay(['a'])
b takes action: stay(['b'])
a takes action: stay(['a'])
b takes action: move(['b', 'r4', 'r5'])
a takes action: stay(['a'])
b takes action: stay(['b'])
a takes action: stay(['a'])
b takes action: stay(['b'])
a takes action: stay(['a'])
b takes action: stay(['b'])
a takes action: move(['a', 'r1', 'r2'])
b takes action: stay(['b'])
a takes action: move(['a', 'r2', 'r3'])
b takes action: stay(['b'])
a takes action: stay(['a'])
b takes action: stay(['b'])
a takes action: move(['a', 'r3', 'r2'])
b takes action: stay(['b'])
a takes action: stay(['a'])
b takes action: stay(['b'])
a takes action: move(['a', 'r2', 'r6'])
b takes action: move(['b', 'r5', 'r4'])
a takes action: move(['a', 'r6', 'r2'])
b takes action: move(['b', 'r4', 'r5'])
a takes action: move(['a', 'r2', 'r6'])
b takes action: move(['b', 'r5', 'r4'])
a takes action: stay(['a'])
b takes action: move(['b', 'r4', 'r3'])
a takes action: move(['a', 'r6', 'r2'])
b takes action: move(['b', 'r3', 'r4'])
a takes action: move(['a', 'r2', 'r6'])
b takes action: move(['b', 'r4', 'r3'])
a takes action: move(['a', 'r6', 'r2'])
b takes action: move(['b', 'r3', 'r4'])
a takes action: stay(['a'])
b takes action: move(['b', 'r4', 'r5'])
a takes action: stay(['a'])
b takes action: move(['b', 'r5', 'r4'])
a takes action: move(['a', 'r2', 'r1'])
b takes action: move(['b', 'r4', 'r7'])
a takes action: move(['a', 'r1', 'r2'])
b takes action: move(['b', 'r7', 'r4'])
a takes action: move(['a', 'r2', 'r1'])
b takes action: move(['b', 'r4', 'r7'])
a takes action: move(['a', 'r1', 'r2'])
b takes action: move(['b', 'r7', 'r4'])
a takes action: move(['a', 'r2', 'r1'])
b takes action: move(['b', 'r4', 'r7'])
a takes action: move(['a', 'r1', 'r2'])
b takes action: stay(['b'])
a takes action: move(['a', 'r2', 'r3'])
b takes action: stay(['b'])
a takes action: move(['a', 'r3', 'r4'])
b takes action: stay(['b'])
a takes action: move(['a', 'r4', 'r5'])
b takes action: move(['b', 'r7', 'r4'])
a takes action: stay(['a'])
b takes action: move(['b', 'r4', 'r3'])
a takes action: stay(['a'])
b takes action: move(['b', 'r3', 'r2'])
a takes action: stay(['a'])
b takes action: move(['b', 'r2', 'r1'])
Steps: 62
Time cost: 0.992149s
2025-10-24 20:08:14,416 EXP - __main__.Logger.exp:
a takes action: stay(['a'])
b takes action: stay(['b'])
a takes action: move(['a', 'r1', 'r2'])
b takes action: stay(['b'])
a takes action: move(['a', 'r2', 'r3'])
b takes action: move(['b', 'r4', 'r5'])
a takes action: stay(['a'])
b takes action: move(['b', 'r5', 'r4'])
a takes action: stay(['a'])
b takes action: move(['b', 'r4', 'r7'])
a takes action: move(['a', 'r3', 'r4'])
b takes action: stay(['b'])
a takes action: move(['a', 'r4', 'r5'])
b takes action: move(['b', 'r7', 'r4'])
a takes action: stay(['a'])
b takes action: move(['b', 'r4', 'r3'])
a takes action: stay(['a'])
b takes action: move(['b', 'r3', 'r2'])
a takes action: stay(['a'])
b takes action: move(['b', 'r2', 'r1'])
Steps: 20
Time cost: 0.128534s
2025-10-24 20:08:14,762 EXP - __main__.Logger.exp:
a takes action: move(['a', 'r1', 'r2'])
b takes action: move(['b', 'r4', 'r3'])
a takes action: move(['a', 'r2', 'r1'])
b takes action: move(['b', 'r3', 'r4'])
a takes action: move(['a', 'r1', 'r2'])
b takes action: move(['b', 'r4', 'r3'])
a takes action: stay(['a'])
b takes action: move(['b', 'r3', 'r4'])
a takes action: move(['a', 'r2', 'r1'])
b takes action: move(['b', 'r4', 'r5'])
a takes action: stay(['a'])
b takes action: move(['b', 'r5', 'r4'])
a takes action: stay(['a'])
b takes action: move(['b', 'r4', 'r3'])
a takes action: move(['a', 'r1', 'r2'])
b takes action: move(['b', 'r3', 'r4'])
a takes action: stay(['a'])
b takes action: move(['b', 'r4', 'r7'])
a takes action: move(['a', 'r2', 'r3'])
b takes action: move(['b', 'r7', 'r4'])
a takes action: move(['a', 'r3', 'r2'])
b takes action: move(['b', 'r4', 'r7'])
a takes action: move(['a', 'r2', 'r3'])
b takes action: stay(['b'])
a takes action: move(['a', 'r3', 'r4'])
b takes action: stay(['b'])
a takes action: move(['a', 'r4', 'r5'])
b takes action: move(['b', 'r7', 'r4'])
a takes action: stay(['a'])
b takes action: move(['b', 'r4', 'r3'])
a takes action: stay(['a'])
b takes action: move(['b', 'r3', 'r2'])
a takes action: stay(['a'])
b takes action: move(['b', 'r2', 'r1'])
Steps: 34
Time cost: 0.344875s
2025-10-24 20:08:14,762 EXP - __main__.Logger.exp:
Avg Steps: 38.666666666666664
Avg Time: 0.488519s
