2025-10-12 19:01:21,818 EXP - __main__.Logger.exp:
a takes action: stay(['a'])
b takes action: drop_item(['b', 'j'])
a takes action: stay(['a'])
b takes action: stay(['b'])
a takes action: move_right_with_item(['a', 'i'])
b takes action: stay(['b'])
a takes action: drop_item(['a', 'i'])
b takes action: move_left_without_item(['b'])
a takes action: pick_up(['a', 'j'])
b takes action: move_right_without_item(['b'])
a takes action: move_left_with_item(['a', 'j'])
b takes action: pick_up(['b', 'i'])
a takes action: drop_item(['a', 'j'])
b takes action: stay(['b'])
a takes action: pick_up(['a', 'j'])
b takes action: stay(['b'])
a takes action: stay(['a'])
b takes action: stay(['b'])
a takes action: stay(['a'])
b takes action: stay(['b'])
a takes action: move_right_with_item(['a', 'j'])
Steps: 21
Time cost: 0.442730s
2025-10-12 19:01:22,584 EXP - __main__.Logger.exp:
a takes action: stay(['a'])
b takes action: move_left_with_item(['b', 'j'])
a takes action: move_right_with_item(['a', 'i'])
b takes action: stay(['b'])
a takes action: stay(['a'])
b takes action: stay(['b'])
a takes action: stay(['a'])
b takes action: move_right_with_item(['b', 'j'])
a takes action: move_left_with_item(['a', 'i'])
b takes action: drop_item(['b', 'j'])
a takes action: drop_item(['a', 'i'])
b takes action: move_left_without_item(['b'])
a takes action: move_right_without_item(['a'])
b takes action: move_right_without_item(['b'])
a takes action: move_left_without_item(['a'])
b takes action: pick_up(['b', 'j'])
a takes action: stay(['a'])
b takes action: move_left_with_item(['b', 'j'])
a takes action: stay(['a'])
b takes action: stay(['b'])
a takes action: move_right_without_item(['a'])
b takes action: move_right_with_item(['b', 'j'])
a takes action: move_left_without_item(['a'])
b takes action: stay(['b'])
a takes action: move_right_without_item(['a'])
b takes action: drop_item(['b', 'j'])
a takes action: pick_up(['a', 'j'])
b takes action: move_left_without_item(['b'])
a takes action: drop_item(['a', 'j'])
b takes action: pick_up(['b', 'i'])
a takes action: pick_up(['a', 'j'])
b takes action: stay(['b'])
a takes action: move_left_with_item(['a', 'j'])
Steps: 33
Time cost: 0.764569s
2025-10-12 19:01:22,753 EXP - __main__.Logger.exp:
a takes action: move_right_with_item(['a', 'i'])
b takes action: move_left_with_item(['b', 'j'])
a takes action: stay(['a'])
b takes action: stay(['b'])
a takes action: drop_item(['a', 'i'])
b takes action: move_right_with_item(['b', 'j'])
a takes action: stay(['a'])
b takes action: move_left_with_item(['b', 'j'])
a takes action: pick_up(['a', 'i'])
b takes action: move_right_with_item(['b', 'j'])
a takes action: drop_item(['a', 'i'])
b takes action: drop_item(['b', 'j'])
a takes action: pick_up(['a', 'j'])
b takes action: pick_up(['b', 'i'])
Steps: 14
Time cost: 0.168418s
2025-10-12 19:01:24,886 EXP - __main__.Logger.exp:
a takes action: drop_item(['a', 'i'])
b takes action: drop_item(['b', 'j'])
a takes action: stay(['a'])
b takes action: pick_up(['b', 'j'])
a takes action: pick_up(['a', 'i'])
b takes action: drop_item(['b', 'j'])
a takes action: move_right_with_item(['a', 'i'])
b takes action: stay(['b'])
a takes action: stay(['a'])
b takes action: stay(['b'])
a takes action: move_left_with_item(['a', 'i'])
b takes action: stay(['b'])
a takes action: drop_item(['a', 'i'])
b takes action: stay(['b'])
a takes action: stay(['a'])
b takes action: pick_up(['b', 'j'])
a takes action: stay(['a'])
b takes action: move_left_with_item(['b', 'j'])
a takes action: move_right_without_item(['a'])
b takes action: move_right_with_item(['b', 'j'])
a takes action: stay(['a'])
b takes action: move_left_with_item(['b', 'j'])
a takes action: move_left_without_item(['a'])
b takes action: move_right_with_item(['b', 'j'])
a takes action: move_right_without_item(['a'])
b takes action: move_left_with_item(['b', 'j'])
a takes action: stay(['a'])
b takes action: drop_item(['b', 'j'])
a takes action: stay(['a'])
b takes action: pick_up(['b', 'j'])
a takes action: stay(['a'])
b takes action: move_right_with_item(['b', 'j'])
a takes action: move_left_without_item(['a'])
b takes action: stay(['b'])
a takes action: stay(['a'])
b takes action: drop_item(['b', 'j'])
a takes action: pick_up(['a', 'i'])
b takes action: move_left_without_item(['b'])
a takes action: drop_item(['a', 'i'])
b takes action: move_right_without_item(['b'])
a takes action: pick_up(['a', 'i'])
b takes action: pick_up(['b', 'j'])
a takes action: drop_item(['a', 'i'])
b takes action: move_left_with_item(['b', 'j'])
a takes action: move_right_without_item(['a'])
b takes action: move_right_with_item(['b', 'j'])
a takes action: move_left_without_item(['a'])
b takes action: drop_item(['b', 'j'])
a takes action: pick_up(['a', 'i'])
b takes action: pick_up(['b', 'j'])
a takes action: stay(['a'])
b takes action: stay(['b'])
a takes action: move_right_with_item(['a', 'i'])
b takes action: move_left_with_item(['b', 'j'])
a takes action: stay(['a'])
b takes action: stay(['b'])
a takes action: move_left_with_item(['a', 'i'])
b takes action: move_right_with_item(['b', 'j'])
a takes action: drop_item(['a', 'i'])
b takes action: move_left_with_item(['b', 'j'])
a takes action: move_right_without_item(['a'])
b takes action: drop_item(['b', 'j'])
a takes action: move_left_without_item(['a'])
b takes action: pick_up(['b', 'i'])
a takes action: pick_up(['a', 'j'])
Steps: 65
Time cost: 2.132389s
2025-10-12 19:01:25,071 EXP - __main__.Logger.exp:
a takes action: move_right_with_item(['a', 'i'])
b takes action: drop_item(['b', 'j'])
a takes action: move_left_with_item(['a', 'i'])
b takes action: pick_up(['b', 'j'])
a takes action: move_right_with_item(['a', 'i'])
b takes action: drop_item(['b', 'j'])
a takes action: stay(['a'])
b takes action: stay(['b'])
a takes action: stay(['a'])
b takes action: stay(['b'])
a takes action: drop_item(['a', 'i'])
b takes action: pick_up(['b', 'i'])
a takes action: pick_up(['a', 'j'])
Steps: 13
Time cost: 0.183446s
2025-10-12 19:01:25,237 EXP - __main__.Logger.exp:
a takes action: move_right_with_item(['a', 'i'])
b takes action: drop_item(['b', 'j'])
a takes action: drop_item(['a', 'i'])
b takes action: move_left_without_item(['b'])
a takes action: pick_up(['a', 'i'])
b takes action: move_right_without_item(['b'])
a takes action: drop_item(['a', 'i'])
b takes action: pick_up(['b', 'i'])
a takes action: pick_up(['a', 'j'])
Steps: 9
Time cost: 0.165926s
2025-10-12 19:01:25,779 EXP - __main__.Logger.exp:
a takes action: move_right_with_item(['a', 'i'])
b takes action: move_left_with_item(['b', 'j'])
a takes action: move_left_with_item(['a', 'i'])
b takes action: drop_item(['b', 'j'])
a takes action: move_right_with_item(['a', 'i'])
b takes action: stay(['b'])
a takes action: move_left_with_item(['a', 'i'])
b takes action: pick_up(['b', 'j'])
a takes action: stay(['a'])
b takes action: move_right_with_item(['b', 'j'])
a takes action: drop_item(['a', 'i'])
b takes action: move_left_with_item(['b', 'j'])
a takes action: stay(['a'])
b takes action: move_right_with_item(['b', 'j'])
a takes action: move_right_without_item(['a'])
b takes action: move_left_with_item(['b', 'j'])
a takes action: stay(['a'])
b takes action: move_right_with_item(['b', 'j'])
a takes action: stay(['a'])
b takes action: drop_item(['b', 'j'])
a takes action: pick_up(['a', 'j'])
b takes action: move_left_without_item(['b'])
a takes action: drop_item(['a', 'j'])
b takes action: pick_up(['b', 'i'])
a takes action: pick_up(['a', 'j'])
b takes action: stay(['b'])
a takes action: stay(['a'])
b takes action: stay(['b'])
a takes action: move_left_with_item(['a', 'j'])
Steps: 29
Time cost: 0.540778s
2025-10-12 19:01:26,160 EXP - __main__.Logger.exp:
a takes action: stay(['a'])
b takes action: drop_item(['b', 'j'])
a takes action: stay(['a'])
b takes action: pick_up(['b', 'j'])
a takes action: stay(['a'])
b takes action: stay(['b'])
a takes action: stay(['a'])
b takes action: move_left_with_item(['b', 'j'])
a takes action: stay(['a'])
b takes action: drop_item(['b', 'j'])
a takes action: stay(['a'])
b takes action: pick_up(['b', 'j'])
a takes action: stay(['a'])
b takes action: drop_item(['b', 'j'])
a takes action: drop_item(['a', 'i'])
b takes action: pick_up(['b', 'i'])
a takes action: pick_up(['a', 'j'])
Steps: 17
Time cost: 0.380501s
2025-10-12 19:01:26,897 EXP - __main__.Logger.exp:
a takes action: drop_item(['a', 'i'])
b takes action: stay(['b'])
a takes action: stay(['a'])
b takes action: stay(['b'])
a takes action: pick_up(['a', 'i'])
b takes action: move_left_with_item(['b', 'j'])
a takes action: stay(['a'])
b takes action: move_right_with_item(['b', 'j'])
a takes action: drop_item(['a', 'i'])
b takes action: drop_item(['b', 'j'])
a takes action: pick_up(['a', 'i'])
b takes action: pick_up(['b', 'j'])
a takes action: drop_item(['a', 'i'])
b takes action: stay(['b'])
a takes action: move_right_without_item(['a'])
b takes action: stay(['b'])
a takes action: move_left_without_item(['a'])
b takes action: drop_item(['b', 'j'])
a takes action: stay(['a'])
b takes action: pick_up(['b', 'j'])
a takes action: stay(['a'])
b takes action: stay(['b'])
a takes action: move_right_without_item(['a'])
b takes action: drop_item(['b', 'j'])
a takes action: stay(['a'])
b takes action: move_left_without_item(['b'])
a takes action: move_left_without_item(['a'])
b takes action: move_right_without_item(['b'])
a takes action: move_right_without_item(['a'])
b takes action: stay(['b'])
a takes action: pick_up(['a', 'j'])
b takes action: move_left_without_item(['b'])
a takes action: move_left_with_item(['a', 'j'])
b takes action: pick_up(['b', 'i'])
Steps: 34
Time cost: 0.736008s
2025-10-12 19:01:27,302 EXP - __main__.Logger.exp:
a takes action: stay(['a'])
b takes action: stay(['b'])
a takes action: stay(['a'])
b takes action: drop_item(['b', 'j'])
a takes action: stay(['a'])
b takes action: move_left_without_item(['b'])
a takes action: drop_item(['a', 'i'])
b takes action: stay(['b'])
a takes action: move_right_without_item(['a'])
b takes action: move_right_without_item(['b'])
a takes action: pick_up(['a', 'j'])
b takes action: move_left_without_item(['b'])
a takes action: stay(['a'])
b takes action: pick_up(['b', 'i'])
a takes action: move_left_with_item(['a', 'j'])
Steps: 15
Time cost: 0.404382s
2025-10-12 19:01:27,421 EXP - __main__.Logger.exp:
a takes action: stay(['a'])
b takes action: move_left_with_item(['b', 'j'])
a takes action: drop_item(['a', 'i'])
b takes action: drop_item(['b', 'j'])
a takes action: stay(['a'])
b takes action: pick_up(['b', 'i'])
a takes action: pick_up(['a', 'j'])
Steps: 7
Time cost: 0.117667s
2025-10-12 19:01:28,989 EXP - __main__.Logger.exp:
a takes action: move_right_with_item(['a', 'i'])
b takes action: drop_item(['b', 'j'])
a takes action: move_left_with_item(['a', 'i'])
b takes action: stay(['b'])
a takes action: stay(['a'])
b takes action: pick_up(['b', 'j'])
a takes action: drop_item(['a', 'i'])
b takes action: stay(['b'])
a takes action: pick_up(['a', 'i'])
b takes action: move_left_with_item(['b', 'j'])
a takes action: move_right_with_item(['a', 'i'])
b takes action: drop_item(['b', 'j'])
a takes action: move_left_with_item(['a', 'i'])
b takes action: pick_up(['b', 'j'])
a takes action: stay(['a'])
b takes action: move_right_with_item(['b', 'j'])
a takes action: move_right_with_item(['a', 'i'])
b takes action: move_left_with_item(['b', 'j'])
a takes action: move_left_with_item(['a', 'i'])
b takes action: drop_item(['b', 'j'])
a takes action: drop_item(['a', 'i'])
b takes action: pick_up(['b', 'j'])
a takes action: move_right_without_item(['a'])
b takes action: drop_item(['b', 'j'])
a takes action: move_left_without_item(['a'])
b takes action: pick_up(['b', 'j'])
a takes action: pick_up(['a', 'i'])
b takes action: move_right_with_item(['b', 'j'])
a takes action: move_right_with_item(['a', 'i'])
b takes action: move_left_with_item(['b', 'j'])
a takes action: move_left_with_item(['a', 'i'])
b takes action: stay(['b'])
a takes action: move_right_with_item(['a', 'i'])
b takes action: move_right_with_item(['b', 'j'])
a takes action: stay(['a'])
b takes action: stay(['b'])
a takes action: stay(['a'])
b takes action: stay(['b'])
a takes action: drop_item(['a', 'i'])
b takes action: stay(['b'])
a takes action: pick_up(['a', 'i'])
b takes action: stay(['b'])
a takes action: drop_item(['a', 'i'])
b takes action: move_left_with_item(['b', 'j'])
a takes action: move_left_without_item(['a'])
b takes action: move_right_with_item(['b', 'j'])
a takes action: move_right_without_item(['a'])
b takes action: move_left_with_item(['b', 'j'])
a takes action: move_left_without_item(['a'])
b takes action: stay(['b'])
a takes action: move_right_without_item(['a'])
b takes action: drop_item(['b', 'j'])
a takes action: stay(['a'])
b takes action: move_right_without_item(['b'])
a takes action: move_left_without_item(['a'])
b takes action: pick_up(['b', 'i'])
a takes action: pick_up(['a', 'j'])
b takes action: move_left_with_item(['b', 'i'])
Steps: 58
Time cost: 1.567227s
2025-10-12 19:01:31,422 EXP - __main__.Logger.exp:
a takes action: move_right_with_item(['a', 'i'])
b takes action: move_left_with_item(['b', 'j'])
a takes action: move_left_with_item(['a', 'i'])
b takes action: stay(['b'])
a takes action: stay(['a'])
b takes action: move_right_with_item(['b', 'j'])
a takes action: drop_item(['a', 'i'])
b takes action: move_left_with_item(['b', 'j'])
a takes action: pick_up(['a', 'i'])
b takes action: drop_item(['b', 'j'])
a takes action: drop_item(['a', 'i'])
b takes action: stay(['b'])
a takes action: pick_up(['a', 'i'])
b takes action: move_right_without_item(['b'])
a takes action: drop_item(['a', 'i'])
b takes action: move_left_without_item(['b'])
a takes action: pick_up(['a', 'i'])
b takes action: move_right_without_item(['b'])
a takes action: move_right_with_item(['a', 'i'])
b takes action: move_left_without_item(['b'])
a takes action: move_left_with_item(['a', 'i'])
b takes action: pick_up(['b', 'j'])
a takes action: move_right_with_item(['a', 'i'])
b takes action: drop_item(['b', 'j'])
a takes action: move_left_with_item(['a', 'i'])
b takes action: stay(['b'])
a takes action: stay(['a'])
b takes action: stay(['b'])
a takes action: stay(['a'])
b takes action: move_right_without_item(['b'])
a takes action: stay(['a'])
b takes action: move_left_without_item(['b'])
a takes action: drop_item(['a', 'i'])
b takes action: move_right_without_item(['b'])
a takes action: stay(['a'])
b takes action: stay(['b'])
a takes action: stay(['a'])
b takes action: move_left_without_item(['b'])
a takes action: pick_up(['a', 'i'])
b takes action: move_right_without_item(['b'])
a takes action: stay(['a'])
b takes action: move_left_without_item(['b'])
a takes action: drop_item(['a', 'i'])
b takes action: move_right_without_item(['b'])
a takes action: stay(['a'])
b takes action: stay(['b'])
a takes action: pick_up(['a', 'j'])
b takes action: stay(['b'])
a takes action: move_right_with_item(['a', 'j'])
b takes action: move_left_without_item(['b'])
a takes action: stay(['a'])
b takes action: pick_up(['b', 'i'])
a takes action: drop_item(['a', 'j'])
b takes action: stay(['b'])
a takes action: pick_up(['a', 'j'])
b takes action: stay(['b'])
a takes action: stay(['a'])
b takes action: stay(['b'])
a takes action: drop_item(['a', 'j'])
b takes action: stay(['b'])
a takes action: pick_up(['a', 'j'])
b takes action: stay(['b'])
a takes action: stay(['a'])
b takes action: stay(['b'])
a takes action: move_left_with_item(['a', 'j'])
Steps: 65
Time cost: 2.431716s
2025-10-12 19:01:33,138 EXP - __main__.Logger.exp:
a takes action: drop_item(['a', 'i'])
b takes action: stay(['b'])
a takes action: pick_up(['a', 'i'])
b takes action: move_left_with_item(['b', 'j'])
a takes action: drop_item(['a', 'i'])
b takes action: drop_item(['b', 'j'])
a takes action: pick_up(['a', 'i'])
b takes action: stay(['b'])
a takes action: stay(['a'])
b takes action: pick_up(['b', 'j'])
a takes action: stay(['a'])
b takes action: move_right_with_item(['b', 'j'])
a takes action: drop_item(['a', 'i'])
b takes action: stay(['b'])
a takes action: pick_up(['a', 'i'])
b takes action: stay(['b'])
a takes action: move_right_with_item(['a', 'i'])
b takes action: drop_item(['b', 'j'])
a takes action: move_left_with_item(['a', 'i'])
b takes action: stay(['b'])
a takes action: stay(['a'])
b takes action: stay(['b'])
a takes action: move_right_with_item(['a', 'i'])
b takes action: move_left_without_item(['b'])
a takes action: move_left_with_item(['a', 'i'])
b takes action: stay(['b'])
a takes action: drop_item(['a', 'i'])
b takes action: move_right_without_item(['b'])
a takes action: pick_up(['a', 'i'])
b takes action: move_left_without_item(['b'])
a takes action: drop_item(['a', 'i'])
b takes action: stay(['b'])
a takes action: move_right_without_item(['a'])
b takes action: stay(['b'])
a takes action: stay(['a'])
b takes action: stay(['b'])
a takes action: pick_up(['a', 'j'])
b takes action: stay(['b'])
a takes action: drop_item(['a', 'j'])
b takes action: pick_up(['b', 'i'])
a takes action: move_left_without_item(['a'])
b takes action: stay(['b'])
a takes action: move_right_without_item(['a'])
b takes action: stay(['b'])
a takes action: pick_up(['a', 'j'])
b takes action: move_right_with_item(['b', 'i'])
Steps: 46
Time cost: 1.715746s
2025-10-12 19:01:33,507 EXP - __main__.Logger.exp:
a takes action: drop_item(['a', 'i'])
b takes action: drop_item(['b', 'j'])
a takes action: move_right_without_item(['a'])
b takes action: move_left_without_item(['b'])
a takes action: pick_up(['a', 'j'])
b takes action: move_right_without_item(['b'])
a takes action: drop_item(['a', 'j'])
b takes action: move_left_without_item(['b'])
a takes action: stay(['a'])
b takes action: pick_up(['b', 'i'])
a takes action: pick_up(['a', 'j'])
b takes action: move_right_with_item(['b', 'i'])
Steps: 12
Time cost: 0.367633s
2025-10-12 19:01:35,079 EXP - __main__.Logger.exp:
a takes action: move_right_with_item(['a', 'i'])
b takes action: move_left_with_item(['b', 'j'])
a takes action: stay(['a'])
b takes action: drop_item(['b', 'j'])
a takes action: move_left_with_item(['a', 'i'])
b takes action: pick_up(['b', 'j'])
a takes action: move_right_with_item(['a', 'i'])
b takes action: drop_item(['b', 'j'])
a takes action: drop_item(['a', 'i'])
b takes action: pick_up(['b', 'j'])
a takes action: pick_up(['a', 'i'])
b takes action: stay(['b'])
a takes action: stay(['a'])
b takes action: stay(['b'])
a takes action: drop_item(['a', 'i'])
b takes action: stay(['b'])
a takes action: pick_up(['a', 'i'])
b takes action: move_right_with_item(['b', 'j'])
a takes action: stay(['a'])
b takes action: stay(['b'])
a takes action: move_left_with_item(['a', 'i'])
b takes action: stay(['b'])
a takes action: move_right_with_item(['a', 'i'])
b takes action: drop_item(['b', 'j'])
a takes action: stay(['a'])
b takes action: move_left_without_item(['b'])
a takes action: move_left_with_item(['a', 'i'])
b takes action: stay(['b'])
a takes action: drop_item(['a', 'i'])
b takes action: move_right_without_item(['b'])
a takes action: stay(['a'])
b takes action: stay(['b'])
a takes action: move_right_without_item(['a'])
b takes action: move_left_without_item(['b'])
a takes action: move_left_without_item(['a'])
b takes action: stay(['b'])
a takes action: move_right_without_item(['a'])
b takes action: stay(['b'])
a takes action: move_left_without_item(['a'])
b takes action: move_right_without_item(['b'])
a takes action: move_right_without_item(['a'])
b takes action: move_left_without_item(['b'])
a takes action: pick_up(['a', 'j'])
b takes action: stay(['b'])
a takes action: move_left_with_item(['a', 'j'])
b takes action: pick_up(['b', 'i'])
Steps: 46
Time cost: 1.571144s
2025-10-12 19:01:35,157 EXP - __main__.Logger.exp:
a takes action: move_right_with_item(['a', 'i'])
b takes action: stay(['b'])
a takes action: stay(['a'])
b takes action: drop_item(['b', 'j'])
a takes action: drop_item(['a', 'i'])
b takes action: pick_up(['b', 'i'])
a takes action: pick_up(['a', 'j'])
Steps: 7
Time cost: 0.077730s
2025-10-12 19:01:35,442 EXP - __main__.Logger.exp:
a takes action: drop_item(['a', 'i'])
b takes action: drop_item(['b', 'j'])
a takes action: pick_up(['a', 'i'])
b takes action: move_left_without_item(['b'])
a takes action: move_right_with_item(['a', 'i'])
b takes action: move_right_without_item(['b'])
a takes action: stay(['a'])
b takes action: pick_up(['b', 'j'])
a takes action: move_left_with_item(['a', 'i'])
b takes action: stay(['b'])
a takes action: drop_item(['a', 'i'])
b takes action: stay(['b'])
a takes action: move_right_without_item(['a'])
b takes action: move_left_with_item(['b', 'j'])
a takes action: move_left_without_item(['a'])
b takes action: drop_item(['b', 'j'])
a takes action: pick_up(['a', 'j'])
b takes action: pick_up(['b', 'i'])
Steps: 18
Time cost: 0.284032s
2025-10-12 19:01:36,937 EXP - __main__.Logger.exp:
a takes action: drop_item(['a', 'i'])
b takes action: move_left_with_item(['b', 'j'])
a takes action: move_right_without_item(['a'])
b takes action: stay(['b'])
a takes action: move_left_without_item(['a'])
b takes action: move_right_with_item(['b', 'j'])
a takes action: stay(['a'])
b takes action: drop_item(['b', 'j'])
a takes action: pick_up(['a', 'i'])
b takes action: stay(['b'])
a takes action: stay(['a'])
b takes action: move_left_without_item(['b'])
a takes action: drop_item(['a', 'i'])
b takes action: stay(['b'])
a takes action: stay(['a'])
b takes action: move_right_without_item(['b'])
a takes action: pick_up(['a', 'i'])
b takes action: move_left_without_item(['b'])
a takes action: drop_item(['a', 'i'])
b takes action: stay(['b'])
a takes action: pick_up(['a', 'i'])
b takes action: move_right_without_item(['b'])
a takes action: move_right_with_item(['a', 'i'])
b takes action: pick_up(['b', 'j'])
a takes action: drop_item(['a', 'i'])
b takes action: move_left_with_item(['b', 'j'])
a takes action: pick_up(['a', 'i'])
b takes action: move_right_with_item(['b', 'j'])
a takes action: move_left_with_item(['a', 'i'])
b takes action: move_left_with_item(['b', 'j'])
a takes action: drop_item(['a', 'i'])
b takes action: move_right_with_item(['b', 'j'])
a takes action: move_right_without_item(['a'])
b takes action: drop_item(['b', 'j'])
a takes action: stay(['a'])
b takes action: move_left_without_item(['b'])
a takes action: move_left_without_item(['a'])
b takes action: stay(['b'])
a takes action: stay(['a'])
b takes action: stay(['b'])
a takes action: pick_up(['a', 'i'])
b takes action: move_right_without_item(['b'])
a takes action: move_right_with_item(['a', 'i'])
b takes action: move_left_without_item(['b'])
a takes action: drop_item(['a', 'i'])
b takes action: move_right_without_item(['b'])
a takes action: pick_up(['a', 'j'])
b takes action: pick_up(['b', 'i'])
Steps: 48
Time cost: 1.494103s
2025-10-12 19:01:41,922 EXP - __main__.Logger.exp:
a takes action: stay(['a'])
b takes action: drop_item(['b', 'j'])
a takes action: move_right_with_item(['a', 'i'])
b takes action: stay(['b'])
a takes action: stay(['a'])
b takes action: move_left_without_item(['b'])
a takes action: drop_item(['a', 'i'])
b takes action: move_right_without_item(['b'])
a takes action: stay(['a'])
b takes action: pick_up(['b', 'j'])
a takes action: pick_up(['a', 'i'])
b takes action: move_left_with_item(['b', 'j'])
a takes action: drop_item(['a', 'i'])
b takes action: stay(['b'])
a takes action: move_left_without_item(['a'])
b takes action: stay(['b'])
a takes action: stay(['a'])
b takes action: move_right_with_item(['b', 'j'])
a takes action: stay(['a'])
b takes action: move_left_with_item(['b', 'j'])
a takes action: stay(['a'])
b takes action: stay(['b'])
a takes action: move_right_without_item(['a'])
b takes action: move_right_with_item(['b', 'j'])
a takes action: move_left_without_item(['a'])
b takes action: move_left_with_item(['b', 'j'])
a takes action: stay(['a'])
b takes action: stay(['b'])
a takes action: move_right_without_item(['a'])
b takes action: stay(['b'])
a takes action: move_left_without_item(['a'])
b takes action: stay(['b'])
a takes action: move_right_without_item(['a'])
b takes action: move_right_with_item(['b', 'j'])
a takes action: stay(['a'])
b takes action: move_left_with_item(['b', 'j'])
a takes action: stay(['a'])
b takes action: move_right_with_item(['b', 'j'])
a takes action: pick_up(['a', 'i'])
b takes action: move_left_with_item(['b', 'j'])
a takes action: stay(['a'])
b takes action: drop_item(['b', 'j'])
a takes action: stay(['a'])
b takes action: pick_up(['b', 'j'])
a takes action: drop_item(['a', 'i'])
b takes action: drop_item(['b', 'j'])
a takes action: move_left_without_item(['a'])
b takes action: pick_up(['b', 'j'])
a takes action: stay(['a'])
b takes action: drop_item(['b', 'j'])
a takes action: move_right_without_item(['a'])
b takes action: stay(['b'])
a takes action: pick_up(['a', 'i'])
b takes action: stay(['b'])
a takes action: move_left_with_item(['a', 'i'])
b takes action: pick_up(['b', 'j'])
a takes action: stay(['a'])
b takes action: drop_item(['b', 'j'])
a takes action: stay(['a'])
b takes action: move_right_without_item(['b'])
a takes action: stay(['a'])
b takes action: stay(['b'])
a takes action: stay(['a'])
b takes action: move_left_without_item(['b'])
a takes action: stay(['a'])
b takes action: pick_up(['b', 'j'])
a takes action: move_right_with_item(['a', 'i'])
b takes action: move_right_with_item(['b', 'j'])
a takes action: stay(['a'])
b takes action: drop_item(['b', 'j'])
a takes action: drop_item(['a', 'i'])
b takes action: pick_up(['b', 'j'])
a takes action: pick_up(['a', 'i'])
b takes action: move_left_with_item(['b', 'j'])
a takes action: stay(['a'])
b takes action: move_right_with_item(['b', 'j'])
a takes action: stay(['a'])
b takes action: stay(['b'])
a takes action: move_left_with_item(['a', 'i'])
b takes action: drop_item(['b', 'j'])
a takes action: drop_item(['a', 'i'])
b takes action: move_left_without_item(['b'])
a takes action: move_right_without_item(['a'])
b takes action: pick_up(['b', 'i'])
a takes action: pick_up(['a', 'j'])
b takes action: drop_item(['b', 'i'])
a takes action: drop_item(['a', 'j'])
b takes action: stay(['b'])
a takes action: move_left_without_item(['a'])
b takes action: move_right_without_item(['b'])
a takes action: stay(['a'])
b takes action: pick_up(['b', 'j'])
a takes action: pick_up(['a', 'i'])
b takes action: drop_item(['b', 'j'])
a takes action: stay(['a'])
b takes action: move_left_without_item(['b'])
a takes action: stay(['a'])
b takes action: stay(['b'])
a takes action: stay(['a'])
b takes action: stay(['b'])

