2025-11-01 14:11:23,153 EXP - __main__.Logger.exp:
a takes action: sharing_own_secret(['a', 'as'])
Steps: 1
Time cost: 0.004632s
2025-11-01 14:11:23,159 EXP - __main__.Logger.exp:
a takes action: sharing_own_secret(['a', 'as'])
Steps: 1
Time cost: 0.004530s
2025-11-01 14:11:23,164 EXP - __main__.Logger.exp:
a takes action: sharing_own_secret(['a', 'as'])
Steps: 1
Time cost: 0.004478s
2025-11-01 14:11:23,169 EXP - __main__.Logger.exp:
a takes action: sharing_own_secret(['a', 'as'])
Steps: 1
Time cost: 0.004541s
2025-11-01 14:11:23,176 EXP - __main__.Logger.exp:
a takes action: sharing_own_secret(['a', 'as'])
Steps: 1
Time cost: 0.005386s
2025-11-01 14:11:23,176 EXP - __main__.Logger.exp:
Avg Steps: 1.0
Avg Time: 0.004713s
