2025-10-22 16:29:27,388 EXP - __main__.Logger.exp:
a takes action: pick_up(['a', 'i'])
b takes action: pick_up(['b', 'j'])
Steps: 2
Time cost: 0.005163s
2025-10-22 16:29:27,394 EXP - __main__.Logger.exp:
a takes action: pick_up(['a', 'i'])
b takes action: pick_up(['b', 'j'])
Steps: 2
Time cost: 0.004940s
2025-10-22 16:29:27,400 EXP - __main__.Logger.exp:
a takes action: pick_up(['a', 'i'])
b takes action: pick_up(['b', 'j'])
Steps: 2
Time cost: 0.005004s
2025-10-22 16:29:27,405 EXP - __main__.Logger.exp:
a takes action: pick_up(['a', 'i'])
b takes action: pick_up(['b', 'j'])
Steps: 2
Time cost: 0.004943s
2025-10-22 16:29:27,411 EXP - __main__.Logger.exp:
a takes action: pick_up(['a', 'i'])
b takes action: pick_up(['b', 'j'])
Steps: 2
Time cost: 0.005286s
2025-10-22 16:29:27,412 EXP - __main__.Logger.exp:
Avg Steps: 2.0
Avg Time: 0.005067s
