2025-10-12 19:41:57,446 EXP - __main__.Logger.exp:
a takes action: stay(['a'])
b takes action: move(['b', 'r2', 'r3'])
c takes action: move(['c', 'r6', 'r5'])
d takes action: move(['d', 'r7', 'r6'])
a takes action: stay(['a'])
b takes action: move(['b', 'r3', 'r4'])
c takes action: stay(['c'])
d takes action: stay(['d'])
a takes action: stay(['a'])
b takes action: move(['b', 'r4', 'r8'])
c takes action: move(['c', 'r5', 'r4'])
d takes action: move(['d', 'r6', 'r5'])
a takes action: stay(['a'])
b takes action: stay(['b'])
c takes action: move(['c', 'r4', 'r3'])
d takes action: move(['d', 'r5', 'r4'])
a takes action: stay(['a'])
b takes action: stay(['b'])
c takes action: move(['c', 'r3', 'r2'])
d takes action: move(['d', 'r4', 'r3'])
a takes action: stay(['a'])
b takes action: move(['b', 'r8', 'r4'])
c takes action: stay(['c'])
d takes action: stay(['d'])
a takes action: stay(['a'])
b takes action: move(['b', 'r4', 'r5'])
c takes action: stay(['c'])
d takes action: move(['d', 'r3', 'r4'])
a takes action: stay(['a'])
b takes action: move(['b', 'r5', 'r6'])
c takes action: move(['c', 'r2', 'r3'])
d takes action: move(['d', 'r4', 'r5'])
a takes action: move(['a', 'r1', 'r2'])
b takes action: move(['b', 'r6', 'r7'])
c takes action: move(['c', 'r3', 'r4'])
d takes action: move(['d', 'r5', 'r6'])
a takes action: move(['a', 'r2', 'r3'])
b takes action: stay(['b'])
c takes action: move(['c', 'r4', 'r5'])
d takes action: stay(['d'])
a takes action: move(['a', 'r3', 'r4'])
b takes action: stay(['b'])
c takes action: stay(['c'])
d takes action: stay(['d'])
a takes action: move(['a', 'r4', 'r8'])
b takes action: stay(['b'])
c takes action: move(['c', 'r5', 'r4'])
d takes action: move(['d', 'r6', 'r5'])
a takes action: stay(['a'])
b takes action: stay(['b'])
c takes action: move(['c', 'r4', 'r3'])
d takes action: move(['d', 'r5', 'r4'])
a takes action: stay(['a'])
b takes action: stay(['b'])
c takes action: move(['c', 'r3', 'r2'])
d takes action: move(['d', 'r4', 'r3'])
a takes action: move(['a', 'r8', 'r4'])
b takes action: stay(['b'])
c takes action: move(['c', 'r2', 'r1'])
d takes action: move(['d', 'r3', 'r2'])
a takes action: move(['a', 'r4', 'r5'])
b takes action: stay(['b'])
c takes action: stay(['c'])
d takes action: stay(['d'])
a takes action: move(['a', 'r5', 'r6'])
Steps: 65
Time cost: 303.835762s
2025-10-12 19:46:39,154 EXP - __main__.Logger.exp:
a takes action: stay(['a'])
b takes action: move(['b', 'r2', 'r3'])
c takes action: move(['c', 'r6', 'r5'])
d takes action: move(['d', 'r7', 'r6'])
a takes action: stay(['a'])
b takes action: move(['b', 'r3', 'r4'])
c takes action: stay(['c'])
d takes action: stay(['d'])
a takes action: stay(['a'])
b takes action: move(['b', 'r4', 'r8'])
c takes action: move(['c', 'r5', 'r4'])
d takes action: move(['d', 'r6', 'r5'])
a takes action: stay(['a'])
b takes action: stay(['b'])
c takes action: move(['c', 'r4', 'r3'])
d takes action: move(['d', 'r5', 'r4'])
a takes action: stay(['a'])
b takes action: stay(['b'])
c takes action: move(['c', 'r3', 'r2'])
d takes action: move(['d', 'r4', 'r3'])
a takes action: stay(['a'])
b takes action: move(['b', 'r8', 'r4'])
c takes action: stay(['c'])
d takes action: stay(['d'])
a takes action: stay(['a'])
b takes action: move(['b', 'r4', 'r5'])
c takes action: stay(['c'])
d takes action: move(['d', 'r3', 'r4'])
a takes action: stay(['a'])
b takes action: move(['b', 'r5', 'r6'])
c takes action: move(['c', 'r2', 'r3'])
d takes action: move(['d', 'r4', 'r5'])
a takes action: move(['a', 'r1', 'r2'])
b takes action: move(['b', 'r6', 'r7'])
c takes action: move(['c', 'r3', 'r4'])
d takes action: move(['d', 'r5', 'r6'])
a takes action: move(['a', 'r2', 'r3'])
b takes action: stay(['b'])
c takes action: move(['c', 'r4', 'r5'])
d takes action: stay(['d'])
a takes action: move(['a', 'r3', 'r4'])
b takes action: stay(['b'])
c takes action: stay(['c'])
d takes action: stay(['d'])
a takes action: move(['a', 'r4', 'r8'])
b takes action: stay(['b'])
c takes action: move(['c', 'r5', 'r4'])
d takes action: move(['d', 'r6', 'r5'])
a takes action: stay(['a'])
b takes action: stay(['b'])
c takes action: move(['c', 'r4', 'r3'])
d takes action: move(['d', 'r5', 'r4'])
a takes action: stay(['a'])
b takes action: stay(['b'])
c takes action: move(['c', 'r3', 'r2'])
d takes action: move(['d', 'r4', 'r3'])
a takes action: move(['a', 'r8', 'r4'])
b takes action: stay(['b'])
c takes action: move(['c', 'r2', 'r1'])
d takes action: move(['d', 'r3', 'r2'])
a takes action: move(['a', 'r4', 'r5'])
b takes action: stay(['b'])
c takes action: stay(['c'])
d takes action: stay(['d'])
a takes action: move(['a', 'r5', 'r6'])
Steps: 65
Time cost: 281.705072s
2025-10-12 19:49:33,035 EXP - __main__.Logger.exp:
a takes action: stay(['a'])
b takes action: move(['b', 'r2', 'r3'])
c takes action: move(['c', 'r6', 'r5'])
d takes action: move(['d', 'r7', 'r6'])
a takes action: stay(['a'])
b takes action: move(['b', 'r3', 'r4'])
c takes action: stay(['c'])
d takes action: stay(['d'])
a takes action: stay(['a'])
b takes action: move(['b', 'r4', 'r8'])
c takes action: move(['c', 'r5', 'r4'])
d takes action: move(['d', 'r6', 'r5'])
a takes action: stay(['a'])
b takes action: stay(['b'])
c takes action: move(['c', 'r4', 'r3'])
d takes action: move(['d', 'r5', 'r4'])
a takes action: stay(['a'])
b takes action: stay(['b'])
c takes action: move(['c', 'r3', 'r2'])
d takes action: move(['d', 'r4', 'r3'])
a takes action: stay(['a'])
b takes action: move(['b', 'r8', 'r4'])
c takes action: stay(['c'])
d takes action: stay(['d'])
a takes action: stay(['a'])
b takes action: move(['b', 'r4', 'r5'])
c takes action: stay(['c'])
d takes action: move(['d', 'r3', 'r4'])
a takes action: stay(['a'])
b takes action: move(['b', 'r5', 'r6'])
c takes action: move(['c', 'r2', 'r3'])
d takes action: move(['d', 'r4', 'r5'])
a takes action: move(['a', 'r1', 'r2'])
b takes action: move(['b', 'r6', 'r7'])
c takes action: move(['c', 'r3', 'r4'])
d takes action: move(['d', 'r5', 'r6'])
a takes action: move(['a', 'r2', 'r3'])
b takes action: stay(['b'])
c takes action: move(['c', 'r4', 'r5'])
d takes action: stay(['d'])
a takes action: move(['a', 'r3', 'r4'])
b takes action: stay(['b'])
c takes action: stay(['c'])
d takes action: stay(['d'])
a takes action: move(['a', 'r4', 'r8'])
b takes action: stay(['b'])
c takes action: move(['c', 'r5', 'r4'])
d takes action: move(['d', 'r6', 'r5'])
a takes action: stay(['a'])
b takes action: stay(['b'])
c takes action: move(['c', 'r4', 'r3'])
d takes action: move(['d', 'r5', 'r4'])
a takes action: stay(['a'])
b takes action: stay(['b'])
c takes action: move(['c', 'r3', 'r2'])
d takes action: move(['d', 'r4', 'r3'])
a takes action: move(['a', 'r8', 'r4'])
b takes action: stay(['b'])
c takes action: move(['c', 'r2', 'r1'])
d takes action: move(['d', 'r3', 'r2'])
a takes action: move(['a', 'r4', 'r5'])
b takes action: stay(['b'])
c takes action: stay(['c'])
d takes action: stay(['d'])
a takes action: move(['a', 'r5', 'r6'])
Steps: 65
Time cost: 173.879169s
2025-10-12 19:49:33,035 EXP - __main__.Logger.exp:
Avg Steps: 65.0
Avg Time: 253.140001s
