2025-10-23 17:14:36,498 EXP - __main__.Logger.exp:
a takes action: sharing_own_secret(['a', 'as'])
b takes action: sharing_stay(['b'])
c takes action: sharing_stay(['c'])
a takes action: quiet(['a', 'as'])
b takes action: move_right(['b'])
c takes action: normal_stay(['c'])
a takes action: normal_stay(['a'])
b takes action: normal_stay(['b'])
c takes action: normal_stay(['c'])
a takes action: lying_own_secret(['a', 'as'])
b takes action: sharing_stay(['b'])
c takes action: sharing_stay(['c'])
a takes action: quiet(['a', 'as'])
b takes action: move_left(['b'])
c takes action: move_right(['c'])
a takes action: sharing_own_secret(['a', 'as'])
Steps: 16
Time cost: 0.069836s
2025-10-23 17:14:37,188 EXP - __main__.Logger.exp:
a takes action: sharing_own_secret(['a', 'as'])
b takes action: sharing_stay(['b'])
c takes action: sharing_stay(['c'])
a takes action: quiet(['a', 'as'])
b takes action: sharing_others_secret(['b', 'as'])
c takes action: sharing_stay(['c'])
a takes action: sharing_stay(['a'])
b takes action: quiet(['b', 'as'])
c takes action: normal_stay(['c'])
a takes action: normal_stay(['a'])
b takes action: move_right(['b'])
c takes action: normal_stay(['c'])
a takes action: lying_own_secret(['a', 'as'])
b takes action: sharing_stay(['b'])
c takes action: sharing_stay(['c'])
a takes action: quiet(['a', 'as'])
b takes action: normal_stay(['b'])
c takes action: normal_stay(['c'])
a takes action: sharing_own_secret(['a', 'as'])
b takes action: sharing_stay(['b'])
c takes action: sharing_stay(['c'])
a takes action: quiet(['a', 'as'])
b takes action: sharing_others_secret(['b', 'as'])
c takes action: sharing_stay(['c'])
a takes action: sharing_stay(['a'])
b takes action: quiet(['b', 'as'])
c takes action: normal_stay(['c'])
a takes action: sharing_own_secret(['a', 'as'])
b takes action: sharing_stay(['b'])
c takes action: sharing_stay(['c'])
a takes action: quiet(['a', 'as'])
b takes action: move_left(['b'])
c takes action: normal_stay(['c'])
a takes action: sharing_own_secret(['a', 'as'])
b takes action: sharing_stay(['b'])
c takes action: sharing_stay(['c'])
a takes action: quiet(['a', 'as'])
b takes action: move_right(['b'])
c takes action: normal_stay(['c'])
a takes action: move_right(['a'])
b takes action: normal_stay(['b'])
c takes action: move_right(['c'])
a takes action: sharing_own_secret(['a', 'as'])
b takes action: sharing_stay(['b'])
c takes action: sharing_stay(['c'])
a takes action: quiet(['a', 'as'])
b takes action: sharing_others_secret(['b', 'as'])
c takes action: sharing_stay(['c'])
a takes action: sharing_stay(['a'])
b takes action: quiet(['b', 'as'])
c takes action: normal_stay(['c'])
a takes action: move_left(['a'])
b takes action: move_left(['b'])
c takes action: move_left(['c'])
a takes action: lying_own_secret(['a', 'as'])
b takes action: sharing_stay(['b'])
c takes action: sharing_stay(['c'])
a takes action: quiet(['a', 'as'])
b takes action: normal_stay(['b'])
c takes action: move_right(['c'])
a takes action: sharing_own_secret(['a', 'as'])
Steps: 61
Time cost: 0.688785s
2025-10-23 17:14:37,582 EXP - __main__.Logger.exp:
a takes action: sharing_own_secret(['a', 'as'])
b takes action: sharing_stay(['b'])
c takes action: sharing_stay(['c'])
a takes action: quiet(['a', 'as'])
b takes action: move_right(['b'])
c takes action: normal_stay(['c'])
a takes action: sharing_own_secret(['a', 'as'])
b takes action: sharing_stay(['b'])
c takes action: sharing_stay(['c'])
a takes action: quiet(['a', 'as'])
b takes action: move_left(['b'])
c takes action: normal_stay(['c'])
a takes action: sharing_own_secret(['a', 'as'])
b takes action: sharing_stay(['b'])
c takes action: sharing_stay(['c'])
a takes action: quiet(['a', 'as'])
b takes action: normal_stay(['b'])
c takes action: normal_stay(['c'])
a takes action: lying_own_secret(['a', 'as'])
b takes action: sharing_stay(['b'])
c takes action: sharing_stay(['c'])
a takes action: quiet(['a', 'as'])
b takes action: normal_stay(['b'])
c takes action: normal_stay(['c'])
a takes action: sharing_own_secret(['a', 'as'])
b takes action: sharing_stay(['b'])
c takes action: sharing_stay(['c'])
a takes action: quiet(['a', 'as'])
b takes action: move_right(['b'])
c takes action: normal_stay(['c'])
a takes action: move_right(['a'])
b takes action: normal_stay(['b'])
c takes action: move_right(['c'])
a takes action: move_left(['a'])
b takes action: normal_stay(['b'])
c takes action: move_left(['c'])
a takes action: lying_own_secret(['a', 'as'])
b takes action: sharing_stay(['b'])
c takes action: sharing_stay(['c'])
a takes action: quiet(['a', 'as'])
b takes action: move_left(['b'])
c takes action: move_right(['c'])
a takes action: sharing_own_secret(['a', 'as'])
Steps: 43
Time cost: 0.392463s
2025-10-23 17:14:37,766 EXP - __main__.Logger.exp:
a takes action: sharing_own_secret(['a', 'as'])
b takes action: sharing_stay(['b'])
c takes action: sharing_stay(['c'])
a takes action: quiet(['a', 'as'])
b takes action: move_right(['b'])
c takes action: normal_stay(['c'])
a takes action: sharing_own_secret(['a', 'as'])
b takes action: sharing_stay(['b'])
c takes action: sharing_stay(['c'])
a takes action: quiet(['a', 'as'])
b takes action: normal_stay(['b'])
c takes action: normal_stay(['c'])
a takes action: sharing_own_secret(['a', 'as'])
b takes action: sharing_stay(['b'])
c takes action: sharing_stay(['c'])
a takes action: quiet(['a', 'as'])
b takes action: normal_stay(['b'])
c takes action: normal_stay(['c'])
a takes action: sharing_own_secret(['a', 'as'])
b takes action: sharing_stay(['b'])
c takes action: sharing_stay(['c'])
a takes action: quiet(['a', 'as'])
b takes action: sharing_others_secret(['b', 'as'])
c takes action: sharing_stay(['c'])
a takes action: sharing_stay(['a'])
b takes action: quiet(['b', 'as'])
c takes action: normal_stay(['c'])
a takes action: lying_own_secret(['a', 'as'])
b takes action: sharing_stay(['b'])
c takes action: sharing_stay(['c'])
a takes action: quiet(['a', 'as'])
b takes action: normal_stay(['b'])
c takes action: move_right(['c'])
a takes action: sharing_own_secret(['a', 'as'])
Steps: 34
Time cost: 0.182440s
2025-10-23 17:14:38,324 EXP - __main__.Logger.exp:
a takes action: sharing_own_secret(['a', 'as'])
b takes action: sharing_stay(['b'])
c takes action: sharing_stay(['c'])
a takes action: quiet(['a', 'as'])
b takes action: sharing_others_secret(['b', 'as'])
c takes action: sharing_stay(['c'])
a takes action: sharing_stay(['a'])
b takes action: quiet(['b', 'as'])
c takes action: normal_stay(['c'])
a takes action: sharing_own_secret(['a', 'as'])
b takes action: sharing_stay(['b'])
c takes action: sharing_stay(['c'])
a takes action: quiet(['a', 'as'])
b takes action: sharing_others_secret(['b', 'as'])
c takes action: sharing_stay(['c'])
a takes action: sharing_stay(['a'])
b takes action: quiet(['b', 'as'])
c takes action: normal_stay(['c'])
a takes action: normal_stay(['a'])
b takes action: move_right(['b'])
c takes action: normal_stay(['c'])
a takes action: move_right(['a'])
b takes action: sharing_others_secret(['b', 'as'])
c takes action: sharing_stay(['c'])
a takes action: sharing_stay(['a'])
b takes action: quiet(['b', 'as'])
c takes action: move_right(['c'])
a takes action: lying_own_secret(['a', 'as'])
b takes action: sharing_stay(['b'])
c takes action: sharing_stay(['c'])
a takes action: quiet(['a', 'as'])
b takes action: normal_stay(['b'])
c takes action: normal_stay(['c'])
a takes action: sharing_own_secret(['a', 'as'])
b takes action: sharing_stay(['b'])
c takes action: sharing_stay(['c'])
a takes action: quiet(['a', 'as'])
b takes action: normal_stay(['b'])
c takes action: normal_stay(['c'])
a takes action: normal_stay(['a'])
b takes action: normal_stay(['b'])
c takes action: normal_stay(['c'])
a takes action: move_left(['a'])
b takes action: sharing_others_secret(['b', 'as'])
c takes action: sharing_stay(['c'])
a takes action: sharing_stay(['a'])
b takes action: quiet(['b', 'as'])
c takes action: move_left(['c'])
a takes action: lying_own_secret(['a', 'as'])
b takes action: sharing_stay(['b'])
c takes action: sharing_stay(['c'])
a takes action: quiet(['a', 'as'])
b takes action: sharing_others_secret(['b', 'as'])
c takes action: sharing_stay(['c'])
a takes action: sharing_stay(['a'])
b takes action: quiet(['b', 'as'])
c takes action: move_right(['c'])
a takes action: sharing_own_secret(['a', 'as'])
Steps: 58
Time cost: 0.556804s
2025-10-23 17:14:38,324 EXP - __main__.Logger.exp:
Avg Steps: 42.4
Avg Time: 0.378066s
