2025-10-23 14:39:28,355 EXP - __main__.Logger.exp:
a takes action: pick_up(['a', 'o1'])
b takes action: pick_up(['b', 'o2'])
c takes action: pick_up(['c', 'o3'])
d takes action: pick_up(['d', 'o4'])
Steps: 4
Time cost: 0.027443s
2025-10-23 14:39:28,383 EXP - __main__.Logger.exp:
a takes action: pick_up(['a', 'o1'])
b takes action: pick_up(['b', 'o2'])
c takes action: pick_up(['c', 'o3'])
d takes action: pick_up(['d', 'o4'])
Steps: 4
Time cost: 0.027478s
2025-10-23 14:39:28,412 EXP - __main__.Logger.exp:
a takes action: pick_up(['a', 'o1'])
b takes action: pick_up(['b', 'o2'])
c takes action: pick_up(['c', 'o3'])
d takes action: pick_up(['d', 'o4'])
Steps: 4
Time cost: 0.027537s
2025-10-23 14:39:28,441 EXP - __main__.Logger.exp:
a takes action: pick_up(['a', 'o1'])
b takes action: pick_up(['b', 'o2'])
c takes action: pick_up(['c', 'o3'])
d takes action: pick_up(['d', 'o4'])
Steps: 4
Time cost: 0.027635s
2025-10-23 14:39:28,469 EXP - __main__.Logger.exp:
a takes action: pick_up(['a', 'o1'])
b takes action: pick_up(['b', 'o2'])
c takes action: pick_up(['c', 'o3'])
d takes action: pick_up(['d', 'o4'])
Steps: 4
Time cost: 0.027607s
2025-10-23 14:39:28,469 EXP - __main__.Logger.exp:
Avg Steps: 4.0
Avg Time: 0.027540s
