2025-10-12 19:18:11,719 EXP - __main__.Logger.exp:
a takes action: drop_item(['a', 'o3'])
b takes action: drop_item(['b', 'o4'])
c takes action: drop_item(['c', 'o1'])
d takes action: drop_item(['d', 'o2'])
a takes action: move_right_without_item(['a'])
b takes action: move_right_without_item(['b'])
c takes action: move_left_without_item(['c'])
d takes action: move_left_without_item(['d'])
a takes action: pick_up(['a', 'o1'])
b takes action: pick_up(['b', 'o2'])
c takes action: pick_up(['c', 'o3'])
d takes action: pick_up(['d', 'o4'])
a takes action: move_left_with_item(['a', 'o1'])
b takes action: move_left_with_item(['b', 'o2'])
Steps: 14
Time cost: 28.385593s
2025-10-12 19:18:40,403 EXP - __main__.Logger.exp:
a takes action: drop_item(['a', 'o3'])
b takes action: drop_item(['b', 'o4'])
c takes action: drop_item(['c', 'o1'])
d takes action: drop_item(['d', 'o2'])
a takes action: move_right_without_item(['a'])
b takes action: move_right_without_item(['b'])
c takes action: move_left_without_item(['c'])
d takes action: move_left_without_item(['d'])
a takes action: pick_up(['a', 'o1'])
b takes action: pick_up(['b', 'o2'])
c takes action: pick_up(['c', 'o3'])
d takes action: pick_up(['d', 'o4'])
a takes action: move_left_with_item(['a', 'o1'])
b takes action: move_left_with_item(['b', 'o2'])
Steps: 14
Time cost: 28.682209s
2025-10-12 19:19:08,917 EXP - __main__.Logger.exp:
a takes action: drop_item(['a', 'o3'])
b takes action: drop_item(['b', 'o4'])
c takes action: drop_item(['c', 'o1'])
d takes action: drop_item(['d', 'o2'])
a takes action: move_right_without_item(['a'])
b takes action: move_right_without_item(['b'])
c takes action: move_left_without_item(['c'])
d takes action: move_left_without_item(['d'])
a takes action: pick_up(['a', 'o1'])
b takes action: pick_up(['b', 'o2'])
c takes action: pick_up(['c', 'o3'])
d takes action: pick_up(['d', 'o4'])
a takes action: move_left_with_item(['a', 'o1'])
b takes action: move_left_with_item(['b', 'o2'])
Steps: 14
Time cost: 28.513123s
2025-10-12 19:19:37,434 EXP - __main__.Logger.exp:
a takes action: drop_item(['a', 'o3'])
b takes action: drop_item(['b', 'o4'])
c takes action: drop_item(['c', 'o1'])
d takes action: drop_item(['d', 'o2'])
a takes action: move_right_without_item(['a'])
b takes action: move_right_without_item(['b'])
c takes action: move_left_without_item(['c'])
d takes action: move_left_without_item(['d'])
a takes action: pick_up(['a', 'o1'])
b takes action: pick_up(['b', 'o2'])
c takes action: pick_up(['c', 'o3'])
d takes action: pick_up(['d', 'o4'])
a takes action: move_left_with_item(['a', 'o1'])
b takes action: move_left_with_item(['b', 'o2'])
Steps: 14
Time cost: 28.516051s
2025-10-12 19:20:06,019 EXP - __main__.Logger.exp:
a takes action: drop_item(['a', 'o3'])
b takes action: drop_item(['b', 'o4'])
c takes action: drop_item(['c', 'o1'])
d takes action: drop_item(['d', 'o2'])
a takes action: move_right_without_item(['a'])
b takes action: move_right_without_item(['b'])
c takes action: move_left_without_item(['c'])
d takes action: move_left_without_item(['d'])
a takes action: pick_up(['a', 'o1'])
b takes action: pick_up(['b', 'o2'])
c takes action: pick_up(['c', 'o3'])
d takes action: pick_up(['d', 'o4'])
a takes action: move_left_with_item(['a', 'o1'])
b takes action: move_left_with_item(['b', 'o2'])
Steps: 14
Time cost: 28.583217s
2025-10-12 19:20:34,534 EXP - __main__.Logger.exp:
a takes action: drop_item(['a', 'o3'])
b takes action: drop_item(['b', 'o4'])
c takes action: drop_item(['c', 'o1'])
d takes action: drop_item(['d', 'o2'])
a takes action: move_right_without_item(['a'])
b takes action: move_right_without_item(['b'])
c takes action: move_left_without_item(['c'])
d takes action: move_left_without_item(['d'])
a takes action: pick_up(['a', 'o1'])
b takes action: pick_up(['b', 'o2'])
c takes action: pick_up(['c', 'o3'])
d takes action: pick_up(['d', 'o4'])
a takes action: move_left_with_item(['a', 'o1'])
b takes action: move_left_with_item(['b', 'o2'])
Steps: 14
Time cost: 28.514019s
2025-10-12 19:21:03,110 EXP - __main__.Logger.exp:
a takes action: drop_item(['a', 'o3'])
b takes action: drop_item(['b', 'o4'])
c takes action: drop_item(['c', 'o1'])
d takes action: drop_item(['d', 'o2'])
a takes action: move_right_without_item(['a'])
b takes action: move_right_without_item(['b'])
c takes action: move_left_without_item(['c'])
d takes action: move_left_without_item(['d'])
a takes action: pick_up(['a', 'o1'])
b takes action: pick_up(['b', 'o2'])
c takes action: pick_up(['c', 'o3'])
d takes action: pick_up(['d', 'o4'])
a takes action: move_left_with_item(['a', 'o1'])
b takes action: move_left_with_item(['b', 'o2'])
Steps: 14
Time cost: 28.574545s
2025-10-12 19:21:31,815 EXP - __main__.Logger.exp:
a takes action: drop_item(['a', 'o3'])
b takes action: drop_item(['b', 'o4'])
c takes action: drop_item(['c', 'o1'])
d takes action: drop_item(['d', 'o2'])
a takes action: move_right_without_item(['a'])
b takes action: move_right_without_item(['b'])
c takes action: move_left_without_item(['c'])
d takes action: move_left_without_item(['d'])
a takes action: pick_up(['a', 'o1'])
b takes action: pick_up(['b', 'o2'])
c takes action: pick_up(['c', 'o3'])
d takes action: pick_up(['d', 'o4'])
a takes action: move_left_with_item(['a', 'o1'])
b takes action: move_left_with_item(['b', 'o2'])
Steps: 14
Time cost: 28.703864s
2025-10-12 19:22:00,385 EXP - __main__.Logger.exp:
a takes action: drop_item(['a', 'o3'])
b takes action: drop_item(['b', 'o4'])
c takes action: drop_item(['c', 'o1'])
d takes action: drop_item(['d', 'o2'])
a takes action: move_right_without_item(['a'])
b takes action: move_right_without_item(['b'])
c takes action: move_left_without_item(['c'])
d takes action: move_left_without_item(['d'])
a takes action: pick_up(['a', 'o1'])
b takes action: pick_up(['b', 'o2'])
c takes action: pick_up(['c', 'o3'])
d takes action: pick_up(['d', 'o4'])
a takes action: move_left_with_item(['a', 'o1'])
b takes action: move_left_with_item(['b', 'o2'])
Steps: 14
Time cost: 28.568918s
2025-10-12 19:22:28,859 EXP - __main__.Logger.exp:
a takes action: drop_item(['a', 'o3'])
b takes action: drop_item(['b', 'o4'])
c takes action: drop_item(['c', 'o1'])
d takes action: drop_item(['d', 'o2'])
a takes action: move_right_without_item(['a'])
b takes action: move_right_without_item(['b'])
c takes action: move_left_without_item(['c'])
d takes action: move_left_without_item(['d'])
a takes action: pick_up(['a', 'o1'])
b takes action: pick_up(['b', 'o2'])
c takes action: pick_up(['c', 'o3'])
d takes action: pick_up(['d', 'o4'])
a takes action: move_left_with_item(['a', 'o1'])
b takes action: move_left_with_item(['b', 'o2'])
Steps: 14
Time cost: 28.472495s
2025-10-12 19:22:28,859 EXP - __main__.Logger.exp:
Avg Steps: 14.0
Avg Time: 28.551403s
