2025-10-12 19:20:11,425 EXP - __main__.Logger.exp:
a takes action: move_right_with_item(['a', 'o3'])
b takes action: stay(['b'])
c takes action: move_left_with_item(['c', 'o1'])
d takes action: move_left_with_item(['d', 'o2'])
a takes action: drop_item(['a', 'o3'])
b takes action: move_right_with_item(['b', 'o4'])
c takes action: drop_item(['c', 'o1'])
d takes action: drop_item(['d', 'o2'])
a takes action: move_left_without_item(['a'])
b takes action: move_left_with_item(['b', 'o4'])
c takes action: move_right_without_item(['c'])
d takes action: stay(['d'])
a takes action: pick_up(['a', 'o1'])
b takes action: stay(['b'])
c takes action: pick_up(['c', 'o3'])
d takes action: pick_up(['d', 'o2'])
a takes action: stay(['a'])
b takes action: drop_item(['b', 'o4'])
c takes action: drop_item(['c', 'o3'])
d takes action: drop_item(['d', 'o2'])
a takes action: move_right_with_item(['a', 'o1'])
b takes action: move_right_without_item(['b'])
c takes action: pick_up(['c', 'o3'])
d takes action: pick_up(['d', 'o4'])
a takes action: move_left_with_item(['a', 'o1'])
b takes action: move_left_without_item(['b'])
c takes action: drop_item(['c', 'o3'])
d takes action: move_right_with_item(['d', 'o4'])
a takes action: move_right_with_item(['a', 'o1'])
b takes action: pick_up(['b', 'o2'])
c takes action: stay(['c'])
d takes action: drop_item(['d', 'o4'])
a takes action: stay(['a'])
b takes action: stay(['b'])
c takes action: move_left_without_item(['c'])
d takes action: move_left_without_item(['d'])
a takes action: stay(['a'])
b takes action: move_right_with_item(['b', 'o2'])
c takes action: stay(['c'])
d takes action: stay(['d'])
a takes action: move_left_with_item(['a', 'o1'])
b takes action: stay(['b'])
c takes action: stay(['c'])
d takes action: stay(['d'])
a takes action: drop_item(['a', 'o1'])
b takes action: move_left_with_item(['b', 'o2'])
c takes action: pick_up(['c', 'o1'])
d takes action: stay(['d'])
a takes action: stay(['a'])
b takes action: drop_item(['b', 'o2'])
c takes action: drop_item(['c', 'o1'])
d takes action: pick_up(['d', 'o1'])
a takes action: pick_up(['a', 'o2'])
b takes action: stay(['b'])
c takes action: move_right_without_item(['c'])
d takes action: drop_item(['d', 'o1'])
a takes action: stay(['a'])
b takes action: stay(['b'])
c takes action: stay(['c'])
d takes action: move_right_without_item(['d'])
a takes action: drop_item(['a', 'o2'])
b takes action: pick_up(['b', 'o2'])
c takes action: pick_up(['c', 'o4'])
d takes action: stay(['d'])
a takes action: move_right_without_item(['a'])
b takes action: stay(['b'])
c takes action: drop_item(['c', 'o4'])
d takes action: stay(['d'])
a takes action: move_left_without_item(['a'])
b takes action: drop_item(['b', 'o2'])
c takes action: pick_up(['c', 'o3'])
d takes action: pick_up(['d', 'o4'])
a takes action: pick_up(['a', 'o2'])
b takes action: move_right_without_item(['b'])
c takes action: stay(['c'])
d takes action: move_left_with_item(['d', 'o4'])
a takes action: stay(['a'])
b takes action: stay(['b'])
c takes action: stay(['c'])
d takes action: drop_item(['d', 'o4'])
a takes action: move_right_with_item(['a', 'o2'])
b takes action: move_left_without_item(['b'])
c takes action: move_left_with_item(['c', 'o3'])
d takes action: move_right_without_item(['d'])
a takes action: drop_item(['a', 'o2'])
b takes action: stay(['b'])
c takes action: move_right_with_item(['c', 'o3'])
d takes action: move_left_without_item(['d'])
a takes action: pick_up(['a', 'o2'])
b takes action: move_right_without_item(['b'])
c takes action: drop_item(['c', 'o3'])
d takes action: move_right_without_item(['d'])
a takes action: drop_item(['a', 'o2'])
b takes action: stay(['b'])
c takes action: pick_up(['c', 'o2'])
d takes action: pick_up(['d', 'o3'])
a takes action: stay(['a'])
b takes action: stay(['b'])
c takes action: stay(['c'])
d takes action: move_left_with_item(['d', 'o3'])

