2025-10-12 19:19:15,310 EXP - __main__.Logger.exp:
a takes action: drop_item(['a', 'o3'])
b takes action: drop_item(['b', 'o4'])
c takes action: drop_item(['c', 'o1'])
d takes action: drop_item(['d', 'o2'])
a takes action: move_right_without_item(['a'])
b takes action: move_right_without_item(['b'])
c takes action: move_left_without_item(['c'])
d takes action: move_left_without_item(['d'])
a takes action: pick_up(['a', 'o1'])
b takes action: pick_up(['b', 'o2'])
c takes action: pick_up(['c', 'o3'])
d takes action: pick_up(['d', 'o4'])
a takes action: move_left_with_item(['a', 'o1'])
b takes action: move_left_with_item(['b', 'o2'])
Steps: 14
Time cost: 27.372142s
2025-10-12 19:19:42,978 EXP - __main__.Logger.exp:
a takes action: drop_item(['a', 'o3'])
b takes action: drop_item(['b', 'o4'])
c takes action: drop_item(['c', 'o1'])
d takes action: drop_item(['d', 'o2'])
a takes action: move_right_without_item(['a'])
b takes action: move_right_without_item(['b'])
c takes action: move_left_without_item(['c'])
d takes action: move_left_without_item(['d'])
a takes action: pick_up(['a', 'o1'])
b takes action: pick_up(['b', 'o2'])
c takes action: pick_up(['c', 'o3'])
d takes action: pick_up(['d', 'o4'])
a takes action: move_left_with_item(['a', 'o1'])
b takes action: move_left_with_item(['b', 'o2'])
Steps: 14
Time cost: 27.666040s
2025-10-12 19:20:10,700 EXP - __main__.Logger.exp:
a takes action: drop_item(['a', 'o3'])
b takes action: drop_item(['b', 'o4'])
c takes action: drop_item(['c', 'o1'])
d takes action: drop_item(['d', 'o2'])
a takes action: move_right_without_item(['a'])
b takes action: move_right_without_item(['b'])
c takes action: move_left_without_item(['c'])
d takes action: move_left_without_item(['d'])
a takes action: pick_up(['a', 'o1'])
b takes action: pick_up(['b', 'o2'])
c takes action: pick_up(['c', 'o3'])
d takes action: pick_up(['d', 'o4'])
a takes action: move_left_with_item(['a', 'o1'])
b takes action: move_left_with_item(['b', 'o2'])
Steps: 14
Time cost: 27.721618s
2025-10-12 19:20:38,343 EXP - __main__.Logger.exp:
a takes action: drop_item(['a', 'o3'])
b takes action: drop_item(['b', 'o4'])
c takes action: drop_item(['c', 'o1'])
d takes action: drop_item(['d', 'o2'])
a takes action: move_right_without_item(['a'])
b takes action: move_right_without_item(['b'])
c takes action: move_left_without_item(['c'])
d takes action: move_left_without_item(['d'])
a takes action: pick_up(['a', 'o1'])
b takes action: pick_up(['b', 'o2'])
c takes action: pick_up(['c', 'o3'])
d takes action: pick_up(['d', 'o4'])
a takes action: move_left_with_item(['a', 'o1'])
b takes action: move_left_with_item(['b', 'o2'])
Steps: 14
Time cost: 27.641792s
2025-10-12 19:21:06,088 EXP - __main__.Logger.exp:
a takes action: drop_item(['a', 'o3'])
b takes action: drop_item(['b', 'o4'])
c takes action: drop_item(['c', 'o1'])
d takes action: drop_item(['d', 'o2'])
a takes action: move_right_without_item(['a'])
b takes action: move_right_without_item(['b'])
c takes action: move_left_without_item(['c'])
d takes action: move_left_without_item(['d'])
a takes action: pick_up(['a', 'o1'])
b takes action: pick_up(['b', 'o2'])
c takes action: pick_up(['c', 'o3'])
d takes action: pick_up(['d', 'o4'])
a takes action: move_left_with_item(['a', 'o1'])
b takes action: move_left_with_item(['b', 'o2'])
Steps: 14
Time cost: 27.743031s
2025-10-12 19:21:33,721 EXP - __main__.Logger.exp:
a takes action: drop_item(['a', 'o3'])
b takes action: drop_item(['b', 'o4'])
c takes action: drop_item(['c', 'o1'])
d takes action: drop_item(['d', 'o2'])
a takes action: move_right_without_item(['a'])
b takes action: move_right_without_item(['b'])
c takes action: move_left_without_item(['c'])
d takes action: move_left_without_item(['d'])
a takes action: pick_up(['a', 'o1'])
b takes action: pick_up(['b', 'o2'])
c takes action: pick_up(['c', 'o3'])
d takes action: pick_up(['d', 'o4'])
a takes action: move_left_with_item(['a', 'o1'])
b takes action: move_left_with_item(['b', 'o2'])
Steps: 14
Time cost: 27.632339s
2025-10-12 19:22:01,537 EXP - __main__.Logger.exp:
a takes action: drop_item(['a', 'o3'])
b takes action: drop_item(['b', 'o4'])
c takes action: drop_item(['c', 'o1'])
d takes action: drop_item(['d', 'o2'])
a takes action: move_right_without_item(['a'])
b takes action: move_right_without_item(['b'])
c takes action: move_left_without_item(['c'])
d takes action: move_left_without_item(['d'])
a takes action: pick_up(['a', 'o1'])
b takes action: pick_up(['b', 'o2'])
c takes action: pick_up(['c', 'o3'])
d takes action: pick_up(['d', 'o4'])
a takes action: move_left_with_item(['a', 'o1'])
b takes action: move_left_with_item(['b', 'o2'])
Steps: 14
Time cost: 27.814147s
2025-10-12 19:22:29,146 EXP - __main__.Logger.exp:
a takes action: drop_item(['a', 'o3'])
b takes action: drop_item(['b', 'o4'])
c takes action: drop_item(['c', 'o1'])
d takes action: drop_item(['d', 'o2'])
a takes action: move_right_without_item(['a'])
b takes action: move_right_without_item(['b'])
c takes action: move_left_without_item(['c'])
d takes action: move_left_without_item(['d'])
a takes action: pick_up(['a', 'o1'])
b takes action: pick_up(['b', 'o2'])
c takes action: pick_up(['c', 'o3'])
d takes action: pick_up(['d', 'o4'])
a takes action: move_left_with_item(['a', 'o1'])
b takes action: move_left_with_item(['b', 'o2'])
Steps: 14
Time cost: 27.608456s
2025-10-12 19:22:56,791 EXP - __main__.Logger.exp:
a takes action: drop_item(['a', 'o3'])
b takes action: drop_item(['b', 'o4'])
c takes action: drop_item(['c', 'o1'])
d takes action: drop_item(['d', 'o2'])
a takes action: move_right_without_item(['a'])
b takes action: move_right_without_item(['b'])
c takes action: move_left_without_item(['c'])
d takes action: move_left_without_item(['d'])
a takes action: pick_up(['a', 'o1'])
b takes action: pick_up(['b', 'o2'])
c takes action: pick_up(['c', 'o3'])
d takes action: pick_up(['d', 'o4'])
a takes action: move_left_with_item(['a', 'o1'])
b takes action: move_left_with_item(['b', 'o2'])
Steps: 14
Time cost: 27.643873s
2025-10-12 19:23:24,268 EXP - __main__.Logger.exp:
a takes action: drop_item(['a', 'o3'])
b takes action: drop_item(['b', 'o4'])
c takes action: drop_item(['c', 'o1'])
d takes action: drop_item(['d', 'o2'])
a takes action: move_right_without_item(['a'])
b takes action: move_right_without_item(['b'])
c takes action: move_left_without_item(['c'])
d takes action: move_left_without_item(['d'])
a takes action: pick_up(['a', 'o1'])
b takes action: pick_up(['b', 'o2'])
c takes action: pick_up(['c', 'o3'])
d takes action: pick_up(['d', 'o4'])
a takes action: move_left_with_item(['a', 'o1'])
b takes action: move_left_with_item(['b', 'o2'])
Steps: 14
Time cost: 27.475276s
2025-10-12 19:23:24,268 EXP - __main__.Logger.exp:
Avg Steps: 14.0
Avg Time: 27.631871s
