2025-10-24 21:11:17,097 EXP - __main__.Logger.exp:
a takes action: move_without_item(['a', 'r1', 'r3'])
b takes action: move_without_item(['b', 'r2', 'r1'])
a takes action: stay(['a'])
b takes action: move_without_item(['b', 'r1', 'r2'])
a takes action: stay(['a'])
b takes action: move_without_item(['b', 'r2', 'r1'])
a takes action: stay(['a'])
b takes action: move_without_item(['b', 'r1', 'r3'])
a takes action: stay(['a'])
b takes action: pick_up(['b', 'i', 'r3'])
Steps: 10
Time cost: 1.288153s
2025-10-24 21:11:18,090 EXP - __main__.Logger.exp:
a takes action: move_without_item(['a', 'r1', 'r3'])
b takes action: move_without_item(['b', 'r2', 'r1'])
a takes action: stay(['a'])
b takes action: move_without_item(['b', 'r1', 'r2'])
a takes action: stay(['a'])
b takes action: move_without_item(['b', 'r2', 'r3'])
a takes action: stay(['a'])
b takes action: pick_up(['b', 'i', 'r3'])
Steps: 8
Time cost: 0.992587s
2025-10-24 21:11:19,378 EXP - __main__.Logger.exp:
a takes action: move_without_item(['a', 'r1', 'r3'])
b takes action: move_without_item(['b', 'r2', 'r1'])
a takes action: stay(['a'])
b takes action: move_without_item(['b', 'r1', 'r2'])
a takes action: stay(['a'])
b takes action: move_without_item(['b', 'r2', 'r1'])
a takes action: stay(['a'])
b takes action: move_without_item(['b', 'r1', 'r3'])
a takes action: stay(['a'])
b takes action: pick_up(['b', 'i', 'r3'])
Steps: 10
Time cost: 1.286344s
2025-10-24 21:11:21,716 EXP - __main__.Logger.exp:
a takes action: move_without_item(['a', 'r1', 'r3'])
b takes action: move_without_item(['b', 'r2', 'r1'])
a takes action: stay(['a'])
b takes action: move_without_item(['b', 'r1', 'r2'])
a takes action: stay(['a'])
b takes action: move_without_item(['b', 'r2', 'r1'])
a takes action: stay(['a'])
b takes action: move_without_item(['b', 'r1', 'r2'])
a takes action: stay(['a'])
b takes action: move_without_item(['b', 'r2', 'r1'])
a takes action: stay(['a'])
b takes action: move_without_item(['b', 'r1', 'r2'])
a takes action: stay(['a'])
b takes action: move_without_item(['b', 'r2', 'r3'])
a takes action: stay(['a'])
b takes action: pick_up(['b', 'i', 'r3'])
Steps: 16
Time cost: 2.337708s
2025-10-24 21:11:22,194 EXP - __main__.Logger.exp:
a takes action: move_without_item(['a', 'r1', 'r3'])
b takes action: move_without_item(['b', 'r2', 'r3'])
a takes action: stay(['a'])
b takes action: pick_up(['b', 'i', 'r3'])
Steps: 4
Time cost: 0.476765s
2025-10-24 21:11:22,194 EXP - __main__.Logger.exp:
Avg Steps: 9.6
Avg Time: 1.276311s
