2025-11-13 00:44:20,043 INFO - __main__._.<module>:
Start building the model, type: "True"
2025-11-13 00:44:20,044 INFO - __main__._.build:
Start building the model, type: "True"
2025-11-13 00:44:20,044 INFO - __main__.DomainParser.run:
Domain "models/deliver/domain.pddl" start initialization.
2025-11-13 00:44:20,044 INFO - __main__.DomainParser.run:
Domain Parser found "models/deliver/domain.pddl"
2025-11-13 00:44:20,044 INFO - __main__.DomainParser.run:
Complete file reading.
2025-11-13 00:44:20,044 INFO - __main__.DomainParser.run:
Domain name found
2025-11-13 00:44:20,044 INFO - __main__.DomainParser.run:
Domain type found
2025-11-13 00:44:20,044 INFO - __main__.DomainParser.run:
Domain functions found
2025-11-13 00:44:20,046 INFO - __main__.DomainParser.run:
Domain actions found
2025-11-13 00:44:20,046 DEBUG - __main__.DomainParser.run:
Parsed Domain Result:
================= Domain "(deliver)" Parsing Result ================
Domain types: ['item', 'agent', 'room']
=================
Domain functions:
Function(name:agent_loc, parameters:{'agent': ['?a']}). 
Function(name:item_loc, parameters:{'item': ['?i']}). 
Function(name:room_id, parameters:{'room': ['?loc']}). 
Function(name:connected, parameters:{'room': ['?loc1', '?loc2']}). 
Function(name:holding, parameters:{'agent': ['?a']}). 
Function(name:hold_by, parameters:{'item': ['?i'], 'agent': ['?a']}). 
Function(name:is_free, parameters:{'item': ['?i']}). 
=================
Domain actions:
-----------------
Action:
Name: move_without_item
Parameters:
    agent : ['?self']
    room : ['?from', '?to']
Preconditions:
1: Condition(Variable(holding: ['?self']) = 0)
2: Condition(Variable(agent_loc: ['?self']) = Variable(room_id: ['?from']))
3: Condition(Variable(connected: ['?from', '?to']) = 1)
Effects:
1: Effect(effect_operator:'assign' Variable(agent_loc: ['?self']) Variable(room_id: ['?to']))

-----------------
Action:
Name: move_with_item
Parameters:
    agent : ['?self']
    item : ['?i']
    room : ['?from', '?to']
Preconditions:
1: Condition(Variable(agent_loc: ['?self']) = Variable(room_id: ['?from']))
2: Condition(Variable(item_loc: ['?i']) = Variable(room_id: ['?from']))
3: Condition(Variable(holding: ['?self']) = 1)
4: Condition(Variable(hold_by: ['?i', '?self']) = 1)
5: Condition(Variable(is_free: ['?i']) = 0)
6: Condition(Variable(connected: ['?from', '?to']) = 1)
Effects:
1: Effect(effect_operator:'assign' Variable(agent_loc: ['?self']) Variable(room_id: ['?to']))
2: Effect(effect_operator:'assign' Variable(item_loc: ['?i']) Variable(room_id: ['?to']))

-----------------
Action:
Name: pick_up
Parameters:
    agent : ['?self']
    item : ['?i']
    room : ['?loc']
Preconditions:
1: Condition(Variable(agent_loc: ['?self']) = Variable(room_id: ['?loc']))
2: Condition(Variable(item_loc: ['?i']) = Variable(room_id: ['?loc']))
3: Condition(Variable(holding: ['?self']) = 0)
4: Condition(Variable(hold_by: ['?i', '?self']) = 0)
5: Condition(Variable(is_free: ['?i']) = 1)
Effects:
1: Effect('assign' Variable(holding: ['?self']) 1)
2: Effect('assign' Variable(hold_by: ['?i', '?self']) 1)
3: Effect('assign' Variable(is_free: ['?i']) 0)

-----------------
Action:
Name: drop_item
Parameters:
    agent : ['?self']
    item : ['?i']
Preconditions:
1: Condition(Variable(holding: ['?self']) = 1)
2: Condition(Variable(hold_by: ['?i', '?self']) = 1)
3: Condition(Variable(is_free: ['?i']) = 0)
Effects:
1: Effect('assign' Variable(holding: ['?self']) 0)
2: Effect('assign' Variable(hold_by: ['?i', '?self']) 0)
3: Effect('assign' Variable(is_free: ['?i']) 1)


2025-11-13 00:44:20,046 INFO - __main__.ProblemParser.run:
Problem "models/deliver/3r2a1i1" start initialization.
2025-11-13 00:44:20,046 INFO - __main__.ProblemParser.get_files:
Problem folder found "models/deliver/3r2a1i1"
2025-11-13 00:44:20,046 INFO - __main__.ProblemParser.run:
Found 2 agent files:
"models/deliver/3r2a1i1/a.agtpddl"
"models/deliver/3r2a1i1/b.agtpddl"
2025-11-13 00:44:20,046 INFO - __main__.ProblemParser.run:
Found init file: "models/deliver/3r2a1i1/init.envpddl"
2025-11-13 00:44:20,047 INFO - __main__.ProblemParser.run:
Complete reading environment file.
2025-11-13 00:44:20,047 INFO - __main__.ProblemParser.run:
Copmlete reading agent file "models/deliver/3r2a1i1/a.agtpddl"
2025-11-13 00:44:20,048 INFO - __main__.ProblemParser.run:
Copmlete reading agent file "models/deliver/3r2a1i1/b.agtpddl"
2025-11-13 00:44:20,048 INFO - __main__.ProblemParser.run:
Problem domain name "deliver" found
Problem name "3r2a1i1" found
2025-11-13 00:44:20,048 INFO - __main__.ProblemParser.run:
Problem agents found
2025-11-13 00:44:20,049 INFO - __main__.ProblemParser.run:
Problem objects found
2025-11-13 00:44:20,049 INFO - __main__.ProblemParser.run:
Problem ranges found
2025-11-13 00:44:20,049 INFO - __main__.ProblemParser.run:
Problem initial states found
2025-11-13 00:44:20,050 INFO - __main__.ProblemParser.run:
Problem goals found
2025-11-13 00:44:20,050 INFO - __main__.ProblemParser.run:
Problem acceptable goal set found
2025-11-13 00:44:20,050 INFO - __main__.ProblemParser.run:
Problem max belief depth found
2025-11-13 00:44:20,050 DEBUG - __main__.ProblemParser.run:
Parsed Problem Result:
============ Problem "(deliver : 3r2a1i1)" Parsing Result ===========
Agents: ['a', 'b']
=================
Objects:
item: ['i']
room: ['r1', 'r2', 'r3']
=================
States:
State(variable: Variable(connected: ['r1', 'r1']), value: 0, target_variable: Variable(None: []))
State(variable: Variable(connected: ['r1', 'r2']), value: 1, target_variable: Variable(None: []))
State(variable: Variable(connected: ['r1', 'r3']), value: 1, target_variable: Variable(None: []))
State(variable: Variable(connected: ['r2', 'r1']), value: 1, target_variable: Variable(None: []))
State(variable: Variable(connected: ['r2', 'r2']), value: 0, target_variable: Variable(None: []))
State(variable: Variable(connected: ['r2', 'r3']), value: 1, target_variable: Variable(None: []))
State(variable: Variable(connected: ['r3', 'r1']), value: 1, target_variable: Variable(None: []))
State(variable: Variable(connected: ['r3', 'r2']), value: 1, target_variable: Variable(None: []))
State(variable: Variable(connected: ['r3', 'r3']), value: 0, target_variable: Variable(None: []))
State(variable: Variable(room_id: ['r1']), value: r1, target_variable: Variable(None: []))
State(variable: Variable(room_id: ['r2']), value: r2, target_variable: Variable(None: []))
State(variable: Variable(room_id: ['r3']), value: r3, target_variable: Variable(None: []))
State(variable: Variable(item_loc: ['i']), value: r3, target_variable: Variable(None: []))
State(variable: Variable(agent_loc: ['a']), value: r1, target_variable: Variable(None: []))
State(variable: Variable(agent_loc: ['b']), value: r2, target_variable: Variable(None: []))
State(variable: Variable(holding: ['a']), value: 0, target_variable: Variable(None: []))
State(variable: Variable(holding: ['b']), value: 0, target_variable: Variable(None: []))
State(variable: Variable(hold_by: ['i', 'a']), value: 0, target_variable: Variable(None: []))
State(variable: Variable(hold_by: ['i', 'b']), value: 0, target_variable: Variable(None: []))
State(variable: Variable(is_free: ['i']), value: 1, target_variable: Variable(None: []))
=================
Goals:
-----------------
a:
EpistemicCondition(Belief sequence: ['a'], epistemic truth: "= true", Condition(Variable(hold_by: ['i', 'b']) = 1))
-----------------
b:
EpistemicCondition(Belief sequence: ['b'], epistemic truth: "= true", Condition(Variable(hold_by: ['i', 'b']) = 1))
=================
Ranges:
Range(function_name: agent_loc, type: enumerate, enumerates: ['r1', 'r2', 'r3'])
Range(function_name: item_loc, type: enumerate, enumerates: ['r1', 'r2', 'r3'])
Range(function_name: room_id, type: enumerate, enumerates: ['r1', 'r2', 'r3'])
Range(function_name: connected, type: integer, min: 0, max: 1)
Range(function_name: holding, type: integer, min: 0, max: 1)
Range(function_name: hold_by, type: integer, min: 0, max: 1)
Range(function_name: is_free, type: integer, min: 0, max: 1)

2025-11-13 00:44:20,050 INFO - __main__.ModelChecker.check_validity:
checking the validity...
2025-11-13 00:44:20,050 DEBUG - __main__.ModelChecker.check_validity:
Valid names: ['a', 'b', 'i', 'r1', 'r2', 'r3', 'unknown', 'agent_loc', 'item_loc', 'room_id', 'connected', 'holding', 'hold_by', 'is_free']
2025-11-13 00:44:20,051 DEBUG - __main__.ModelChecker.check_validity:
Checking the states
2025-11-13 00:44:20,051 DEBUG - __main__.ModelChecker.check_validity:
Checking the goals
2025-11-13 00:44:20,051 DEBUG - __main__.ModelChecker.check_validity:
Checking the ranges
2025-11-13 00:44:20,051 DEBUG - __main__.ModelChecker.check_validity:
Checking the actions
2025-11-13 00:44:20,051 INFO - __main__.ModelChecker.check_validity:
The domain and problem pass the checker.
2025-11-13 00:44:20,051 INFO - __main__.ModelChecker.check_validity:
checking the validity...
2025-11-13 00:44:20,051 DEBUG - __main__.ModelChecker.check_validity:
Valid names: ['a', 'b', 'i', 'r1', 'r2', 'r3', 'unknown', 'agent_loc', 'item_loc', 'room_id', 'connected', 'holding', 'hold_by', 'is_free']
2025-11-13 00:44:20,051 DEBUG - __main__.ModelChecker.check_validity:
Checking the states
2025-11-13 00:44:20,051 DEBUG - __main__.ModelChecker.check_validity:
Checking the goals
2025-11-13 00:44:20,051 DEBUG - __main__.ModelChecker.check_validity:
Checking the ranges
2025-11-13 00:44:20,051 DEBUG - __main__.ModelChecker.check_validity:
Checking the actions
2025-11-13 00:44:20,051 INFO - __main__.ModelChecker.check_validity:
The domain and problem pass the checker.
2025-11-13 00:44:20,053 INFO - __main__._.load_observation_function:
Loaded observation function DeliverObsFunc to agent a
2025-11-13 00:44:20,053 INFO - __main__._.load_observation_function:
Loaded observation function DeliverObsFunc to agent b
2025-11-13 00:44:20,060 INFO - __main__._.load_policy_strategy:
Loaded strategy class ShareGoalBFS for agent a
2025-11-13 00:44:20,061 INFO - __main__._.load_policy_strategy:
Loaded strategy class ShareGoalBFS for agent b
2025-11-13 00:44:20,061 INFO - __main__.Model.init:
Loaded problem type: "SHARE"
2025-11-13 00:44:20,064 DEBUG - __main__._.build_model:
Model:
================= Model Result================
Domain name: deliver
Problem name: 3r2a1i1
Problem type: "SHARE"
=================
Function agent_loc:
Parameters ['a']:
Value r1: Function([id:1, header_id:1]  agent_loc {'?a': 'a'} = r1)
Value r2: Function([id:2, header_id:1]  agent_loc {'?a': 'a'} = r2)
Value r3: Function([id:3, header_id:1]  agent_loc {'?a': 'a'} = r3)
Parameters ['b']:
Value r1: Function([id:4, header_id:2]  agent_loc {'?a': 'b'} = r1)
Value r2: Function([id:5, header_id:2]  agent_loc {'?a': 'b'} = r2)
Value r3: Function([id:6, header_id:2]  agent_loc {'?a': 'b'} = r3)
Function item_loc:
Parameters ['i']:
Value r1: Function([id:7, header_id:3]  item_loc {'?i': 'i'} = r1)
Value r2: Function([id:8, header_id:3]  item_loc {'?i': 'i'} = r2)
Value r3: Function([id:9, header_id:3]  item_loc {'?i': 'i'} = r3)
Function room_id:
Parameters ['r1']:
Value r1: Function([id:10, header_id:4]  room_id {'?loc': 'r1'} = r1)
Value r2: Function([id:11, header_id:4]  room_id {'?loc': 'r1'} = r2)
Value r3: Function([id:12, header_id:4]  room_id {'?loc': 'r1'} = r3)
Parameters ['r2']:
Value r1: Function([id:13, header_id:5]  room_id {'?loc': 'r2'} = r1)
Value r2: Function([id:14, header_id:5]  room_id {'?loc': 'r2'} = r2)
Value r3: Function([id:15, header_id:5]  room_id {'?loc': 'r2'} = r3)
Parameters ['r3']:
Value r1: Function([id:16, header_id:6]  room_id {'?loc': 'r3'} = r1)
Value r2: Function([id:17, header_id:6]  room_id {'?loc': 'r3'} = r2)
Value r3: Function([id:18, header_id:6]  room_id {'?loc': 'r3'} = r3)
Function connected:
Parameters ['r1', 'r1']:
Value 0: Function([id:19, header_id:7]  connected {'?loc1': 'r1', '?loc2': 'r1'} = 0)
Value 1: Function([id:20, header_id:7]  connected {'?loc1': 'r1', '?loc2': 'r1'} = 1)
Parameters ['r1', 'r2']:
Value 0: Function([id:21, header_id:8]  connected {'?loc1': 'r1', '?loc2': 'r2'} = 0)
Value 1: Function([id:22, header_id:8]  connected {'?loc1': 'r1', '?loc2': 'r2'} = 1)
Parameters ['r1', 'r3']:
Value 0: Function([id:23, header_id:9]  connected {'?loc1': 'r1', '?loc2': 'r3'} = 0)
Value 1: Function([id:24, header_id:9]  connected {'?loc1': 'r1', '?loc2': 'r3'} = 1)
Parameters ['r2', 'r1']:
Value 0: Function([id:25, header_id:10]  connected {'?loc1': 'r2', '?loc2': 'r1'} = 0)
Value 1: Function([id:26, header_id:10]  connected {'?loc1': 'r2', '?loc2': 'r1'} = 1)
Parameters ['r2', 'r2']:
Value 0: Function([id:27, header_id:11]  connected {'?loc1': 'r2', '?loc2': 'r2'} = 0)
Value 1: Function([id:28, header_id:11]  connected {'?loc1': 'r2', '?loc2': 'r2'} = 1)
Parameters ['r2', 'r3']:
Value 0: Function([id:29, header_id:12]  connected {'?loc1': 'r2', '?loc2': 'r3'} = 0)
Value 1: Function([id:30, header_id:12]  connected {'?loc1': 'r2', '?loc2': 'r3'} = 1)
Parameters ['r3', 'r1']:
Value 0: Function([id:31, header_id:13]  connected {'?loc1': 'r3', '?loc2': 'r1'} = 0)
Value 1: Function([id:32, header_id:13]  connected {'?loc1': 'r3', '?loc2': 'r1'} = 1)
Parameters ['r3', 'r2']:
Value 0: Function([id:33, header_id:14]  connected {'?loc1': 'r3', '?loc2': 'r2'} = 0)
Value 1: Function([id:34, header_id:14]  connected {'?loc1': 'r3', '?loc2': 'r2'} = 1)
Parameters ['r3', 'r3']:
Value 0: Function([id:35, header_id:15]  connected {'?loc1': 'r3', '?loc2': 'r3'} = 0)
Value 1: Function([id:36, header_id:15]  connected {'?loc1': 'r3', '?loc2': 'r3'} = 1)
Function holding:
Parameters ['a']:
Value 0: Function([id:37, header_id:16]  holding {'?a': 'a'} = 0)
Value 1: Function([id:38, header_id:16]  holding {'?a': 'a'} = 1)
Parameters ['b']:
Value 0: Function([id:39, header_id:17]  holding {'?a': 'b'} = 0)
Value 1: Function([id:40, header_id:17]  holding {'?a': 'b'} = 1)
Function hold_by:
Parameters ['i', 'a']:
Value 0: Function([id:41, header_id:18]  hold_by {'?i': 'i', '?a': 'a'} = 0)
Value 1: Function([id:42, header_id:18]  hold_by {'?i': 'i', '?a': 'a'} = 1)
Parameters ['i', 'b']:
Value 0: Function([id:43, header_id:19]  hold_by {'?i': 'i', '?a': 'b'} = 0)
Value 1: Function([id:44, header_id:19]  hold_by {'?i': 'i', '?a': 'b'} = 1)
Function is_free:
Parameters ['i']:
Value 0: Function([id:45, header_id:20]  is_free {'?i': 'i'} = 0)
Value 1: Function([id:46, header_id:20]  is_free {'?i': 'i'} = 1)

=================
Entity(a - agent)
Entity(b - agent)
Entity(i - item)
Entity(r1 - room)
Entity(r2 - room)
Entity(r3 - room)
=================
FunctionSchema(name: agent_loc, range: ['r1', 'r2', 'r3'], type: enumerate, require_parameters: {'?a': 'agent'})
FunctionSchema(name: item_loc, range: ['r1', 'r2', 'r3'], type: enumerate, require_parameters: {'?i': 'item'})
FunctionSchema(name: room_id, range: ['r1', 'r2', 'r3'], type: enumerate, require_parameters: {'?loc': 'room'})
FunctionSchema(name: connected, range: (0, 1), type: integer, require_parameters: {'?loc1': 'room', '?loc2': 'room'})
FunctionSchema(name: holding, range: (0, 1), type: integer, require_parameters: {'?a': 'agent'})
FunctionSchema(name: hold_by, range: (0, 1), type: integer, require_parameters: {'?i': 'item', '?a': 'agent'})
FunctionSchema(name: is_free, range: (0, 1), type: integer, require_parameters: {'?i': 'item'})
=================
-----------------
Action Schema: move_without_item
Parameters: {'?self': 'agent', '?from': 'room', '?to': 'room'}
Precondition Schemas:
ConditionSchema(("EP_NONE" [] "EP_NONE") "EQUAL" (holding {'?self': 'agent'}) = 0)
ConditionSchema(("EP_NONE" [] "EP_NONE") "EQUAL" (agent_loc {'?self': 'agent'}) = (room_id {'?from': 'room'}))
ConditionSchema(("EP_NONE" [] "EP_NONE") "EQUAL" (connected {'?from': 'room', '?to': 'room'}) = 1)
Effect Schemas:
EffectSchema("ASSIGN" (agent_loc {'?self': 'agent'}) = (room_id {'?to': 'room'}))

-----------------
Action Schema: move_with_item
Parameters: {'?self': 'agent', '?i': 'item', '?from': 'room', '?to': 'room'}
Precondition Schemas:
ConditionSchema(("EP_NONE" [] "EP_NONE") "EQUAL" (agent_loc {'?self': 'agent'}) = (room_id {'?from': 'room'}))
ConditionSchema(("EP_NONE" [] "EP_NONE") "EQUAL" (item_loc {'?i': 'item'}) = (room_id {'?from': 'room'}))
ConditionSchema(("EP_NONE" [] "EP_NONE") "EQUAL" (holding {'?self': 'agent'}) = 1)
ConditionSchema(("EP_NONE" [] "EP_NONE") "EQUAL" (hold_by {'?i': 'item', '?self': 'agent'}) = 1)
ConditionSchema(("EP_NONE" [] "EP_NONE") "EQUAL" (is_free {'?i': 'item'}) = 0)
ConditionSchema(("EP_NONE" [] "EP_NONE") "EQUAL" (connected {'?from': 'room', '?to': 'room'}) = 1)
Effect Schemas:
EffectSchema("ASSIGN" (agent_loc {'?self': 'agent'}) = (room_id {'?to': 'room'}))
EffectSchema("ASSIGN" (item_loc {'?i': 'item'}) = (room_id {'?to': 'room'}))

-----------------
Action Schema: pick_up
Parameters: {'?self': 'agent', '?i': 'item', '?loc': 'room'}
Precondition Schemas:
ConditionSchema(("EP_NONE" [] "EP_NONE") "EQUAL" (agent_loc {'?self': 'agent'}) = (room_id {'?loc': 'room'}))
ConditionSchema(("EP_NONE" [] "EP_NONE") "EQUAL" (item_loc {'?i': 'item'}) = (room_id {'?loc': 'room'}))
ConditionSchema(("EP_NONE" [] "EP_NONE") "EQUAL" (holding {'?self': 'agent'}) = 0)
ConditionSchema(("EP_NONE" [] "EP_NONE") "EQUAL" (hold_by {'?i': 'item', '?self': 'agent'}) = 0)
ConditionSchema(("EP_NONE" [] "EP_NONE") "EQUAL" (is_free {'?i': 'item'}) = 1)
Effect Schemas:
EffectSchema("ASSIGN" (holding {'?self': 'agent'}) = 1)
EffectSchema("ASSIGN" (hold_by {'?i': 'item', '?self': 'agent'}) = 1)
EffectSchema("ASSIGN" (is_free {'?i': 'item'}) = 0)

-----------------
Action Schema: drop_item
Parameters: {'?self': 'agent', '?i': 'item'}
Precondition Schemas:
ConditionSchema(("EP_NONE" [] "EP_NONE") "EQUAL" (holding {'?self': 'agent'}) = 1)
ConditionSchema(("EP_NONE" [] "EP_NONE") "EQUAL" (hold_by {'?i': 'item', '?self': 'agent'}) = 1)
ConditionSchema(("EP_NONE" [] "EP_NONE") "EQUAL" (is_free {'?i': 'item'}) = 0)
Effect Schemas:
EffectSchema("ASSIGN" (holding {'?self': 'agent'}) = 0)
EffectSchema("ASSIGN" (hold_by {'?i': 'item', '?self': 'agent'}) = 0)
EffectSchema("ASSIGN" (is_free {'?i': 'item'}) = 1)

=================
Function([id:19, header_id:7]  connected {'?loc1': 'r1', '?loc2': 'r1'} = 0)
Function([id:22, header_id:8]  connected {'?loc1': 'r1', '?loc2': 'r2'} = 1)
Function([id:24, header_id:9]  connected {'?loc1': 'r1', '?loc2': 'r3'} = 1)
Function([id:26, header_id:10]  connected {'?loc1': 'r2', '?loc2': 'r1'} = 1)
Function([id:27, header_id:11]  connected {'?loc1': 'r2', '?loc2': 'r2'} = 0)
Function([id:30, header_id:12]  connected {'?loc1': 'r2', '?loc2': 'r3'} = 1)
Function([id:32, header_id:13]  connected {'?loc1': 'r3', '?loc2': 'r1'} = 1)
Function([id:34, header_id:14]  connected {'?loc1': 'r3', '?loc2': 'r2'} = 1)
Function([id:35, header_id:15]  connected {'?loc1': 'r3', '?loc2': 'r3'} = 0)
Function([id:10, header_id:4]  room_id {'?loc': 'r1'} = r1)
Function([id:14, header_id:5]  room_id {'?loc': 'r2'} = r2)
Function([id:18, header_id:6]  room_id {'?loc': 'r3'} = r3)
Function([id:9, header_id:3]  item_loc {'?i': 'i'} = r3)
Function([id:1, header_id:1]  agent_loc {'?a': 'a'} = r1)
Function([id:5, header_id:2]  agent_loc {'?a': 'b'} = r2)
Function([id:37, header_id:16]  holding {'?a': 'a'} = 0)
Function([id:39, header_id:17]  holding {'?a': 'b'} = 0)
Function([id:41, header_id:18]  hold_by {'?i': 'i', '?a': 'a'} = 0)
Function([id:43, header_id:19]  hold_by {'?i': 'i', '?a': 'b'} = 0)
Function([id:46, header_id:20]  is_free {'?i': 'i'} = 1)
=================
Agent: a
Max move time: inf
Goal completed: 'False'
Consider goal: 'False'
Consider exp: 'False'
Own Goals:
Condition(['a'] hold_by ['i', 'b'] = 1)
Other Goals:
b:
Condition(['b'] hold_by ['i', 'b'] = 1)
All Possible Goals:

Agent: b
Max move time: inf
Goal completed: 'False'
Consider goal: 'False'
Consider exp: 'False'
Own Goals:
Condition(['b'] hold_by ['i', 'b'] = 1)
Other Goals:
a:
Condition(['a'] hold_by ['i', 'b'] = 1)
All Possible Goals:


2025-11-13 00:44:20,064 INFO - __main__._.<module>:
Model built successfully.
2025-11-13 00:44:20,064 INFO - __main__._.<module>:
Run under modified action sequence mode.
2025-11-13 00:44:20,065 INFO - __main__._.load_action_sequence:
Complete reading action sequence file "models/deliver/actions/actions1.txt"
a: move_without_item a r1 r2
a: move_without_item a r2 r3
2025-11-13 00:44:20,065 INFO - __main__._.load_action_sequence:
Complete parsing the actions:
a: move_without_item(['a', 'r1', 'r2'])
a: move_without_item(['a', 'r2', 'r3'])

2025-11-13 00:44:20,065 INFO - __main__.Model.sim_move:
a takes action: move_without_item(['a', 'r1', 'r2'])
2025-11-13 00:44:20,066 INFO - __main__.Model.sim_move:
a takes action: move_without_item(['a', 'r2', 'r3'])
