2025-11-01 11:28:28,929 EXP - __main__.Logger.exp:
a takes action: stay(['a'])
b takes action: move_without_item(['b', 'r2', 'r1'])
a takes action: stay(['a'])
b takes action: move_without_item(['b', 'r1', 'r2'])
a takes action: stay(['a'])
b takes action: move_without_item(['b', 'r2', 'r1'])
a takes action: stay(['a'])
b takes action: move_without_item(['b', 'r1', 'r2'])
a takes action: stay(['a'])
b takes action: move_without_item(['b', 'r2', 'r1'])
a takes action: stay(['a'])
b takes action: move_without_item(['b', 'r1', 'r2'])
a takes action: stay(['a'])
b takes action: move_without_item(['b', 'r2', 'r1'])
a takes action: stay(['a'])
b takes action: move_without_item(['b', 'r1', 'r2'])
a takes action: stay(['a'])
b takes action: move_without_item(['b', 'r2', 'r3'])
a takes action: stay(['a'])
b takes action: pick_up(['b', 'i', 'r3'])
a takes action: stay(['a'])
b takes action: stay(['b'])
a takes action: stay(['a'])
b takes action: stay(['b'])
a takes action: stay(['a'])
b takes action: stay(['b'])
a takes action: stay(['a'])
b takes action: stay(['b'])
a takes action: stay(['a'])
b takes action: stay(['b'])
a takes action: stay(['a'])
b takes action: stay(['b'])
a takes action: stay(['a'])
b takes action: stay(['b'])
a takes action: stay(['a'])
b takes action: stay(['b'])
a takes action: stay(['a'])
b takes action: stay(['b'])
a takes action: stay(['a'])
b takes action: stay(['b'])
a takes action: stay(['a'])
b takes action: stay(['b'])
a takes action: stay(['a'])
b takes action: stay(['b'])
a takes action: stay(['a'])
b takes action: stay(['b'])
a takes action: stay(['a'])
b takes action: stay(['b'])
a takes action: stay(['a'])
b takes action: stay(['b'])
a takes action: stay(['a'])
b takes action: stay(['b'])
a takes action: stay(['a'])
b takes action: stay(['b'])
a takes action: stay(['a'])
b takes action: stay(['b'])
a takes action: stay(['a'])
b takes action: stay(['b'])
a takes action: stay(['a'])
b takes action: stay(['b'])
a takes action: stay(['a'])
b takes action: stay(['b'])
a takes action: stay(['a'])
b takes action: stay(['b'])
a takes action: stay(['a'])
b takes action: stay(['b'])
a takes action: stay(['a'])
b takes action: stay(['b'])
a takes action: stay(['a'])
b takes action: stay(['b'])
a takes action: stay(['a'])
b takes action: stay(['b'])
a takes action: stay(['a'])
b takes action: stay(['b'])
a takes action: stay(['a'])
b takes action: stay(['b'])
a takes action: stay(['a'])
b takes action: stay(['b'])
a takes action: stay(['a'])
b takes action: stay(['b'])
a takes action: stay(['a'])
b takes action: stay(['b'])
a takes action: stay(['a'])
b takes action: stay(['b'])
a takes action: stay(['a'])
b takes action: stay(['b'])
a takes action: stay(['a'])
b takes action: stay(['b'])
a takes action: stay(['a'])
b takes action: stay(['b'])
a takes action: stay(['a'])
b takes action: stay(['b'])
a takes action: stay(['a'])
b takes action: stay(['b'])
a takes action: stay(['a'])
b takes action: stay(['b'])
a takes action: stay(['a'])
b takes action: stay(['b'])
a takes action: stay(['a'])
b takes action: stay(['b'])

