2025-10-25 20:57:23,267 EXP - __main__.Logger.exp:
a takes action: move_without_item(['a', 'r1', 'r2'])
b takes action: stay(['b'])
a takes action: stay(['a'])
b takes action: stay(['b'])
a takes action: stay(['a'])
b takes action: stay(['b'])
a takes action: move_without_item(['a', 'r2', 'r1'])
b takes action: stay(['b'])
a takes action: move_without_item(['a', 'r1', 'r3'])
b takes action: stay(['b'])
a takes action: pick_up(['a', 'i', 'r3'])
Steps: 11
Time cost: 6.687095s
2025-10-25 20:57:27,039 EXP - __main__.Logger.exp:
a takes action: move_without_item(['a', 'r1', 'r2'])
b takes action: stay(['b'])
a takes action: move_without_item(['a', 'r2', 'r3'])
b takes action: stay(['b'])
a takes action: pick_up(['a', 'i', 'r3'])
Steps: 5
Time cost: 3.771421s
2025-10-25 20:57:27,039 EXP - __main__.Logger.exp:
Avg Steps: 8.0
Avg Time: 5.229258s
