2025-10-25 20:57:23,820 EXP - __main__.Logger.exp:
a takes action: move_without_item(['a', 'r1', 'r2'])
b takes action: stay(['b'])
a takes action: move_without_item(['a', 'r2', 'r3'])
b takes action: stay(['b'])
a takes action: pick_up(['a', 'i', 'r3'])
Steps: 5
Time cost: 3.785891s
2025-10-25 20:57:28,478 EXP - __main__.Logger.exp:
a takes action: move_without_item(['a', 'r1', 'r2'])
b takes action: stay(['b'])
a takes action: move_without_item(['a', 'r2', 'r1'])
b takes action: stay(['b'])
a takes action: move_without_item(['a', 'r1', 'r3'])
b takes action: stay(['b'])
a takes action: pick_up(['a', 'i', 'r3'])
Steps: 7
Time cost: 4.656364s
2025-10-25 20:57:28,478 EXP - __main__.Logger.exp:
Avg Steps: 6.0
Avg Time: 4.221127s
