2025-12-02 17:03:45,499 INFO - __main__._.<module>:
Start building the model, type: "True"
2025-12-02 17:03:45,499 INFO - __main__._.build:
Start building the model, type: "True"
2025-12-02 17:03:45,499 INFO - __main__.DomainParser.run:
Domain "models/deliver2r/domain.pddl" start initialization.
2025-12-02 17:03:45,499 INFO - __main__.DomainParser.run:
Domain Parser found "models/deliver2r/domain.pddl"
2025-12-02 17:03:45,500 INFO - __main__.DomainParser.run:
Complete file reading.
2025-12-02 17:03:45,500 INFO - __main__.DomainParser.run:
Domain name found
2025-12-02 17:03:45,500 INFO - __main__.DomainParser.run:
Domain type found
2025-12-02 17:03:45,500 INFO - __main__.DomainParser.run:
Domain functions found
2025-12-02 17:03:45,502 INFO - __main__.DomainParser.run:
Domain actions found
2025-12-02 17:03:45,502 DEBUG - __main__.DomainParser.run:
Parsed Domain Result:
================= Domain "(deliver2r)" Parsing Result ================
Domain types: ['item', 'agent']
=================
Domain functions:
Function(name:agent_loc, parameters:{'agent': ['?a']}). 
Function(name:item_loc, parameters:{'item': ['?i']}). 
Function(name:holding, parameters:{'agent': ['?a']}). 
Function(name:hold_by, parameters:{'item': ['?i'], 'agent': ['?a']}). 
Function(name:is_free, parameters:{'item': ['?i']}). 
=================
Domain actions:
-----------------
Action:
Name: move_right_without_item
Parameters:
    agent : ['?self']
Preconditions:
1: Condition(Variable(holding: ['?self']) = 0)
2: Condition(Variable(agent_loc: ['?self']) = 1)
Effects:
1: Effect('increase' Variable(agent_loc: ['?self']) 1)

-----------------
Action:
Name: move_left_without_item
Parameters:
    agent : ['?self']
Preconditions:
1: Condition(Variable(holding: ['?self']) = 0)
2: Condition(Variable(agent_loc: ['?self']) = 2)
Effects:
1: Effect('decrease' Variable(agent_loc: ['?self']) 1)

-----------------
Action:
Name: move_right_with_item
Parameters:
    agent : ['?self']
    item : ['?i']
Preconditions:
1: Condition(Variable(agent_loc: ['?self']) = 1)
2: Condition(Variable(hold_by: ['?i', '?self']) = 1)
3: Condition(Variable(is_free: ['?i']) = 0)
Effects:
1: Effect('increase' Variable(agent_loc: ['?self']) 1)
2: Effect('increase' Variable(item_loc: ['?i']) 1)

-----------------
Action:
Name: move_left_with_item
Parameters:
    agent : ['?self']
    item : ['?i']
Preconditions:
1: Condition(Variable(agent_loc: ['?self']) = 2)
2: Condition(Variable(hold_by: ['?i', '?self']) = 1)
3: Condition(Variable(is_free: ['?i']) = 0)
Effects:
1: Effect('decrease' Variable(agent_loc: ['?self']) 1)
2: Effect('decrease' Variable(item_loc: ['?i']) 1)

-----------------
Action:
Name: pick_up
Parameters:
    agent : ['?self']
    item : ['?i']
Preconditions:
1: Condition(Variable(agent_loc: ['?self']) = Variable(item_loc: ['?i']))
2: Condition(Variable(holding: ['?self']) = 0)
3: Condition(Variable(is_free: ['?i']) = 1)
Effects:
1: Effect('assign' Variable(holding: ['?self']) 1)
2: Effect('assign' Variable(hold_by: ['?i', '?self']) 1)
3: Effect('assign' Variable(is_free: ['?i']) 0)

-----------------
Action:
Name: drop_item
Parameters:
    agent : ['?self']
    item : ['?i']
Preconditions:
1: Condition(Variable(holding: ['?self']) = 1)
2: Condition(Variable(hold_by: ['?i', '?self']) = 1)
3: Condition(Variable(is_free: ['?i']) = 0)
Effects:
1: Effect('assign' Variable(holding: ['?self']) 0)
2: Effect('assign' Variable(hold_by: ['?i', '?self']) 0)
3: Effect('assign' Variable(is_free: ['?i']) 1)


2025-12-02 17:03:45,502 INFO - __main__.ProblemParser.run:
Problem "models/deliver2r/2a2i3" start initialization.
2025-12-02 17:03:45,502 INFO - __main__.ProblemParser.get_files:
Problem folder found "models/deliver2r/2a2i3"
2025-12-02 17:03:45,502 INFO - __main__.ProblemParser.run:
Found 2 agent files:
"models/deliver2r/2a2i3/a.agtpddl"
"models/deliver2r/2a2i3/b.agtpddl"
2025-12-02 17:03:45,503 INFO - __main__.ProblemParser.run:
Found init file: "models/deliver2r/2a2i3/init.envpddl"
2025-12-02 17:03:45,503 INFO - __main__.ProblemParser.run:
Complete reading environment file.
2025-12-02 17:03:45,503 INFO - __main__.ProblemParser.run:
Copmlete reading agent file "models/deliver2r/2a2i3/a.agtpddl"
2025-12-02 17:03:45,503 INFO - __main__.ProblemParser.run:
Copmlete reading agent file "models/deliver2r/2a2i3/b.agtpddl"
2025-12-02 17:03:45,503 INFO - __main__.ProblemParser.run:
Problem domain name "deliver2r" found
Problem name "2r2a2i3" found
2025-12-02 17:03:45,504 INFO - __main__.ProblemParser.run:
Problem agents found
2025-12-02 17:03:45,505 INFO - __main__.ProblemParser.run:
Problem objects found
2025-12-02 17:03:45,505 INFO - __main__.ProblemParser.run:
Problem ranges found
2025-12-02 17:03:45,506 INFO - __main__.ProblemParser.run:
Problem initial states found
2025-12-02 17:03:45,506 INFO - __main__.ProblemParser.run:
Problem goals found
2025-12-02 17:03:45,506 ERROR - __main__._.regex_search:
result not found: \s+b\[([\w,]+)\]\s(.+)\((.+)\)=\[(.+)\] in         hold_by(i,a)=[all]
        hold_by(j,b)=[all]

2025-12-02 17:03:45,507 INFO - __main__.ProblemParser.run:
Problem acceptable goal set found
2025-12-02 17:03:45,507 INFO - __main__.ProblemParser.run:
Problem max belief depth found
2025-12-02 17:03:45,507 DEBUG - __main__.ProblemParser.run:
Parsed Problem Result:
============ Problem "(deliver2r : 2r2a2i3)" Parsing Result ===========
Agents: ['a', 'b']
=================
Objects:
item: ['i', 'j']
=================
States:
State(variable: Variable(agent_loc: ['a']), value: 1, target_variable: Variable(None: []))
State(variable: Variable(agent_loc: ['b']), value: 1, target_variable: Variable(None: []))
State(variable: Variable(holding: ['a']), value: 0, target_variable: Variable(None: []))
State(variable: Variable(holding: ['b']), value: 0, target_variable: Variable(None: []))
State(variable: Variable(hold_by: ['i', 'a']), value: 0, target_variable: Variable(None: []))
State(variable: Variable(hold_by: ['j', 'a']), value: 0, target_variable: Variable(None: []))
State(variable: Variable(hold_by: ['i', 'b']), value: 0, target_variable: Variable(None: []))
State(variable: Variable(hold_by: ['j', 'b']), value: 0, target_variable: Variable(None: []))
State(variable: Variable(item_loc: ['i']), value: 1, target_variable: Variable(None: []))
State(variable: Variable(item_loc: ['j']), value: 1, target_variable: Variable(None: []))
State(variable: Variable(is_free: ['i']), value: 1, target_variable: Variable(None: []))
State(variable: Variable(is_free: ['j']), value: 1, target_variable: Variable(None: []))
=================
Goals:
-----------------
a:
EpistemicCondition(Belief sequence: ['a'], epistemic truth: "= true", Condition(Variable(hold_by: ['i', 'a']) = 0))
EpistemicCondition(Belief sequence: ['a', 'b'], epistemic truth: "= true", Condition(Variable(hold_by: ['i', 'a']) = 1))
-----------------
b:
EpistemicCondition(Belief sequence: ['b'], epistemic truth: "= true", Condition(Variable(hold_by: ['j', 'b']) = 0))
EpistemicCondition(Belief sequence: ['b', 'a'], epistemic truth: "= true", Condition(Variable(hold_by: ['j', 'b']) = 1))
=================
Ranges:
Range(function_name: agent_loc, type: integer, min: 1, max: 2)
Range(function_name: item_loc, type: integer, min: 1, max: 2)
Range(function_name: holding, type: integer, min: 0, max: 1)
Range(function_name: hold_by, type: integer, min: 0, max: 1)
Range(function_name: is_free, type: integer, min: 0, max: 1)

2025-12-02 17:03:45,508 INFO - __main__._.load_observation_function:
Loaded observation function Deliver2rObsFunc to agent a
2025-12-02 17:03:45,509 INFO - __main__._.load_observation_function:
Loaded observation function Deliver2rObsFunc to agent b
2025-12-02 17:03:45,513 INFO - __main__._.load_policy_strategy:
Loaded strategy class ShareGoalBFS for agent a
2025-12-02 17:03:45,514 INFO - __main__._.load_policy_strategy:
Loaded strategy class ShareGoalBFS for agent b
2025-12-02 17:03:45,514 INFO - __main__.Model.init:
Loaded problem type: "SHARE"
2025-12-02 17:03:45,515 DEBUG - __main__._.build_model:
Model:
================= Model Result================
Domain name: deliver2r
Problem name: 2r2a2i3
Problem type: "SHARE"
=================
Function agent_loc:
Parameters ['a']:
Value None: Function([id:1, header_id:1]  agent_loc {'?a': 'a'} = None)
Value 1: Function([id:2, header_id:1]  agent_loc {'?a': 'a'} = 1)
Value 2: Function([id:3, header_id:1]  agent_loc {'?a': 'a'} = 2)
Parameters ['b']:
Value None: Function([id:4, header_id:2]  agent_loc {'?a': 'b'} = None)
Value 1: Function([id:5, header_id:2]  agent_loc {'?a': 'b'} = 1)
Value 2: Function([id:6, header_id:2]  agent_loc {'?a': 'b'} = 2)
Function item_loc:
Parameters ['i']:
Value None: Function([id:7, header_id:3]  item_loc {'?i': 'i'} = None)
Value 1: Function([id:8, header_id:3]  item_loc {'?i': 'i'} = 1)
Value 2: Function([id:9, header_id:3]  item_loc {'?i': 'i'} = 2)
Parameters ['j']:
Value None: Function([id:10, header_id:4]  item_loc {'?i': 'j'} = None)
Value 1: Function([id:11, header_id:4]  item_loc {'?i': 'j'} = 1)
Value 2: Function([id:12, header_id:4]  item_loc {'?i': 'j'} = 2)
Function holding:
Parameters ['a']:
Value None: Function([id:13, header_id:5]  holding {'?a': 'a'} = None)
Value 0: Function([id:14, header_id:5]  holding {'?a': 'a'} = 0)
Value 1: Function([id:15, header_id:5]  holding {'?a': 'a'} = 1)
Parameters ['b']:
Value None: Function([id:16, header_id:6]  holding {'?a': 'b'} = None)
Value 0: Function([id:17, header_id:6]  holding {'?a': 'b'} = 0)
Value 1: Function([id:18, header_id:6]  holding {'?a': 'b'} = 1)
Function hold_by:
Parameters ['i', 'a']:
Value None: Function([id:19, header_id:7]  hold_by {'?i': 'i', '?a': 'a'} = None)
Value 0: Function([id:20, header_id:7]  hold_by {'?i': 'i', '?a': 'a'} = 0)
Value 1: Function([id:21, header_id:7]  hold_by {'?i': 'i', '?a': 'a'} = 1)
Parameters ['i', 'b']:
Value None: Function([id:22, header_id:8]  hold_by {'?i': 'i', '?a': 'b'} = None)
Value 0: Function([id:23, header_id:8]  hold_by {'?i': 'i', '?a': 'b'} = 0)
Value 1: Function([id:24, header_id:8]  hold_by {'?i': 'i', '?a': 'b'} = 1)
Parameters ['j', 'a']:
Value None: Function([id:25, header_id:9]  hold_by {'?i': 'j', '?a': 'a'} = None)
Value 0: Function([id:26, header_id:9]  hold_by {'?i': 'j', '?a': 'a'} = 0)
Value 1: Function([id:27, header_id:9]  hold_by {'?i': 'j', '?a': 'a'} = 1)
Parameters ['j', 'b']:
Value None: Function([id:28, header_id:10]  hold_by {'?i': 'j', '?a': 'b'} = None)
Value 0: Function([id:29, header_id:10]  hold_by {'?i': 'j', '?a': 'b'} = 0)
Value 1: Function([id:30, header_id:10]  hold_by {'?i': 'j', '?a': 'b'} = 1)
Function is_free:
Parameters ['i']:
Value None: Function([id:31, header_id:11]  is_free {'?i': 'i'} = None)
Value 0: Function([id:32, header_id:11]  is_free {'?i': 'i'} = 0)
Value 1: Function([id:33, header_id:11]  is_free {'?i': 'i'} = 1)
Parameters ['j']:
Value None: Function([id:34, header_id:12]  is_free {'?i': 'j'} = None)
Value 0: Function([id:35, header_id:12]  is_free {'?i': 'j'} = 0)
Value 1: Function([id:36, header_id:12]  is_free {'?i': 'j'} = 1)

=================
Entity(a - agent)
Entity(b - agent)
Entity(i - item)
Entity(j - item)
=================
FunctionSchema(name: agent_loc, range: (1, 2), type: integer, require_parameters: {'?a': 'agent'})
FunctionSchema(name: item_loc, range: (1, 2), type: integer, require_parameters: {'?i': 'item'})
FunctionSchema(name: holding, range: (0, 1), type: integer, require_parameters: {'?a': 'agent'})
FunctionSchema(name: hold_by, range: (0, 1), type: integer, require_parameters: {'?i': 'item', '?a': 'agent'})
FunctionSchema(name: is_free, range: (0, 1), type: integer, require_parameters: {'?i': 'item'})
=================
-----------------
Action Schema: move_right_without_item
Parameters: {'?self': 'agent'}
Precondition Schemas:
ConditionSchema(("EP_NONE" [] "EP_NONE") "EQUAL" (holding {'?self': 'agent'}) = 0)
ConditionSchema(("EP_NONE" [] "EP_NONE") "EQUAL" (agent_loc {'?self': 'agent'}) = 1)
Effect Schemas:
EffectSchema("INCREASE" (agent_loc {'?self': 'agent'}) = 1)

-----------------
Action Schema: move_left_without_item
Parameters: {'?self': 'agent'}
Precondition Schemas:
ConditionSchema(("EP_NONE" [] "EP_NONE") "EQUAL" (holding {'?self': 'agent'}) = 0)
ConditionSchema(("EP_NONE" [] "EP_NONE") "EQUAL" (agent_loc {'?self': 'agent'}) = 2)
Effect Schemas:
EffectSchema("DECREASE" (agent_loc {'?self': 'agent'}) = 1)

-----------------
Action Schema: move_right_with_item
Parameters: {'?self': 'agent', '?i': 'item'}
Precondition Schemas:
ConditionSchema(("EP_NONE" [] "EP_NONE") "EQUAL" (agent_loc {'?self': 'agent'}) = 1)
ConditionSchema(("EP_NONE" [] "EP_NONE") "EQUAL" (hold_by {'?i': 'item', '?self': 'agent'}) = 1)
ConditionSchema(("EP_NONE" [] "EP_NONE") "EQUAL" (is_free {'?i': 'item'}) = 0)
Effect Schemas:
EffectSchema("INCREASE" (agent_loc {'?self': 'agent'}) = 1)
EffectSchema("INCREASE" (item_loc {'?i': 'item'}) = 1)

-----------------
Action Schema: move_left_with_item
Parameters: {'?self': 'agent', '?i': 'item'}
Precondition Schemas:
ConditionSchema(("EP_NONE" [] "EP_NONE") "EQUAL" (agent_loc {'?self': 'agent'}) = 2)
ConditionSchema(("EP_NONE" [] "EP_NONE") "EQUAL" (hold_by {'?i': 'item', '?self': 'agent'}) = 1)
ConditionSchema(("EP_NONE" [] "EP_NONE") "EQUAL" (is_free {'?i': 'item'}) = 0)
Effect Schemas:
EffectSchema("DECREASE" (agent_loc {'?self': 'agent'}) = 1)
EffectSchema("DECREASE" (item_loc {'?i': 'item'}) = 1)

-----------------
Action Schema: pick_up
Parameters: {'?self': 'agent', '?i': 'item'}
Precondition Schemas:
ConditionSchema(("EP_NONE" [] "EP_NONE") "EQUAL" (agent_loc {'?self': 'agent'}) = (item_loc {'?i': 'item'}))
ConditionSchema(("EP_NONE" [] "EP_NONE") "EQUAL" (holding {'?self': 'agent'}) = 0)
ConditionSchema(("EP_NONE" [] "EP_NONE") "EQUAL" (is_free {'?i': 'item'}) = 1)
Effect Schemas:
EffectSchema("ASSIGN" (holding {'?self': 'agent'}) = 1)
EffectSchema("ASSIGN" (hold_by {'?i': 'item', '?self': 'agent'}) = 1)
EffectSchema("ASSIGN" (is_free {'?i': 'item'}) = 0)

-----------------
Action Schema: drop_item
Parameters: {'?self': 'agent', '?i': 'item'}
Precondition Schemas:
ConditionSchema(("EP_NONE" [] "EP_NONE") "EQUAL" (holding {'?self': 'agent'}) = 1)
ConditionSchema(("EP_NONE" [] "EP_NONE") "EQUAL" (hold_by {'?i': 'item', '?self': 'agent'}) = 1)
ConditionSchema(("EP_NONE" [] "EP_NONE") "EQUAL" (is_free {'?i': 'item'}) = 0)
Effect Schemas:
EffectSchema("ASSIGN" (holding {'?self': 'agent'}) = 0)
EffectSchema("ASSIGN" (hold_by {'?i': 'item', '?self': 'agent'}) = 0)
EffectSchema("ASSIGN" (is_free {'?i': 'item'}) = 1)

=================
Function([id:2, header_id:1]  agent_loc {'?a': 'a'} = 1)
Function([id:5, header_id:2]  agent_loc {'?a': 'b'} = 1)
Function([id:14, header_id:5]  holding {'?a': 'a'} = 0)
Function([id:17, header_id:6]  holding {'?a': 'b'} = 0)
Function([id:20, header_id:7]  hold_by {'?i': 'i', '?a': 'a'} = 0)
Function([id:26, header_id:9]  hold_by {'?i': 'j', '?a': 'a'} = 0)
Function([id:23, header_id:8]  hold_by {'?i': 'i', '?a': 'b'} = 0)
Function([id:29, header_id:10]  hold_by {'?i': 'j', '?a': 'b'} = 0)
Function([id:8, header_id:3]  item_loc {'?i': 'i'} = 1)
Function([id:11, header_id:4]  item_loc {'?i': 'j'} = 1)
Function([id:33, header_id:11]  is_free {'?i': 'i'} = 1)
Function([id:36, header_id:12]  is_free {'?i': 'j'} = 1)
=================
Agent: a
Max move time: inf
Goal completed: 'False'
Consider goal: 'False'
Consider exp: 'False'
Own Goals:
Condition(['a'] hold_by ['i', 'a'] = 0)
Condition(['a', 'b'] hold_by ['i', 'a'] = 1)
Other Goals:
b:
Condition(['b'] hold_by ['j', 'b'] = 0)
Condition(['b', 'a'] hold_by ['j', 'b'] = 1)
All Possible Goals:
b:
Condition(['b'] hold_by ['j', 'b'] = 0)
Condition(['b', 'a'] hold_by ['j', 'b'] = 1)
-----------------

Agent: b
Max move time: inf
Goal completed: 'False'
Consider goal: 'False'
Consider exp: 'False'
Own Goals:
Condition(['b'] hold_by ['j', 'b'] = 0)
Condition(['b', 'a'] hold_by ['j', 'b'] = 1)
Other Goals:
a:
Condition(['a'] hold_by ['i', 'a'] = 0)
Condition(['a', 'b'] hold_by ['i', 'a'] = 1)
All Possible Goals:
a:
Condition(['a'] hold_by ['i', 'a'] = 0)
Condition(['a', 'b'] hold_by ['i', 'a'] = 1)
-----------------


2025-12-02 17:03:45,516 INFO - __main__._.<module>:
Model built successfully.
2025-12-02 17:03:47,887 DEBUG - __main__.ShareGoalBFS.single_bfs:
Complete path: ["pick_up(['a', 'i'])", "pick_up(['b', 'j'])", "move_right_with_item(['b', 'j'])", "drop_item(['a', 'i'])", "drop_item(['b', 'j'])"]
2025-12-02 17:03:48,314 DEBUG - __main__.ShareGoalBFS.single_bfs:
Complete path: ["pick_up(['a', 'i'])", "pick_up(['b', 'j'])", "move_right_with_item(['a', 'i'])", "drop_item(['b', 'j'])", "drop_item(['a', 'i'])"]
2025-12-02 17:03:48,316 INFO - __main__.ShareGoalBFS.bfs:
Models: 1, Exapnds: 182, 9.916ms/expand
2025-12-02 17:03:48,316 INFO - __main__.ShareGoalBFS.get_policy:
[("pick_up(['a', 'i'])", 1)]
{'a': 1, 'b': 1}
2025-12-02 17:03:48,317 INFO - __main__.Model.simulate:
a takes action: pick_up(['a', 'i'])
2025-12-02 17:03:49,183 DEBUG - __main__.ShareGoalBFS.single_bfs:
Complete path: ["pick_up(['b', 'j'])", "move_right_with_item(['a', 'i'])", "drop_item(['a', 'i'])", "drop_item(['b', 'j'])"]
2025-12-02 17:03:49,283 DEBUG - __main__.ShareGoalBFS.single_bfs:
Complete path: ["pick_up(['b', 'j'])", "move_right_with_item(['b', 'j'])", "drop_item(['b', 'j'])", "drop_item(['a', 'i'])"]
2025-12-02 17:03:49,328 INFO - __main__.ShareGoalBFS.bfs:
Models: 1, Exapnds: 101, 9.989ms/expand
2025-12-02 17:03:49,328 INFO - __main__.ShareGoalBFS.get_policy:
[("pick_up(['b', 'j'])", 1)]
{'a': 1, 'b': 1}
2025-12-02 17:03:49,329 INFO - __main__.Model.simulate:
b takes action: pick_up(['b', 'j'])
2025-12-02 17:03:49,924 DEBUG - __main__.ShareGoalBFS.single_bfs:
Complete path: ["move_right_with_item(['a', 'i'])", "drop_item(['b', 'j'])", "drop_item(['a', 'i'])"]
2025-12-02 17:03:50,007 INFO - __main__.ShareGoalBFS.bfs:
Models: 1, Exapnds: 62, 10.904ms/expand
2025-12-02 17:03:50,008 INFO - __main__.ShareGoalBFS.get_policy:
[("move_right_with_item(['a', 'i'])", 1)]
{'a': 1, 'b': 1}
2025-12-02 17:03:50,008 INFO - __main__.Model.simulate:
a takes action: move_right_with_item(['a', 'i'])
2025-12-02 17:03:50,104 DEBUG - __main__.ShareGoalBFS.single_bfs:
Complete path: ["drop_item(['b', 'j'])", "drop_item(['a', 'i'])"]
2025-12-02 17:03:50,331 INFO - __main__.ShareGoalBFS.bfs:
Models: 1, Exapnds: 27, 11.832ms/expand
2025-12-02 17:03:50,331 INFO - __main__.ShareGoalBFS.get_policy:
[("drop_item(['b', 'j'])", 1)]
{'a': 1, 'b': 1}
2025-12-02 17:03:50,331 INFO - __main__.Model.simulate:
b takes action: drop_item(['b', 'j'])
2025-12-02 17:03:50,665 DEBUG - __main__.ShareGoalBFS.single_bfs:
Complete path: ["drop_item(['a', 'i'])", "drop_item(['b', 'j'])"]
2025-12-02 17:03:50,722 INFO - __main__.ShareGoalBFS.bfs:
Models: 1, Exapnds: 27, 14.244ms/expand
2025-12-02 17:03:50,722 INFO - __main__.ShareGoalBFS.get_policy:
[("drop_item(['a', 'i'])", 1)]
{'a': 1, 'b': 1}
2025-12-02 17:03:50,723 INFO - __main__.Model.simulate:
a takes action: drop_item(['a', 'i'])
2025-12-02 17:03:50,726 DEBUG - __main__.Model.simulate:
====== Solution ======
Step 1:
a: pick_up(['a', 'i'])
{'a': False, 'b': False}
-----------------
Step 2:
b: pick_up(['b', 'j'])
{'a': False, 'b': False}
-----------------
Step 3:
a: move_right_with_item(['a', 'i'])
{'a': False, 'b': False}
-----------------
Step 4:
b: drop_item(['b', 'j'])
{'a': False, 'b': False}
-----------------
Step 5:
a: drop_item(['a', 'i'])
{'a': False, 'b': True}
-----------------

2025-12-02 17:03:50,726 EXP - __main__.Logger.exp:
a takes action: pick_up(['a', 'i'])
b takes action: pick_up(['b', 'j'])
a takes action: move_right_with_item(['a', 'i'])
b takes action: drop_item(['b', 'j'])
a takes action: drop_item(['a', 'i'])
Steps: 5
Time cost: 4.215456s
Number of Generated Virtual Problems: 5

2025-12-02 17:03:50,726 EXP - __main__.Logger.exp:
Avg Steps: 5.0
Avg Time: 4.215456s
Avg VMS: 5.0

