2025-12-02 17:03:51,170 INFO - __main__._.<module>:
Start building the model, type: "True"
2025-12-02 17:03:51,170 INFO - __main__._.build:
Start building the model, type: "True"
2025-12-02 17:03:51,170 INFO - __main__.DomainParser.run:
Domain "models/deliver2r/domain.pddl" start initialization.
2025-12-02 17:03:51,170 INFO - __main__.DomainParser.run:
Domain Parser found "models/deliver2r/domain.pddl"
2025-12-02 17:03:51,171 INFO - __main__.DomainParser.run:
Complete file reading.
2025-12-02 17:03:51,171 INFO - __main__.DomainParser.run:
Domain name found
2025-12-02 17:03:51,171 INFO - __main__.DomainParser.run:
Domain type found
2025-12-02 17:03:51,171 INFO - __main__.DomainParser.run:
Domain functions found
2025-12-02 17:03:51,172 INFO - __main__.DomainParser.run:
Domain actions found
2025-12-02 17:03:51,173 DEBUG - __main__.DomainParser.run:
Parsed Domain Result:
================= Domain "(deliver2r)" Parsing Result ================
Domain types: ['item', 'agent']
=================
Domain functions:
Function(name:agent_loc, parameters:{'agent': ['?a']}). 
Function(name:item_loc, parameters:{'item': ['?i']}). 
Function(name:holding, parameters:{'agent': ['?a']}). 
Function(name:hold_by, parameters:{'item': ['?i'], 'agent': ['?a']}). 
Function(name:is_free, parameters:{'item': ['?i']}). 
=================
Domain actions:
-----------------
Action:
Name: move_right_without_item
Parameters:
    agent : ['?self']
Preconditions:
1: Condition(Variable(holding: ['?self']) = 0)
2: Condition(Variable(agent_loc: ['?self']) = 1)
Effects:
1: Effect('increase' Variable(agent_loc: ['?self']) 1)

-----------------
Action:
Name: move_left_without_item
Parameters:
    agent : ['?self']
Preconditions:
1: Condition(Variable(holding: ['?self']) = 0)
2: Condition(Variable(agent_loc: ['?self']) = 2)
Effects:
1: Effect('decrease' Variable(agent_loc: ['?self']) 1)

-----------------
Action:
Name: move_right_with_item
Parameters:
    agent : ['?self']
    item : ['?i']
Preconditions:
1: Condition(Variable(agent_loc: ['?self']) = 1)
2: Condition(Variable(hold_by: ['?i', '?self']) = 1)
3: Condition(Variable(is_free: ['?i']) = 0)
Effects:
1: Effect('increase' Variable(agent_loc: ['?self']) 1)
2: Effect('increase' Variable(item_loc: ['?i']) 1)

-----------------
Action:
Name: move_left_with_item
Parameters:
    agent : ['?self']
    item : ['?i']
Preconditions:
1: Condition(Variable(agent_loc: ['?self']) = 2)
2: Condition(Variable(hold_by: ['?i', '?self']) = 1)
3: Condition(Variable(is_free: ['?i']) = 0)
Effects:
1: Effect('decrease' Variable(agent_loc: ['?self']) 1)
2: Effect('decrease' Variable(item_loc: ['?i']) 1)

-----------------
Action:
Name: pick_up
Parameters:
    agent : ['?self']
    item : ['?i']
Preconditions:
1: Condition(Variable(agent_loc: ['?self']) = Variable(item_loc: ['?i']))
2: Condition(Variable(holding: ['?self']) = 0)
3: Condition(Variable(is_free: ['?i']) = 1)
Effects:
1: Effect('assign' Variable(holding: ['?self']) 1)
2: Effect('assign' Variable(hold_by: ['?i', '?self']) 1)
3: Effect('assign' Variable(is_free: ['?i']) 0)

-----------------
Action:
Name: drop_item
Parameters:
    agent : ['?self']
    item : ['?i']
Preconditions:
1: Condition(Variable(holding: ['?self']) = 1)
2: Condition(Variable(hold_by: ['?i', '?self']) = 1)
3: Condition(Variable(is_free: ['?i']) = 0)
Effects:
1: Effect('assign' Variable(holding: ['?self']) 0)
2: Effect('assign' Variable(hold_by: ['?i', '?self']) 0)
3: Effect('assign' Variable(is_free: ['?i']) 1)


2025-12-02 17:03:51,173 INFO - __main__.ProblemParser.run:
Problem "models/deliver2r/4a4i3" start initialization.
2025-12-02 17:03:51,173 INFO - __main__.ProblemParser.get_files:
Problem folder found "models/deliver2r/4a4i3"
2025-12-02 17:03:51,173 INFO - __main__.ProblemParser.run:
Found 4 agent files:
"models/deliver2r/4a4i3/a.agtpddl"
"models/deliver2r/4a4i3/b.agtpddl"
"models/deliver2r/4a4i3/c.agtpddl"
"models/deliver2r/4a4i3/d.agtpddl"
2025-12-02 17:03:51,173 INFO - __main__.ProblemParser.run:
Found init file: "models/deliver2r/4a4i3/init.envpddl"
2025-12-02 17:03:51,174 INFO - __main__.ProblemParser.run:
Complete reading environment file.
2025-12-02 17:03:51,174 INFO - __main__.ProblemParser.run:
Copmlete reading agent file "models/deliver2r/4a4i3/a.agtpddl"
2025-12-02 17:03:51,174 INFO - __main__.ProblemParser.run:
Copmlete reading agent file "models/deliver2r/4a4i3/b.agtpddl"
2025-12-02 17:03:51,175 INFO - __main__.ProblemParser.run:
Copmlete reading agent file "models/deliver2r/4a4i3/c.agtpddl"
2025-12-02 17:03:51,175 INFO - __main__.ProblemParser.run:
Copmlete reading agent file "models/deliver2r/4a4i3/d.agtpddl"
2025-12-02 17:03:51,175 INFO - __main__.ProblemParser.run:
Problem domain name "deliver2r" found
Problem name "2r4a4i3" found
2025-12-02 17:03:51,176 INFO - __main__.ProblemParser.run:
Problem agents found
2025-12-02 17:03:51,176 INFO - __main__.ProblemParser.run:
Problem objects found
2025-12-02 17:03:51,176 INFO - __main__.ProblemParser.run:
Problem ranges found
2025-12-02 17:03:51,177 INFO - __main__.ProblemParser.run:
Problem initial states found
2025-12-02 17:03:51,177 INFO - __main__.ProblemParser.run:
Problem goals found
2025-12-02 17:03:51,177 ERROR - __main__._.regex_search:
result not found: \s+b\[([\w,]+)\]\s(.+)\((.+)\)=\[(.+)\] in         hold_by(o1,a)=[all]

2025-12-02 17:03:51,177 INFO - __main__.ProblemParser.run:
Problem acceptable goal set found
2025-12-02 17:03:51,178 INFO - __main__.ProblemParser.run:
Problem max belief depth found
2025-12-02 17:03:51,178 DEBUG - __main__.ProblemParser.run:
Parsed Problem Result:
============ Problem "(deliver2r : 2r4a4i3)" Parsing Result ===========
Agents: ['a', 'b', 'c', 'd']
=================
Objects:
item: ['o1']
=================
States:
State(variable: Variable(agent_loc: ['a']), value: 1, target_variable: Variable(None: []))
State(variable: Variable(agent_loc: ['b']), value: 1, target_variable: Variable(None: []))
State(variable: Variable(agent_loc: ['c']), value: 1, target_variable: Variable(None: []))
State(variable: Variable(agent_loc: ['d']), value: 1, target_variable: Variable(None: []))
State(variable: Variable(holding: ['a']), value: 0, target_variable: Variable(None: []))
State(variable: Variable(holding: ['b']), value: 0, target_variable: Variable(None: []))
State(variable: Variable(holding: ['c']), value: 0, target_variable: Variable(None: []))
State(variable: Variable(holding: ['d']), value: 0, target_variable: Variable(None: []))
State(variable: Variable(hold_by: ['o1', 'a']), value: 0, target_variable: Variable(None: []))
State(variable: Variable(hold_by: ['o1', 'b']), value: 0, target_variable: Variable(None: []))
State(variable: Variable(hold_by: ['o1', 'c']), value: 0, target_variable: Variable(None: []))
State(variable: Variable(hold_by: ['o1', 'd']), value: 0, target_variable: Variable(None: []))
State(variable: Variable(item_loc: ['o1']), value: 1, target_variable: Variable(None: []))
State(variable: Variable(is_free: ['o1']), value: 1, target_variable: Variable(None: []))
=================
Goals:
-----------------
a:
EpistemicCondition(Belief sequence: ['a'], epistemic truth: "= true", Condition(Variable(hold_by: ['o1', 'a']) = 0))
EpistemicCondition(Belief sequence: ['a', 'b'], epistemic truth: "= true", Condition(Variable(hold_by: ['o1', 'a']) = 1))
-----------------
b:
EpistemicCondition(Belief sequence: ['b'], epistemic truth: "= true", Condition(Variable(hold_by: ['o1', 'a']) = 1))
-----------------
c:
EpistemicCondition(Belief sequence: ['c'], epistemic truth: "= true", Condition(Variable(hold_by: ['o1', 'a']) = 1))
-----------------
d:
EpistemicCondition(Belief sequence: ['d'], epistemic truth: "= true", Condition(Variable(hold_by: ['o1', 'a']) = 0))
=================
Ranges:
Range(function_name: agent_loc, type: integer, min: 1, max: 2)
Range(function_name: item_loc, type: integer, min: 1, max: 2)
Range(function_name: holding, type: integer, min: 0, max: 1)
Range(function_name: hold_by, type: integer, min: 0, max: 1)
Range(function_name: is_free, type: integer, min: 0, max: 1)

2025-12-02 17:03:51,179 INFO - __main__._.load_observation_function:
Loaded observation function Deliver2rObsFunc to agent a
2025-12-02 17:03:51,180 INFO - __main__._.load_observation_function:
Loaded observation function Deliver2rObsFunc to agent b
2025-12-02 17:03:51,180 INFO - __main__._.load_observation_function:
Loaded observation function Deliver2rObsFunc to agent c
2025-12-02 17:03:51,180 INFO - __main__._.load_observation_function:
Loaded observation function Deliver2rObsFunc to agent d
2025-12-02 17:03:51,185 INFO - __main__._.load_policy_strategy:
Loaded strategy class ShareGoalBFS for agent a
2025-12-02 17:03:51,186 INFO - __main__._.load_policy_strategy:
Loaded strategy class ShareGoalBFS for agent b
2025-12-02 17:03:51,187 INFO - __main__._.load_policy_strategy:
Loaded strategy class ShareGoalBFS for agent c
2025-12-02 17:03:51,187 INFO - __main__._.load_policy_strategy:
Loaded strategy class ShareGoalBFS for agent d
2025-12-02 17:03:51,187 INFO - __main__.Model.init:
Loaded problem type: "SHARE"
2025-12-02 17:03:51,190 DEBUG - __main__._.build_model:
Model:
================= Model Result================
Domain name: deliver2r
Problem name: 2r4a4i3
Problem type: "SHARE"
=================
Function agent_loc:
Parameters ['a']:
Value None: Function([id:1, header_id:1]  agent_loc {'?a': 'a'} = None)
Value 1: Function([id:2, header_id:1]  agent_loc {'?a': 'a'} = 1)
Value 2: Function([id:3, header_id:1]  agent_loc {'?a': 'a'} = 2)
Parameters ['b']:
Value None: Function([id:4, header_id:2]  agent_loc {'?a': 'b'} = None)
Value 1: Function([id:5, header_id:2]  agent_loc {'?a': 'b'} = 1)
Value 2: Function([id:6, header_id:2]  agent_loc {'?a': 'b'} = 2)
Parameters ['c']:
Value None: Function([id:7, header_id:3]  agent_loc {'?a': 'c'} = None)
Value 1: Function([id:8, header_id:3]  agent_loc {'?a': 'c'} = 1)
Value 2: Function([id:9, header_id:3]  agent_loc {'?a': 'c'} = 2)
Parameters ['d']:
Value None: Function([id:10, header_id:4]  agent_loc {'?a': 'd'} = None)
Value 1: Function([id:11, header_id:4]  agent_loc {'?a': 'd'} = 1)
Value 2: Function([id:12, header_id:4]  agent_loc {'?a': 'd'} = 2)
Function item_loc:
Parameters ['o1']:
Value None: Function([id:13, header_id:5]  item_loc {'?i': 'o1'} = None)
Value 1: Function([id:14, header_id:5]  item_loc {'?i': 'o1'} = 1)
Value 2: Function([id:15, header_id:5]  item_loc {'?i': 'o1'} = 2)
Function holding:
Parameters ['a']:
Value None: Function([id:16, header_id:6]  holding {'?a': 'a'} = None)
Value 0: Function([id:17, header_id:6]  holding {'?a': 'a'} = 0)
Value 1: Function([id:18, header_id:6]  holding {'?a': 'a'} = 1)
Parameters ['b']:
Value None: Function([id:19, header_id:7]  holding {'?a': 'b'} = None)
Value 0: Function([id:20, header_id:7]  holding {'?a': 'b'} = 0)
Value 1: Function([id:21, header_id:7]  holding {'?a': 'b'} = 1)
Parameters ['c']:
Value None: Function([id:22, header_id:8]  holding {'?a': 'c'} = None)
Value 0: Function([id:23, header_id:8]  holding {'?a': 'c'} = 0)
Value 1: Function([id:24, header_id:8]  holding {'?a': 'c'} = 1)
Parameters ['d']:
Value None: Function([id:25, header_id:9]  holding {'?a': 'd'} = None)
Value 0: Function([id:26, header_id:9]  holding {'?a': 'd'} = 0)
Value 1: Function([id:27, header_id:9]  holding {'?a': 'd'} = 1)
Function hold_by:
Parameters ['o1', 'a']:
Value None: Function([id:28, header_id:10]  hold_by {'?i': 'o1', '?a': 'a'} = None)
Value 0: Function([id:29, header_id:10]  hold_by {'?i': 'o1', '?a': 'a'} = 0)
Value 1: Function([id:30, header_id:10]  hold_by {'?i': 'o1', '?a': 'a'} = 1)
Parameters ['o1', 'b']:
Value None: Function([id:31, header_id:11]  hold_by {'?i': 'o1', '?a': 'b'} = None)
Value 0: Function([id:32, header_id:11]  hold_by {'?i': 'o1', '?a': 'b'} = 0)
Value 1: Function([id:33, header_id:11]  hold_by {'?i': 'o1', '?a': 'b'} = 1)
Parameters ['o1', 'c']:
Value None: Function([id:34, header_id:12]  hold_by {'?i': 'o1', '?a': 'c'} = None)
Value 0: Function([id:35, header_id:12]  hold_by {'?i': 'o1', '?a': 'c'} = 0)
Value 1: Function([id:36, header_id:12]  hold_by {'?i': 'o1', '?a': 'c'} = 1)
Parameters ['o1', 'd']:
Value None: Function([id:37, header_id:13]  hold_by {'?i': 'o1', '?a': 'd'} = None)
Value 0: Function([id:38, header_id:13]  hold_by {'?i': 'o1', '?a': 'd'} = 0)
Value 1: Function([id:39, header_id:13]  hold_by {'?i': 'o1', '?a': 'd'} = 1)
Function is_free:
Parameters ['o1']:
Value None: Function([id:40, header_id:14]  is_free {'?i': 'o1'} = None)
Value 0: Function([id:41, header_id:14]  is_free {'?i': 'o1'} = 0)
Value 1: Function([id:42, header_id:14]  is_free {'?i': 'o1'} = 1)

=================
Entity(a - agent)
Entity(b - agent)
Entity(c - agent)
Entity(d - agent)
Entity(o1 - item)
=================
FunctionSchema(name: agent_loc, range: (1, 2), type: integer, require_parameters: {'?a': 'agent'})
FunctionSchema(name: item_loc, range: (1, 2), type: integer, require_parameters: {'?i': 'item'})
FunctionSchema(name: holding, range: (0, 1), type: integer, require_parameters: {'?a': 'agent'})
FunctionSchema(name: hold_by, range: (0, 1), type: integer, require_parameters: {'?i': 'item', '?a': 'agent'})
FunctionSchema(name: is_free, range: (0, 1), type: integer, require_parameters: {'?i': 'item'})
=================
-----------------
Action Schema: move_right_without_item
Parameters: {'?self': 'agent'}
Precondition Schemas:
ConditionSchema(("EP_NONE" [] "EP_NONE") "EQUAL" (holding {'?self': 'agent'}) = 0)
ConditionSchema(("EP_NONE" [] "EP_NONE") "EQUAL" (agent_loc {'?self': 'agent'}) = 1)
Effect Schemas:
EffectSchema("INCREASE" (agent_loc {'?self': 'agent'}) = 1)

-----------------
Action Schema: move_left_without_item
Parameters: {'?self': 'agent'}
Precondition Schemas:
ConditionSchema(("EP_NONE" [] "EP_NONE") "EQUAL" (holding {'?self': 'agent'}) = 0)
ConditionSchema(("EP_NONE" [] "EP_NONE") "EQUAL" (agent_loc {'?self': 'agent'}) = 2)
Effect Schemas:
EffectSchema("DECREASE" (agent_loc {'?self': 'agent'}) = 1)

-----------------
Action Schema: move_right_with_item
Parameters: {'?self': 'agent', '?i': 'item'}
Precondition Schemas:
ConditionSchema(("EP_NONE" [] "EP_NONE") "EQUAL" (agent_loc {'?self': 'agent'}) = 1)
ConditionSchema(("EP_NONE" [] "EP_NONE") "EQUAL" (hold_by {'?i': 'item', '?self': 'agent'}) = 1)
ConditionSchema(("EP_NONE" [] "EP_NONE") "EQUAL" (is_free {'?i': 'item'}) = 0)
Effect Schemas:
EffectSchema("INCREASE" (agent_loc {'?self': 'agent'}) = 1)
EffectSchema("INCREASE" (item_loc {'?i': 'item'}) = 1)

-----------------
Action Schema: move_left_with_item
Parameters: {'?self': 'agent', '?i': 'item'}
Precondition Schemas:
ConditionSchema(("EP_NONE" [] "EP_NONE") "EQUAL" (agent_loc {'?self': 'agent'}) = 2)
ConditionSchema(("EP_NONE" [] "EP_NONE") "EQUAL" (hold_by {'?i': 'item', '?self': 'agent'}) = 1)
ConditionSchema(("EP_NONE" [] "EP_NONE") "EQUAL" (is_free {'?i': 'item'}) = 0)
Effect Schemas:
EffectSchema("DECREASE" (agent_loc {'?self': 'agent'}) = 1)
EffectSchema("DECREASE" (item_loc {'?i': 'item'}) = 1)

-----------------
Action Schema: pick_up
Parameters: {'?self': 'agent', '?i': 'item'}
Precondition Schemas:
ConditionSchema(("EP_NONE" [] "EP_NONE") "EQUAL" (agent_loc {'?self': 'agent'}) = (item_loc {'?i': 'item'}))
ConditionSchema(("EP_NONE" [] "EP_NONE") "EQUAL" (holding {'?self': 'agent'}) = 0)
ConditionSchema(("EP_NONE" [] "EP_NONE") "EQUAL" (is_free {'?i': 'item'}) = 1)
Effect Schemas:
EffectSchema("ASSIGN" (holding {'?self': 'agent'}) = 1)
EffectSchema("ASSIGN" (hold_by {'?i': 'item', '?self': 'agent'}) = 1)
EffectSchema("ASSIGN" (is_free {'?i': 'item'}) = 0)

-----------------
Action Schema: drop_item
Parameters: {'?self': 'agent', '?i': 'item'}
Precondition Schemas:
ConditionSchema(("EP_NONE" [] "EP_NONE") "EQUAL" (holding {'?self': 'agent'}) = 1)
ConditionSchema(("EP_NONE" [] "EP_NONE") "EQUAL" (hold_by {'?i': 'item', '?self': 'agent'}) = 1)
ConditionSchema(("EP_NONE" [] "EP_NONE") "EQUAL" (is_free {'?i': 'item'}) = 0)
Effect Schemas:
EffectSchema("ASSIGN" (holding {'?self': 'agent'}) = 0)
EffectSchema("ASSIGN" (hold_by {'?i': 'item', '?self': 'agent'}) = 0)
EffectSchema("ASSIGN" (is_free {'?i': 'item'}) = 1)

=================
Function([id:2, header_id:1]  agent_loc {'?a': 'a'} = 1)
Function([id:5, header_id:2]  agent_loc {'?a': 'b'} = 1)
Function([id:8, header_id:3]  agent_loc {'?a': 'c'} = 1)
Function([id:11, header_id:4]  agent_loc {'?a': 'd'} = 1)
Function([id:17, header_id:6]  holding {'?a': 'a'} = 0)
Function([id:20, header_id:7]  holding {'?a': 'b'} = 0)
Function([id:23, header_id:8]  holding {'?a': 'c'} = 0)
Function([id:26, header_id:9]  holding {'?a': 'd'} = 0)
Function([id:29, header_id:10]  hold_by {'?i': 'o1', '?a': 'a'} = 0)
Function([id:32, header_id:11]  hold_by {'?i': 'o1', '?a': 'b'} = 0)
Function([id:35, header_id:12]  hold_by {'?i': 'o1', '?a': 'c'} = 0)
Function([id:38, header_id:13]  hold_by {'?i': 'o1', '?a': 'd'} = 0)
Function([id:14, header_id:5]  item_loc {'?i': 'o1'} = 1)
Function([id:42, header_id:14]  is_free {'?i': 'o1'} = 1)
=================
Agent: a
Max move time: inf
Goal completed: 'False'
Consider goal: 'False'
Consider exp: 'False'
Own Goals:
Condition(['a'] hold_by ['o1', 'a'] = 0)
Condition(['a', 'b'] hold_by ['o1', 'a'] = 1)
Other Goals:
b:
Condition(['b'] hold_by ['o1', 'a'] = 1)
c:
Condition(['c'] hold_by ['o1', 'a'] = 1)
d:
Condition(['d'] hold_by ['o1', 'a'] = 0)
All Possible Goals:
b:
Condition(['b'] hold_by ['o1', 'a'] = 1)
c:
Condition(['c'] hold_by ['o1', 'a'] = 1)
d:
Condition(['d'] hold_by ['o1', 'a'] = 0)
-----------------

Agent: b
Max move time: inf
Goal completed: 'False'
Consider goal: 'False'
Consider exp: 'False'
Own Goals:
Condition(['b'] hold_by ['o1', 'a'] = 1)
Other Goals:
a:
Condition(['a'] hold_by ['o1', 'a'] = 0)
Condition(['a', 'b'] hold_by ['o1', 'a'] = 1)
c:
Condition(['c'] hold_by ['o1', 'a'] = 1)
d:
Condition(['d'] hold_by ['o1', 'a'] = 0)
All Possible Goals:
a:
Condition(['a'] hold_by ['o1', 'a'] = 0)
Condition(['a', 'b'] hold_by ['o1', 'a'] = 1)
c:
Condition(['c'] hold_by ['o1', 'a'] = 1)
d:
Condition(['d'] hold_by ['o1', 'a'] = 0)
-----------------

Agent: c
Max move time: inf
Goal completed: 'False'
Consider goal: 'False'
Consider exp: 'False'
Own Goals:
Condition(['c'] hold_by ['o1', 'a'] = 1)
Other Goals:
a:
Condition(['a'] hold_by ['o1', 'a'] = 0)
Condition(['a', 'b'] hold_by ['o1', 'a'] = 1)
b:
Condition(['b'] hold_by ['o1', 'a'] = 1)
d:
Condition(['d'] hold_by ['o1', 'a'] = 0)
All Possible Goals:
a:
Condition(['a'] hold_by ['o1', 'a'] = 0)
Condition(['a', 'b'] hold_by ['o1', 'a'] = 1)
b:
Condition(['b'] hold_by ['o1', 'a'] = 1)
d:
Condition(['d'] hold_by ['o1', 'a'] = 0)
-----------------

Agent: d
Max move time: inf
Goal completed: 'False'
Consider goal: 'False'
Consider exp: 'False'
Own Goals:
Condition(['d'] hold_by ['o1', 'a'] = 0)
Other Goals:
a:
Condition(['a'] hold_by ['o1', 'a'] = 0)
Condition(['a', 'b'] hold_by ['o1', 'a'] = 1)
b:
Condition(['b'] hold_by ['o1', 'a'] = 1)
c:
Condition(['c'] hold_by ['o1', 'a'] = 1)
All Possible Goals:
a:
Condition(['a'] hold_by ['o1', 'a'] = 0)
Condition(['a', 'b'] hold_by ['o1', 'a'] = 1)
b:
Condition(['b'] hold_by ['o1', 'a'] = 1)
c:
Condition(['c'] hold_by ['o1', 'a'] = 1)
-----------------


2025-12-02 17:03:51,190 INFO - __main__._.<module>:
Model built successfully.
2025-12-02 17:04:31,497 DEBUG - __main__.ShareGoalBFS.single_bfs:
Complete path: ["pick_up(['a', 'o1'])", "move_right_with_item(['a', 'o1'])", "drop_item(['a', 'o1'])", "move_right_without_item(['d'])"]
2025-12-02 17:04:43,038 DEBUG - __main__.ShareGoalBFS.single_bfs:
Complete path: ["pick_up(['a', 'o1'])", "move_right_without_item(['c'])", "move_right_without_item(['b'])", "drop_item(['a', 'o1'])"]
2025-12-02 17:04:47,264 INFO - __main__.ShareGoalBFS.bfs:
Models: 1, Exapnds: 566, 45.596ms/expand
2025-12-02 17:04:47,264 INFO - __main__.ShareGoalBFS.get_policy:
[("pick_up(['a', 'o1'])", 1)]
{'a': 1, 'b': 1, 'c': 1, 'd': 1}
2025-12-02 17:04:47,265 INFO - __main__.Model.simulate:
a takes action: pick_up(['a', 'o1'])
2025-12-02 17:04:48,729 DEBUG - __main__.ShareGoalBFS.single_bfs:
Complete path: ["move_right_without_item(['b'])", "move_right_without_item(['c'])", "drop_item(['a', 'o1'])"]
2025-12-02 17:04:51,304 INFO - __main__.ShareGoalBFS.bfs:
Models: 1, Exapnds: 109, 37.054ms/expand
2025-12-02 17:04:51,305 INFO - __main__.ShareGoalBFS.get_policy:
[("move_right_without_item(['b'])", 1)]
{'a': 1, 'b': 1, 'c': 1, 'd': 1}
2025-12-02 17:04:51,305 INFO - __main__.Model.simulate:
b takes action: move_right_without_item(['b'])
2025-12-02 17:04:52,253 DEBUG - __main__.ShareGoalBFS.single_bfs:
Complete path: ["move_right_without_item(['c'])", "drop_item(['a', 'o1'])"]
2025-12-02 17:04:52,650 INFO - __main__.ShareGoalBFS.bfs:
Models: 1, Exapnds: 28, 47.867ms/expand
2025-12-02 17:04:52,650 INFO - __main__.ShareGoalBFS.get_policy:
[("move_right_without_item(['c'])", 1)]
{'a': 1, 'b': 1, 'c': 1, 'd': 1}
2025-12-02 17:04:52,651 INFO - __main__.Model.simulate:
c takes action: move_right_without_item(['c'])
2025-12-02 17:04:53,926 DEBUG - __main__.ShareGoalBFS.single_bfs:
Complete path: ["stay(['d'])", "drop_item(['a', 'o1'])"]
2025-12-02 17:04:54,109 INFO - __main__.ShareGoalBFS.bfs:
Models: 1, Exapnds: 24, 60.620ms/expand
2025-12-02 17:04:54,109 INFO - __main__.ShareGoalBFS.get_policy:
[("stay(['d'])", 1)]
{'a': 1, 'b': 1, 'c': 1, 'd': 1}
2025-12-02 17:04:54,109 INFO - __main__.Model.simulate:
d takes action: stay(['d'])
2025-12-02 17:04:54,152 DEBUG - __main__.ShareGoalBFS.single_bfs:
Complete path: ["drop_item(['a', 'o1'])"]
2025-12-02 17:04:54,424 INFO - __main__.ShareGoalBFS.bfs:
Models: 1, Exapnds: 11, 28.253ms/expand
2025-12-02 17:04:54,424 INFO - __main__.ShareGoalBFS.get_policy:
[("drop_item(['a', 'o1'])", 1)]
{'a': 1, 'b': 1, 'c': 1, 'd': 1}
2025-12-02 17:04:54,424 INFO - __main__.Model.simulate:
a takes action: drop_item(['a', 'o1'])
2025-12-02 17:04:54,427 DEBUG - __main__.Model.simulate:
====== Solution ======
Step 1:
a: pick_up(['a', 'o1'])
{'a': False, 'b': False, 'c': False, 'd': True}
-----------------
Step 2:
b: move_right_without_item(['b'])
{'a': False, 'b': True, 'c': True, 'd': False}
-----------------
Step 3:
c: move_right_without_item(['c'])
{'a': False, 'b': True, 'c': True, 'd': False}
-----------------
Step 4:
d: stay(['d'])
{'a': False, 'b': True, 'c': True, 'd': False}
-----------------
Step 5:
a: drop_item(['a', 'o1'])
{'a': False, 'b': True, 'c': True, 'd': False}
-----------------

2025-12-02 17:04:54,427 EXP - __main__.Logger.exp:
a takes action: pick_up(['a', 'o1'])
b takes action: move_right_without_item(['b'])
c takes action: move_right_without_item(['c'])
d takes action: stay(['d'])
a takes action: drop_item(['a', 'o1'])
Steps: 5
Time cost: 32.971138s
Number of Generated Virtual Problems: 5

2025-12-02 17:04:54,427 EXP - __main__.Logger.exp:
Avg Steps: 5.0
Avg Time: 32.971138s
Avg VMS: 5.0

