2025-12-02 17:30:11,916 INFO - __main__._.<module>:
Start building the model, type: "True"
2025-12-02 17:30:11,916 INFO - __main__._.build:
Start building the model, type: "True"
2025-12-02 17:30:11,916 INFO - __main__.DomainParser.run:
Domain "models/deliver2r/domain.pddl" start initialization.
2025-12-02 17:30:11,916 INFO - __main__.DomainParser.run:
Domain Parser found "models/deliver2r/domain.pddl"
2025-12-02 17:30:11,917 INFO - __main__.DomainParser.run:
Complete file reading.
2025-12-02 17:30:11,917 INFO - __main__.DomainParser.run:
Domain name found
2025-12-02 17:30:11,917 INFO - __main__.DomainParser.run:
Domain type found
2025-12-02 17:30:11,917 INFO - __main__.DomainParser.run:
Domain functions found
2025-12-02 17:30:11,918 INFO - __main__.DomainParser.run:
Domain actions found
2025-12-02 17:30:11,918 DEBUG - __main__.DomainParser.run:
Parsed Domain Result:
================= Domain "(deliver2r)" Parsing Result ================
Domain types: ['item', 'agent']
=================
Domain functions:
Function(name:agent_loc, parameters:{'agent': ['?a']}). 
Function(name:item_loc, parameters:{'item': ['?i']}). 
Function(name:holding, parameters:{'agent': ['?a']}). 
Function(name:hold_by, parameters:{'item': ['?i'], 'agent': ['?a']}). 
Function(name:is_free, parameters:{'item': ['?i']}). 
=================
Domain actions:
-----------------
Action:
Name: move_right_without_item
Parameters:
    agent : ['?self']
Preconditions:
1: Condition(Variable(holding: ['?self']) = 0)
2: Condition(Variable(agent_loc: ['?self']) = 1)
Effects:
1: Effect('increase' Variable(agent_loc: ['?self']) 1)

-----------------
Action:
Name: move_left_without_item
Parameters:
    agent : ['?self']
Preconditions:
1: Condition(Variable(holding: ['?self']) = 0)
2: Condition(Variable(agent_loc: ['?self']) = 2)
Effects:
1: Effect('decrease' Variable(agent_loc: ['?self']) 1)

-----------------
Action:
Name: move_right_with_item
Parameters:
    agent : ['?self']
    item : ['?i']
Preconditions:
1: Condition(Variable(agent_loc: ['?self']) = 1)
2: Condition(Variable(hold_by: ['?i', '?self']) = 1)
3: Condition(Variable(is_free: ['?i']) = 0)
Effects:
1: Effect('increase' Variable(agent_loc: ['?self']) 1)
2: Effect('increase' Variable(item_loc: ['?i']) 1)

-----------------
Action:
Name: move_left_with_item
Parameters:
    agent : ['?self']
    item : ['?i']
Preconditions:
1: Condition(Variable(agent_loc: ['?self']) = 2)
2: Condition(Variable(hold_by: ['?i', '?self']) = 1)
3: Condition(Variable(is_free: ['?i']) = 0)
Effects:
1: Effect('decrease' Variable(agent_loc: ['?self']) 1)
2: Effect('decrease' Variable(item_loc: ['?i']) 1)

-----------------
Action:
Name: pick_up
Parameters:
    agent : ['?self']
    item : ['?i']
Preconditions:
1: Condition(Variable(agent_loc: ['?self']) = Variable(item_loc: ['?i']))
2: Condition(Variable(holding: ['?self']) = 0)
3: Condition(Variable(is_free: ['?i']) = 1)
Effects:
1: Effect('assign' Variable(holding: ['?self']) 1)
2: Effect('assign' Variable(hold_by: ['?i', '?self']) 1)
3: Effect('assign' Variable(is_free: ['?i']) 0)

-----------------
Action:
Name: drop_item
Parameters:
    agent : ['?self']
    item : ['?i']
Preconditions:
1: Condition(Variable(holding: ['?self']) = 1)
2: Condition(Variable(hold_by: ['?i', '?self']) = 1)
3: Condition(Variable(is_free: ['?i']) = 0)
Effects:
1: Effect('assign' Variable(holding: ['?self']) 0)
2: Effect('assign' Variable(hold_by: ['?i', '?self']) 0)
3: Effect('assign' Variable(is_free: ['?i']) 1)


2025-12-02 17:30:11,918 INFO - __main__.ProblemParser.run:
Problem "models/deliver2r/4a4i1" start initialization.
2025-12-02 17:30:11,918 INFO - __main__.ProblemParser.get_files:
Problem folder found "models/deliver2r/4a4i1"
2025-12-02 17:30:11,918 INFO - __main__.ProblemParser.run:
Found 4 agent files:
"models/deliver2r/4a4i1/a.agtpddl"
"models/deliver2r/4a4i1/b.agtpddl"
"models/deliver2r/4a4i1/c.agtpddl"
"models/deliver2r/4a4i1/d.agtpddl"
2025-12-02 17:30:11,918 INFO - __main__.ProblemParser.run:
Found init file: "models/deliver2r/4a4i1/init.envpddl"
2025-12-02 17:30:11,918 INFO - __main__.ProblemParser.run:
Complete reading environment file.
2025-12-02 17:30:11,919 INFO - __main__.ProblemParser.run:
Copmlete reading agent file "models/deliver2r/4a4i1/a.agtpddl"
2025-12-02 17:30:11,920 INFO - __main__.ProblemParser.run:
Copmlete reading agent file "models/deliver2r/4a4i1/b.agtpddl"
2025-12-02 17:30:11,920 INFO - __main__.ProblemParser.run:
Copmlete reading agent file "models/deliver2r/4a4i1/c.agtpddl"
2025-12-02 17:30:11,920 INFO - __main__.ProblemParser.run:
Copmlete reading agent file "models/deliver2r/4a4i1/d.agtpddl"
2025-12-02 17:30:11,920 INFO - __main__.ProblemParser.run:
Problem domain name "deliver2r" found
Problem name "2r4a4i1" found
2025-12-02 17:30:11,920 INFO - __main__.ProblemParser.run:
Problem agents found
2025-12-02 17:30:11,921 INFO - __main__.ProblemParser.run:
Problem objects found
2025-12-02 17:30:11,921 INFO - __main__.ProblemParser.run:
Problem ranges found
2025-12-02 17:30:11,921 INFO - __main__.ProblemParser.run:
Problem initial states found
2025-12-02 17:30:11,921 INFO - __main__.ProblemParser.run:
Problem goals found
2025-12-02 17:30:11,922 ERROR - __main__._.regex_search:
result not found: \s+b\[([\w,]+)\]\s(.+)\((.+)\)=\[(.+)\] in         hold_by(o1,a)=[all]
        hold_by(o2,b)=[all]
        hold_by(o3,c)=[all]
        hold_by(o4,d)=[all]

2025-12-02 17:30:11,922 INFO - __main__.ProblemParser.run:
Problem acceptable goal set found
2025-12-02 17:30:11,922 INFO - __main__.ProblemParser.run:
Problem max belief depth found
2025-12-02 17:30:11,922 DEBUG - __main__.ProblemParser.run:
Parsed Problem Result:
============ Problem "(deliver2r : 2r4a4i1)" Parsing Result ===========
Agents: ['a', 'b', 'c', 'd']
=================
Objects:
item: ['o1', 'o2', 'o3', 'o4']
=================
States:
State(variable: Variable(agent_loc: ['a']), value: 1, target_variable: Variable(None: []))
State(variable: Variable(agent_loc: ['b']), value: 1, target_variable: Variable(None: []))
State(variable: Variable(agent_loc: ['c']), value: 1, target_variable: Variable(None: []))
State(variable: Variable(agent_loc: ['d']), value: 1, target_variable: Variable(None: []))
State(variable: Variable(holding: ['a']), value: 0, target_variable: Variable(None: []))
State(variable: Variable(holding: ['b']), value: 0, target_variable: Variable(None: []))
State(variable: Variable(holding: ['c']), value: 0, target_variable: Variable(None: []))
State(variable: Variable(holding: ['d']), value: 0, target_variable: Variable(None: []))
State(variable: Variable(hold_by: ['o1', 'a']), value: 0, target_variable: Variable(None: []))
State(variable: Variable(hold_by: ['o1', 'b']), value: 0, target_variable: Variable(None: []))
State(variable: Variable(hold_by: ['o1', 'c']), value: 0, target_variable: Variable(None: []))
State(variable: Variable(hold_by: ['o1', 'd']), value: 0, target_variable: Variable(None: []))
State(variable: Variable(hold_by: ['o2', 'a']), value: 0, target_variable: Variable(None: []))
State(variable: Variable(hold_by: ['o2', 'b']), value: 0, target_variable: Variable(None: []))
State(variable: Variable(hold_by: ['o2', 'c']), value: 0, target_variable: Variable(None: []))
State(variable: Variable(hold_by: ['o2', 'd']), value: 0, target_variable: Variable(None: []))
State(variable: Variable(hold_by: ['o3', 'a']), value: 0, target_variable: Variable(None: []))
State(variable: Variable(hold_by: ['o3', 'b']), value: 0, target_variable: Variable(None: []))
State(variable: Variable(hold_by: ['o3', 'c']), value: 0, target_variable: Variable(None: []))
State(variable: Variable(hold_by: ['o3', 'd']), value: 0, target_variable: Variable(None: []))
State(variable: Variable(hold_by: ['o4', 'a']), value: 0, target_variable: Variable(None: []))
State(variable: Variable(hold_by: ['o4', 'b']), value: 0, target_variable: Variable(None: []))
State(variable: Variable(hold_by: ['o4', 'c']), value: 0, target_variable: Variable(None: []))
State(variable: Variable(hold_by: ['o4', 'd']), value: 0, target_variable: Variable(None: []))
State(variable: Variable(item_loc: ['o1']), value: 1, target_variable: Variable(None: []))
State(variable: Variable(item_loc: ['o2']), value: 1, target_variable: Variable(None: []))
State(variable: Variable(item_loc: ['o3']), value: 1, target_variable: Variable(None: []))
State(variable: Variable(item_loc: ['o4']), value: 1, target_variable: Variable(None: []))
State(variable: Variable(is_free: ['o1']), value: 1, target_variable: Variable(None: []))
State(variable: Variable(is_free: ['o2']), value: 1, target_variable: Variable(None: []))
State(variable: Variable(is_free: ['o3']), value: 1, target_variable: Variable(None: []))
State(variable: Variable(is_free: ['o4']), value: 1, target_variable: Variable(None: []))
=================
Goals:
-----------------
a:
EpistemicCondition(Belief sequence: ['a'], epistemic truth: "= true", Condition(Variable(hold_by: ['o1', 'a']) = 1))
-----------------
b:
EpistemicCondition(Belief sequence: ['b'], epistemic truth: "= true", Condition(Variable(hold_by: ['o2', 'b']) = 1))
-----------------
c:
EpistemicCondition(Belief sequence: ['c'], epistemic truth: "= true", Condition(Variable(hold_by: ['o3', 'c']) = 1))
-----------------
d:
EpistemicCondition(Belief sequence: ['d'], epistemic truth: "= true", Condition(Variable(hold_by: ['o4', 'd']) = 1))
=================
Ranges:
Range(function_name: agent_loc, type: integer, min: 1, max: 2)
Range(function_name: item_loc, type: integer, min: 1, max: 2)
Range(function_name: holding, type: integer, min: 0, max: 1)
Range(function_name: hold_by, type: integer, min: 0, max: 1)
Range(function_name: is_free, type: integer, min: 0, max: 1)

2025-12-02 17:30:11,924 INFO - __main__._.load_observation_function:
Loaded observation function Deliver2rObsFunc to agent a
2025-12-02 17:30:11,924 INFO - __main__._.load_observation_function:
Loaded observation function Deliver2rObsFunc to agent b
2025-12-02 17:30:11,924 INFO - __main__._.load_observation_function:
Loaded observation function Deliver2rObsFunc to agent c
2025-12-02 17:30:11,924 INFO - __main__._.load_observation_function:
Loaded observation function Deliver2rObsFunc to agent d
2025-12-02 17:30:11,931 INFO - __main__._.load_policy_strategy:
Loaded strategy class ShareGoalBFS for agent a
2025-12-02 17:30:11,931 INFO - __main__._.load_policy_strategy:
Loaded strategy class ShareGoalBFS for agent b
2025-12-02 17:30:11,932 INFO - __main__._.load_policy_strategy:
Loaded strategy class ShareGoalBFS for agent c
2025-12-02 17:30:11,933 INFO - __main__._.load_policy_strategy:
Loaded strategy class ShareGoalBFS for agent d
2025-12-02 17:30:11,933 INFO - __main__.Model.init:
Loaded problem type: "SHARE"
2025-12-02 17:30:11,934 DEBUG - __main__._.build_model:
Model:
================= Model Result================
Domain name: deliver2r
Problem name: 2r4a4i1
Problem type: "SHARE"
=================
Function agent_loc:
Parameters ['a']:
Value None: Function([id:1, header_id:1]  agent_loc {'?a': 'a'} = None)
Value 1: Function([id:2, header_id:1]  agent_loc {'?a': 'a'} = 1)
Value 2: Function([id:3, header_id:1]  agent_loc {'?a': 'a'} = 2)
Parameters ['b']:
Value None: Function([id:4, header_id:2]  agent_loc {'?a': 'b'} = None)
Value 1: Function([id:5, header_id:2]  agent_loc {'?a': 'b'} = 1)
Value 2: Function([id:6, header_id:2]  agent_loc {'?a': 'b'} = 2)
Parameters ['c']:
Value None: Function([id:7, header_id:3]  agent_loc {'?a': 'c'} = None)
Value 1: Function([id:8, header_id:3]  agent_loc {'?a': 'c'} = 1)
Value 2: Function([id:9, header_id:3]  agent_loc {'?a': 'c'} = 2)
Parameters ['d']:
Value None: Function([id:10, header_id:4]  agent_loc {'?a': 'd'} = None)
Value 1: Function([id:11, header_id:4]  agent_loc {'?a': 'd'} = 1)
Value 2: Function([id:12, header_id:4]  agent_loc {'?a': 'd'} = 2)
Function item_loc:
Parameters ['o1']:
Value None: Function([id:13, header_id:5]  item_loc {'?i': 'o1'} = None)
Value 1: Function([id:14, header_id:5]  item_loc {'?i': 'o1'} = 1)
Value 2: Function([id:15, header_id:5]  item_loc {'?i': 'o1'} = 2)
Parameters ['o2']:
Value None: Function([id:16, header_id:6]  item_loc {'?i': 'o2'} = None)
Value 1: Function([id:17, header_id:6]  item_loc {'?i': 'o2'} = 1)
Value 2: Function([id:18, header_id:6]  item_loc {'?i': 'o2'} = 2)
Parameters ['o3']:
Value None: Function([id:19, header_id:7]  item_loc {'?i': 'o3'} = None)
Value 1: Function([id:20, header_id:7]  item_loc {'?i': 'o3'} = 1)
Value 2: Function([id:21, header_id:7]  item_loc {'?i': 'o3'} = 2)
Parameters ['o4']:
Value None: Function([id:22, header_id:8]  item_loc {'?i': 'o4'} = None)
Value 1: Function([id:23, header_id:8]  item_loc {'?i': 'o4'} = 1)
Value 2: Function([id:24, header_id:8]  item_loc {'?i': 'o4'} = 2)
Function holding:
Parameters ['a']:
Value None: Function([id:25, header_id:9]  holding {'?a': 'a'} = None)
Value 0: Function([id:26, header_id:9]  holding {'?a': 'a'} = 0)
Value 1: Function([id:27, header_id:9]  holding {'?a': 'a'} = 1)
Parameters ['b']:
Value None: Function([id:28, header_id:10]  holding {'?a': 'b'} = None)
Value 0: Function([id:29, header_id:10]  holding {'?a': 'b'} = 0)
Value 1: Function([id:30, header_id:10]  holding {'?a': 'b'} = 1)
Parameters ['c']:
Value None: Function([id:31, header_id:11]  holding {'?a': 'c'} = None)
Value 0: Function([id:32, header_id:11]  holding {'?a': 'c'} = 0)
Value 1: Function([id:33, header_id:11]  holding {'?a': 'c'} = 1)
Parameters ['d']:
Value None: Function([id:34, header_id:12]  holding {'?a': 'd'} = None)
Value 0: Function([id:35, header_id:12]  holding {'?a': 'd'} = 0)
Value 1: Function([id:36, header_id:12]  holding {'?a': 'd'} = 1)
Function hold_by:
Parameters ['o1', 'a']:
Value None: Function([id:37, header_id:13]  hold_by {'?i': 'o1', '?a': 'a'} = None)
Value 0: Function([id:38, header_id:13]  hold_by {'?i': 'o1', '?a': 'a'} = 0)
Value 1: Function([id:39, header_id:13]  hold_by {'?i': 'o1', '?a': 'a'} = 1)
Parameters ['o1', 'b']:
Value None: Function([id:40, header_id:14]  hold_by {'?i': 'o1', '?a': 'b'} = None)
Value 0: Function([id:41, header_id:14]  hold_by {'?i': 'o1', '?a': 'b'} = 0)
Value 1: Function([id:42, header_id:14]  hold_by {'?i': 'o1', '?a': 'b'} = 1)
Parameters ['o1', 'c']:
Value None: Function([id:43, header_id:15]  hold_by {'?i': 'o1', '?a': 'c'} = None)
Value 0: Function([id:44, header_id:15]  hold_by {'?i': 'o1', '?a': 'c'} = 0)
Value 1: Function([id:45, header_id:15]  hold_by {'?i': 'o1', '?a': 'c'} = 1)
Parameters ['o1', 'd']:
Value None: Function([id:46, header_id:16]  hold_by {'?i': 'o1', '?a': 'd'} = None)
Value 0: Function([id:47, header_id:16]  hold_by {'?i': 'o1', '?a': 'd'} = 0)
Value 1: Function([id:48, header_id:16]  hold_by {'?i': 'o1', '?a': 'd'} = 1)
Parameters ['o2', 'a']:
Value None: Function([id:49, header_id:17]  hold_by {'?i': 'o2', '?a': 'a'} = None)
Value 0: Function([id:50, header_id:17]  hold_by {'?i': 'o2', '?a': 'a'} = 0)
Value 1: Function([id:51, header_id:17]  hold_by {'?i': 'o2', '?a': 'a'} = 1)
Parameters ['o2', 'b']:
Value None: Function([id:52, header_id:18]  hold_by {'?i': 'o2', '?a': 'b'} = None)
Value 0: Function([id:53, header_id:18]  hold_by {'?i': 'o2', '?a': 'b'} = 0)
Value 1: Function([id:54, header_id:18]  hold_by {'?i': 'o2', '?a': 'b'} = 1)
Parameters ['o2', 'c']:
Value None: Function([id:55, header_id:19]  hold_by {'?i': 'o2', '?a': 'c'} = None)
Value 0: Function([id:56, header_id:19]  hold_by {'?i': 'o2', '?a': 'c'} = 0)
Value 1: Function([id:57, header_id:19]  hold_by {'?i': 'o2', '?a': 'c'} = 1)
Parameters ['o2', 'd']:
Value None: Function([id:58, header_id:20]  hold_by {'?i': 'o2', '?a': 'd'} = None)
Value 0: Function([id:59, header_id:20]  hold_by {'?i': 'o2', '?a': 'd'} = 0)
Value 1: Function([id:60, header_id:20]  hold_by {'?i': 'o2', '?a': 'd'} = 1)
Parameters ['o3', 'a']:
Value None: Function([id:61, header_id:21]  hold_by {'?i': 'o3', '?a': 'a'} = None)
Value 0: Function([id:62, header_id:21]  hold_by {'?i': 'o3', '?a': 'a'} = 0)
Value 1: Function([id:63, header_id:21]  hold_by {'?i': 'o3', '?a': 'a'} = 1)
Parameters ['o3', 'b']:
Value None: Function([id:64, header_id:22]  hold_by {'?i': 'o3', '?a': 'b'} = None)
Value 0: Function([id:65, header_id:22]  hold_by {'?i': 'o3', '?a': 'b'} = 0)
Value 1: Function([id:66, header_id:22]  hold_by {'?i': 'o3', '?a': 'b'} = 1)
Parameters ['o3', 'c']:
Value None: Function([id:67, header_id:23]  hold_by {'?i': 'o3', '?a': 'c'} = None)
Value 0: Function([id:68, header_id:23]  hold_by {'?i': 'o3', '?a': 'c'} = 0)
Value 1: Function([id:69, header_id:23]  hold_by {'?i': 'o3', '?a': 'c'} = 1)
Parameters ['o3', 'd']:
Value None: Function([id:70, header_id:24]  hold_by {'?i': 'o3', '?a': 'd'} = None)
Value 0: Function([id:71, header_id:24]  hold_by {'?i': 'o3', '?a': 'd'} = 0)
Value 1: Function([id:72, header_id:24]  hold_by {'?i': 'o3', '?a': 'd'} = 1)
Parameters ['o4', 'a']:
Value None: Function([id:73, header_id:25]  hold_by {'?i': 'o4', '?a': 'a'} = None)
Value 0: Function([id:74, header_id:25]  hold_by {'?i': 'o4', '?a': 'a'} = 0)
Value 1: Function([id:75, header_id:25]  hold_by {'?i': 'o4', '?a': 'a'} = 1)
Parameters ['o4', 'b']:
Value None: Function([id:76, header_id:26]  hold_by {'?i': 'o4', '?a': 'b'} = None)
Value 0: Function([id:77, header_id:26]  hold_by {'?i': 'o4', '?a': 'b'} = 0)
Value 1: Function([id:78, header_id:26]  hold_by {'?i': 'o4', '?a': 'b'} = 1)
Parameters ['o4', 'c']:
Value None: Function([id:79, header_id:27]  hold_by {'?i': 'o4', '?a': 'c'} = None)
Value 0: Function([id:80, header_id:27]  hold_by {'?i': 'o4', '?a': 'c'} = 0)
Value 1: Function([id:81, header_id:27]  hold_by {'?i': 'o4', '?a': 'c'} = 1)
Parameters ['o4', 'd']:
Value None: Function([id:82, header_id:28]  hold_by {'?i': 'o4', '?a': 'd'} = None)
Value 0: Function([id:83, header_id:28]  hold_by {'?i': 'o4', '?a': 'd'} = 0)
Value 1: Function([id:84, header_id:28]  hold_by {'?i': 'o4', '?a': 'd'} = 1)
Function is_free:
Parameters ['o1']:
Value None: Function([id:85, header_id:29]  is_free {'?i': 'o1'} = None)
Value 0: Function([id:86, header_id:29]  is_free {'?i': 'o1'} = 0)
Value 1: Function([id:87, header_id:29]  is_free {'?i': 'o1'} = 1)
Parameters ['o2']:
Value None: Function([id:88, header_id:30]  is_free {'?i': 'o2'} = None)
Value 0: Function([id:89, header_id:30]  is_free {'?i': 'o2'} = 0)
Value 1: Function([id:90, header_id:30]  is_free {'?i': 'o2'} = 1)
Parameters ['o3']:
Value None: Function([id:91, header_id:31]  is_free {'?i': 'o3'} = None)
Value 0: Function([id:92, header_id:31]  is_free {'?i': 'o3'} = 0)
Value 1: Function([id:93, header_id:31]  is_free {'?i': 'o3'} = 1)
Parameters ['o4']:
Value None: Function([id:94, header_id:32]  is_free {'?i': 'o4'} = None)
Value 0: Function([id:95, header_id:32]  is_free {'?i': 'o4'} = 0)
Value 1: Function([id:96, header_id:32]  is_free {'?i': 'o4'} = 1)

=================
Entity(a - agent)
Entity(b - agent)
Entity(c - agent)
Entity(d - agent)
Entity(o1 - item)
Entity(o2 - item)
Entity(o3 - item)
Entity(o4 - item)
=================
FunctionSchema(name: agent_loc, range: (1, 2), type: integer, require_parameters: {'?a': 'agent'})
FunctionSchema(name: item_loc, range: (1, 2), type: integer, require_parameters: {'?i': 'item'})
FunctionSchema(name: holding, range: (0, 1), type: integer, require_parameters: {'?a': 'agent'})
FunctionSchema(name: hold_by, range: (0, 1), type: integer, require_parameters: {'?i': 'item', '?a': 'agent'})
FunctionSchema(name: is_free, range: (0, 1), type: integer, require_parameters: {'?i': 'item'})
=================
-----------------
Action Schema: move_right_without_item
Parameters: {'?self': 'agent'}
Precondition Schemas:
ConditionSchema(("EP_NONE" [] "EP_NONE") "EQUAL" (holding {'?self': 'agent'}) = 0)
ConditionSchema(("EP_NONE" [] "EP_NONE") "EQUAL" (agent_loc {'?self': 'agent'}) = 1)
Effect Schemas:
EffectSchema("INCREASE" (agent_loc {'?self': 'agent'}) = 1)

-----------------
Action Schema: move_left_without_item
Parameters: {'?self': 'agent'}
Precondition Schemas:
ConditionSchema(("EP_NONE" [] "EP_NONE") "EQUAL" (holding {'?self': 'agent'}) = 0)
ConditionSchema(("EP_NONE" [] "EP_NONE") "EQUAL" (agent_loc {'?self': 'agent'}) = 2)
Effect Schemas:
EffectSchema("DECREASE" (agent_loc {'?self': 'agent'}) = 1)

-----------------
Action Schema: move_right_with_item
Parameters: {'?self': 'agent', '?i': 'item'}
Precondition Schemas:
ConditionSchema(("EP_NONE" [] "EP_NONE") "EQUAL" (agent_loc {'?self': 'agent'}) = 1)
ConditionSchema(("EP_NONE" [] "EP_NONE") "EQUAL" (hold_by {'?i': 'item', '?self': 'agent'}) = 1)
ConditionSchema(("EP_NONE" [] "EP_NONE") "EQUAL" (is_free {'?i': 'item'}) = 0)
Effect Schemas:
EffectSchema("INCREASE" (agent_loc {'?self': 'agent'}) = 1)
EffectSchema("INCREASE" (item_loc {'?i': 'item'}) = 1)

-----------------
Action Schema: move_left_with_item
Parameters: {'?self': 'agent', '?i': 'item'}
Precondition Schemas:
ConditionSchema(("EP_NONE" [] "EP_NONE") "EQUAL" (agent_loc {'?self': 'agent'}) = 2)
ConditionSchema(("EP_NONE" [] "EP_NONE") "EQUAL" (hold_by {'?i': 'item', '?self': 'agent'}) = 1)
ConditionSchema(("EP_NONE" [] "EP_NONE") "EQUAL" (is_free {'?i': 'item'}) = 0)
Effect Schemas:
EffectSchema("DECREASE" (agent_loc {'?self': 'agent'}) = 1)
EffectSchema("DECREASE" (item_loc {'?i': 'item'}) = 1)

-----------------
Action Schema: pick_up
Parameters: {'?self': 'agent', '?i': 'item'}
Precondition Schemas:
ConditionSchema(("EP_NONE" [] "EP_NONE") "EQUAL" (agent_loc {'?self': 'agent'}) = (item_loc {'?i': 'item'}))
ConditionSchema(("EP_NONE" [] "EP_NONE") "EQUAL" (holding {'?self': 'agent'}) = 0)
ConditionSchema(("EP_NONE" [] "EP_NONE") "EQUAL" (is_free {'?i': 'item'}) = 1)
Effect Schemas:
EffectSchema("ASSIGN" (holding {'?self': 'agent'}) = 1)
EffectSchema("ASSIGN" (hold_by {'?i': 'item', '?self': 'agent'}) = 1)
EffectSchema("ASSIGN" (is_free {'?i': 'item'}) = 0)

-----------------
Action Schema: drop_item
Parameters: {'?self': 'agent', '?i': 'item'}
Precondition Schemas:
ConditionSchema(("EP_NONE" [] "EP_NONE") "EQUAL" (holding {'?self': 'agent'}) = 1)
ConditionSchema(("EP_NONE" [] "EP_NONE") "EQUAL" (hold_by {'?i': 'item', '?self': 'agent'}) = 1)
ConditionSchema(("EP_NONE" [] "EP_NONE") "EQUAL" (is_free {'?i': 'item'}) = 0)
Effect Schemas:
EffectSchema("ASSIGN" (holding {'?self': 'agent'}) = 0)
EffectSchema("ASSIGN" (hold_by {'?i': 'item', '?self': 'agent'}) = 0)
EffectSchema("ASSIGN" (is_free {'?i': 'item'}) = 1)

=================
Function([id:2, header_id:1]  agent_loc {'?a': 'a'} = 1)
Function([id:5, header_id:2]  agent_loc {'?a': 'b'} = 1)
Function([id:8, header_id:3]  agent_loc {'?a': 'c'} = 1)
Function([id:11, header_id:4]  agent_loc {'?a': 'd'} = 1)
Function([id:26, header_id:9]  holding {'?a': 'a'} = 0)
Function([id:29, header_id:10]  holding {'?a': 'b'} = 0)
Function([id:32, header_id:11]  holding {'?a': 'c'} = 0)
Function([id:35, header_id:12]  holding {'?a': 'd'} = 0)
Function([id:38, header_id:13]  hold_by {'?i': 'o1', '?a': 'a'} = 0)
Function([id:41, header_id:14]  hold_by {'?i': 'o1', '?a': 'b'} = 0)
Function([id:44, header_id:15]  hold_by {'?i': 'o1', '?a': 'c'} = 0)
Function([id:47, header_id:16]  hold_by {'?i': 'o1', '?a': 'd'} = 0)
Function([id:50, header_id:17]  hold_by {'?i': 'o2', '?a': 'a'} = 0)
Function([id:53, header_id:18]  hold_by {'?i': 'o2', '?a': 'b'} = 0)
Function([id:56, header_id:19]  hold_by {'?i': 'o2', '?a': 'c'} = 0)
Function([id:59, header_id:20]  hold_by {'?i': 'o2', '?a': 'd'} = 0)
Function([id:62, header_id:21]  hold_by {'?i': 'o3', '?a': 'a'} = 0)
Function([id:65, header_id:22]  hold_by {'?i': 'o3', '?a': 'b'} = 0)
Function([id:68, header_id:23]  hold_by {'?i': 'o3', '?a': 'c'} = 0)
Function([id:71, header_id:24]  hold_by {'?i': 'o3', '?a': 'd'} = 0)
Function([id:74, header_id:25]  hold_by {'?i': 'o4', '?a': 'a'} = 0)
Function([id:77, header_id:26]  hold_by {'?i': 'o4', '?a': 'b'} = 0)
Function([id:80, header_id:27]  hold_by {'?i': 'o4', '?a': 'c'} = 0)
Function([id:83, header_id:28]  hold_by {'?i': 'o4', '?a': 'd'} = 0)
Function([id:14, header_id:5]  item_loc {'?i': 'o1'} = 1)
Function([id:17, header_id:6]  item_loc {'?i': 'o2'} = 1)
Function([id:20, header_id:7]  item_loc {'?i': 'o3'} = 1)
Function([id:23, header_id:8]  item_loc {'?i': 'o4'} = 1)
Function([id:87, header_id:29]  is_free {'?i': 'o1'} = 1)
Function([id:90, header_id:30]  is_free {'?i': 'o2'} = 1)
Function([id:93, header_id:31]  is_free {'?i': 'o3'} = 1)
Function([id:96, header_id:32]  is_free {'?i': 'o4'} = 1)
=================
Agent: a
Max move time: inf
Goal completed: 'False'
Consider goal: 'False'
Consider exp: 'False'
Own Goals:
Condition(['a'] hold_by ['o1', 'a'] = 1)
Other Goals:
b:
Condition(['b'] hold_by ['o2', 'b'] = 1)
c:
Condition(['c'] hold_by ['o3', 'c'] = 1)
d:
Condition(['d'] hold_by ['o4', 'd'] = 1)
All Possible Goals:
b:
Condition(['b'] hold_by ['o2', 'b'] = 1)
c:
Condition(['c'] hold_by ['o3', 'c'] = 1)
d:
Condition(['d'] hold_by ['o4', 'd'] = 1)
-----------------

Agent: b
Max move time: inf
Goal completed: 'False'
Consider goal: 'False'
Consider exp: 'False'
Own Goals:
Condition(['b'] hold_by ['o2', 'b'] = 1)
Other Goals:
a:
Condition(['a'] hold_by ['o1', 'a'] = 1)
c:
Condition(['c'] hold_by ['o3', 'c'] = 1)
d:
Condition(['d'] hold_by ['o4', 'd'] = 1)
All Possible Goals:
a:
Condition(['a'] hold_by ['o1', 'a'] = 1)
c:
Condition(['c'] hold_by ['o3', 'c'] = 1)
d:
Condition(['d'] hold_by ['o4', 'd'] = 1)
-----------------

Agent: c
Max move time: inf
Goal completed: 'False'
Consider goal: 'False'
Consider exp: 'False'
Own Goals:
Condition(['c'] hold_by ['o3', 'c'] = 1)
Other Goals:
a:
Condition(['a'] hold_by ['o1', 'a'] = 1)
b:
Condition(['b'] hold_by ['o2', 'b'] = 1)
d:
Condition(['d'] hold_by ['o4', 'd'] = 1)
All Possible Goals:
a:
Condition(['a'] hold_by ['o1', 'a'] = 1)
b:
Condition(['b'] hold_by ['o2', 'b'] = 1)
d:
Condition(['d'] hold_by ['o4', 'd'] = 1)
-----------------

Agent: d
Max move time: inf
Goal completed: 'False'
Consider goal: 'False'
Consider exp: 'False'
Own Goals:
Condition(['d'] hold_by ['o4', 'd'] = 1)
Other Goals:
a:
Condition(['a'] hold_by ['o1', 'a'] = 1)
b:
Condition(['b'] hold_by ['o2', 'b'] = 1)
c:
Condition(['c'] hold_by ['o3', 'c'] = 1)
All Possible Goals:
a:
Condition(['a'] hold_by ['o1', 'a'] = 1)
b:
Condition(['b'] hold_by ['o2', 'b'] = 1)
c:
Condition(['c'] hold_by ['o3', 'c'] = 1)
-----------------


2025-12-02 17:30:11,935 INFO - __main__._.<module>:
Model built successfully.
2025-12-02 17:30:17,732 INFO - __main__.ShareGoalBFS.bfs:
Models: 1, Exapnds: 506, 10.594ms/expand
2025-12-02 17:30:17,732 INFO - __main__.ShareGoalBFS.get_policy:
[("pick_up(['a', 'o1'])", 1)]
{'a': 1, 'b': 1, 'c': 1, 'd': 1}
2025-12-02 17:30:17,732 INFO - __main__.Model.simulate:
a takes action: pick_up(['a', 'o1'])
2025-12-02 17:30:19,805 INFO - __main__.ShareGoalBFS.bfs:
Models: 1, Exapnds: 170, 12.175ms/expand
2025-12-02 17:30:19,805 INFO - __main__.ShareGoalBFS.get_policy:
[("pick_up(['b', 'o2'])", 1)]
{'a': 1, 'b': 1, 'c': 1, 'd': 1}
2025-12-02 17:30:19,805 INFO - __main__.Model.simulate:
b takes action: pick_up(['b', 'o2'])
2025-12-02 17:30:20,373 INFO - __main__.ShareGoalBFS.bfs:
Models: 1, Exapnds: 50, 11.297ms/expand
2025-12-02 17:30:20,374 INFO - __main__.ShareGoalBFS.get_policy:
[("pick_up(['c', 'o3'])", 1)]
{'a': 1, 'b': 1, 'c': 1, 'd': 1}
2025-12-02 17:30:20,374 INFO - __main__.Model.simulate:
c takes action: pick_up(['c', 'o3'])
2025-12-02 17:30:20,569 INFO - __main__.ShareGoalBFS.bfs:
Models: 1, Exapnds: 16, 11.836ms/expand
2025-12-02 17:30:20,569 INFO - __main__.ShareGoalBFS.get_policy:
[("pick_up(['d', 'o4'])", 1)]
{'a': 1, 'b': 1, 'c': 1, 'd': 1}
2025-12-02 17:30:20,569 INFO - __main__.Model.simulate:
d takes action: pick_up(['d', 'o4'])
2025-12-02 17:30:20,574 DEBUG - __main__.Model.simulate:
====== Solution ======
Step 1:
a: pick_up(['a', 'o1'])
{'a': False, 'b': False, 'c': False, 'd': False}
-----------------
Step 2:
b: pick_up(['b', 'o2'])
{'a': True, 'b': False, 'c': False, 'd': False}
-----------------
Step 3:
c: pick_up(['c', 'o3'])
{'a': True, 'b': True, 'c': False, 'd': False}
-----------------
Step 4:
d: pick_up(['d', 'o4'])
{'a': True, 'b': True, 'c': True, 'd': False}
-----------------

2025-12-02 17:30:20,574 EXP - __main__.Logger.exp:
a takes action: pick_up(['a', 'o1'])
b takes action: pick_up(['b', 'o2'])
c takes action: pick_up(['c', 'o3'])
d takes action: pick_up(['d', 'o4'])
Steps: 4
Time cost: 8.203279s
Number of Generated Virtual Problems: 4

2025-12-02 17:30:20,574 EXP - __main__.Logger.exp:
Avg Steps: 4.0
Avg Time: 8.203279s
Avg VMS: 4.0

