2025-11-01 11:27:23,033 EXP - __main__.Logger.exp:
a takes action: move_without_item(['a', 'r1', 'r3'])
b takes action: stay(['b'])
a takes action: move_without_item(['a', 'r3', 'r2'])
b takes action: stay(['b'])
a takes action: move_without_item(['a', 'r2', 'r3'])
b takes action: stay(['b'])
a takes action: pick_up(['a', 'i', 'r3'])
Steps: 7
Time cost: 1.233075s
2025-11-01 11:27:24,037 EXP - __main__.Logger.exp:
a takes action: move_without_item(['a', 'r1', 'r2'])
b takes action: stay(['b'])
a takes action: move_without_item(['a', 'r2', 'r3'])
b takes action: stay(['b'])
a takes action: pick_up(['a', 'i', 'r3'])
Steps: 5
Time cost: 1.002763s
2025-11-01 11:27:24,037 EXP - __main__.Logger.exp:
Avg Steps: 6.0
Avg Time: 1.117919s
