2025-12-06 19:46:47,784 EXP - __main__.Logger.exp:
a takes action: say_unknown(['a'])
b takes action: say_unknown(['b'])
a takes action: say_unknown(['a'])
b takes action: say_unknown(['b'])
a takes action: say_unknown(['a'])
b takes action: say_unknown(['b'])
a takes action: say_unknown(['a'])
b takes action: say_unknown(['b'])
a takes action: say_unknown(['a'])
b takes action: say_unknown(['b'])
a takes action: say_unknown(['a'])
b takes action: say_unknown(['b'])
a takes action: say_known(['a', 'b'])
b takes action: say_known(['b', 'a'])
Steps: 14
Time cost: 0.071196s
Number of Generated Virtual Problems: 26

2025-12-06 19:46:47,816 EXP - __main__.Logger.exp:
a takes action: say_unknown(['a'])
b takes action: say_unknown(['b'])
a takes action: say_unknown(['a'])
b takes action: say_unknown(['b'])
a takes action: say_unknown(['a'])
b takes action: say_unknown(['b'])
a takes action: say_unknown(['a'])
b takes action: say_unknown(['b'])
a takes action: say_unknown(['a'])
b takes action: say_unknown(['b'])
a takes action: say_unknown(['a'])
b takes action: say_unknown(['b'])
a takes action: say_known(['a', 'b'])
b takes action: say_known(['b', 'a'])
Steps: 14
Time cost: 0.029578s
Number of Generated Virtual Problems: 26

2025-12-06 19:46:47,847 EXP - __main__.Logger.exp:
a takes action: say_unknown(['a'])
b takes action: say_unknown(['b'])
a takes action: say_unknown(['a'])
b takes action: say_unknown(['b'])
a takes action: say_unknown(['a'])
b takes action: say_unknown(['b'])
a takes action: say_unknown(['a'])
b takes action: say_unknown(['b'])
a takes action: say_unknown(['a'])
b takes action: say_unknown(['b'])
a takes action: say_unknown(['a'])
b takes action: say_unknown(['b'])
a takes action: say_known(['a', 'b'])
b takes action: say_known(['b', 'a'])
Steps: 14
Time cost: 0.028882s
Number of Generated Virtual Problems: 26

2025-12-06 19:46:47,878 EXP - __main__.Logger.exp:
a takes action: say_unknown(['a'])
b takes action: say_unknown(['b'])
a takes action: say_unknown(['a'])
b takes action: say_unknown(['b'])
a takes action: say_unknown(['a'])
b takes action: say_unknown(['b'])
a takes action: say_unknown(['a'])
b takes action: say_unknown(['b'])
a takes action: say_unknown(['a'])
b takes action: say_unknown(['b'])
a takes action: say_unknown(['a'])
b takes action: say_unknown(['b'])
a takes action: say_known(['a', 'b'])
b takes action: say_known(['b', 'a'])
Steps: 14
Time cost: 0.029117s
Number of Generated Virtual Problems: 26

2025-12-06 19:46:47,910 EXP - __main__.Logger.exp:
a takes action: say_unknown(['a'])
b takes action: say_unknown(['b'])
a takes action: say_unknown(['a'])
b takes action: say_unknown(['b'])
a takes action: say_unknown(['a'])
b takes action: say_unknown(['b'])
a takes action: say_unknown(['a'])
b takes action: say_unknown(['b'])
a takes action: say_unknown(['a'])
b takes action: say_unknown(['b'])
a takes action: say_unknown(['a'])
b takes action: say_unknown(['b'])
a takes action: say_known(['a', 'b'])
b takes action: say_known(['b', 'a'])
Steps: 14
Time cost: 0.029036s
Number of Generated Virtual Problems: 26

2025-12-06 19:46:47,910 EXP - __main__.Logger.exp:
Avg Steps: 14.0
Avg Time: 0.037562s
Avg VMS: 26.0

