2025-12-06 19:47:12,915 EXP - __main__.Logger.exp:
a takes action: say_unknown(['a'])
b takes action: say_unknown(['b'])
a takes action: say_unknown(['a'])
b takes action: say_unknown(['b'])
a takes action: say_unknown(['a'])
b takes action: say_unknown(['b'])
a takes action: say_unknown(['a'])
b takes action: say_unknown(['b'])
a takes action: say_unknown(['a'])
b takes action: say_unknown(['b'])
a takes action: say_unknown(['a'])
b takes action: say_unknown(['b'])
a takes action: say_unknown(['a'])
b takes action: say_unknown(['b'])
a takes action: say_unknown(['a'])
b takes action: say_unknown(['b'])
a takes action: say_unknown(['a'])
b takes action: say_unknown(['b'])
a takes action: say_unknown(['a'])
b takes action: say_unknown(['b'])
a takes action: say_unknown(['a'])
b takes action: say_unknown(['b'])
a takes action: say_unknown(['a'])
b takes action: say_unknown(['b'])
a takes action: say_unknown(['a'])
b takes action: say_unknown(['b'])
a takes action: say_unknown(['a'])
b takes action: say_unknown(['b'])
a takes action: say_unknown(['a'])
b takes action: say_unknown(['b'])
a takes action: say_unknown(['a'])
b takes action: say_unknown(['b'])
a takes action: say_unknown(['a'])
b takes action: say_unknown(['b'])
a takes action: say_unknown(['a'])
b takes action: say_unknown(['b'])
a takes action: say_unknown(['a'])
b takes action: say_unknown(['b'])
a takes action: say_unknown(['a'])
b takes action: say_unknown(['b'])
a takes action: say_unknown(['a'])
b takes action: say_unknown(['b'])
a takes action: say_unknown(['a'])
b takes action: say_unknown(['b'])
a takes action: say_unknown(['a'])
b takes action: say_known(['b', 'a'])
a takes action: say_known(['a', 'b'])
Steps: 47
Time cost: 0.885768s
Number of Generated Virtual Problems: 92

2025-12-06 19:47:13,632 EXP - __main__.Logger.exp:
a takes action: say_unknown(['a'])
b takes action: say_unknown(['b'])
a takes action: say_unknown(['a'])
b takes action: say_unknown(['b'])
a takes action: say_unknown(['a'])
b takes action: say_unknown(['b'])
a takes action: say_unknown(['a'])
b takes action: say_unknown(['b'])
a takes action: say_unknown(['a'])
b takes action: say_unknown(['b'])
a takes action: say_unknown(['a'])
b takes action: say_unknown(['b'])
a takes action: say_unknown(['a'])
b takes action: say_unknown(['b'])
a takes action: say_unknown(['a'])
b takes action: say_unknown(['b'])
a takes action: say_unknown(['a'])
b takes action: say_unknown(['b'])
a takes action: say_unknown(['a'])
b takes action: say_unknown(['b'])
a takes action: say_unknown(['a'])
b takes action: say_unknown(['b'])
a takes action: say_unknown(['a'])
b takes action: say_unknown(['b'])
a takes action: say_unknown(['a'])
b takes action: say_unknown(['b'])
a takes action: say_unknown(['a'])
b takes action: say_unknown(['b'])
a takes action: say_unknown(['a'])
b takes action: say_unknown(['b'])
a takes action: say_unknown(['a'])
b takes action: say_unknown(['b'])
a takes action: say_unknown(['a'])
b takes action: say_unknown(['b'])
a takes action: say_unknown(['a'])
b takes action: say_unknown(['b'])
a takes action: say_unknown(['a'])
b takes action: say_unknown(['b'])
a takes action: say_unknown(['a'])
b takes action: say_unknown(['b'])
a takes action: say_unknown(['a'])
b takes action: say_unknown(['b'])
a takes action: say_unknown(['a'])
b takes action: say_unknown(['b'])
a takes action: say_unknown(['a'])
b takes action: say_known(['b', 'a'])
a takes action: say_known(['a', 'b'])
Steps: 47
Time cost: 0.714181s
Number of Generated Virtual Problems: 92

2025-12-06 19:47:14,352 EXP - __main__.Logger.exp:
a takes action: say_unknown(['a'])
b takes action: say_unknown(['b'])
a takes action: say_unknown(['a'])
b takes action: say_unknown(['b'])
a takes action: say_unknown(['a'])
b takes action: say_unknown(['b'])
a takes action: say_unknown(['a'])
b takes action: say_unknown(['b'])
a takes action: say_unknown(['a'])
b takes action: say_unknown(['b'])
a takes action: say_unknown(['a'])
b takes action: say_unknown(['b'])
a takes action: say_unknown(['a'])
b takes action: say_unknown(['b'])
a takes action: say_unknown(['a'])
b takes action: say_unknown(['b'])
a takes action: say_unknown(['a'])
b takes action: say_unknown(['b'])
a takes action: say_unknown(['a'])
b takes action: say_unknown(['b'])
a takes action: say_unknown(['a'])
b takes action: say_unknown(['b'])
a takes action: say_unknown(['a'])
b takes action: say_unknown(['b'])
a takes action: say_unknown(['a'])
b takes action: say_unknown(['b'])
a takes action: say_unknown(['a'])
b takes action: say_unknown(['b'])
a takes action: say_unknown(['a'])
b takes action: say_unknown(['b'])
a takes action: say_unknown(['a'])
b takes action: say_unknown(['b'])
a takes action: say_unknown(['a'])
b takes action: say_unknown(['b'])
a takes action: say_unknown(['a'])
b takes action: say_unknown(['b'])
a takes action: say_unknown(['a'])
b takes action: say_unknown(['b'])
a takes action: say_unknown(['a'])
b takes action: say_unknown(['b'])
a takes action: say_unknown(['a'])
b takes action: say_unknown(['b'])
a takes action: say_unknown(['a'])
b takes action: say_unknown(['b'])
a takes action: say_unknown(['a'])
b takes action: say_known(['b', 'a'])
a takes action: say_known(['a', 'b'])
Steps: 47
Time cost: 0.718519s
Number of Generated Virtual Problems: 92

2025-12-06 19:47:15,070 EXP - __main__.Logger.exp:
a takes action: say_unknown(['a'])
b takes action: say_unknown(['b'])
a takes action: say_unknown(['a'])
b takes action: say_unknown(['b'])
a takes action: say_unknown(['a'])
b takes action: say_unknown(['b'])
a takes action: say_unknown(['a'])
b takes action: say_unknown(['b'])
a takes action: say_unknown(['a'])
b takes action: say_unknown(['b'])
a takes action: say_unknown(['a'])
b takes action: say_unknown(['b'])
a takes action: say_unknown(['a'])
b takes action: say_unknown(['b'])
a takes action: say_unknown(['a'])
b takes action: say_unknown(['b'])
a takes action: say_unknown(['a'])
b takes action: say_unknown(['b'])
a takes action: say_unknown(['a'])
b takes action: say_unknown(['b'])
a takes action: say_unknown(['a'])
b takes action: say_unknown(['b'])
a takes action: say_unknown(['a'])
b takes action: say_unknown(['b'])
a takes action: say_unknown(['a'])
b takes action: say_unknown(['b'])
a takes action: say_unknown(['a'])
b takes action: say_unknown(['b'])
a takes action: say_unknown(['a'])
b takes action: say_unknown(['b'])
a takes action: say_unknown(['a'])
b takes action: say_unknown(['b'])
a takes action: say_unknown(['a'])
b takes action: say_unknown(['b'])
a takes action: say_unknown(['a'])
b takes action: say_unknown(['b'])
a takes action: say_unknown(['a'])
b takes action: say_unknown(['b'])
a takes action: say_unknown(['a'])
b takes action: say_unknown(['b'])
a takes action: say_unknown(['a'])
b takes action: say_unknown(['b'])
a takes action: say_unknown(['a'])
b takes action: say_unknown(['b'])
a takes action: say_unknown(['a'])
b takes action: say_known(['b', 'a'])
a takes action: say_known(['a', 'b'])
Steps: 47
Time cost: 0.715632s
Number of Generated Virtual Problems: 92

2025-12-06 19:47:15,787 EXP - __main__.Logger.exp:
a takes action: say_unknown(['a'])
b takes action: say_unknown(['b'])
a takes action: say_unknown(['a'])
b takes action: say_unknown(['b'])
a takes action: say_unknown(['a'])
b takes action: say_unknown(['b'])
a takes action: say_unknown(['a'])
b takes action: say_unknown(['b'])
a takes action: say_unknown(['a'])
b takes action: say_unknown(['b'])
a takes action: say_unknown(['a'])
b takes action: say_unknown(['b'])
a takes action: say_unknown(['a'])
b takes action: say_unknown(['b'])
a takes action: say_unknown(['a'])
b takes action: say_unknown(['b'])
a takes action: say_unknown(['a'])
b takes action: say_unknown(['b'])
a takes action: say_unknown(['a'])
b takes action: say_unknown(['b'])
a takes action: say_unknown(['a'])
b takes action: say_unknown(['b'])
a takes action: say_unknown(['a'])
b takes action: say_unknown(['b'])
a takes action: say_unknown(['a'])
b takes action: say_unknown(['b'])
a takes action: say_unknown(['a'])
b takes action: say_unknown(['b'])
a takes action: say_unknown(['a'])
b takes action: say_unknown(['b'])
a takes action: say_unknown(['a'])
b takes action: say_unknown(['b'])
a takes action: say_unknown(['a'])
b takes action: say_unknown(['b'])
a takes action: say_unknown(['a'])
b takes action: say_unknown(['b'])
a takes action: say_unknown(['a'])
b takes action: say_unknown(['b'])
a takes action: say_unknown(['a'])
b takes action: say_unknown(['b'])
a takes action: say_unknown(['a'])
b takes action: say_unknown(['b'])
a takes action: say_unknown(['a'])
b takes action: say_unknown(['b'])
a takes action: say_unknown(['a'])
b takes action: say_known(['b', 'a'])
a takes action: say_known(['a', 'b'])
Steps: 47
Time cost: 0.714718s
Number of Generated Virtual Problems: 92

2025-12-06 19:47:15,787 EXP - __main__.Logger.exp:
Avg Steps: 47.0
Avg Time: 0.749764s
Avg VMS: 92.0

