2025-12-06 19:47:24,836 EXP - __main__.Logger.exp:
a takes action: say_unknown(['a'])
b takes action: say_unknown(['b'])
a takes action: say_unknown(['a'])
b takes action: say_unknown(['b'])
a takes action: say_unknown(['a'])
b takes action: say_unknown(['b'])
a takes action: say_unknown(['a'])
b takes action: say_unknown(['b'])
a takes action: say_unknown(['a'])
b takes action: say_unknown(['b'])
a takes action: say_unknown(['a'])
b takes action: say_unknown(['b'])
a takes action: say_unknown(['a'])
b takes action: say_unknown(['b'])
a takes action: say_unknown(['a'])
b takes action: say_unknown(['b'])
a takes action: say_unknown(['a'])
b takes action: say_unknown(['b'])
a takes action: say_unknown(['a'])
b takes action: say_unknown(['b'])
a takes action: say_unknown(['a'])
b takes action: say_unknown(['b'])
a takes action: say_unknown(['a'])
b takes action: say_unknown(['b'])
a takes action: say_unknown(['a'])
b takes action: say_unknown(['b'])
a takes action: say_unknown(['a'])
b takes action: say_known(['b', 'a'])
a takes action: say_known(['a', 'b'])
Steps: 29
Time cost: 0.311306s
Number of Generated Virtual Problems: 56

2025-12-06 19:47:25,083 EXP - __main__.Logger.exp:
a takes action: say_unknown(['a'])
b takes action: say_unknown(['b'])
a takes action: say_unknown(['a'])
b takes action: say_unknown(['b'])
a takes action: say_unknown(['a'])
b takes action: say_unknown(['b'])
a takes action: say_unknown(['a'])
b takes action: say_unknown(['b'])
a takes action: say_unknown(['a'])
b takes action: say_unknown(['b'])
a takes action: say_unknown(['a'])
b takes action: say_unknown(['b'])
a takes action: say_unknown(['a'])
b takes action: say_unknown(['b'])
a takes action: say_unknown(['a'])
b takes action: say_unknown(['b'])
a takes action: say_unknown(['a'])
b takes action: say_unknown(['b'])
a takes action: say_unknown(['a'])
b takes action: say_unknown(['b'])
a takes action: say_unknown(['a'])
b takes action: say_unknown(['b'])
a takes action: say_unknown(['a'])
b takes action: say_unknown(['b'])
a takes action: say_unknown(['a'])
b takes action: say_unknown(['b'])
a takes action: say_unknown(['a'])
b takes action: say_known(['b', 'a'])
a takes action: say_known(['a', 'b'])
Steps: 29
Time cost: 0.244633s
Number of Generated Virtual Problems: 56

2025-12-06 19:47:25,325 EXP - __main__.Logger.exp:
a takes action: say_unknown(['a'])
b takes action: say_unknown(['b'])
a takes action: say_unknown(['a'])
b takes action: say_unknown(['b'])
a takes action: say_unknown(['a'])
b takes action: say_unknown(['b'])
a takes action: say_unknown(['a'])
b takes action: say_unknown(['b'])
a takes action: say_unknown(['a'])
b takes action: say_unknown(['b'])
a takes action: say_unknown(['a'])
b takes action: say_unknown(['b'])
a takes action: say_unknown(['a'])
b takes action: say_unknown(['b'])
a takes action: say_unknown(['a'])
b takes action: say_unknown(['b'])
a takes action: say_unknown(['a'])
b takes action: say_unknown(['b'])
a takes action: say_unknown(['a'])
b takes action: say_unknown(['b'])
a takes action: say_unknown(['a'])
b takes action: say_unknown(['b'])
a takes action: say_unknown(['a'])
b takes action: say_unknown(['b'])
a takes action: say_unknown(['a'])
b takes action: say_unknown(['b'])
a takes action: say_unknown(['a'])
b takes action: say_known(['b', 'a'])
a takes action: say_known(['a', 'b'])
Steps: 29
Time cost: 0.240635s
Number of Generated Virtual Problems: 56

2025-12-06 19:47:25,571 EXP - __main__.Logger.exp:
a takes action: say_unknown(['a'])
b takes action: say_unknown(['b'])
a takes action: say_unknown(['a'])
b takes action: say_unknown(['b'])
a takes action: say_unknown(['a'])
b takes action: say_unknown(['b'])
a takes action: say_unknown(['a'])
b takes action: say_unknown(['b'])
a takes action: say_unknown(['a'])
b takes action: say_unknown(['b'])
a takes action: say_unknown(['a'])
b takes action: say_unknown(['b'])
a takes action: say_unknown(['a'])
b takes action: say_unknown(['b'])
a takes action: say_unknown(['a'])
b takes action: say_unknown(['b'])
a takes action: say_unknown(['a'])
b takes action: say_unknown(['b'])
a takes action: say_unknown(['a'])
b takes action: say_unknown(['b'])
a takes action: say_unknown(['a'])
b takes action: say_unknown(['b'])
a takes action: say_unknown(['a'])
b takes action: say_unknown(['b'])
a takes action: say_unknown(['a'])
b takes action: say_unknown(['b'])
a takes action: say_unknown(['a'])
b takes action: say_known(['b', 'a'])
a takes action: say_known(['a', 'b'])
Steps: 29
Time cost: 0.241060s
Number of Generated Virtual Problems: 56

2025-12-06 19:47:25,830 EXP - __main__.Logger.exp:
a takes action: say_unknown(['a'])
b takes action: say_unknown(['b'])
a takes action: say_unknown(['a'])
b takes action: say_unknown(['b'])
a takes action: say_unknown(['a'])
b takes action: say_unknown(['b'])
a takes action: say_unknown(['a'])
b takes action: say_unknown(['b'])
a takes action: say_unknown(['a'])
b takes action: say_unknown(['b'])
a takes action: say_unknown(['a'])
b takes action: say_unknown(['b'])
a takes action: say_unknown(['a'])
b takes action: say_unknown(['b'])
a takes action: say_unknown(['a'])
b takes action: say_unknown(['b'])
a takes action: say_unknown(['a'])
b takes action: say_unknown(['b'])
a takes action: say_unknown(['a'])
b takes action: say_unknown(['b'])
a takes action: say_unknown(['a'])
b takes action: say_unknown(['b'])
a takes action: say_unknown(['a'])
b takes action: say_unknown(['b'])
a takes action: say_unknown(['a'])
b takes action: say_unknown(['b'])
a takes action: say_unknown(['a'])
b takes action: say_known(['b', 'a'])
a takes action: say_known(['a', 'b'])
Steps: 29
Time cost: 0.257287s
Number of Generated Virtual Problems: 56

2025-12-06 19:47:25,830 EXP - __main__.Logger.exp:
Avg Steps: 29.0
Avg Time: 0.258984s
Avg VMS: 56.0

