2025-12-06 19:47:26,843 EXP - __main__.Logger.exp:
a takes action: say_unknown(['a'])
b takes action: say_unknown(['b'])
a takes action: say_unknown(['a'])
b takes action: say_unknown(['b'])
a takes action: say_unknown(['a'])
b takes action: say_unknown(['b'])
a takes action: say_unknown(['a'])
b takes action: say_unknown(['b'])
a takes action: say_unknown(['a'])
b takes action: say_unknown(['b'])
a takes action: say_unknown(['a'])
b takes action: say_unknown(['b'])
a takes action: say_unknown(['a'])
b takes action: say_known(['b', 'a'])
a takes action: say_known(['a', 'b'])
Steps: 15
Time cost: 0.079774s
Number of Generated Virtual Problems: 28

2025-12-06 19:47:26,878 EXP - __main__.Logger.exp:
a takes action: say_unknown(['a'])
b takes action: say_unknown(['b'])
a takes action: say_unknown(['a'])
b takes action: say_unknown(['b'])
a takes action: say_unknown(['a'])
b takes action: say_unknown(['b'])
a takes action: say_unknown(['a'])
b takes action: say_unknown(['b'])
a takes action: say_unknown(['a'])
b takes action: say_unknown(['b'])
a takes action: say_unknown(['a'])
b takes action: say_unknown(['b'])
a takes action: say_unknown(['a'])
b takes action: say_known(['b', 'a'])
a takes action: say_known(['a', 'b'])
Steps: 15
Time cost: 0.032434s
Number of Generated Virtual Problems: 28

2025-12-06 19:47:26,912 EXP - __main__.Logger.exp:
a takes action: say_unknown(['a'])
b takes action: say_unknown(['b'])
a takes action: say_unknown(['a'])
b takes action: say_unknown(['b'])
a takes action: say_unknown(['a'])
b takes action: say_unknown(['b'])
a takes action: say_unknown(['a'])
b takes action: say_unknown(['b'])
a takes action: say_unknown(['a'])
b takes action: say_unknown(['b'])
a takes action: say_unknown(['a'])
b takes action: say_unknown(['b'])
a takes action: say_unknown(['a'])
b takes action: say_known(['b', 'a'])
a takes action: say_known(['a', 'b'])
Steps: 15
Time cost: 0.031957s
Number of Generated Virtual Problems: 28

2025-12-06 19:47:26,947 EXP - __main__.Logger.exp:
a takes action: say_unknown(['a'])
b takes action: say_unknown(['b'])
a takes action: say_unknown(['a'])
b takes action: say_unknown(['b'])
a takes action: say_unknown(['a'])
b takes action: say_unknown(['b'])
a takes action: say_unknown(['a'])
b takes action: say_unknown(['b'])
a takes action: say_unknown(['a'])
b takes action: say_unknown(['b'])
a takes action: say_unknown(['a'])
b takes action: say_unknown(['b'])
a takes action: say_unknown(['a'])
b takes action: say_known(['b', 'a'])
a takes action: say_known(['a', 'b'])
Steps: 15
Time cost: 0.032032s
Number of Generated Virtual Problems: 28

2025-12-06 19:47:26,981 EXP - __main__.Logger.exp:
a takes action: say_unknown(['a'])
b takes action: say_unknown(['b'])
a takes action: say_unknown(['a'])
b takes action: say_unknown(['b'])
a takes action: say_unknown(['a'])
b takes action: say_unknown(['b'])
a takes action: say_unknown(['a'])
b takes action: say_unknown(['b'])
a takes action: say_unknown(['a'])
b takes action: say_unknown(['b'])
a takes action: say_unknown(['a'])
b takes action: say_unknown(['b'])
a takes action: say_unknown(['a'])
b takes action: say_known(['b', 'a'])
a takes action: say_known(['a', 'b'])
Steps: 15
Time cost: 0.032321s
Number of Generated Virtual Problems: 28

2025-12-06 19:47:26,981 EXP - __main__.Logger.exp:
Avg Steps: 15.0
Avg Time: 0.041704s
Avg VMS: 28.0

