2025-12-06 19:47:27,345 EXP - __main__.Logger.exp:
a takes action: say_unknown(['a'])
b takes action: say_unknown(['b'])
a takes action: say_unknown(['a'])
b takes action: say_unknown(['b'])
a takes action: say_unknown(['a'])
b takes action: say_unknown(['b'])
a takes action: say_unknown(['a'])
b takes action: say_known(['b', 'a'])
a takes action: say_known(['a', 'b'])
Steps: 9
Time cost: 0.044333s
Number of Generated Virtual Problems: 16

2025-12-06 19:47:27,364 EXP - __main__.Logger.exp:
a takes action: say_unknown(['a'])
b takes action: say_unknown(['b'])
a takes action: say_unknown(['a'])
b takes action: say_unknown(['b'])
a takes action: say_unknown(['a'])
b takes action: say_unknown(['b'])
a takes action: say_unknown(['a'])
b takes action: say_known(['b', 'a'])
a takes action: say_known(['a', 'b'])
Steps: 9
Time cost: 0.016250s
Number of Generated Virtual Problems: 16

2025-12-06 19:47:27,381 EXP - __main__.Logger.exp:
a takes action: say_unknown(['a'])
b takes action: say_unknown(['b'])
a takes action: say_unknown(['a'])
b takes action: say_unknown(['b'])
a takes action: say_unknown(['a'])
b takes action: say_unknown(['b'])
a takes action: say_unknown(['a'])
b takes action: say_known(['b', 'a'])
a takes action: say_known(['a', 'b'])
Steps: 9
Time cost: 0.015319s
Number of Generated Virtual Problems: 16

2025-12-06 19:47:27,399 EXP - __main__.Logger.exp:
a takes action: say_unknown(['a'])
b takes action: say_unknown(['b'])
a takes action: say_unknown(['a'])
b takes action: say_unknown(['b'])
a takes action: say_unknown(['a'])
b takes action: say_unknown(['b'])
a takes action: say_unknown(['a'])
b takes action: say_known(['b', 'a'])
a takes action: say_known(['a', 'b'])
Steps: 9
Time cost: 0.015362s
Number of Generated Virtual Problems: 16

2025-12-06 19:47:27,417 EXP - __main__.Logger.exp:
a takes action: say_unknown(['a'])
b takes action: say_unknown(['b'])
a takes action: say_unknown(['a'])
b takes action: say_unknown(['b'])
a takes action: say_unknown(['a'])
b takes action: say_unknown(['b'])
a takes action: say_unknown(['a'])
b takes action: say_known(['b', 'a'])
a takes action: say_known(['a', 'b'])
Steps: 9
Time cost: 0.015852s
Number of Generated Virtual Problems: 16

2025-12-06 19:47:27,417 EXP - __main__.Logger.exp:
Avg Steps: 9.0
Avg Time: 0.021423s
Avg VMS: 16.0

