2025-10-25 20:50:55,977 EXP - __main__.Logger.exp:
a takes action: stay(['a'])
b takes action: move_without_item(['b', 'r2', 'r3'])
a takes action: move_without_item(['a', 'r1', 'r2'])
b takes action: pick_up(['b', 'i', 'r3'])
a takes action: move_without_item(['a', 'r2', 'r1'])
b takes action: stay(['b'])
a takes action: move_without_item(['a', 'r1', 'r2'])
b takes action: stay(['b'])
a takes action: move_without_item(['a', 'r2', 'r3'])
Steps: 9
Time cost: 4.203404s
2025-10-25 20:50:57,281 EXP - __main__.Logger.exp:
a takes action: stay(['a'])
b takes action: move_without_item(['b', 'r2', 'r3'])
a takes action: move_without_item(['a', 'r1', 'r3'])
b takes action: pick_up(['b', 'i', 'r3'])
Steps: 4
Time cost: 1.302947s
2025-10-25 20:50:57,281 EXP - __main__.Logger.exp:
Avg Steps: 6.5
Avg Time: 2.753175s
