2025-10-24 15:16:59,302 EXP - __main__.Logger.exp:
a takes action: move(['a', 'r1', 'r2'])
b takes action: move(['b', 'r4', 'r3'])
a takes action: stay(['a'])
b takes action: move(['b', 'r3', 'r4'])
a takes action: move(['a', 'r2', 'r3'])
b takes action: move(['b', 'r4', 'r7'])
a takes action: move(['a', 'r3', 'r4'])
b takes action: stay(['b'])
a takes action: move(['a', 'r4', 'r5'])
b takes action: move(['b', 'r7', 'r4'])
a takes action: stay(['a'])
b takes action: move(['b', 'r4', 'r3'])
a takes action: move(['a', 'r5', 'r4'])
b takes action: move(['b', 'r3', 'r2'])
a takes action: move(['a', 'r4', 'r7'])
b takes action: move(['b', 'r2', 'r1'])
Steps: 16
Time cost: 0.438470s
2025-10-24 15:16:59,746 EXP - __main__.Logger.exp:
a takes action: move(['a', 'r1', 'r2'])
b takes action: move(['b', 'r4', 'r3'])
a takes action: stay(['a'])
b takes action: move(['b', 'r3', 'r4'])
a takes action: move(['a', 'r2', 'r3'])
b takes action: move(['b', 'r4', 'r7'])
a takes action: move(['a', 'r3', 'r4'])
b takes action: stay(['b'])
a takes action: move(['a', 'r4', 'r5'])
b takes action: move(['b', 'r7', 'r4'])
a takes action: stay(['a'])
b takes action: move(['b', 'r4', 'r3'])
a takes action: move(['a', 'r5', 'r4'])
b takes action: move(['b', 'r3', 'r2'])
a takes action: move(['a', 'r4', 'r7'])
b takes action: move(['b', 'r2', 'r1'])
Steps: 16
Time cost: 0.442399s
2025-10-24 15:17:00,187 EXP - __main__.Logger.exp:
a takes action: move(['a', 'r1', 'r2'])
b takes action: move(['b', 'r4', 'r3'])
a takes action: stay(['a'])
b takes action: move(['b', 'r3', 'r4'])
a takes action: move(['a', 'r2', 'r3'])
b takes action: move(['b', 'r4', 'r7'])
a takes action: move(['a', 'r3', 'r4'])
b takes action: stay(['b'])
a takes action: move(['a', 'r4', 'r5'])
b takes action: move(['b', 'r7', 'r4'])
a takes action: stay(['a'])
b takes action: move(['b', 'r4', 'r3'])
a takes action: move(['a', 'r5', 'r4'])
b takes action: move(['b', 'r3', 'r2'])
a takes action: move(['a', 'r4', 'r7'])
b takes action: move(['b', 'r2', 'r1'])
Steps: 16
Time cost: 0.439920s
2025-10-24 15:17:00,630 EXP - __main__.Logger.exp:
a takes action: move(['a', 'r1', 'r2'])
b takes action: move(['b', 'r4', 'r3'])
a takes action: stay(['a'])
b takes action: move(['b', 'r3', 'r4'])
a takes action: move(['a', 'r2', 'r3'])
b takes action: move(['b', 'r4', 'r7'])
a takes action: move(['a', 'r3', 'r4'])
b takes action: stay(['b'])
a takes action: move(['a', 'r4', 'r5'])
b takes action: move(['b', 'r7', 'r4'])
a takes action: stay(['a'])
b takes action: move(['b', 'r4', 'r3'])
a takes action: move(['a', 'r5', 'r4'])
b takes action: move(['b', 'r3', 'r2'])
a takes action: move(['a', 'r4', 'r7'])
b takes action: move(['b', 'r2', 'r1'])
Steps: 16
Time cost: 0.441808s
2025-10-24 15:17:01,072 EXP - __main__.Logger.exp:
a takes action: move(['a', 'r1', 'r2'])
b takes action: move(['b', 'r4', 'r3'])
a takes action: stay(['a'])
b takes action: move(['b', 'r3', 'r4'])
a takes action: move(['a', 'r2', 'r3'])
b takes action: move(['b', 'r4', 'r7'])
a takes action: move(['a', 'r3', 'r4'])
b takes action: stay(['b'])
a takes action: move(['a', 'r4', 'r5'])
b takes action: move(['b', 'r7', 'r4'])
a takes action: stay(['a'])
b takes action: move(['b', 'r4', 'r3'])
a takes action: move(['a', 'r5', 'r4'])
b takes action: move(['b', 'r3', 'r2'])
a takes action: move(['a', 'r4', 'r7'])
b takes action: move(['b', 'r2', 'r1'])
Steps: 16
Time cost: 0.440816s
2025-10-24 15:17:01,072 EXP - __main__.Logger.exp:
Avg Steps: 16.0
Avg Time: 0.440682s
