2025-10-24 17:19:57,046 EXP - __main__.Logger.exp:
a takes action: move(['a', 'r1', 'r2'])
b takes action: stay(['b'])
a takes action: move(['a', 'r2', 'r3'])
b takes action: stay(['b'])
a takes action: stay(['a'])
b takes action: move(['b', 'r4', 'r5'])
a takes action: move(['a', 'r3', 'r4'])
b takes action: stay(['b'])
a takes action: move(['a', 'r4', 'r7'])
b takes action: move(['b', 'r5', 'r4'])
a takes action: stay(['a'])
b takes action: move(['b', 'r4', 'r3'])
a takes action: stay(['a'])
b takes action: move(['b', 'r3', 'r2'])
a takes action: stay(['a'])
b takes action: move(['b', 'r2', 'r1'])
Steps: 16
Time cost: 1.118676s
2025-10-24 17:20:00,552 EXP - __main__.Logger.exp:
a takes action: stay(['a'])
b takes action: move(['b', 'r4', 'r7'])
a takes action: stay(['a'])
b takes action: stay(['b'])
a takes action: stay(['a'])
b takes action: move(['b', 'r7', 'r4'])
a takes action: move(['a', 'r1', 'r2'])
b takes action: move(['b', 'r4', 'r5'])
a takes action: move(['a', 'r2', 'r3'])
b takes action: move(['b', 'r5', 'r4'])
a takes action: move(['a', 'r3', 'r2'])
b takes action: move(['b', 'r4', 'r7'])
a takes action: move(['a', 'r2', 'r3'])
b takes action: move(['b', 'r7', 'r4'])
a takes action: move(['a', 'r3', 'r2'])
b takes action: move(['b', 'r4', 'r3'])
a takes action: move(['a', 'r2', 'r6'])
b takes action: move(['b', 'r3', 'r2'])
a takes action: stay(['a'])
b takes action: move(['b', 'r2', 'r1'])
a takes action: move(['a', 'r6', 'r2'])
b takes action: stay(['b'])
a takes action: move(['a', 'r2', 'r3'])
b takes action: stay(['b'])
a takes action: move(['a', 'r3', 'r4'])
b takes action: stay(['b'])
a takes action: move(['a', 'r4', 'r7'])
Steps: 27
Time cost: 3.504962s
2025-10-24 17:20:03,365 EXP - __main__.Logger.exp:
a takes action: move(['a', 'r1', 'r2'])
b takes action: move(['b', 'r4', 'r5'])
a takes action: move(['a', 'r2', 'r3'])
b takes action: move(['b', 'r5', 'r4'])
a takes action: stay(['a'])
b takes action: stay(['b'])
a takes action: move(['a', 'r3', 'r2'])
b takes action: stay(['b'])
a takes action: move(['a', 'r2', 'r3'])
b takes action: stay(['b'])
a takes action: move(['a', 'r3', 'r2'])
b takes action: move(['b', 'r4', 'r3'])
a takes action: stay(['a'])
b takes action: stay(['b'])
a takes action: move(['a', 'r2', 'r6'])
b takes action: move(['b', 'r3', 'r2'])
a takes action: stay(['a'])
b takes action: move(['b', 'r2', 'r1'])
a takes action: move(['a', 'r6', 'r2'])
b takes action: stay(['b'])
a takes action: move(['a', 'r2', 'r3'])
b takes action: stay(['b'])
a takes action: move(['a', 'r3', 'r4'])
b takes action: stay(['b'])
a takes action: move(['a', 'r4', 'r7'])
Steps: 25
Time cost: 2.811382s
2025-10-24 17:20:04,133 EXP - __main__.Logger.exp:
a takes action: move(['a', 'r1', 'r2'])
b takes action: move(['b', 'r4', 'r3'])
a takes action: move(['a', 'r2', 'r6'])
b takes action: move(['b', 'r3', 'r2'])
a takes action: stay(['a'])
b takes action: move(['b', 'r2', 'r1'])
a takes action: move(['a', 'r6', 'r2'])
b takes action: stay(['b'])
a takes action: move(['a', 'r2', 'r3'])
b takes action: stay(['b'])
a takes action: move(['a', 'r3', 'r4'])
b takes action: stay(['b'])
a takes action: move(['a', 'r4', 'r7'])
Steps: 13
Time cost: 0.766814s
2025-10-24 17:20:05,148 EXP - __main__.Logger.exp:
a takes action: move(['a', 'r1', 'r2'])
b takes action: stay(['b'])
a takes action: move(['a', 'r2', 'r6'])
b takes action: move(['b', 'r4', 'r3'])
a takes action: stay(['a'])
b takes action: move(['b', 'r3', 'r2'])
a takes action: stay(['a'])
b takes action: move(['b', 'r2', 'r1'])
a takes action: move(['a', 'r6', 'r2'])
b takes action: stay(['b'])
a takes action: move(['a', 'r2', 'r3'])
b takes action: stay(['b'])
a takes action: move(['a', 'r3', 'r4'])
b takes action: stay(['b'])
a takes action: move(['a', 'r4', 'r7'])
Steps: 15
Time cost: 1.012742s
2025-10-24 17:20:05,148 EXP - __main__.Logger.exp:
Avg Steps: 19.2
Avg Time: 1.842915s
