2025-10-23 17:14:29,211 EXP - __main__.Logger.exp:
a takes action: sharing_own_secret(['a', 'as'])
Steps: 1
Time cost: 0.007507s
2025-10-23 17:14:29,219 EXP - __main__.Logger.exp:
a takes action: sharing_own_secret(['a', 'as'])
Steps: 1
Time cost: 0.007306s
2025-10-23 17:14:29,228 EXP - __main__.Logger.exp:
a takes action: sharing_own_secret(['a', 'as'])
Steps: 1
Time cost: 0.007286s
2025-10-23 17:14:29,236 EXP - __main__.Logger.exp:
a takes action: sharing_own_secret(['a', 'as'])
Steps: 1
Time cost: 0.007319s
2025-10-23 17:14:29,245 EXP - __main__.Logger.exp:
a takes action: sharing_own_secret(['a', 'as'])
Steps: 1
Time cost: 0.007350s
2025-10-23 17:14:29,245 EXP - __main__.Logger.exp:
Avg Steps: 1.0
Avg Time: 0.007354s
