2025-10-23 17:14:29,196 EXP - __main__.Logger.exp:
a takes action: sharing_own_secret(['a', 'as'])
Steps: 1
Time cost: 0.007279s
2025-10-23 17:14:29,204 EXP - __main__.Logger.exp:
a takes action: sharing_own_secret(['a', 'as'])
Steps: 1
Time cost: 0.007145s
2025-10-23 17:14:29,212 EXP - __main__.Logger.exp:
a takes action: sharing_own_secret(['a', 'as'])
Steps: 1
Time cost: 0.007248s
2025-10-23 17:14:29,220 EXP - __main__.Logger.exp:
a takes action: sharing_own_secret(['a', 'as'])
Steps: 1
Time cost: 0.007127s
2025-10-23 17:14:29,229 EXP - __main__.Logger.exp:
a takes action: sharing_own_secret(['a', 'as'])
Steps: 1
Time cost: 0.007223s
2025-10-23 17:14:29,229 EXP - __main__.Logger.exp:
Avg Steps: 1.0
Avg Time: 0.007204s
