2025-10-23 17:14:29,042 EXP - __main__.Logger.exp:
a takes action: sharing_own_secret(['a', 'as'])
Steps: 1
Time cost: 0.004235s
2025-10-23 17:14:29,048 EXP - __main__.Logger.exp:
a takes action: sharing_own_secret(['a', 'as'])
Steps: 1
Time cost: 0.004183s
2025-10-23 17:14:29,053 EXP - __main__.Logger.exp:
a takes action: sharing_own_secret(['a', 'as'])
Steps: 1
Time cost: 0.004123s
2025-10-23 17:14:29,058 EXP - __main__.Logger.exp:
a takes action: sharing_own_secret(['a', 'as'])
Steps: 1
Time cost: 0.004150s
2025-10-23 17:14:29,063 EXP - __main__.Logger.exp:
a takes action: sharing_own_secret(['a', 'as'])
Steps: 1
Time cost: 0.004210s
2025-10-23 17:14:29,063 EXP - __main__.Logger.exp:
Avg Steps: 1.0
Avg Time: 0.004180s
