2025-11-01 14:11:53,763 EXP - __main__.Logger.exp:
a takes action: sharing_own_secret(['a', 'as'])
b takes action: sharing_stay(['b'])
a takes action: quiet(['a', 'as'])
b takes action: lying_own_secret(['b', 'bs'])
a takes action: sharing_stay(['a'])
b takes action: quiet(['b', 'bs'])
a takes action: normal_stay(['a'])
b takes action: stay(['b'])
a takes action: move_right(['a'])
b takes action: stay(['b'])
a takes action: lying_own_secret(['a', 'as'])
b takes action: sharing_stay(['b'])
a takes action: quiet(['a', 'as'])
b takes action: stay(['b'])
a takes action: move_left(['a'])
b takes action: stay(['b'])
a takes action: stay(['a'])
b takes action: stay(['b'])
a takes action: stay(['a'])
b takes action: stay(['b'])
a takes action: stay(['a'])
b takes action: stay(['b'])
a takes action: stay(['a'])
b takes action: stay(['b'])
a takes action: stay(['a'])
b takes action: stay(['b'])
a takes action: stay(['a'])
b takes action: stay(['b'])
a takes action: stay(['a'])
b takes action: stay(['b'])
a takes action: stay(['a'])
b takes action: stay(['b'])
a takes action: stay(['a'])
b takes action: stay(['b'])
a takes action: stay(['a'])
b takes action: stay(['b'])
a takes action: stay(['a'])
b takes action: stay(['b'])
a takes action: stay(['a'])
b takes action: stay(['b'])
a takes action: stay(['a'])
b takes action: stay(['b'])
a takes action: stay(['a'])
b takes action: stay(['b'])
a takes action: stay(['a'])
b takes action: stay(['b'])
a takes action: stay(['a'])
b takes action: stay(['b'])
a takes action: stay(['a'])
b takes action: stay(['b'])
a takes action: stay(['a'])
b takes action: stay(['b'])
a takes action: stay(['a'])
b takes action: stay(['b'])
a takes action: stay(['a'])
b takes action: stay(['b'])
a takes action: stay(['a'])
b takes action: stay(['b'])
a takes action: stay(['a'])
b takes action: stay(['b'])
a takes action: stay(['a'])
b takes action: stay(['b'])
a takes action: stay(['a'])
b takes action: stay(['b'])
a takes action: stay(['a'])
b takes action: stay(['b'])
a takes action: stay(['a'])
b takes action: stay(['b'])
a takes action: stay(['a'])
b takes action: stay(['b'])
a takes action: stay(['a'])
b takes action: stay(['b'])
a takes action: stay(['a'])
b takes action: stay(['b'])
a takes action: stay(['a'])
b takes action: stay(['b'])
a takes action: stay(['a'])
b takes action: stay(['b'])
a takes action: stay(['a'])
b takes action: stay(['b'])
a takes action: stay(['a'])
b takes action: stay(['b'])
a takes action: stay(['a'])
b takes action: stay(['b'])
a takes action: stay(['a'])
b takes action: stay(['b'])
a takes action: stay(['a'])
b takes action: stay(['b'])
a takes action: stay(['a'])
b takes action: stay(['b'])
a takes action: stay(['a'])
b takes action: stay(['b'])
a takes action: stay(['a'])
b takes action: stay(['b'])
a takes action: stay(['a'])
b takes action: stay(['b'])
a takes action: stay(['a'])
b takes action: stay(['b'])
a takes action: stay(['a'])
b takes action: stay(['b'])

