2025-10-20 22:06:09,292 EXP - __main__.Logger.exp:
a takes action: stay(['a'])
b takes action: stay(['b'])
c takes action: move_right_without_item(['c'])
d takes action: move_right_without_item(['d'])
a takes action: pick_up(['a', 'o1'])
b takes action: pick_up(['b', 'o2'])
Steps: 6
Time cost: 3.382584s
2025-10-20 22:06:12,673 EXP - __main__.Logger.exp:
a takes action: stay(['a'])
b takes action: stay(['b'])
c takes action: move_right_without_item(['c'])
d takes action: move_right_without_item(['d'])
a takes action: pick_up(['a', 'o1'])
b takes action: pick_up(['b', 'o2'])
Steps: 6
Time cost: 3.380641s
2025-10-20 22:06:16,057 EXP - __main__.Logger.exp:
a takes action: stay(['a'])
b takes action: stay(['b'])
c takes action: move_right_without_item(['c'])
d takes action: move_right_without_item(['d'])
a takes action: pick_up(['a', 'o1'])
b takes action: pick_up(['b', 'o2'])
Steps: 6
Time cost: 3.382618s
2025-10-20 22:06:19,441 EXP - __main__.Logger.exp:
a takes action: stay(['a'])
b takes action: stay(['b'])
c takes action: move_right_without_item(['c'])
d takes action: move_right_without_item(['d'])
a takes action: pick_up(['a', 'o1'])
b takes action: pick_up(['b', 'o2'])
Steps: 6
Time cost: 3.383540s
2025-10-20 22:06:22,812 EXP - __main__.Logger.exp:
a takes action: stay(['a'])
b takes action: stay(['b'])
c takes action: move_right_without_item(['c'])
d takes action: move_right_without_item(['d'])
a takes action: pick_up(['a', 'o1'])
b takes action: pick_up(['b', 'o2'])
Steps: 6
Time cost: 3.369534s
2025-10-20 22:06:22,812 EXP - __main__.Logger.exp:
Avg Steps: 6.0
Avg Time: 3.379783s
