2025-11-01 14:13:49,555 EXP - __main__.Logger.exp:
a takes action: lying_own_secret(['a', 'as'])
b takes action: sharing_stay(['b'])
c takes action: sharing_stay(['c'])
d takes action: sharing_stay(['d'])
a takes action: quiet(['a', 'as'])
b takes action: normal_stay(['b'])
c takes action: normal_stay(['c'])
d takes action: stay(['d'])
a takes action: move_right(['a'])
b takes action: move_right(['b'])
c takes action: move_right(['c'])
d takes action: stay(['d'])
a takes action: move_left(['a'])
b takes action: move_left(['b'])
c takes action: move_left(['c'])
d takes action: stay(['d'])
a takes action: move_right(['a'])
b takes action: move_right(['b'])
c takes action: move_right(['c'])
d takes action: stay(['d'])
a takes action: move_left(['a'])
b takes action: move_left(['b'])
c takes action: move_left(['c'])
d takes action: stay(['d'])
a takes action: move_right(['a'])
b takes action: move_right(['b'])
c takes action: move_right(['c'])
d takes action: stay(['d'])
a takes action: move_left(['a'])
b takes action: move_left(['b'])
c takes action: move_left(['c'])
d takes action: stay(['d'])
a takes action: move_right(['a'])
b takes action: move_right(['b'])
c takes action: move_right(['c'])
d takes action: stay(['d'])
a takes action: move_left(['a'])
b takes action: move_left(['b'])
c takes action: move_left(['c'])
d takes action: stay(['d'])
a takes action: move_right(['a'])
b takes action: move_right(['b'])
c takes action: move_right(['c'])
d takes action: stay(['d'])
a takes action: move_left(['a'])
b takes action: move_left(['b'])
c takes action: move_left(['c'])
d takes action: stay(['d'])
a takes action: move_right(['a'])
b takes action: move_right(['b'])
c takes action: move_right(['c'])
d takes action: stay(['d'])
a takes action: move_left(['a'])
b takes action: move_left(['b'])
c takes action: move_left(['c'])
d takes action: stay(['d'])
a takes action: move_right(['a'])
b takes action: move_right(['b'])
c takes action: move_right(['c'])
d takes action: stay(['d'])
a takes action: move_left(['a'])
b takes action: move_left(['b'])
c takes action: move_left(['c'])
d takes action: stay(['d'])
a takes action: move_right(['a'])
b takes action: move_right(['b'])
c takes action: move_right(['c'])
d takes action: stay(['d'])
a takes action: move_left(['a'])
b takes action: move_left(['b'])
c takes action: move_left(['c'])
d takes action: stay(['d'])
a takes action: move_right(['a'])
b takes action: move_right(['b'])
c takes action: move_right(['c'])
d takes action: stay(['d'])
a takes action: move_left(['a'])
b takes action: move_left(['b'])
c takes action: move_left(['c'])
d takes action: stay(['d'])
a takes action: move_right(['a'])
b takes action: move_right(['b'])
c takes action: move_right(['c'])
d takes action: stay(['d'])
a takes action: move_left(['a'])
b takes action: move_left(['b'])
c takes action: move_left(['c'])
d takes action: stay(['d'])
a takes action: move_right(['a'])
b takes action: move_right(['b'])
c takes action: move_right(['c'])
d takes action: stay(['d'])
a takes action: move_left(['a'])
b takes action: move_left(['b'])
c takes action: move_left(['c'])
d takes action: stay(['d'])
a takes action: move_right(['a'])
b takes action: move_right(['b'])
c takes action: move_right(['c'])
d takes action: stay(['d'])

