2025-10-27 17:22:47,596 INFO - __main__._.<module>:
Start building the model, type: "True"
2025-10-27 17:22:47,597 INFO - __main__._.build:
Start building the model, type: "True"
2025-10-27 17:22:47,597 INFO - __main__.DomainParser.run:
Domain "models/grapevine/domain.pddl" start initialization.
2025-10-27 17:22:47,597 INFO - __main__.DomainParser.run:
Domain Parser found "models/grapevine/domain.pddl"
2025-10-27 17:22:47,597 INFO - __main__.DomainParser.run:
Complete file reading.
2025-10-27 17:22:47,597 INFO - __main__.DomainParser.run:
Domain name found
2025-10-27 17:22:47,597 INFO - __main__.DomainParser.run:
Domain type found
2025-10-27 17:22:47,597 INFO - __main__.DomainParser.run:
Domain functions found
2025-10-27 17:22:47,598 INFO - __main__.DomainParser.run:
Domain actions found
2025-10-27 17:22:47,598 DEBUG - __main__.DomainParser.run:
Parsed Domain Result:
================= Domain "(grapevine)" Parsing Result ================
Domain types: ['secret', 'agent']
=================
Domain functions:
Function(name:agent_loc, parameters:{'agent': ['?a']}). 
Function(name:secret_id, parameters:{'secret': ['?s']}). 
Function(name:agent_id, parameters:{'agent': ['?a']}). 
Function(name:shared_value, parameters:{'secret': ['?s']}). 
Function(name:shared_loc, parameters:{'secret': ['?s']}). 
Function(name:own, parameters:{'secret': ['?s']}). 
Function(name:sharing_lock, parameters:{}). 
Function(name:agent_sharing, parameters:{'agent': ['?a']}). 
=================
Domain actions:
-----------------
Action:
Name: move_right
Parameters:
    agent : ['?self']
Preconditions:
1: Condition(Variable(sharing_lock: []) = 0)
2: Condition(Variable(agent_sharing: ['?self']) = none)
3: Condition(Variable(agent_loc: ['?self']) = 1)
Effects:
1: Effect('assign' Variable(agent_loc: ['?self']) 2)

-----------------
Action:
Name: move_left
Parameters:
    agent : ['?self']
Preconditions:
1: Condition(Variable(sharing_lock: []) = 0)
2: Condition(Variable(agent_sharing: ['?self']) = none)
3: Condition(Variable(agent_loc: ['?self']) = 2)
Effects:
1: Effect('assign' Variable(agent_loc: ['?self']) 1)

-----------------
Action:
Name: quiet
Parameters:
    agent : ['?self']
    secret : ['?s']
Preconditions:
1: Condition(Variable(sharing_lock: []) = 1)
2: Condition(Variable(agent_sharing: ['?self']) = Variable(secret_id: ['?s']))
3: Condition(Variable(shared_loc: ['?s']) != 0)
Effects:
1: Effect('assign' Variable(sharing_lock: []) 0)
2: Effect('assign' Variable(agent_sharing: ['?self']) none)
3: Effect('assign' Variable(shared_loc: ['?s']) 0)
4: Effect('assign' Variable(shared_value: ['?s']) t)

-----------------
Action:
Name: sharing_stay
Parameters:
    agent : ['?self']
Preconditions:
1: Condition(Variable(sharing_lock: []) = 1)
2: Condition(Variable(agent_sharing: ['?self']) = none)
Effects:
1: Effect('assign' Variable(sharing_lock: []) 1)

-----------------
Action:
Name: normal_stay
Parameters:
    agent : ['?self']
Preconditions:
1: Condition(Variable(sharing_lock: []) = 0)
Effects:
1: Effect('assign' Variable(sharing_lock: []) 0)

-----------------
Action:
Name: sharing_own_secret
Parameters:
    agent : ['?self']
    secret : ['?s']
Preconditions:
1: Condition(Variable(sharing_lock: []) = 0)
2: Condition(Variable(own: ['?s']) = Variable(agent_id: ['?self']))
3: Condition(Variable(agent_sharing: ['?self']) = none)
Effects:
1: Effect('assign' Variable(sharing_lock: []) 1)
2: Effect(effect_operator:'assign' Variable(agent_sharing: ['?self']) Variable(secret_id: ['?s']))
3: Effect(effect_operator:'assign' Variable(shared_loc: ['?s']) Variable(agent_loc: ['?self']))
4: Effect('assign' Variable(shared_value: ['?s']) t)

-----------------
Action:
Name: lying_own_secret
Parameters:
    agent : ['?self']
    secret : ['?s']
Preconditions:
1: Condition(Variable(sharing_lock: []) = 0)
2: Condition(Variable(own: ['?s']) = Variable(agent_id: ['?self']))
3: Condition(Variable(agent_sharing: ['?self']) = none)
Effects:
1: Effect('assign' Variable(sharing_lock: []) 1)
2: Effect(effect_operator:'assign' Variable(agent_sharing: ['?self']) Variable(secret_id: ['?s']))
3: Effect(effect_operator:'assign' Variable(shared_loc: ['?s']) Variable(agent_loc: ['?self']))
4: Effect('assign' Variable(shared_value: ['?s']) f)

-----------------
Action:
Name: sharing_others_secret
Parameters:
    agent : ['?self']
    secret : ['?s']
Preconditions:
1: Condition(Variable(sharing_lock: []) = 0)
2: Condition(Variable(own: ['?s']) != Variable(agent_id: ['?self']))
3: Condition(Variable(agent_sharing: ['?self']) = none)
4: EpistemicCondition(Belief sequence: ['?self'], epistemic truth: "!= unknown", Condition(Variable(shared_value: ['?s'])  ))
Effects:
1: Effect('assign' Variable(sharing_lock: []) 1)
2: Effect(effect_operator:'assign' Variable(agent_sharing: ['?self']) Variable(secret_id: ['?s']))
3: Effect(effect_operator:'assign' Variable(shared_loc: ['?s']) Variable(agent_loc: ['?self']))
4: Effect(effect_operator:'assign' Variable(shared_value: ['?s']) Variable(shared_value: ['?s']))


2025-10-27 17:22:47,598 INFO - __main__.ProblemParser.run:
Problem "models/grapevine/4a1s3" start initialization.
2025-10-27 17:22:47,598 INFO - __main__.ProblemParser.get_files:
Problem folder found "models/grapevine/4a1s3"
2025-10-27 17:22:47,598 INFO - __main__.ProblemParser.run:
Found 4 agent files:
"models/grapevine/4a1s3/b.agtpddl"
"models/grapevine/4a1s3/a.agtpddl"
"models/grapevine/4a1s3/c.agtpddl"
"models/grapevine/4a1s3/d.agtpddl"
2025-10-27 17:22:47,598 INFO - __main__.ProblemParser.run:
Found init file: "models/grapevine/4a1s3/init.envpddl"
2025-10-27 17:22:47,599 INFO - __main__.ProblemParser.run:
Complete reading environment file.
2025-10-27 17:22:47,599 INFO - __main__.ProblemParser.run:
Copmlete reading agent file "models/grapevine/4a1s3/b.agtpddl"
2025-10-27 17:22:47,600 INFO - __main__.ProblemParser.run:
Copmlete reading agent file "models/grapevine/4a1s3/a.agtpddl"
2025-10-27 17:22:47,600 INFO - __main__.ProblemParser.run:
Copmlete reading agent file "models/grapevine/4a1s3/c.agtpddl"
2025-10-27 17:22:47,601 INFO - __main__.ProblemParser.run:
Copmlete reading agent file "models/grapevine/4a1s3/d.agtpddl"
2025-10-27 17:22:47,601 INFO - __main__.ProblemParser.run:
Problem domain name "grapevine" found
Problem name "4a1s3" found
2025-10-27 17:22:47,601 INFO - __main__.ProblemParser.run:
Problem agents found
2025-10-27 17:22:47,601 INFO - __main__.ProblemParser.run:
Problem objects found
2025-10-27 17:22:47,601 INFO - __main__.ProblemParser.run:
Problem ranges found
2025-10-27 17:22:47,602 INFO - __main__.ProblemParser.run:
Problem initial states found
2025-10-27 17:22:47,602 INFO - __main__.ProblemParser.run:
Problem goals found
2025-10-27 17:22:47,602 INFO - __main__.ProblemParser.run:
Problem acceptable goal set found
2025-10-27 17:22:47,602 INFO - __main__.ProblemParser.run:
Problem max belief depth found
2025-10-27 17:22:47,602 DEBUG - __main__.ProblemParser.run:
Parsed Problem Result:
============ Problem "(grapevine : 4a1s3)" Parsing Result ===========
Agents: ['a', 'b', 'c', 'd']
=================
Objects:
secret: ['as']
=================
States:
State(variable: Variable(agent_loc: ['a']), value: 1, target_variable: Variable(None: []))
State(variable: Variable(agent_loc: ['b']), value: 1, target_variable: Variable(None: []))
State(variable: Variable(agent_loc: ['c']), value: 1, target_variable: Variable(None: []))
State(variable: Variable(agent_loc: ['d']), value: 1, target_variable: Variable(None: []))
State(variable: Variable(secret_id: ['as']), value: as, target_variable: Variable(None: []))
State(variable: Variable(agent_id: ['a']), value: a, target_variable: Variable(None: []))
State(variable: Variable(agent_id: ['b']), value: b, target_variable: Variable(None: []))
State(variable: Variable(agent_id: ['c']), value: c, target_variable: Variable(None: []))
State(variable: Variable(agent_id: ['d']), value: d, target_variable: Variable(None: []))
State(variable: Variable(shared_value: ['as']), value: t, target_variable: Variable(None: []))
State(variable: Variable(shared_loc: ['as']), value: 0, target_variable: Variable(None: []))
State(variable: Variable(own: ['as']), value: a, target_variable: Variable(None: []))
State(variable: Variable(sharing_lock: []), value: 0, target_variable: Variable(None: []))
State(variable: Variable(agent_sharing: ['a']), value: none, target_variable: Variable(None: []))
State(variable: Variable(agent_sharing: ['b']), value: none, target_variable: Variable(None: []))
State(variable: Variable(agent_sharing: ['c']), value: none, target_variable: Variable(None: []))
State(variable: Variable(agent_sharing: ['d']), value: none, target_variable: Variable(None: []))
=================
Goals:
-----------------
a:
EpistemicCondition(Belief sequence: ['a'], epistemic truth: "= true", Condition(Variable(shared_value: ['as']) = t))
EpistemicCondition(Belief sequence: ['a', 'b'], epistemic truth: "= true", Condition(Variable(shared_value: ['as']) = f))
-----------------
b:
EpistemicCondition(Belief sequence: ['b'], epistemic truth: "= true", Condition(Variable(shared_value: ['as']) = t))
-----------------
c:
EpistemicCondition(Belief sequence: ['c'], epistemic truth: "= true", Condition(Variable(shared_value: ['as']) = t))
-----------------
d:
EpistemicCondition(Belief sequence: ['d'], epistemic truth: "= true", Condition(Variable(shared_value: ['as']) = f))
=================
Ranges:
Range(function_name: agent_loc, type: integer, min: 1, max: 2)
Range(function_name: secret_id, type: enumerate, enumerates: ['as'])
Range(function_name: agent_id, type: enumerate, enumerates: ['a', 'b', 'c', 'd'])
Range(function_name: own, type: enumerate, enumerates: ['a'])
Range(function_name: sharing_lock, type: integer, min: 0, max: 1)
Range(function_name: agent_sharing, type: enumerate, enumerates: ['none', 'as'])
Range(function_name: shared_value, type: enumerate, enumerates: ['t', 'f'])
Range(function_name: shared_loc, type: integer, min: 0, max: 2)

2025-10-27 17:22:47,602 INFO - __main__.ModelChecker.check_validity:
checking the validity...
2025-10-27 17:22:47,602 DEBUG - __main__.ModelChecker.check_validity:
Valid names: ['a', 'b', 'c', 'd', 'as', 'unknown', 'agent_loc', 'secret_id', 'agent_id', 'shared_value', 'shared_loc', 'own', 'sharing_lock', 'agent_sharing']
2025-10-27 17:22:47,602 DEBUG - __main__.ModelChecker.check_validity:
Checking the states
2025-10-27 17:22:47,602 DEBUG - __main__.ModelChecker.check_validity:
Checking the goals
2025-10-27 17:22:47,602 DEBUG - __main__.ModelChecker.check_validity:
Checking the ranges
2025-10-27 17:22:47,602 DEBUG - __main__.ModelChecker.check_validity:
Checking the actions
2025-10-27 17:22:47,602 INFO - __main__.ModelChecker.check_validity:
The domain and problem pass the checker.
2025-10-27 17:22:47,602 INFO - __main__.ModelChecker.check_validity:
checking the validity...
2025-10-27 17:22:47,602 DEBUG - __main__.ModelChecker.check_validity:
Valid names: ['a', 'b', 'c', 'd', 'as', 'unknown', 'agent_loc', 'secret_id', 'agent_id', 'shared_value', 'shared_loc', 'own', 'sharing_lock', 'agent_sharing']
2025-10-27 17:22:47,602 DEBUG - __main__.ModelChecker.check_validity:
Checking the states
2025-10-27 17:22:47,602 DEBUG - __main__.ModelChecker.check_validity:
Checking the goals
2025-10-27 17:22:47,602 DEBUG - __main__.ModelChecker.check_validity:
Checking the ranges
2025-10-27 17:22:47,602 DEBUG - __main__.ModelChecker.check_validity:
Checking the actions
2025-10-27 17:22:47,602 INFO - __main__.ModelChecker.check_validity:
The domain and problem pass the checker.
2025-10-27 17:22:47,603 INFO - __main__._.load_observation_function:
Loaded observation function GrapevineObsFunc to agent a
2025-10-27 17:22:47,603 INFO - __main__._.load_observation_function:
Loaded observation function GrapevineObsFunc to agent b
2025-10-27 17:22:47,603 INFO - __main__._.load_observation_function:
Loaded observation function GrapevineObsFunc to agent c
2025-10-27 17:22:47,603 INFO - __main__._.load_observation_function:
Loaded observation function GrapevineObsFunc to agent d
2025-10-27 17:22:47,604 INFO - __main__._.load_policy_strategy:
Loaded strategy class ShareGoalBFS for agent a
2025-10-27 17:22:47,604 INFO - __main__._.load_policy_strategy:
Loaded strategy class ShareGoalBFS for agent b
2025-10-27 17:22:47,604 INFO - __main__._.load_policy_strategy:
Loaded strategy class ShareGoalBFS for agent c
2025-10-27 17:22:47,604 INFO - __main__._.load_policy_strategy:
Loaded strategy class ShareGoalBFS for agent d
2025-10-27 17:22:47,604 INFO - __main__.Model.init:
Loaded problem type: "SHARE"
2025-10-27 17:22:47,605 DEBUG - __main__._.build_model:
Model:
================= Model Result================
Domain name: grapevine
Problem name: 4a1s3
Problem type: "SHARE"
=================
Function agent_loc:
Parameters ['a']:
Value 1: Function([id:1, header_id:1]  agent_loc {'?a': 'a'} = 1)
Value 2: Function([id:2, header_id:1]  agent_loc {'?a': 'a'} = 2)
Parameters ['b']:
Value 1: Function([id:3, header_id:2]  agent_loc {'?a': 'b'} = 1)
Value 2: Function([id:4, header_id:2]  agent_loc {'?a': 'b'} = 2)
Parameters ['c']:
Value 1: Function([id:5, header_id:3]  agent_loc {'?a': 'c'} = 1)
Value 2: Function([id:6, header_id:3]  agent_loc {'?a': 'c'} = 2)
Parameters ['d']:
Value 1: Function([id:7, header_id:4]  agent_loc {'?a': 'd'} = 1)
Value 2: Function([id:8, header_id:4]  agent_loc {'?a': 'd'} = 2)
Function secret_id:
Parameters ['as']:
Value as: Function([id:9, header_id:5]  secret_id {'?s': 'as'} = as)
Function agent_id:
Parameters ['a']:
Value a: Function([id:10, header_id:6]  agent_id {'?a': 'a'} = a)
Value b: Function([id:11, header_id:6]  agent_id {'?a': 'a'} = b)
Value c: Function([id:12, header_id:6]  agent_id {'?a': 'a'} = c)
Value d: Function([id:13, header_id:6]  agent_id {'?a': 'a'} = d)
Parameters ['b']:
Value a: Function([id:14, header_id:7]  agent_id {'?a': 'b'} = a)
Value b: Function([id:15, header_id:7]  agent_id {'?a': 'b'} = b)
Value c: Function([id:16, header_id:7]  agent_id {'?a': 'b'} = c)
Value d: Function([id:17, header_id:7]  agent_id {'?a': 'b'} = d)
Parameters ['c']:
Value a: Function([id:18, header_id:8]  agent_id {'?a': 'c'} = a)
Value b: Function([id:19, header_id:8]  agent_id {'?a': 'c'} = b)
Value c: Function([id:20, header_id:8]  agent_id {'?a': 'c'} = c)
Value d: Function([id:21, header_id:8]  agent_id {'?a': 'c'} = d)
Parameters ['d']:
Value a: Function([id:22, header_id:9]  agent_id {'?a': 'd'} = a)
Value b: Function([id:23, header_id:9]  agent_id {'?a': 'd'} = b)
Value c: Function([id:24, header_id:9]  agent_id {'?a': 'd'} = c)
Value d: Function([id:25, header_id:9]  agent_id {'?a': 'd'} = d)
Function shared_value:
Parameters ['as']:
Value t: Function([id:26, header_id:10]  shared_value {'?s': 'as'} = t)
Value f: Function([id:27, header_id:10]  shared_value {'?s': 'as'} = f)
Function shared_loc:
Parameters ['as']:
Value 0: Function([id:28, header_id:11]  shared_loc {'?s': 'as'} = 0)
Value 1: Function([id:29, header_id:11]  shared_loc {'?s': 'as'} = 1)
Value 2: Function([id:30, header_id:11]  shared_loc {'?s': 'as'} = 2)
Function own:
Parameters ['as']:
Value a: Function([id:31, header_id:12]  own {'?s': 'as'} = a)
Function sharing_lock:
Parameters []:
Value 0: Function([id:32, header_id:13]  sharing_lock {} = 0)
Value 1: Function([id:33, header_id:13]  sharing_lock {} = 1)
Function agent_sharing:
Parameters ['a']:
Value none: Function([id:34, header_id:14]  agent_sharing {'?a': 'a'} = none)
Value as: Function([id:35, header_id:14]  agent_sharing {'?a': 'a'} = as)
Parameters ['b']:
Value none: Function([id:36, header_id:15]  agent_sharing {'?a': 'b'} = none)
Value as: Function([id:37, header_id:15]  agent_sharing {'?a': 'b'} = as)
Parameters ['c']:
Value none: Function([id:38, header_id:16]  agent_sharing {'?a': 'c'} = none)
Value as: Function([id:39, header_id:16]  agent_sharing {'?a': 'c'} = as)
Parameters ['d']:
Value none: Function([id:40, header_id:17]  agent_sharing {'?a': 'd'} = none)
Value as: Function([id:41, header_id:17]  agent_sharing {'?a': 'd'} = as)

=================
Entity(a - agent)
Entity(b - agent)
Entity(c - agent)
Entity(d - agent)
Entity(as - secret)
=================
FunctionSchema(name: agent_loc, range: (1, 2), type: integer, require_parameters: {'?a': 'agent'})
FunctionSchema(name: secret_id, range: ['as'], type: enumerate, require_parameters: {'?s': 'secret'})
FunctionSchema(name: agent_id, range: ['a', 'b', 'c', 'd'], type: enumerate, require_parameters: {'?a': 'agent'})
FunctionSchema(name: shared_value, range: ['t', 'f'], type: enumerate, require_parameters: {'?s': 'secret'})
FunctionSchema(name: shared_loc, range: (0, 2), type: integer, require_parameters: {'?s': 'secret'})
FunctionSchema(name: own, range: ['a'], type: enumerate, require_parameters: {'?s': 'secret'})
FunctionSchema(name: sharing_lock, range: (0, 1), type: integer, require_parameters: {})
FunctionSchema(name: agent_sharing, range: ['none', 'as'], type: enumerate, require_parameters: {'?a': 'agent'})
=================
-----------------
Action Schema: move_right
Parameters: {'?self': 'agent'}
Precondition Schemas:
ConditionSchema(("EP_NONE" [] "EP_NONE") "EQUAL" (sharing_lock {}) = 0)
ConditionSchema(("EP_NONE" [] "EP_NONE") "EQUAL" (agent_sharing {'?self': 'agent'}) = none)
ConditionSchema(("EP_NONE" [] "EP_NONE") "EQUAL" (agent_loc {'?self': 'agent'}) = 1)
Effect Schemas:
EffectSchema("ASSIGN" (agent_loc {'?self': 'agent'}) = 2)

-----------------
Action Schema: move_left
Parameters: {'?self': 'agent'}
Precondition Schemas:
ConditionSchema(("EP_NONE" [] "EP_NONE") "EQUAL" (sharing_lock {}) = 0)
ConditionSchema(("EP_NONE" [] "EP_NONE") "EQUAL" (agent_sharing {'?self': 'agent'}) = none)
ConditionSchema(("EP_NONE" [] "EP_NONE") "EQUAL" (agent_loc {'?self': 'agent'}) = 2)
Effect Schemas:
EffectSchema("ASSIGN" (agent_loc {'?self': 'agent'}) = 1)

-----------------
Action Schema: quiet
Parameters: {'?self': 'agent', '?s': 'secret'}
Precondition Schemas:
ConditionSchema(("EP_NONE" [] "EP_NONE") "EQUAL" (sharing_lock {}) = 1)
ConditionSchema(("EP_NONE" [] "EP_NONE") "EQUAL" (agent_sharing {'?self': 'agent'}) = (secret_id {'?s': 'secret'}))
ConditionSchema(("EP_NONE" [] "EP_NONE") "NOT_EQUAL" (shared_loc {'?s': 'secret'}) = 0)
Effect Schemas:
EffectSchema("ASSIGN" (sharing_lock {}) = 0)
EffectSchema("ASSIGN" (agent_sharing {'?self': 'agent'}) = none)
EffectSchema("ASSIGN" (shared_loc {'?s': 'secret'}) = 0)
EffectSchema("ASSIGN" (shared_value {'?s': 'secret'}) = t)

-----------------
Action Schema: sharing_stay
Parameters: {'?self': 'agent'}
Precondition Schemas:
ConditionSchema(("EP_NONE" [] "EP_NONE") "EQUAL" (sharing_lock {}) = 1)
ConditionSchema(("EP_NONE" [] "EP_NONE") "EQUAL" (agent_sharing {'?self': 'agent'}) = none)
Effect Schemas:
EffectSchema("ASSIGN" (sharing_lock {}) = 1)

-----------------
Action Schema: normal_stay
Parameters: {'?self': 'agent'}
Precondition Schemas:
ConditionSchema(("EP_NONE" [] "EP_NONE") "EQUAL" (sharing_lock {}) = 0)
Effect Schemas:
EffectSchema("ASSIGN" (sharing_lock {}) = 0)

-----------------
Action Schema: sharing_own_secret
Parameters: {'?self': 'agent', '?s': 'secret'}
Precondition Schemas:
ConditionSchema(("EP_NONE" [] "EP_NONE") "EQUAL" (sharing_lock {}) = 0)
ConditionSchema(("EP_NONE" [] "EP_NONE") "EQUAL" (own {'?s': 'secret'}) = (agent_id {'?self': 'agent'}))
ConditionSchema(("EP_NONE" [] "EP_NONE") "EQUAL" (agent_sharing {'?self': 'agent'}) = none)
Effect Schemas:
EffectSchema("ASSIGN" (sharing_lock {}) = 1)
EffectSchema("ASSIGN" (agent_sharing {'?self': 'agent'}) = (secret_id {'?s': 'secret'}))
EffectSchema("ASSIGN" (shared_loc {'?s': 'secret'}) = (agent_loc {'?self': 'agent'}))
EffectSchema("ASSIGN" (shared_value {'?s': 'secret'}) = t)

-----------------
Action Schema: lying_own_secret
Parameters: {'?self': 'agent', '?s': 'secret'}
Precondition Schemas:
ConditionSchema(("EP_NONE" [] "EP_NONE") "EQUAL" (sharing_lock {}) = 0)
ConditionSchema(("EP_NONE" [] "EP_NONE") "EQUAL" (own {'?s': 'secret'}) = (agent_id {'?self': 'agent'}))
ConditionSchema(("EP_NONE" [] "EP_NONE") "EQUAL" (agent_sharing {'?self': 'agent'}) = none)
Effect Schemas:
EffectSchema("ASSIGN" (sharing_lock {}) = 1)
EffectSchema("ASSIGN" (agent_sharing {'?self': 'agent'}) = (secret_id {'?s': 'secret'}))
EffectSchema("ASSIGN" (shared_loc {'?s': 'secret'}) = (agent_loc {'?self': 'agent'}))
EffectSchema("ASSIGN" (shared_value {'?s': 'secret'}) = f)

-----------------
Action Schema: sharing_others_secret
Parameters: {'?self': 'agent', '?s': 'secret'}
Precondition Schemas:
ConditionSchema(("EP_NONE" [] "EP_NONE") "EQUAL" (sharing_lock {}) = 0)
ConditionSchema(("EP_NONE" [] "EP_NONE") "NOT_EQUAL" (own {'?s': 'secret'}) = (agent_id {'?self': 'agent'}))
ConditionSchema(("EP_NONE" [] "EP_NONE") "EQUAL" (agent_sharing {'?self': 'agent'}) = none)
ConditionSchema(("EP_NOT_EQUAL" ['?self'] "EP_UNKNOWN") "NONE" (shared_value {'?s': 'secret'}) = )
Effect Schemas:
EffectSchema("ASSIGN" (sharing_lock {}) = 1)
EffectSchema("ASSIGN" (agent_sharing {'?self': 'agent'}) = (secret_id {'?s': 'secret'}))
EffectSchema("ASSIGN" (shared_loc {'?s': 'secret'}) = (agent_loc {'?self': 'agent'}))
EffectSchema("ASSIGN" (shared_value {'?s': 'secret'}) = (['?self'] shared_value {'?s': 'secret'}))

=================
Function([id:1, header_id:1]  agent_loc {'?a': 'a'} = 1)
Function([id:3, header_id:2]  agent_loc {'?a': 'b'} = 1)
Function([id:5, header_id:3]  agent_loc {'?a': 'c'} = 1)
Function([id:7, header_id:4]  agent_loc {'?a': 'd'} = 1)
Function([id:9, header_id:5]  secret_id {'?s': 'as'} = as)
Function([id:10, header_id:6]  agent_id {'?a': 'a'} = a)
Function([id:15, header_id:7]  agent_id {'?a': 'b'} = b)
Function([id:20, header_id:8]  agent_id {'?a': 'c'} = c)
Function([id:25, header_id:9]  agent_id {'?a': 'd'} = d)
Function([id:26, header_id:10]  shared_value {'?s': 'as'} = t)
Function([id:28, header_id:11]  shared_loc {'?s': 'as'} = 0)
Function([id:31, header_id:12]  own {'?s': 'as'} = a)
Function([id:32, header_id:13]  sharing_lock {} = 0)
Function([id:34, header_id:14]  agent_sharing {'?a': 'a'} = none)
Function([id:36, header_id:15]  agent_sharing {'?a': 'b'} = none)
Function([id:38, header_id:16]  agent_sharing {'?a': 'c'} = none)
Function([id:40, header_id:17]  agent_sharing {'?a': 'd'} = none)
=================
Agent: a
Max move time: inf
Goal completed: 'False'
Consider goal: 'False'
Consider exp: 'False'
Own Goals:
Condition(['a'] shared_value ['as'] = t)
Condition(['a', 'b'] shared_value ['as'] = f)
Other Goals:
b:
Condition(['b'] shared_value ['as'] = t)
c:
Condition(['c'] shared_value ['as'] = t)
d:
Condition(['d'] shared_value ['as'] = f)
All Possible Goals:

Agent: b
Max move time: inf
Goal completed: 'False'
Consider goal: 'False'
Consider exp: 'False'
Own Goals:
Condition(['b'] shared_value ['as'] = t)
Other Goals:
a:
Condition(['a'] shared_value ['as'] = t)
Condition(['a', 'b'] shared_value ['as'] = f)
c:
Condition(['c'] shared_value ['as'] = t)
d:
Condition(['d'] shared_value ['as'] = f)
All Possible Goals:

Agent: c
Max move time: inf
Goal completed: 'False'
Consider goal: 'False'
Consider exp: 'False'
Own Goals:
Condition(['c'] shared_value ['as'] = t)
Other Goals:
a:
Condition(['a'] shared_value ['as'] = t)
Condition(['a', 'b'] shared_value ['as'] = f)
b:
Condition(['b'] shared_value ['as'] = t)
d:
Condition(['d'] shared_value ['as'] = f)
All Possible Goals:

Agent: d
Max move time: inf
Goal completed: 'False'
Consider goal: 'False'
Consider exp: 'False'
Own Goals:
Condition(['d'] shared_value ['as'] = f)
Other Goals:
a:
Condition(['a'] shared_value ['as'] = t)
Condition(['a', 'b'] shared_value ['as'] = f)
b:
Condition(['b'] shared_value ['as'] = t)
c:
Condition(['c'] shared_value ['as'] = t)
All Possible Goals:


2025-10-27 17:22:47,605 INFO - __main__._.<module>:
Model built successfully.
2025-10-27 17:26:39,705 INFO - __main__.ShareGoalBFS.bfs:
Models: 2, Exapnds: 17270, 9.967ms/expand
2025-10-27 17:26:39,705 INFO - __main__.ShareGoalBFS.get_policy:
[("lying_own_secret(['a', 'as'])", 2)]
{'a': 0, 'b': 0, 'c': 0, 'd': 0}
2025-10-27 17:26:39,705 INFO - __main__.Model.simulate:
a takes action: lying_own_secret(['a', 'as'])
2025-10-27 17:26:39,705 INFO - __main__.ShareGoalBFS.get_policy:
Only one successor: sharing_stay(['b'])
2025-10-27 17:26:39,705 INFO - __main__.Model.simulate:
b takes action: sharing_stay(['b'])
2025-10-27 17:26:39,706 INFO - __main__.ShareGoalBFS.get_policy:
Only one successor: sharing_stay(['c'])
2025-10-27 17:26:39,706 INFO - __main__.Model.simulate:
c takes action: sharing_stay(['c'])
2025-10-27 17:26:39,706 INFO - __main__.ShareGoalBFS.get_policy:
Only one successor: sharing_stay(['d'])
2025-10-27 17:26:39,706 INFO - __main__.Model.simulate:
d takes action: sharing_stay(['d'])
2025-10-27 17:26:39,706 INFO - __main__.ShareGoalBFS.get_policy:
Only one successor: quiet(['a', 'as'])
2025-10-27 17:26:39,706 INFO - __main__.Model.simulate:
a takes action: quiet(['a', 'as'])
2025-10-27 17:26:54,306 INFO - __main__.ShareGoalBFS.bfs:
Models: 1, Exapnds: 1402, 10.413ms/expand
2025-10-27 17:26:54,306 INFO - __main__.ShareGoalBFS.get_policy:
[("move_right(['b'])", 1)]
{'a': 0, 'b': 0, 'c': 0, 'd': 0}
2025-10-27 17:26:54,306 INFO - __main__.Model.simulate:
b takes action: move_right(['b'])
2025-10-27 17:27:10,014 INFO - __main__.ShareGoalBFS.bfs:
Models: 1, Exapnds: 1431, 10.976ms/expand
2025-10-27 17:27:10,014 INFO - __main__.ShareGoalBFS.get_policy:
[("normal_stay(['c'])", 1)]
{'a': 0, 'b': 0, 'c': 0, 'd': 0}
2025-10-27 17:27:10,014 INFO - __main__.Model.simulate:
c takes action: normal_stay(['c'])
2025-10-27 17:27:18,906 INFO - __main__.ShareGoalBFS.bfs:
Models: 1, Exapnds: 824, 10.790ms/expand
2025-10-27 17:27:18,906 INFO - __main__.ShareGoalBFS.get_policy:
[("move_right(['d'])", 1)]
{'a': 0, 'b': 0, 'c': 0, 'd': 0}
2025-10-27 17:27:18,906 INFO - __main__.Model.simulate:
d takes action: move_right(['d'])
2025-10-27 17:27:23,649 INFO - __main__.ShareGoalBFS.bfs:
Models: 1, Exapnds: 488, 9.718ms/expand
2025-10-27 17:27:23,649 INFO - __main__.ShareGoalBFS.get_policy:
[("sharing_own_secret(['a', 'as'])", 1)]
{'a': 0, 'b': 0, 'c': 0, 'd': 0}
2025-10-27 17:27:23,650 INFO - __main__.Model.simulate:
a takes action: sharing_own_secret(['a', 'as'])
2025-10-27 17:27:23,650 INFO - __main__.ShareGoalBFS.get_policy:
Only one successor: sharing_stay(['b'])
2025-10-27 17:27:23,650 INFO - __main__.Model.simulate:
b takes action: sharing_stay(['b'])
2025-10-27 17:27:23,651 INFO - __main__.ShareGoalBFS.get_policy:
Only one successor: sharing_stay(['c'])
2025-10-27 17:27:23,651 INFO - __main__.Model.simulate:
c takes action: sharing_stay(['c'])
2025-10-27 17:27:23,651 INFO - __main__.ShareGoalBFS.get_policy:
Only one successor: sharing_stay(['d'])
2025-10-27 17:27:23,651 INFO - __main__.Model.simulate:
d takes action: sharing_stay(['d'])
2025-10-27 17:27:23,652 INFO - __main__.ShareGoalBFS.get_policy:
Only one successor: quiet(['a', 'as'])
2025-10-27 17:27:23,652 INFO - __main__.Model.simulate:
a takes action: quiet(['a', 'as'])
2025-10-27 17:27:35,519 INFO - __main__.ShareGoalBFS.bfs:
Models: 1, Exapnds: 824, 14.400ms/expand
2025-10-27 17:27:35,519 INFO - __main__.ShareGoalBFS.get_policy:
[("normal_stay(['b'])", 1)]
{'a': 0, 'b': 0, 'c': 0, 'd': 0}
2025-10-27 17:27:35,519 INFO - __main__.Model.simulate:
b takes action: normal_stay(['b'])
2025-10-27 17:27:36,905 INFO - __main__.ShareGoalBFS.bfs:
Models: 1, Exapnds: 129, 10.733ms/expand
2025-10-27 17:27:36,906 INFO - __main__.ShareGoalBFS.get_policy:
[("move_right(['c'])", 1)]
{'a': 0, 'b': 0, 'c': 0, 'd': 0}
2025-10-27 17:27:36,906 INFO - __main__.Model.simulate:
c takes action: move_right(['c'])
2025-10-27 17:27:57,762 INFO - __main__.ShareGoalBFS.bfs:
Models: 1, Exapnds: 1255, 16.617ms/expand
2025-10-27 17:27:57,762 INFO - __main__.ShareGoalBFS.get_policy:
[("normal_stay(['d'])", 1)]
{'a': 0, 'b': 0, 'c': 0, 'd': 0}
2025-10-27 17:27:57,762 INFO - __main__.Model.simulate:
d takes action: normal_stay(['d'])
2025-10-27 17:27:59,572 INFO - __main__.ShareGoalBFS.bfs:
Models: 1, Exapnds: 146, 12.385ms/expand
2025-10-27 17:27:59,572 INFO - __main__.ShareGoalBFS.get_policy:
[("normal_stay(['a'])", 1)]
{'a': 0, 'b': 0, 'c': 0, 'd': 0}
2025-10-27 17:27:59,573 INFO - __main__.Model.simulate:
a takes action: normal_stay(['a'])
2025-10-27 17:28:21,964 INFO - __main__.ShareGoalBFS.bfs:
Models: 1, Exapnds: 1255, 17.840ms/expand
2025-10-27 17:28:21,964 INFO - __main__.ShareGoalBFS.get_policy:
[("normal_stay(['b'])", 1)]
{'a': 0, 'b': 0, 'c': 0, 'd': 0}
2025-10-27 17:28:21,964 INFO - __main__.Model.simulate:
b takes action: normal_stay(['b'])
2025-10-27 17:28:23,886 INFO - __main__.ShareGoalBFS.bfs:
Models: 1, Exapnds: 153, 12.545ms/expand
2025-10-27 17:28:23,886 INFO - __main__.ShareGoalBFS.get_policy:
[("normal_stay(['c'])", 1)]
{'a': 0, 'b': 0, 'c': 0, 'd': 0}
2025-10-27 17:28:23,886 INFO - __main__.Model.simulate:
c takes action: normal_stay(['c'])
2025-10-27 17:28:47,819 INFO - __main__.ShareGoalBFS.bfs:
Models: 1, Exapnds: 1255, 19.069ms/expand
2025-10-27 17:28:47,819 INFO - __main__.ShareGoalBFS.get_policy:
[("normal_stay(['d'])", 1)]
{'a': 0, 'b': 0, 'c': 0, 'd': 0}
2025-10-27 17:28:47,819 INFO - __main__.Model.simulate:
d takes action: normal_stay(['d'])
2025-10-27 17:28:49,929 INFO - __main__.ShareGoalBFS.bfs:
Models: 1, Exapnds: 146, 14.436ms/expand
2025-10-27 17:28:49,929 INFO - __main__.ShareGoalBFS.get_policy:
[("normal_stay(['a'])", 1)]
{'a': 0, 'b': 0, 'c': 0, 'd': 0}
2025-10-27 17:28:49,929 INFO - __main__.Model.simulate:
a takes action: normal_stay(['a'])
2025-10-27 17:29:15,388 INFO - __main__.ShareGoalBFS.bfs:
Models: 1, Exapnds: 1255, 20.283ms/expand
2025-10-27 17:29:15,388 INFO - __main__.ShareGoalBFS.get_policy:
[("normal_stay(['b'])", 1)]
{'a': 0, 'b': 0, 'c': 0, 'd': 0}
2025-10-27 17:29:15,388 INFO - __main__.Model.simulate:
b takes action: normal_stay(['b'])
2025-10-27 17:29:17,604 INFO - __main__.ShareGoalBFS.bfs:
Models: 1, Exapnds: 153, 14.469ms/expand
2025-10-27 17:29:17,604 INFO - __main__.ShareGoalBFS.get_policy:
[("normal_stay(['c'])", 1)]
{'a': 0, 'b': 0, 'c': 0, 'd': 0}
2025-10-27 17:29:17,604 INFO - __main__.Model.simulate:
c takes action: normal_stay(['c'])
2025-10-27 17:29:44,611 INFO - __main__.ShareGoalBFS.bfs:
Models: 1, Exapnds: 1255, 21.517ms/expand
2025-10-27 17:29:44,611 INFO - __main__.ShareGoalBFS.get_policy:
[("normal_stay(['d'])", 1)]
{'a': 0, 'b': 0, 'c': 0, 'd': 0}
2025-10-27 17:29:44,611 INFO - __main__.Model.simulate:
d takes action: normal_stay(['d'])
2025-10-27 17:29:47,010 INFO - __main__.ShareGoalBFS.bfs:
Models: 1, Exapnds: 146, 16.417ms/expand
2025-10-27 17:29:47,011 INFO - __main__.ShareGoalBFS.get_policy:
[("normal_stay(['a'])", 1)]
{'a': 0, 'b': 0, 'c': 0, 'd': 0}
2025-10-27 17:29:47,011 INFO - __main__.Model.simulate:
a takes action: normal_stay(['a'])
2025-10-27 17:30:15,529 INFO - __main__.ShareGoalBFS.bfs:
Models: 1, Exapnds: 1255, 22.721ms/expand
2025-10-27 17:30:15,529 INFO - __main__.ShareGoalBFS.get_policy:
[("normal_stay(['b'])", 1)]
{'a': 0, 'b': 0, 'c': 0, 'd': 0}
2025-10-27 17:30:15,529 INFO - __main__.Model.simulate:
b takes action: normal_stay(['b'])
2025-10-27 17:30:18,035 INFO - __main__.ShareGoalBFS.bfs:
Models: 1, Exapnds: 153, 16.358ms/expand
2025-10-27 17:30:18,035 INFO - __main__.ShareGoalBFS.get_policy:
[("normal_stay(['c'])", 1)]
{'a': 0, 'b': 0, 'c': 0, 'd': 0}
2025-10-27 17:30:18,035 INFO - __main__.Model.simulate:
c takes action: normal_stay(['c'])
