2025-10-24 21:11:37,909 EXP - __main__.Logger.exp:
a takes action: move_without_item(['a', 'r1', 'r3'])
Steps: 1
Time cost: 0.068488s
2025-10-24 21:11:37,980 EXP - __main__.Logger.exp:
a takes action: move_without_item(['a', 'r1', 'r3'])
Steps: 1
Time cost: 0.069571s
2025-10-24 21:11:38,050 EXP - __main__.Logger.exp:
a takes action: move_without_item(['a', 'r1', 'r2'])
Steps: 1
Time cost: 0.068957s
2025-10-24 21:11:38,119 EXP - __main__.Logger.exp:
a takes action: move_without_item(['a', 'r1', 'r3'])
Steps: 1
Time cost: 0.068939s
2025-10-24 21:11:38,189 EXP - __main__.Logger.exp:
a takes action: move_without_item(['a', 'r1', 'r3'])
Steps: 1
Time cost: 0.069189s
2025-10-24 21:11:38,189 EXP - __main__.Logger.exp:
Avg Steps: 1.0
Avg Time: 0.069029s
