2025-10-24 21:11:38,310 EXP - __main__.Logger.exp:
a takes action: move_without_item(['a', 'r1', 'r3'])
Steps: 1
Time cost: 0.069307s
2025-10-24 21:11:38,381 EXP - __main__.Logger.exp:
a takes action: move_without_item(['a', 'r1', 'r2'])
Steps: 1
Time cost: 0.070024s
2025-10-24 21:11:38,537 EXP - __main__.Logger.exp:
a takes action: stay(['a'])
b takes action: stay(['b'])
a takes action: move_without_item(['a', 'r1', 'r3'])
Steps: 3
Time cost: 0.154892s
2025-10-24 21:11:38,607 EXP - __main__.Logger.exp:
a takes action: move_without_item(['a', 'r1', 'r2'])
Steps: 1
Time cost: 0.069252s
2025-10-24 21:11:38,677 EXP - __main__.Logger.exp:
a takes action: move_without_item(['a', 'r1', 'r3'])
Steps: 1
Time cost: 0.069147s
2025-10-24 21:11:38,677 EXP - __main__.Logger.exp:
Avg Steps: 1.4
Avg Time: 0.086524s
