2025-10-24 20:09:33,468 EXP - __main__.Logger.exp:
a takes action: move(['a', 'r1', 'r4'])
b takes action: move(['b', 'r2', 'r1'])
c takes action: move(['c', 'r6', 'r9'])
d takes action: move(['d', 'r7', 'r8'])
a takes action: move(['a', 'r4', 'r5'])
b takes action: stay(['b'])
c takes action: stay(['c'])
d takes action: stay(['d'])
a takes action: move(['a', 'r5', 'r2'])
b takes action: stay(['b'])
c takes action: stay(['c'])
d takes action: move(['d', 'r8', 'r5'])
a takes action: stay(['a'])
b takes action: stay(['b'])
c takes action: move(['c', 'r9', 'r8'])
d takes action: move(['d', 'r5', 'r6'])
a takes action: stay(['a'])
b takes action: stay(['b'])
c takes action: move(['c', 'r8', 'r7'])
Steps: 19
Time cost: 44.493440s
2025-10-24 20:10:17,979 EXP - __main__.Logger.exp:
a takes action: move(['a', 'r1', 'r4'])
b takes action: move(['b', 'r2', 'r1'])
c takes action: move(['c', 'r6', 'r9'])
d takes action: move(['d', 'r7', 'r8'])
a takes action: move(['a', 'r4', 'r5'])
b takes action: stay(['b'])
c takes action: stay(['c'])
d takes action: stay(['d'])
a takes action: move(['a', 'r5', 'r2'])
b takes action: stay(['b'])
c takes action: stay(['c'])
d takes action: move(['d', 'r8', 'r5'])
a takes action: stay(['a'])
b takes action: stay(['b'])
c takes action: move(['c', 'r9', 'r8'])
d takes action: move(['d', 'r5', 'r6'])
a takes action: stay(['a'])
b takes action: stay(['b'])
c takes action: move(['c', 'r8', 'r7'])
Steps: 19
Time cost: 44.509621s
2025-10-24 20:11:02,359 EXP - __main__.Logger.exp:
a takes action: move(['a', 'r1', 'r4'])
b takes action: move(['b', 'r2', 'r1'])
c takes action: move(['c', 'r6', 'r9'])
d takes action: move(['d', 'r7', 'r8'])
a takes action: move(['a', 'r4', 'r5'])
b takes action: stay(['b'])
c takes action: stay(['c'])
d takes action: stay(['d'])
a takes action: move(['a', 'r5', 'r2'])
b takes action: stay(['b'])
c takes action: stay(['c'])
d takes action: move(['d', 'r8', 'r5'])
a takes action: stay(['a'])
b takes action: stay(['b'])
c takes action: move(['c', 'r9', 'r8'])
d takes action: move(['d', 'r5', 'r6'])
a takes action: stay(['a'])
b takes action: stay(['b'])
c takes action: move(['c', 'r8', 'r7'])
Steps: 19
Time cost: 44.377562s
2025-10-24 20:11:02,359 EXP - __main__.Logger.exp:
Avg Steps: 19.0
Avg Time: 44.460208s
