2025-10-12 21:52:38,190 EXP - __main__.Logger.exp:
a takes action: move_without_item(['a', 'r1', 'r3'])
b takes action: move_without_item(['b', 'r2', 'r3'])
a takes action: stay(['a'])
b takes action: pick_up(['b', 'i', 'r3'])
a takes action: move_without_item(['a', 'r3', 'r2'])
b takes action: stay(['b'])
a takes action: stay(['a'])
b takes action: drop_item(['b', 'i'])
Steps: 8
Time cost: 11.362817s
2025-10-12 21:52:57,396 EXP - __main__.Logger.exp:
a takes action: move_without_item(['a', 'r1', 'r3'])
b takes action: move_without_item(['b', 'r2', 'r1'])
a takes action: stay(['a'])
b takes action: move_without_item(['b', 'r1', 'r3'])
a takes action: stay(['a'])
b takes action: pick_up(['b', 'i', 'r3'])
a takes action: move_without_item(['a', 'r3', 'r1'])
b takes action: stay(['b'])
a takes action: stay(['a'])
b takes action: stay(['b'])
a takes action: move_without_item(['a', 'r1', 'r2'])
b takes action: stay(['b'])
a takes action: move_without_item(['a', 'r2', 'r1'])
b takes action: drop_item(['b', 'i'])
Steps: 14
Time cost: 19.204963s
2025-10-12 21:53:09,915 EXP - __main__.Logger.exp:
a takes action: move_without_item(['a', 'r1', 'r3'])
b takes action: move_without_item(['b', 'r2', 'r3'])
a takes action: stay(['a'])
b takes action: pick_up(['b', 'i', 'r3'])
a takes action: move_without_item(['a', 'r3', 'r2'])
b takes action: stay(['b'])
a takes action: stay(['a'])
b takes action: stay(['b'])
a takes action: stay(['a'])
b takes action: stay(['b'])
a takes action: stay(['a'])
b takes action: stay(['b'])
a takes action: move_without_item(['a', 'r2', 'r1'])
b takes action: drop_item(['b', 'i'])
Steps: 14
Time cost: 12.517672s
2025-10-12 21:53:20,954 EXP - __main__.Logger.exp:
a takes action: move_without_item(['a', 'r1', 'r3'])
b takes action: move_without_item(['b', 'r2', 'r3'])
a takes action: stay(['a'])
b takes action: pick_up(['b', 'i', 'r3'])
a takes action: move_without_item(['a', 'r3', 'r1'])
b takes action: drop_item(['b', 'i'])
Steps: 6
Time cost: 11.036969s
2025-10-12 21:53:27,898 EXP - __main__.Logger.exp:
a takes action: move_without_item(['a', 'r1', 'r3'])
b takes action: move_without_item(['b', 'r2', 'r3'])
a takes action: stay(['a'])
b takes action: pick_up(['b', 'i', 'r3'])
a takes action: move_without_item(['a', 'r3', 'r1'])
b takes action: drop_item(['b', 'i'])
Steps: 6
Time cost: 6.942502s
2025-10-12 21:53:38,724 EXP - __main__.Logger.exp:
a takes action: move_without_item(['a', 'r1', 'r3'])
b takes action: move_without_item(['b', 'r2', 'r1'])
a takes action: stay(['a'])
b takes action: move_without_item(['b', 'r1', 'r3'])
a takes action: stay(['a'])
b takes action: pick_up(['b', 'i', 'r3'])
a takes action: move_without_item(['a', 'r3', 'r2'])
b takes action: drop_item(['b', 'i'])
Steps: 8
Time cost: 10.825019s
2025-10-12 21:53:54,395 EXP - __main__.Logger.exp:
a takes action: move_without_item(['a', 'r1', 'r3'])
b takes action: move_without_item(['b', 'r2', 'r1'])
a takes action: stay(['a'])
b takes action: move_without_item(['b', 'r1', 'r2'])
a takes action: stay(['a'])
b takes action: move_without_item(['b', 'r2', 'r3'])
a takes action: stay(['a'])
b takes action: pick_up(['b', 'i', 'r3'])
a takes action: move_without_item(['a', 'r3', 'r2'])
b takes action: stay(['b'])
a takes action: move_without_item(['a', 'r2', 'r1'])
b takes action: drop_item(['b', 'i'])
Steps: 12
Time cost: 15.670308s
2025-10-12 21:54:01,430 EXP - __main__.Logger.exp:
a takes action: move_without_item(['a', 'r1', 'r3'])
b takes action: move_without_item(['b', 'r2', 'r3'])
a takes action: stay(['a'])
b takes action: pick_up(['b', 'i', 'r3'])
a takes action: move_without_item(['a', 'r3', 'r1'])
b takes action: stay(['b'])
a takes action: move_without_item(['a', 'r1', 'r2'])
b takes action: stay(['b'])
a takes action: move_without_item(['a', 'r2', 'r1'])
b takes action: drop_item(['b', 'i'])
Steps: 10
Time cost: 7.033685s
2025-10-12 21:54:08,066 EXP - __main__.Logger.exp:
a takes action: move_without_item(['a', 'r1', 'r3'])
b takes action: move_without_item(['b', 'r2', 'r3'])
a takes action: stay(['a'])
b takes action: pick_up(['b', 'i', 'r3'])
a takes action: move_without_item(['a', 'r3', 'r2'])
b takes action: drop_item(['b', 'i'])
Steps: 6
Time cost: 6.634869s
2025-10-12 21:54:23,758 EXP - __main__.Logger.exp:
a takes action: move_without_item(['a', 'r1', 'r3'])
b takes action: move_without_item(['b', 'r2', 'r1'])
a takes action: stay(['a'])
b takes action: move_without_item(['b', 'r1', 'r2'])
a takes action: stay(['a'])
b takes action: move_without_item(['b', 'r2', 'r3'])
a takes action: stay(['a'])
b takes action: pick_up(['b', 'i', 'r3'])
a takes action: move_without_item(['a', 'r3', 'r2'])
b takes action: stay(['b'])
a takes action: stay(['a'])
b takes action: drop_item(['b', 'i'])
Steps: 12
Time cost: 15.691454s
2025-10-12 21:54:23,758 EXP - __main__.Logger.exp:
Avg Steps: 9.6
Avg Time: 11.692026s
