2025-10-24 20:50:33,271 EXP - __main__.Logger.exp:
a takes action: move(['a', 'r1', 'r2'])
b takes action: move(['b', 'r4', 'r7'])
a takes action: move(['a', 'r2', 'r3'])
b takes action: stay(['b'])
a takes action: move(['a', 'r3', 'r4'])
b takes action: stay(['b'])
a takes action: move(['a', 'r4', 'r5'])
b takes action: move(['b', 'r7', 'r4'])
Steps: 8
Time cost: 0.211955s
2025-10-24 20:50:33,482 EXP - __main__.Logger.exp:
a takes action: move(['a', 'r1', 'r2'])
b takes action: move(['b', 'r4', 'r7'])
a takes action: move(['a', 'r2', 'r3'])
b takes action: stay(['b'])
a takes action: move(['a', 'r3', 'r4'])
b takes action: stay(['b'])
a takes action: move(['a', 'r4', 'r5'])
b takes action: move(['b', 'r7', 'r4'])
Steps: 8
Time cost: 0.210391s
2025-10-24 20:50:33,692 EXP - __main__.Logger.exp:
a takes action: move(['a', 'r1', 'r2'])
b takes action: move(['b', 'r4', 'r7'])
a takes action: move(['a', 'r2', 'r3'])
b takes action: stay(['b'])
a takes action: move(['a', 'r3', 'r4'])
b takes action: stay(['b'])
a takes action: move(['a', 'r4', 'r5'])
b takes action: move(['b', 'r7', 'r4'])
Steps: 8
Time cost: 0.208853s
2025-10-24 20:50:33,693 EXP - __main__.Logger.exp:
Avg Steps: 8.0
Avg Time: 0.210400s
