2025-10-31 23:21:31,856 EXP - __main__.Logger.exp:
a takes action: stay(['a'])
b takes action: move(['b', 'r2', 'r5'])
c takes action: move(['c', 'r6', 'r9'])
d takes action: move(['d', 'r7', 'r8'])
a takes action: move(['a', 'r1', 'r2'])
b takes action: move(['b', 'r5', 'r4'])
c takes action: stay(['c'])
d takes action: stay(['d'])
a takes action: move(['a', 'r2', 'r3'])
b takes action: stay(['b'])
c takes action: stay(['c'])
d takes action: stay(['d'])
a takes action: stay(['a'])
b takes action: stay(['b'])
c takes action: stay(['c'])
d takes action: move(['d', 'r8', 'r5'])
a takes action: stay(['a'])
b takes action: stay(['b'])
c takes action: move(['c', 'r9', 'r8'])
d takes action: move(['d', 'r5', 'r6'])
a takes action: stay(['a'])
b takes action: stay(['b'])
c takes action: stay(['c'])
d takes action: move(['d', 'r6', 'r9'])
Steps: 24
Time cost: 2.629984s
2025-10-31 23:21:34,991 EXP - __main__.Logger.exp:
a takes action: stay(['a'])
b takes action: move(['b', 'r2', 'r5'])
c takes action: move(['c', 'r6', 'r9'])
d takes action: move(['d', 'r7', 'r8'])
a takes action: move(['a', 'r1', 'r2'])
b takes action: move(['b', 'r5', 'r4'])
c takes action: stay(['c'])
d takes action: stay(['d'])
a takes action: move(['a', 'r2', 'r3'])
b takes action: stay(['b'])
c takes action: stay(['c'])
d takes action: stay(['d'])
a takes action: stay(['a'])
b takes action: stay(['b'])
c takes action: stay(['c'])
d takes action: stay(['d'])
a takes action: stay(['a'])
b takes action: stay(['b'])
c takes action: stay(['c'])
d takes action: move(['d', 'r8', 'r5'])
a takes action: stay(['a'])
b takes action: stay(['b'])
c takes action: move(['c', 'r9', 'r8'])
d takes action: move(['d', 'r5', 'r6'])
a takes action: stay(['a'])
b takes action: stay(['b'])
c takes action: stay(['c'])
d takes action: move(['d', 'r6', 'r9'])
Steps: 28
Time cost: 3.133007s
2025-10-31 23:21:37,175 EXP - __main__.Logger.exp:
a takes action: stay(['a'])
b takes action: move(['b', 'r2', 'r5'])
c takes action: move(['c', 'r6', 'r9'])
d takes action: move(['d', 'r7', 'r8'])
a takes action: move(['a', 'r1', 'r2'])
b takes action: move(['b', 'r5', 'r4'])
c takes action: stay(['c'])
d takes action: stay(['d'])
a takes action: move(['a', 'r2', 'r3'])
b takes action: stay(['b'])
c takes action: stay(['c'])
d takes action: move(['d', 'r8', 'r5'])
a takes action: stay(['a'])
b takes action: stay(['b'])
c takes action: move(['c', 'r9', 'r8'])
d takes action: move(['d', 'r5', 'r6'])
a takes action: stay(['a'])
b takes action: stay(['b'])
c takes action: stay(['c'])
d takes action: move(['d', 'r6', 'r9'])
Steps: 20
Time cost: 2.182176s
2025-10-31 23:21:37,175 EXP - __main__.Logger.exp:
Avg Steps: 24.0
Avg Time: 2.648389s
