2025-10-24 15:18:52,759 EXP - __main__.Logger.exp:
a takes action: stay(['a'])
b takes action: move(['b', 'r2', 'r5'])
c takes action: stay(['c'])
d takes action: move(['d', 'r7', 'r8'])
a takes action: move(['a', 'r1', 'r2'])
b takes action: move(['b', 'r5', 'r4'])
c takes action: move(['c', 'r6', 'r5'])
d takes action: move(['d', 'r8', 'r9'])
a takes action: move(['a', 'r2', 'r3'])
b takes action: stay(['b'])
c takes action: move(['c', 'r5', 'r8'])
Steps: 11
Time cost: 81.586861s
2025-10-24 15:20:15,342 EXP - __main__.Logger.exp:
a takes action: stay(['a'])
b takes action: move(['b', 'r2', 'r5'])
c takes action: stay(['c'])
d takes action: move(['d', 'r7', 'r8'])
a takes action: move(['a', 'r1', 'r2'])
b takes action: move(['b', 'r5', 'r4'])
c takes action: move(['c', 'r6', 'r5'])
d takes action: move(['d', 'r8', 'r9'])
a takes action: move(['a', 'r2', 'r3'])
b takes action: stay(['b'])
c takes action: move(['c', 'r5', 'r8'])
Steps: 11
Time cost: 82.581441s
2025-10-24 15:21:38,136 EXP - __main__.Logger.exp:
a takes action: stay(['a'])
b takes action: move(['b', 'r2', 'r5'])
c takes action: stay(['c'])
d takes action: move(['d', 'r7', 'r8'])
a takes action: move(['a', 'r1', 'r2'])
b takes action: move(['b', 'r5', 'r4'])
c takes action: move(['c', 'r6', 'r5'])
d takes action: move(['d', 'r8', 'r9'])
a takes action: move(['a', 'r2', 'r3'])
b takes action: stay(['b'])
c takes action: move(['c', 'r5', 'r8'])
Steps: 11
Time cost: 82.791612s
2025-10-24 15:22:59,722 EXP - __main__.Logger.exp:
a takes action: stay(['a'])
b takes action: move(['b', 'r2', 'r5'])
c takes action: stay(['c'])
d takes action: move(['d', 'r7', 'r8'])
a takes action: move(['a', 'r1', 'r2'])
b takes action: move(['b', 'r5', 'r4'])
c takes action: move(['c', 'r6', 'r5'])
d takes action: move(['d', 'r8', 'r9'])
a takes action: move(['a', 'r2', 'r3'])
b takes action: stay(['b'])
c takes action: move(['c', 'r5', 'r8'])
Steps: 11
Time cost: 81.583860s
2025-10-24 15:24:19,932 EXP - __main__.Logger.exp:
a takes action: stay(['a'])
b takes action: move(['b', 'r2', 'r5'])
c takes action: stay(['c'])
d takes action: move(['d', 'r7', 'r8'])
a takes action: move(['a', 'r1', 'r2'])
b takes action: move(['b', 'r5', 'r4'])
c takes action: move(['c', 'r6', 'r5'])
d takes action: move(['d', 'r8', 'r9'])
a takes action: move(['a', 'r2', 'r3'])
b takes action: stay(['b'])
c takes action: move(['c', 'r5', 'r8'])
Steps: 11
Time cost: 80.207878s
2025-10-24 15:24:19,932 EXP - __main__.Logger.exp:
Avg Steps: 11.0
Avg Time: 81.750330s
