2025-10-23 13:43:00,014 EXP - __main__.Logger.exp:
a takes action: peek(['a'])
b takes action: peek(['b'])
a takes action: flip_up(['a', 'c1'])
b takes action: return(['b'])
a takes action: flip_down(['a', 'c1'])
b takes action: stay(['b'])
a takes action: return(['a'])
b takes action: peek(['b'])
a takes action: stay(['a'])
b takes action: return(['b'])
Steps: 10
Time cost: 0.246415s
2025-10-23 13:43:00,261 EXP - __main__.Logger.exp:
a takes action: peek(['a'])
b takes action: peek(['b'])
a takes action: flip_up(['a', 'c1'])
b takes action: return(['b'])
a takes action: flip_down(['a', 'c1'])
b takes action: stay(['b'])
a takes action: return(['a'])
b takes action: peek(['b'])
a takes action: stay(['a'])
b takes action: return(['b'])
Steps: 10
Time cost: 0.247174s
2025-10-23 13:43:00,508 EXP - __main__.Logger.exp:
a takes action: peek(['a'])
b takes action: peek(['b'])
a takes action: flip_up(['a', 'c1'])
b takes action: return(['b'])
a takes action: flip_down(['a', 'c1'])
b takes action: stay(['b'])
a takes action: return(['a'])
b takes action: peek(['b'])
a takes action: stay(['a'])
b takes action: return(['b'])
Steps: 10
Time cost: 0.246368s
2025-10-23 13:43:00,756 EXP - __main__.Logger.exp:
a takes action: peek(['a'])
b takes action: peek(['b'])
a takes action: flip_up(['a', 'c1'])
b takes action: return(['b'])
a takes action: flip_down(['a', 'c1'])
b takes action: stay(['b'])
a takes action: return(['a'])
b takes action: peek(['b'])
a takes action: stay(['a'])
b takes action: return(['b'])
Steps: 10
Time cost: 0.247395s
2025-10-23 13:43:01,005 EXP - __main__.Logger.exp:
a takes action: peek(['a'])
b takes action: peek(['b'])
a takes action: flip_up(['a', 'c1'])
b takes action: return(['b'])
a takes action: flip_down(['a', 'c1'])
b takes action: stay(['b'])
a takes action: return(['a'])
b takes action: peek(['b'])
a takes action: stay(['a'])
b takes action: return(['b'])
Steps: 10
Time cost: 0.247944s
2025-10-23 13:43:01,255 EXP - __main__.Logger.exp:
a takes action: peek(['a'])
b takes action: peek(['b'])
a takes action: flip_up(['a', 'c1'])
b takes action: return(['b'])
a takes action: flip_down(['a', 'c1'])
b takes action: stay(['b'])
a takes action: return(['a'])
b takes action: peek(['b'])
a takes action: stay(['a'])
b takes action: return(['b'])
Steps: 10
Time cost: 0.250241s
2025-10-23 13:43:01,506 EXP - __main__.Logger.exp:
a takes action: peek(['a'])
b takes action: peek(['b'])
a takes action: flip_up(['a', 'c1'])
b takes action: return(['b'])
a takes action: flip_down(['a', 'c1'])
b takes action: stay(['b'])
a takes action: return(['a'])
b takes action: peek(['b'])
a takes action: stay(['a'])
b takes action: return(['b'])
Steps: 10
Time cost: 0.249541s
2025-10-23 13:43:01,755 EXP - __main__.Logger.exp:
a takes action: peek(['a'])
b takes action: peek(['b'])
a takes action: flip_up(['a', 'c1'])
b takes action: return(['b'])
a takes action: flip_down(['a', 'c1'])
b takes action: stay(['b'])
a takes action: return(['a'])
b takes action: peek(['b'])
a takes action: stay(['a'])
b takes action: return(['b'])
Steps: 10
Time cost: 0.249002s
2025-10-23 13:43:02,004 EXP - __main__.Logger.exp:
a takes action: peek(['a'])
b takes action: peek(['b'])
a takes action: flip_up(['a', 'c1'])
b takes action: return(['b'])
a takes action: flip_down(['a', 'c1'])
b takes action: stay(['b'])
a takes action: return(['a'])
b takes action: peek(['b'])
a takes action: stay(['a'])
b takes action: return(['b'])
Steps: 10
Time cost: 0.248291s
2025-10-23 13:43:02,253 EXP - __main__.Logger.exp:
a takes action: peek(['a'])
b takes action: peek(['b'])
a takes action: flip_up(['a', 'c1'])
b takes action: return(['b'])
a takes action: flip_down(['a', 'c1'])
b takes action: stay(['b'])
a takes action: return(['a'])
b takes action: peek(['b'])
a takes action: stay(['a'])
b takes action: return(['b'])
Steps: 10
Time cost: 0.248249s
2025-10-23 13:43:02,253 EXP - __main__.Logger.exp:
Avg Steps: 10.0
Avg Time: 0.248062s
