2025-10-23 13:42:57,436 EXP - __main__.Logger.exp:
a takes action: peek(['a'])
b takes action: peek(['b'])
a takes action: flip_up(['a', 'c1'])
b takes action: return(['b'])
a takes action: flip_down(['a', 'c1'])
b takes action: stay(['b'])
a takes action: return(['a'])
b takes action: peek(['b'])
a takes action: stay(['a'])
b takes action: return(['b'])
Steps: 10
Time cost: 0.250511s
2025-10-23 13:42:57,686 EXP - __main__.Logger.exp:
a takes action: peek(['a'])
b takes action: peek(['b'])
a takes action: flip_up(['a', 'c1'])
b takes action: return(['b'])
a takes action: flip_down(['a', 'c1'])
b takes action: stay(['b'])
a takes action: return(['a'])
b takes action: peek(['b'])
a takes action: stay(['a'])
b takes action: return(['b'])
Steps: 10
Time cost: 0.249800s
2025-10-23 13:42:57,937 EXP - __main__.Logger.exp:
a takes action: peek(['a'])
b takes action: peek(['b'])
a takes action: flip_up(['a', 'c1'])
b takes action: return(['b'])
a takes action: flip_down(['a', 'c1'])
b takes action: stay(['b'])
a takes action: return(['a'])
b takes action: peek(['b'])
a takes action: stay(['a'])
b takes action: return(['b'])
Steps: 10
Time cost: 0.250215s
2025-10-23 13:42:58,189 EXP - __main__.Logger.exp:
a takes action: peek(['a'])
b takes action: peek(['b'])
a takes action: flip_up(['a', 'c1'])
b takes action: return(['b'])
a takes action: flip_down(['a', 'c1'])
b takes action: stay(['b'])
a takes action: return(['a'])
b takes action: peek(['b'])
a takes action: stay(['a'])
b takes action: return(['b'])
Steps: 10
Time cost: 0.250943s
2025-10-23 13:42:58,440 EXP - __main__.Logger.exp:
a takes action: peek(['a'])
b takes action: peek(['b'])
a takes action: flip_up(['a', 'c1'])
b takes action: return(['b'])
a takes action: flip_down(['a', 'c1'])
b takes action: stay(['b'])
a takes action: return(['a'])
b takes action: peek(['b'])
a takes action: stay(['a'])
b takes action: return(['b'])
Steps: 10
Time cost: 0.251321s
2025-10-23 13:42:58,694 EXP - __main__.Logger.exp:
a takes action: peek(['a'])
b takes action: peek(['b'])
a takes action: flip_up(['a', 'c1'])
b takes action: return(['b'])
a takes action: flip_down(['a', 'c1'])
b takes action: stay(['b'])
a takes action: return(['a'])
b takes action: peek(['b'])
a takes action: stay(['a'])
b takes action: return(['b'])
Steps: 10
Time cost: 0.252863s
2025-10-23 13:42:58,945 EXP - __main__.Logger.exp:
a takes action: peek(['a'])
b takes action: peek(['b'])
a takes action: flip_up(['a', 'c1'])
b takes action: return(['b'])
a takes action: flip_down(['a', 'c1'])
b takes action: stay(['b'])
a takes action: return(['a'])
b takes action: peek(['b'])
a takes action: stay(['a'])
b takes action: return(['b'])
Steps: 10
Time cost: 0.251097s
2025-10-23 13:42:59,197 EXP - __main__.Logger.exp:
a takes action: peek(['a'])
b takes action: peek(['b'])
a takes action: flip_up(['a', 'c1'])
b takes action: return(['b'])
a takes action: flip_down(['a', 'c1'])
b takes action: stay(['b'])
a takes action: return(['a'])
b takes action: peek(['b'])
a takes action: stay(['a'])
b takes action: return(['b'])
Steps: 10
Time cost: 0.251195s
2025-10-23 13:42:59,450 EXP - __main__.Logger.exp:
a takes action: peek(['a'])
b takes action: peek(['b'])
a takes action: flip_up(['a', 'c1'])
b takes action: return(['b'])
a takes action: flip_down(['a', 'c1'])
b takes action: stay(['b'])
a takes action: return(['a'])
b takes action: peek(['b'])
a takes action: stay(['a'])
b takes action: return(['b'])
Steps: 10
Time cost: 0.251908s
2025-10-23 13:42:59,702 EXP - __main__.Logger.exp:
a takes action: peek(['a'])
b takes action: peek(['b'])
a takes action: flip_up(['a', 'c1'])
b takes action: return(['b'])
a takes action: flip_down(['a', 'c1'])
b takes action: stay(['b'])
a takes action: return(['a'])
b takes action: peek(['b'])
a takes action: stay(['a'])
b takes action: return(['b'])
Steps: 10
Time cost: 0.251807s
2025-10-23 13:42:59,702 EXP - __main__.Logger.exp:
Avg Steps: 10.0
Avg Time: 0.251166s
