2025-10-23 13:42:39,656 EXP - __main__.Logger.exp:
a takes action: peek(['a'])
b takes action: peek(['b'])
a takes action: flip_up(['a', 'c1'])
b takes action: return(['b'])
a takes action: flip_down(['a', 'c1'])
b takes action: stay(['b'])
a takes action: return(['a'])
b takes action: peek(['b'])
a takes action: stay(['a'])
b takes action: return(['b'])
Steps: 10
Time cost: 0.116727s
2025-10-23 13:42:39,776 EXP - __main__.Logger.exp:
a takes action: peek(['a'])
b takes action: peek(['b'])
a takes action: flip_up(['a', 'c1'])
b takes action: return(['b'])
a takes action: flip_down(['a', 'c1'])
b takes action: stay(['b'])
a takes action: return(['a'])
b takes action: peek(['b'])
a takes action: stay(['a'])
b takes action: return(['b'])
Steps: 10
Time cost: 0.119621s
2025-10-23 13:42:39,897 EXP - __main__.Logger.exp:
a takes action: peek(['a'])
b takes action: peek(['b'])
a takes action: flip_up(['a', 'c1'])
b takes action: return(['b'])
a takes action: flip_down(['a', 'c1'])
b takes action: stay(['b'])
a takes action: return(['a'])
b takes action: peek(['b'])
a takes action: stay(['a'])
b takes action: return(['b'])
Steps: 10
Time cost: 0.120564s
2025-10-23 13:42:40,016 EXP - __main__.Logger.exp:
a takes action: peek(['a'])
b takes action: peek(['b'])
a takes action: flip_up(['a', 'c1'])
b takes action: return(['b'])
a takes action: flip_down(['a', 'c1'])
b takes action: stay(['b'])
a takes action: return(['a'])
b takes action: peek(['b'])
a takes action: stay(['a'])
b takes action: return(['b'])
Steps: 10
Time cost: 0.117982s
2025-10-23 13:42:40,134 EXP - __main__.Logger.exp:
a takes action: peek(['a'])
b takes action: peek(['b'])
a takes action: flip_up(['a', 'c1'])
b takes action: return(['b'])
a takes action: flip_down(['a', 'c1'])
b takes action: stay(['b'])
a takes action: return(['a'])
b takes action: peek(['b'])
a takes action: stay(['a'])
b takes action: return(['b'])
Steps: 10
Time cost: 0.118053s
2025-10-23 13:42:40,253 EXP - __main__.Logger.exp:
a takes action: peek(['a'])
b takes action: peek(['b'])
a takes action: flip_up(['a', 'c1'])
b takes action: return(['b'])
a takes action: flip_down(['a', 'c1'])
b takes action: stay(['b'])
a takes action: return(['a'])
b takes action: peek(['b'])
a takes action: stay(['a'])
b takes action: return(['b'])
Steps: 10
Time cost: 0.118141s
2025-10-23 13:42:40,372 EXP - __main__.Logger.exp:
a takes action: peek(['a'])
b takes action: peek(['b'])
a takes action: flip_up(['a', 'c1'])
b takes action: return(['b'])
a takes action: flip_down(['a', 'c1'])
b takes action: stay(['b'])
a takes action: return(['a'])
b takes action: peek(['b'])
a takes action: stay(['a'])
b takes action: return(['b'])
Steps: 10
Time cost: 0.118994s
2025-10-23 13:42:40,491 EXP - __main__.Logger.exp:
a takes action: peek(['a'])
b takes action: peek(['b'])
a takes action: flip_up(['a', 'c1'])
b takes action: return(['b'])
a takes action: flip_down(['a', 'c1'])
b takes action: stay(['b'])
a takes action: return(['a'])
b takes action: peek(['b'])
a takes action: stay(['a'])
b takes action: return(['b'])
Steps: 10
Time cost: 0.118941s
2025-10-23 13:42:40,612 EXP - __main__.Logger.exp:
a takes action: peek(['a'])
b takes action: peek(['b'])
a takes action: flip_up(['a', 'c1'])
b takes action: return(['b'])
a takes action: flip_down(['a', 'c1'])
b takes action: stay(['b'])
a takes action: return(['a'])
b takes action: peek(['b'])
a takes action: stay(['a'])
b takes action: return(['b'])
Steps: 10
Time cost: 0.119729s
2025-10-23 13:42:40,730 EXP - __main__.Logger.exp:
a takes action: peek(['a'])
b takes action: peek(['b'])
a takes action: flip_up(['a', 'c1'])
b takes action: return(['b'])
a takes action: flip_down(['a', 'c1'])
b takes action: stay(['b'])
a takes action: return(['a'])
b takes action: peek(['b'])
a takes action: stay(['a'])
b takes action: return(['b'])
Steps: 10
Time cost: 0.118354s
2025-10-23 13:42:40,730 EXP - __main__.Logger.exp:
Avg Steps: 10.0
Avg Time: 0.118710s
