2025-10-20 22:00:02,514 EXP - __main__.Logger.exp:
a takes action: stay(['a'])
b takes action: peek(['b'])
a takes action: peek(['a'])
b takes action: return(['b'])
a takes action: return(['a'])
b takes action: peek(['b'])
a takes action: stay(['a'])
b takes action: return(['b'])
a takes action: peek(['a'])
b takes action: peek(['b'])
a takes action: return(['a'])
b takes action: flip_up(['b', 'c1'])
a takes action: peek(['a'])
b takes action: flip_down(['b', 'c1'])
a takes action: stay(['a'])
b takes action: flip_up(['b', 'c1'])
a takes action: stay(['a'])
b takes action: flip_down(['b', 'c1'])
a takes action: flip_up(['a', 'c1'])
b takes action: flip_down(['b', 'c1'])
a takes action: stay(['a'])
b takes action: return(['b'])
a takes action: return(['a'])
b takes action: stay(['b'])
a takes action: stay(['a'])
b takes action: stay(['b'])
a takes action: peek(['a'])
b takes action: peek(['b'])
a takes action: return(['a'])
b takes action: return(['b'])
a takes action: stay(['a'])
b takes action: peek(['b'])
a takes action: peek(['a'])
b takes action: flip_up(['b', 'c1'])
a takes action: stay(['a'])
b takes action: return(['b'])
a takes action: flip_down(['a', 'c1'])
b takes action: stay(['b'])
a takes action: stay(['a'])
b takes action: peek(['b'])
a takes action: flip_up(['a', 'c1'])
b takes action: return(['b'])
a takes action: flip_down(['a', 'c1'])
b takes action: stay(['b'])
a takes action: stay(['a'])
b takes action: stay(['b'])
a takes action: stay(['a'])
b takes action: stay(['b'])
a takes action: stay(['a'])
b takes action: stay(['b'])
a takes action: stay(['a'])
b takes action: peek(['b'])
a takes action: flip_up(['a', 'c1'])
b takes action: stay(['b'])
a takes action: stay(['a'])
b takes action: return(['b'])
a takes action: flip_down(['a', 'c1'])
b takes action: peek(['b'])
a takes action: flip_up(['a', 'c1'])
b takes action: return(['b'])
a takes action: flip_down(['a', 'c1'])
b takes action: stay(['b'])
a takes action: stay(['a'])
b takes action: stay(['b'])
a takes action: stay(['a'])
b takes action: peek(['b'])
a takes action: flip_up(['a', 'c1'])
b takes action: stay(['b'])
a takes action: flip_down(['a', 'c1'])
b takes action: return(['b'])
a takes action: flip_up(['a', 'c1'])
b takes action: peek(['b'])
a takes action: stay(['a'])
b takes action: return(['b'])
a takes action: flip_down(['a', 'c1'])
b takes action: peek(['b'])
a takes action: flip_up(['a', 'c1'])
b takes action: flip_down(['b', 'c1'])
a takes action: flip_up(['a', 'c1'])
b takes action: return(['b'])
a takes action: flip_down(['a', 'c1'])
b takes action: peek(['b'])
a takes action: flip_up(['a', 'c1'])
b takes action: return(['b'])
a takes action: flip_down(['a', 'c1'])
b takes action: peek(['b'])
a takes action: flip_up(['a', 'c1'])
b takes action: stay(['b'])
a takes action: return(['a'])
b takes action: flip_down(['b', 'c1'])
a takes action: peek(['a'])
b takes action: flip_up(['b', 'c1'])
a takes action: flip_down(['a', 'c1'])
b takes action: flip_up(['b', 'c1'])
a takes action: stay(['a'])
b takes action: flip_down(['b', 'c1'])
a takes action: return(['a'])
b takes action: flip_up(['b', 'c1'])
a takes action: peek(['a'])
b takes action: stay(['b'])
a takes action: flip_down(['a', 'c1'])
b takes action: stay(['b'])
a takes action: flip_up(['a', 'c1'])
b takes action: flip_down(['b', 'c1'])
a takes action: flip_up(['a', 'c1'])
b takes action: return(['b'])
a takes action: flip_down(['a', 'c1'])
b takes action: stay(['b'])
a takes action: stay(['a'])
b takes action: peek(['b'])
a takes action: flip_up(['a', 'c1'])
b takes action: flip_down(['b', 'c1'])
a takes action: flip_up(['a', 'c1'])
b takes action: flip_down(['b', 'c1'])
a takes action: stay(['a'])
b takes action: flip_up(['b', 'c1'])
a takes action: flip_down(['a', 'c1'])
b takes action: stay(['b'])
a takes action: stay(['a'])
b takes action: return(['b'])
a takes action: return(['a'])
b takes action: peek(['b'])
a takes action: peek(['a'])
b takes action: flip_up(['b', 'c1'])
a takes action: flip_down(['a', 'c1'])
b takes action: return(['b'])
a takes action: stay(['a'])
b takes action: peek(['b'])
a takes action: flip_up(['a', 'c1'])
b takes action: flip_down(['b', 'c1'])
a takes action: flip_up(['a', 'c1'])
b takes action: stay(['b'])
a takes action: return(['a'])
b takes action: flip_down(['b', 'c1'])
a takes action: peek(['a'])
b takes action: flip_up(['b', 'c1'])
a takes action: return(['a'])
b takes action: flip_down(['b', 'c1'])
a takes action: peek(['a'])
b takes action: flip_up(['b', 'c1'])
a takes action: stay(['a'])
b takes action: flip_down(['b', 'c1'])
a takes action: flip_up(['a', 'c1'])
b takes action: return(['b'])
a takes action: flip_down(['a', 'c1'])
b takes action: stay(['b'])
a takes action: stay(['a'])
b takes action: peek(['b'])
a takes action: flip_up(['a', 'c1'])
b takes action: return(['b'])
a takes action: flip_down(['a', 'c1'])
b takes action: peek(['b'])
a takes action: flip_up(['a', 'c1'])
b takes action: stay(['b'])
a takes action: stay(['a'])
b takes action: stay(['b'])
a takes action: return(['a'])
b takes action: flip_down(['b', 'c1'])
a takes action: stay(['a'])
b takes action: stay(['b'])
a takes action: stay(['a'])
b takes action: stay(['b'])
a takes action: peek(['a'])
b takes action: flip_up(['b', 'c1'])
a takes action: return(['a'])
b takes action: flip_down(['b', 'c1'])
a takes action: stay(['a'])
b takes action: stay(['b'])
a takes action: stay(['a'])
b takes action: stay(['b'])
a takes action: stay(['a'])
b takes action: stay(['b'])
a takes action: stay(['a'])
b takes action: stay(['b'])
a takes action: peek(['a'])
b takes action: flip_up(['b', 'c1'])
a takes action: stay(['a'])
b takes action: flip_down(['b', 'c1'])
a takes action: stay(['a'])
b takes action: flip_up(['b', 'c1'])
a takes action: return(['a'])
b takes action: flip_down(['b', 'c1'])
a takes action: peek(['a'])
b takes action: flip_up(['b', 'c1'])
a takes action: stay(['a'])
b takes action: stay(['b'])
a takes action: stay(['a'])
b takes action: return(['b'])
a takes action: flip_down(['a', 'c1'])
b takes action: peek(['b'])
a takes action: flip_up(['a', 'c1'])
b takes action: return(['b'])
a takes action: flip_down(['a', 'c1'])
b takes action: peek(['b'])
a takes action: flip_up(['a', 'c1'])
b takes action: return(['b'])
a takes action: flip_down(['a', 'c1'])
b takes action: stay(['b'])
a takes action: stay(['a'])
b takes action: peek(['b'])
a takes action: flip_up(['a', 'c1'])
b takes action: stay(['b'])
a takes action: return(['a'])
b takes action: flip_down(['b', 'c1'])
a takes action: peek(['a'])
b takes action: flip_up(['b', 'c1'])
a takes action: return(['a'])
b takes action: flip_down(['b', 'c1'])
a takes action: peek(['a'])
b takes action: flip_up(['b', 'c1'])
a takes action: stay(['a'])
b takes action: stay(['b'])
a takes action: return(['a'])
b takes action: flip_down(['b', 'c1'])
a takes action: peek(['a'])
b takes action: flip_up(['b', 'c1'])
a takes action: flip_down(['a', 'c1'])
b takes action: flip_up(['b', 'c1'])
a takes action: stay(['a'])
b takes action: flip_down(['b', 'c1'])
a takes action: return(['a'])
b takes action: flip_up(['b', 'c1'])
a takes action: peek(['a'])
b takes action: return(['b'])
a takes action: flip_down(['a', 'c1'])
b takes action: peek(['b'])
a takes action: flip_up(['a', 'c1'])
b takes action: return(['b'])
a takes action: flip_down(['a', 'c1'])
b takes action: peek(['b'])
a takes action: flip_up(['a', 'c1'])
b takes action: stay(['b'])
a takes action: flip_down(['a', 'c1'])
b takes action: stay(['b'])
a takes action: flip_up(['a', 'c1'])
b takes action: return(['b'])
a takes action: flip_down(['a', 'c1'])
b takes action: peek(['b'])
a takes action: flip_up(['a', 'c1'])
b takes action: stay(['b'])
a takes action: stay(['a'])
b takes action: return(['b'])
a takes action: flip_down(['a', 'c1'])
b takes action: peek(['b'])
a takes action: flip_up(['a', 'c1'])
b takes action: stay(['b'])
a takes action: flip_down(['a', 'c1'])
b takes action: flip_up(['b', 'c1'])
a takes action: return(['a'])
b takes action: flip_down(['b', 'c1'])
a takes action: peek(['a'])
b takes action: flip_up(['b', 'c1'])
a takes action: stay(['a'])
b takes action: return(['b'])
a takes action: flip_down(['a', 'c1'])
b takes action: peek(['b'])
a takes action: flip_up(['a', 'c1'])
b takes action: stay(['b'])
a takes action: stay(['a'])
b takes action: flip_down(['b', 'c1'])
a takes action: return(['a'])
b takes action: return(['b'])
a takes action: stay(['a'])
b takes action: stay(['b'])
a takes action: stay(['a'])
b takes action: peek(['b'])
a takes action: stay(['a'])
b takes action: flip_up(['b', 'c1'])
a takes action: stay(['a'])
b takes action: return(['b'])
a takes action: stay(['a'])
b takes action: stay(['b'])
a takes action: stay(['a'])
b takes action: stay(['b'])
a takes action: stay(['a'])
b takes action: peek(['b'])
a takes action: stay(['a'])
b takes action: return(['b'])
a takes action: stay(['a'])
b takes action: peek(['b'])
a takes action: peek(['a'])
b takes action: stay(['b'])
a takes action: return(['a'])
b takes action: flip_down(['b', 'c1'])
a takes action: peek(['a'])
b takes action: flip_up(['b', 'c1'])
a takes action: flip_down(['a', 'c1'])
b takes action: stay(['b'])
a takes action: return(['a'])
b takes action: stay(['b'])
a takes action: peek(['a'])
b takes action: flip_up(['b', 'c1'])
a takes action: return(['a'])
b takes action: flip_down(['b', 'c1'])
a takes action: stay(['a'])
b takes action: stay(['b'])
a takes action: stay(['a'])
b takes action: stay(['b'])
a takes action: peek(['a'])
b takes action: flip_up(['b', 'c1'])
a takes action: return(['a'])
b takes action: flip_down(['b', 'c1'])
a takes action: peek(['a'])
b takes action: flip_up(['b', 'c1'])
a takes action: flip_down(['a', 'c1'])
b takes action: stay(['b'])
a takes action: flip_up(['a', 'c1'])
b takes action: flip_down(['b', 'c1'])
a takes action: stay(['a'])
b takes action: flip_up(['b', 'c1'])
a takes action: flip_down(['a', 'c1'])
b takes action: flip_up(['b', 'c1'])
a takes action: stay(['a'])
b takes action: return(['b'])
a takes action: flip_down(['a', 'c1'])
b takes action: peek(['b'])
a takes action: flip_up(['a', 'c1'])
b takes action: return(['b'])
a takes action: flip_down(['a', 'c1'])
b takes action: stay(['b'])
a takes action: stay(['a'])
b takes action: stay(['b'])
a takes action: stay(['a'])
b takes action: stay(['b'])
a takes action: stay(['a'])
b takes action: peek(['b'])
a takes action: flip_up(['a', 'c1'])
b takes action: flip_down(['b', 'c1'])
a takes action: return(['a'])
b takes action: flip_up(['b', 'c1'])
a takes action: stay(['a'])
b takes action: stay(['b'])
a takes action: peek(['a'])
b takes action: stay(['b'])
a takes action: return(['a'])
b takes action: flip_down(['b', 'c1'])
a takes action: stay(['a'])
b takes action: stay(['b'])
a takes action: stay(['a'])
b takes action: stay(['b'])
a takes action: peek(['a'])
b takes action: flip_up(['b', 'c1'])
a takes action: stay(['a'])
b takes action: flip_down(['b', 'c1'])
a takes action: return(['a'])
b takes action: return(['b'])
a takes action: stay(['a'])
b takes action: peek(['b'])
a takes action: stay(['a'])
b takes action: stay(['b'])
a takes action: peek(['a'])
b takes action: flip_up(['b', 'c1'])
a takes action: return(['a'])
b takes action: flip_down(['b', 'c1'])
a takes action: peek(['a'])
b takes action: flip_up(['b', 'c1'])
a takes action: stay(['a'])
b takes action: flip_down(['b', 'c1'])
a takes action: flip_up(['a', 'c1'])
b takes action: return(['b'])
a takes action: flip_down(['a', 'c1'])
b takes action: peek(['b'])
a takes action: flip_up(['a', 'c1'])
b takes action: return(['b'])
a takes action: flip_down(['a', 'c1'])
b takes action: peek(['b'])
a takes action: flip_up(['a', 'c1'])
b takes action: flip_down(['b', 'c1'])
a takes action: stay(['a'])
b takes action: flip_up(['b', 'c1'])
a takes action: stay(['a'])
b takes action: flip_down(['b', 'c1'])
a takes action: stay(['a'])
b takes action: stay(['b'])
a takes action: flip_up(['a', 'c1'])
b takes action: return(['b'])
a takes action: flip_down(['a', 'c1'])
b takes action: stay(['b'])
a takes action: stay(['a'])
b takes action: stay(['b'])
a takes action: stay(['a'])
b takes action: stay(['b'])
a takes action: stay(['a'])
b takes action: stay(['b'])
a takes action: stay(['a'])
b takes action: stay(['b'])
a takes action: stay(['a'])
b takes action: peek(['b'])
a takes action: flip_up(['a', 'c1'])
b takes action: flip_down(['b', 'c1'])
a takes action: stay(['a'])
b takes action: return(['b'])
a takes action: stay(['a'])
b takes action: peek(['b'])
a takes action: flip_up(['a', 'c1'])
b takes action: flip_down(['b', 'c1'])
a takes action: flip_up(['a', 'c1'])
b takes action: flip_down(['b', 'c1'])
a takes action: stay(['a'])
b takes action: return(['b'])
a takes action: flip_up(['a', 'c1'])
b takes action: peek(['b'])
a takes action: flip_down(['a', 'c1'])
b takes action: return(['b'])
a takes action: return(['a'])
b takes action: peek(['b'])
a takes action: peek(['a'])
b takes action: stay(['b'])
a takes action: flip_up(['a', 'c1'])
b takes action: flip_down(['b', 'c1'])
a takes action: stay(['a'])
b takes action: stay(['b'])
a takes action: return(['a'])
b takes action: stay(['b'])
a takes action: peek(['a'])
b takes action: flip_up(['b', 'c1'])
a takes action: flip_down(['a', 'c1'])
b takes action: return(['b'])
a takes action: return(['a'])
b takes action: peek(['b'])
a takes action: stay(['a'])
b takes action: return(['b'])
a takes action: stay(['a'])
b takes action: stay(['b'])
a takes action: stay(['a'])
b takes action: peek(['b'])
a takes action: stay(['a'])
b takes action: flip_up(['b', 'c1'])
a takes action: stay(['a'])
b takes action: return(['b'])
a takes action: peek(['a'])
b takes action: stay(['b'])
a takes action: return(['a'])
b takes action: stay(['b'])
a takes action: stay(['a'])
b takes action: peek(['b'])
a takes action: stay(['a'])
b takes action: flip_down(['b', 'c1'])
a takes action: stay(['a'])
b takes action: flip_up(['b', 'c1'])
a takes action: peek(['a'])
b takes action: return(['b'])
a takes action: flip_down(['a', 'c1'])
b takes action: peek(['b'])
a takes action: flip_up(['a', 'c1'])
b takes action: return(['b'])
a takes action: flip_down(['a', 'c1'])
b takes action: stay(['b'])
a takes action: stay(['a'])
b takes action: stay(['b'])
a takes action: stay(['a'])
b takes action: peek(['b'])
a takes action: flip_up(['a', 'c1'])
b takes action: return(['b'])
a takes action: flip_down(['a', 'c1'])
b takes action: stay(['b'])
a takes action: stay(['a'])
b takes action: stay(['b'])
a takes action: stay(['a'])
b takes action: peek(['b'])
a takes action: flip_up(['a', 'c1'])
b takes action: flip_down(['b', 'c1'])
a takes action: return(['a'])
b takes action: return(['b'])
a takes action: peek(['a'])
b takes action: peek(['b'])
a takes action: stay(['a'])
b takes action: return(['b'])
a takes action: stay(['a'])
b takes action: peek(['b'])
a takes action: stay(['a'])
b takes action: flip_up(['b', 'c1'])
a takes action: stay(['a'])
b takes action: flip_down(['b', 'c1'])
a takes action: stay(['a'])
b takes action: flip_up(['b', 'c1'])
a takes action: return(['a'])
b takes action: flip_down(['b', 'c1'])
a takes action: peek(['a'])
b takes action: flip_up(['b', 'c1'])
a takes action: return(['a'])
b takes action: flip_down(['b', 'c1'])
a takes action: peek(['a'])
b takes action: flip_up(['b', 'c1'])
a takes action: stay(['a'])
b takes action: flip_down(['b', 'c1'])
a takes action: return(['a'])
b takes action: stay(['b'])
a takes action: stay(['a'])
b takes action: stay(['b'])
a takes action: peek(['a'])
b takes action: stay(['b'])
a takes action: return(['a'])
b takes action: stay(['b'])
a takes action: stay(['a'])
b takes action: return(['b'])
a takes action: peek(['a'])
b takes action: peek(['b'])
a takes action: return(['a'])
b takes action: stay(['b'])

