2025-10-24 12:06:36,084 EXP - __main__.Logger.exp:
a takes action: lying_own_secret(['a', 'as'])
b takes action: sharing_stay(['b'])
a takes action: quiet(['a', 'as'])
b takes action: move_right(['b'])
a takes action: sharing_own_secret(['a', 'as'])
Steps: 5
Time cost: 0.028121s
2025-10-24 12:06:36,123 EXP - __main__.Logger.exp:
a takes action: lying_own_secret(['a', 'as'])
b takes action: sharing_stay(['b'])
a takes action: quiet(['a', 'as'])
b takes action: sharing_others_secret(['b', 'as'])
a takes action: sharing_stay(['a'])
b takes action: quiet(['b', 'as'])
a takes action: move_right(['a'])
b takes action: normal_stay(['b'])
a takes action: sharing_own_secret(['a', 'as'])
Steps: 9
Time cost: 0.037948s
2025-10-24 12:06:36,178 EXP - __main__.Logger.exp:
a takes action: lying_own_secret(['a', 'as'])
b takes action: sharing_stay(['b'])
a takes action: quiet(['a', 'as'])
b takes action: normal_stay(['b'])
a takes action: move_right(['a'])
b takes action: move_right(['b'])
a takes action: move_left(['a'])
b takes action: move_left(['b'])
a takes action: move_right(['a'])
b takes action: sharing_others_secret(['b', 'as'])
a takes action: sharing_stay(['a'])
b takes action: quiet(['b', 'as'])
a takes action: sharing_own_secret(['a', 'as'])
Steps: 13
Time cost: 0.053825s
2025-10-24 12:06:36,178 EXP - __main__.Logger.exp:
Avg Steps: 9.0
Avg Time: 0.039965s
