2025-10-23 14:50:18,785 EXP - __main__.Logger.exp:
a takes action: pick_up(['a', 'o1'])
b takes action: move_right_without_item(['b'])
c takes action: move_right_without_item(['c'])
d takes action: stay(['d'])
a takes action: drop_item(['a', 'o1'])
Steps: 5
Time cost: 0.720463s
2025-10-23 14:50:19,511 EXP - __main__.Logger.exp:
a takes action: pick_up(['a', 'o1'])
b takes action: move_right_without_item(['b'])
c takes action: move_right_without_item(['c'])
d takes action: stay(['d'])
a takes action: drop_item(['a', 'o1'])
Steps: 5
Time cost: 0.724782s
2025-10-23 14:50:20,232 EXP - __main__.Logger.exp:
a takes action: pick_up(['a', 'o1'])
b takes action: move_right_without_item(['b'])
c takes action: move_right_without_item(['c'])
d takes action: stay(['d'])
a takes action: drop_item(['a', 'o1'])
Steps: 5
Time cost: 0.720764s
2025-10-23 14:50:20,958 EXP - __main__.Logger.exp:
a takes action: pick_up(['a', 'o1'])
b takes action: move_right_without_item(['b'])
c takes action: move_right_without_item(['c'])
d takes action: stay(['d'])
a takes action: drop_item(['a', 'o1'])
Steps: 5
Time cost: 0.724973s
2025-10-23 14:50:21,683 EXP - __main__.Logger.exp:
a takes action: pick_up(['a', 'o1'])
b takes action: move_right_without_item(['b'])
c takes action: move_right_without_item(['c'])
d takes action: stay(['d'])
a takes action: drop_item(['a', 'o1'])
Steps: 5
Time cost: 0.723516s
2025-10-23 14:50:21,683 EXP - __main__.Logger.exp:
Avg Steps: 5.0
Avg Time: 0.722899s
