2025-10-23 14:50:18,150 EXP - __main__.Logger.exp:
a takes action: pick_up(['a', 'o1'])
b takes action: stay(['b'])
c takes action: stay(['c'])
d takes action: stay(['d'])
a takes action: move_right_with_item(['a', 'o1'])
b takes action: stay(['b'])
c takes action: stay(['c'])
d takes action: stay(['d'])
a takes action: drop_item(['a', 'o1'])
b takes action: stay(['b'])
c takes action: stay(['c'])
d takes action: move_right_without_item(['d'])
Steps: 12
Time cost: 0.087486s
2025-10-23 14:50:18,221 EXP - __main__.Logger.exp:
a takes action: pick_up(['a', 'o1'])
b takes action: stay(['b'])
c takes action: stay(['c'])
d takes action: stay(['d'])
a takes action: move_right_with_item(['a', 'o1'])
b takes action: stay(['b'])
c takes action: stay(['c'])
d takes action: move_right_without_item(['d'])
a takes action: drop_item(['a', 'o1'])
Steps: 9
Time cost: 0.070302s
2025-10-23 14:50:18,332 EXP - __main__.Logger.exp:
a takes action: pick_up(['a', 'o1'])
b takes action: stay(['b'])
c takes action: stay(['c'])
d takes action: move_right_without_item(['d'])
a takes action: move_right_with_item(['a', 'o1'])
b takes action: stay(['b'])
c takes action: stay(['c'])
d takes action: move_left_without_item(['d'])
a takes action: drop_item(['a', 'o1'])
b takes action: stay(['b'])
c takes action: stay(['c'])
d takes action: stay(['d'])
a takes action: stay(['a'])
b takes action: stay(['b'])
c takes action: stay(['c'])
d takes action: move_right_without_item(['d'])
Steps: 16
Time cost: 0.109461s
2025-10-23 14:50:18,469 EXP - __main__.Logger.exp:
a takes action: pick_up(['a', 'o1'])
b takes action: stay(['b'])
c takes action: stay(['c'])
d takes action: stay(['d'])
a takes action: move_right_with_item(['a', 'o1'])
b takes action: stay(['b'])
c takes action: stay(['c'])
d takes action: stay(['d'])
a takes action: drop_item(['a', 'o1'])
b takes action: stay(['b'])
c takes action: stay(['c'])
d takes action: stay(['d'])
a takes action: stay(['a'])
b takes action: stay(['b'])
c takes action: stay(['c'])
d takes action: stay(['d'])
a takes action: stay(['a'])
b takes action: stay(['b'])
c takes action: stay(['c'])
d takes action: move_right_without_item(['d'])
Steps: 20
Time cost: 0.136621s
2025-10-23 14:50:18,540 EXP - __main__.Logger.exp:
a takes action: pick_up(['a', 'o1'])
b takes action: stay(['b'])
c takes action: stay(['c'])
d takes action: move_right_without_item(['d'])
a takes action: move_right_with_item(['a', 'o1'])
b takes action: stay(['b'])
c takes action: stay(['c'])
d takes action: stay(['d'])
a takes action: drop_item(['a', 'o1'])
Steps: 9
Time cost: 0.070402s
2025-10-23 14:50:18,541 EXP - __main__.Logger.exp:
Avg Steps: 13.2
Avg Time: 0.094854s
