2025-10-23 21:51:52,879 EXP - __main__.Logger.exp:
a takes action: sharing_own_secret(['a', 'as'])
b takes action: sharing_stay(['b'])
a takes action: quiet(['a', 'as'])
b takes action: sharing_own_secret(['b', 'bs'])
Steps: 4
Time cost: 0.206216s
2025-10-23 21:51:53,037 EXP - __main__.Logger.exp:
a takes action: sharing_own_secret(['a', 'as'])
b takes action: sharing_stay(['b'])
a takes action: quiet(['a', 'as'])
b takes action: sharing_own_secret(['b', 'bs'])
Steps: 4
Time cost: 0.156601s
2025-10-23 21:51:53,194 EXP - __main__.Logger.exp:
a takes action: sharing_own_secret(['a', 'as'])
b takes action: sharing_stay(['b'])
a takes action: quiet(['a', 'as'])
b takes action: sharing_own_secret(['b', 'bs'])
Steps: 4
Time cost: 0.156192s
2025-10-23 21:51:53,194 EXP - __main__.Logger.exp:
Avg Steps: 4.0
Avg Time: 0.173003s
