2025-10-22 16:49:54,447 EXP - __main__.Logger.exp:
a takes action: stay(['a'])
b takes action: move_right_without_item(['b'])
a takes action: pick_up(['a', 'i'])
Steps: 3
Time cost: 0.070674s
2025-10-22 16:49:54,519 EXP - __main__.Logger.exp:
a takes action: stay(['a'])
b takes action: move_right_without_item(['b'])
a takes action: pick_up(['a', 'i'])
Steps: 3
Time cost: 0.070788s
2025-10-22 16:49:54,591 EXP - __main__.Logger.exp:
a takes action: stay(['a'])
b takes action: move_right_without_item(['b'])
a takes action: pick_up(['a', 'i'])
Steps: 3
Time cost: 0.071814s
2025-10-22 16:49:54,592 EXP - __main__.Logger.exp:
Avg Steps: 3.0
Avg Time: 0.071092s
