2025-10-23 17:17:49,100 EXP - __main__.Logger.exp:
a takes action: sharing_own_secret(['a', 'as'])
b takes action: sharing_stay(['b'])
c takes action: sharing_stay(['c'])
d takes action: sharing_stay(['d'])
a takes action: quiet(['a', 'as'])
b takes action: normal_stay(['b'])
c takes action: normal_stay(['c'])
d takes action: normal_stay(['d'])
a takes action: lying_own_secret(['a', 'as'])
b takes action: sharing_stay(['b'])
c takes action: sharing_stay(['c'])
d takes action: sharing_stay(['d'])
a takes action: quiet(['a', 'as'])
b takes action: normal_stay(['b'])
c takes action: move_right(['c'])
d takes action: normal_stay(['d'])
a takes action: sharing_own_secret(['a', 'as'])
b takes action: sharing_stay(['b'])
c takes action: sharing_stay(['c'])
d takes action: sharing_stay(['d'])
a takes action: quiet(['a', 'as'])
b takes action: move_right(['b'])
c takes action: sharing_others_secret(['c', 'as'])
d takes action: sharing_stay(['d'])
a takes action: sharing_stay(['a'])
b takes action: sharing_stay(['b'])
c takes action: quiet(['c', 'as'])
d takes action: normal_stay(['d'])
a takes action: sharing_own_secret(['a', 'as'])
b takes action: sharing_stay(['b'])
c takes action: sharing_stay(['c'])
d takes action: sharing_stay(['d'])
a takes action: quiet(['a', 'as'])
b takes action: move_left(['b'])
c takes action: normal_stay(['c'])
d takes action: normal_stay(['d'])
a takes action: normal_stay(['a'])
b takes action: normal_stay(['b'])
c takes action: normal_stay(['c'])
d takes action: normal_stay(['d'])
a takes action: lying_own_secret(['a', 'as'])
b takes action: sharing_stay(['b'])
c takes action: sharing_stay(['c'])
d takes action: sharing_stay(['d'])
a takes action: quiet(['a', 'as'])
b takes action: normal_stay(['b'])
c takes action: sharing_others_secret(['c', 'as'])
d takes action: sharing_stay(['d'])
a takes action: sharing_stay(['a'])
b takes action: sharing_stay(['b'])
c takes action: quiet(['c', 'as'])
d takes action: normal_stay(['d'])
a takes action: sharing_own_secret(['a', 'as'])
b takes action: sharing_stay(['b'])
c takes action: sharing_stay(['c'])
d takes action: sharing_stay(['d'])
a takes action: quiet(['a', 'as'])
b takes action: move_right(['b'])
c takes action: move_left(['c'])
d takes action: normal_stay(['d'])
a takes action: normal_stay(['a'])
b takes action: sharing_others_secret(['b', 'as'])
c takes action: sharing_stay(['c'])
d takes action: sharing_stay(['d'])
a takes action: sharing_stay(['a'])
b takes action: quiet(['b', 'as'])
c takes action: sharing_others_secret(['c', 'as'])
d takes action: sharing_stay(['d'])
a takes action: sharing_stay(['a'])
b takes action: sharing_stay(['b'])
c takes action: quiet(['c', 'as'])
d takes action: move_right(['d'])
a takes action: sharing_own_secret(['a', 'as'])
b takes action: sharing_stay(['b'])
c takes action: sharing_stay(['c'])
d takes action: sharing_stay(['d'])
a takes action: quiet(['a', 'as'])
b takes action: normal_stay(['b'])
c takes action: move_right(['c'])
d takes action: move_left(['d'])
a takes action: sharing_own_secret(['a', 'as'])
b takes action: sharing_stay(['b'])
c takes action: sharing_stay(['c'])
d takes action: sharing_stay(['d'])
a takes action: quiet(['a', 'as'])
b takes action: normal_stay(['b'])
c takes action: move_left(['c'])
d takes action: normal_stay(['d'])
a takes action: move_right(['a'])
b takes action: move_left(['b'])
c takes action: move_right(['c'])
d takes action: move_right(['d'])
a takes action: normal_stay(['a'])
b takes action: normal_stay(['b'])
c takes action: move_left(['c'])
d takes action: normal_stay(['d'])
a takes action: move_left(['a'])
b takes action: normal_stay(['b'])
c takes action: normal_stay(['c'])
d takes action: move_left(['d'])
a takes action: lying_own_secret(['a', 'as'])
b takes action: sharing_stay(['b'])
c takes action: sharing_stay(['c'])
d takes action: sharing_stay(['d'])
a takes action: quiet(['a', 'as'])
b takes action: normal_stay(['b'])
c takes action: normal_stay(['c'])
d takes action: move_right(['d'])
a takes action: sharing_own_secret(['a', 'as'])
b takes action: sharing_stay(['b'])
c takes action: sharing_stay(['c'])
d takes action: sharing_stay(['d'])
a takes action: quiet(['a', 'as'])
b takes action: normal_stay(['b'])
c takes action: move_right(['c'])
d takes action: sharing_others_secret(['d', 'as'])
Steps: 116
Time cost: 6.002249s
2025-10-23 17:18:28,726 EXP - __main__.Logger.exp:
a takes action: sharing_own_secret(['a', 'as'])
b takes action: sharing_stay(['b'])
c takes action: sharing_stay(['c'])
d takes action: sharing_stay(['d'])
a takes action: quiet(['a', 'as'])
b takes action: move_right(['b'])
c takes action: normal_stay(['c'])
d takes action: normal_stay(['d'])
a takes action: sharing_own_secret(['a', 'as'])
b takes action: sharing_stay(['b'])
c takes action: sharing_stay(['c'])
d takes action: sharing_stay(['d'])
a takes action: quiet(['a', 'as'])
b takes action: normal_stay(['b'])
c takes action: normal_stay(['c'])
d takes action: normal_stay(['d'])
a takes action: move_right(['a'])
b takes action: normal_stay(['b'])
c takes action: move_right(['c'])
d takes action: move_right(['d'])
a takes action: move_left(['a'])
b takes action: move_left(['b'])
c takes action: move_left(['c'])
d takes action: move_left(['d'])
a takes action: normal_stay(['a'])
b takes action: sharing_others_secret(['b', 'as'])
c takes action: sharing_stay(['c'])
d takes action: sharing_stay(['d'])
a takes action: sharing_stay(['a'])
b takes action: quiet(['b', 'as'])
c takes action: normal_stay(['c'])
d takes action: normal_stay(['d'])
a takes action: sharing_own_secret(['a', 'as'])
b takes action: sharing_stay(['b'])
c takes action: sharing_stay(['c'])
d takes action: sharing_stay(['d'])
a takes action: quiet(['a', 'as'])
b takes action: move_right(['b'])
c takes action: normal_stay(['c'])
d takes action: normal_stay(['d'])
a takes action: lying_own_secret(['a', 'as'])
b takes action: sharing_stay(['b'])
c takes action: sharing_stay(['c'])
d takes action: sharing_stay(['d'])
a takes action: quiet(['a', 'as'])
b takes action: normal_stay(['b'])
c takes action: sharing_others_secret(['c', 'as'])
d takes action: sharing_stay(['d'])
a takes action: sharing_stay(['a'])
b takes action: sharing_stay(['b'])
c takes action: quiet(['c', 'as'])
d takes action: sharing_others_secret(['d', 'as'])
a takes action: sharing_stay(['a'])
b takes action: sharing_stay(['b'])
c takes action: sharing_stay(['c'])
d takes action: quiet(['d', 'as'])
a takes action: sharing_own_secret(['a', 'as'])
b takes action: sharing_stay(['b'])
c takes action: sharing_stay(['c'])
d takes action: sharing_stay(['d'])
a takes action: quiet(['a', 'as'])
b takes action: normal_stay(['b'])
c takes action: normal_stay(['c'])
d takes action: normal_stay(['d'])
a takes action: move_right(['a'])
b takes action: normal_stay(['b'])
c takes action: move_right(['c'])
d takes action: move_right(['d'])
a takes action: move_left(['a'])
b takes action: move_left(['b'])
c takes action: move_left(['c'])
d takes action: move_left(['d'])
a takes action: normal_stay(['a'])
b takes action: sharing_others_secret(['b', 'as'])
c takes action: sharing_stay(['c'])
d takes action: sharing_stay(['d'])
a takes action: sharing_stay(['a'])
b takes action: quiet(['b', 'as'])
c takes action: normal_stay(['c'])
d takes action: normal_stay(['d'])
a takes action: normal_stay(['a'])
b takes action: move_right(['b'])
c takes action: normal_stay(['c'])
d takes action: normal_stay(['d'])
a takes action: move_right(['a'])
b takes action: sharing_others_secret(['b', 'as'])
c takes action: sharing_stay(['c'])
d takes action: sharing_stay(['d'])
a takes action: sharing_stay(['a'])
b takes action: quiet(['b', 'as'])
c takes action: move_right(['c'])
d takes action: move_right(['d'])
a takes action: normal_stay(['a'])
b takes action: normal_stay(['b'])
c takes action: normal_stay(['c'])
d takes action: normal_stay(['d'])
a takes action: lying_own_secret(['a', 'as'])
b takes action: sharing_stay(['b'])
c takes action: sharing_stay(['c'])
d takes action: sharing_stay(['d'])
a takes action: quiet(['a', 'as'])
b takes action: normal_stay(['b'])
c takes action: sharing_others_secret(['c', 'as'])
d takes action: sharing_stay(['d'])
a takes action: sharing_stay(['a'])
b takes action: sharing_stay(['b'])
c takes action: quiet(['c', 'as'])
d takes action: sharing_others_secret(['d', 'as'])
a takes action: sharing_stay(['a'])
b takes action: sharing_stay(['b'])
c takes action: sharing_stay(['c'])
d takes action: quiet(['d', 'as'])
a takes action: sharing_own_secret(['a', 'as'])
b takes action: sharing_stay(['b'])
c takes action: sharing_stay(['c'])
d takes action: sharing_stay(['d'])
a takes action: quiet(['a', 'as'])
b takes action: sharing_others_secret(['b', 'as'])
c takes action: sharing_stay(['c'])
d takes action: sharing_stay(['d'])
a takes action: sharing_stay(['a'])
b takes action: quiet(['b', 'as'])
c takes action: normal_stay(['c'])
d takes action: normal_stay(['d'])
a takes action: sharing_own_secret(['a', 'as'])
b takes action: sharing_stay(['b'])
c takes action: sharing_stay(['c'])
d takes action: sharing_stay(['d'])
a takes action: quiet(['a', 'as'])
b takes action: sharing_others_secret(['b', 'as'])
c takes action: sharing_stay(['c'])
d takes action: sharing_stay(['d'])
a takes action: sharing_stay(['a'])
b takes action: quiet(['b', 'as'])
c takes action: normal_stay(['c'])
d takes action: normal_stay(['d'])
a takes action: sharing_own_secret(['a', 'as'])
b takes action: sharing_stay(['b'])
c takes action: sharing_stay(['c'])
d takes action: sharing_stay(['d'])
a takes action: quiet(['a', 'as'])
b takes action: move_left(['b'])
c takes action: normal_stay(['c'])
d takes action: normal_stay(['d'])
a takes action: move_left(['a'])
b takes action: normal_stay(['b'])
c takes action: move_left(['c'])
d takes action: move_left(['d'])
a takes action: move_right(['a'])
b takes action: move_right(['b'])
c takes action: move_right(['c'])
d takes action: move_right(['d'])
a takes action: normal_stay(['a'])
b takes action: normal_stay(['b'])
c takes action: normal_stay(['c'])
d takes action: normal_stay(['d'])
a takes action: move_left(['a'])
b takes action: sharing_others_secret(['b', 'as'])
c takes action: sharing_stay(['c'])
d takes action: sharing_stay(['d'])
a takes action: sharing_stay(['a'])
b takes action: quiet(['b', 'as'])
c takes action: move_left(['c'])
d takes action: move_left(['d'])
a takes action: normal_stay(['a'])
b takes action: sharing_others_secret(['b', 'as'])
c takes action: sharing_stay(['c'])
d takes action: sharing_stay(['d'])
a takes action: sharing_stay(['a'])
b takes action: quiet(['b', 'as'])
c takes action: normal_stay(['c'])
d takes action: normal_stay(['d'])
a takes action: lying_own_secret(['a', 'as'])
b takes action: sharing_stay(['b'])
c takes action: sharing_stay(['c'])
d takes action: sharing_stay(['d'])
a takes action: quiet(['a', 'as'])
b takes action: sharing_others_secret(['b', 'as'])
c takes action: sharing_stay(['c'])
d takes action: sharing_stay(['d'])
a takes action: sharing_stay(['a'])
b takes action: quiet(['b', 'as'])
c takes action: normal_stay(['c'])
d takes action: sharing_others_secret(['d', 'as'])
a takes action: sharing_stay(['a'])
b takes action: sharing_stay(['b'])
c takes action: sharing_stay(['c'])
d takes action: quiet(['d', 'as'])
a takes action: sharing_own_secret(['a', 'as'])
b takes action: sharing_stay(['b'])
c takes action: sharing_stay(['c'])
d takes action: sharing_stay(['d'])
a takes action: quiet(['a', 'as'])
b takes action: move_left(['b'])
c takes action: normal_stay(['c'])
d takes action: normal_stay(['d'])
a takes action: lying_own_secret(['a', 'as'])
b takes action: sharing_stay(['b'])
c takes action: sharing_stay(['c'])
d takes action: sharing_stay(['d'])
a takes action: quiet(['a', 'as'])
b takes action: normal_stay(['b'])
c takes action: normal_stay(['c'])
d takes action: normal_stay(['d'])
a takes action: sharing_own_secret(['a', 'as'])
b takes action: sharing_stay(['b'])
c takes action: sharing_stay(['c'])
d takes action: sharing_stay(['d'])
a takes action: quiet(['a', 'as'])
b takes action: sharing_others_secret(['b', 'as'])
c takes action: sharing_stay(['c'])
d takes action: sharing_stay(['d'])
a takes action: sharing_stay(['a'])
b takes action: quiet(['b', 'as'])
c takes action: normal_stay(['c'])
d takes action: normal_stay(['d'])
a takes action: move_right(['a'])
b takes action: move_right(['b'])
c takes action: move_right(['c'])
d takes action: move_right(['d'])
a takes action: sharing_own_secret(['a', 'as'])
b takes action: sharing_stay(['b'])
c takes action: sharing_stay(['c'])
d takes action: sharing_stay(['d'])
a takes action: quiet(['a', 'as'])
b takes action: sharing_others_secret(['b', 'as'])
c takes action: sharing_stay(['c'])
d takes action: sharing_stay(['d'])
a takes action: sharing_stay(['a'])
b takes action: quiet(['b', 'as'])
c takes action: normal_stay(['c'])
d takes action: normal_stay(['d'])
a takes action: lying_own_secret(['a', 'as'])
b takes action: sharing_stay(['b'])
c takes action: sharing_stay(['c'])
d takes action: sharing_stay(['d'])
a takes action: quiet(['a', 'as'])
b takes action: normal_stay(['b'])
c takes action: normal_stay(['c'])
d takes action: sharing_others_secret(['d', 'as'])
a takes action: sharing_stay(['a'])
b takes action: sharing_stay(['b'])
c takes action: sharing_stay(['c'])
d takes action: quiet(['d', 'as'])
a takes action: sharing_own_secret(['a', 'as'])
b takes action: sharing_stay(['b'])
c takes action: sharing_stay(['c'])
d takes action: sharing_stay(['d'])
a takes action: quiet(['a', 'as'])
b takes action: move_left(['b'])
c takes action: normal_stay(['c'])
d takes action: normal_stay(['d'])
a takes action: lying_own_secret(['a', 'as'])
b takes action: sharing_stay(['b'])
c takes action: sharing_stay(['c'])
d takes action: sharing_stay(['d'])
a takes action: quiet(['a', 'as'])
b takes action: normal_stay(['b'])
c takes action: normal_stay(['c'])
d takes action: sharing_others_secret(['d', 'as'])
a takes action: sharing_stay(['a'])
b takes action: sharing_stay(['b'])
c takes action: sharing_stay(['c'])
d takes action: quiet(['d', 'as'])
a takes action: sharing_own_secret(['a', 'as'])
b takes action: sharing_stay(['b'])
c takes action: sharing_stay(['c'])
d takes action: sharing_stay(['d'])
a takes action: quiet(['a', 'as'])
b takes action: normal_stay(['b'])
c takes action: normal_stay(['c'])
d takes action: normal_stay(['d'])
a takes action: normal_stay(['a'])
b takes action: normal_stay(['b'])
c takes action: normal_stay(['c'])
d takes action: normal_stay(['d'])
a takes action: lying_own_secret(['a', 'as'])
b takes action: sharing_stay(['b'])
c takes action: sharing_stay(['c'])
d takes action: sharing_stay(['d'])
a takes action: quiet(['a', 'as'])
b takes action: move_right(['b'])
c takes action: sharing_others_secret(['c', 'as'])
d takes action: sharing_stay(['d'])
a takes action: sharing_stay(['a'])
b takes action: sharing_stay(['b'])
c takes action: quiet(['c', 'as'])
d takes action: normal_stay(['d'])
a takes action: sharing_own_secret(['a', 'as'])
b takes action: sharing_stay(['b'])
c takes action: sharing_stay(['c'])
d takes action: sharing_stay(['d'])
a takes action: quiet(['a', 'as'])
b takes action: sharing_others_secret(['b', 'as'])
c takes action: sharing_stay(['c'])
d takes action: sharing_stay(['d'])
a takes action: sharing_stay(['a'])
b takes action: quiet(['b', 'as'])
c takes action: normal_stay(['c'])
d takes action: normal_stay(['d'])
a takes action: lying_own_secret(['a', 'as'])
b takes action: sharing_stay(['b'])
c takes action: sharing_stay(['c'])
d takes action: sharing_stay(['d'])
a takes action: quiet(['a', 'as'])
b takes action: normal_stay(['b'])
c takes action: move_left(['c'])
d takes action: move_left(['d'])
a takes action: sharing_own_secret(['a', 'as'])
Steps: 309
Time cost: 39.624406s
2025-10-23 17:18:33,299 EXP - __main__.Logger.exp:
a takes action: sharing_own_secret(['a', 'as'])
b takes action: sharing_stay(['b'])
c takes action: sharing_stay(['c'])
d takes action: sharing_stay(['d'])
a takes action: quiet(['a', 'as'])
b takes action: sharing_others_secret(['b', 'as'])
c takes action: sharing_stay(['c'])
d takes action: sharing_stay(['d'])
a takes action: sharing_stay(['a'])
b takes action: quiet(['b', 'as'])
c takes action: normal_stay(['c'])
d takes action: normal_stay(['d'])
a takes action: normal_stay(['a'])
b takes action: move_right(['b'])
c takes action: normal_stay(['c'])
d takes action: normal_stay(['d'])
a takes action: move_right(['a'])
b takes action: sharing_others_secret(['b', 'as'])
c takes action: sharing_stay(['c'])
d takes action: sharing_stay(['d'])
a takes action: sharing_stay(['a'])
b takes action: quiet(['b', 'as'])
c takes action: move_right(['c'])
d takes action: move_right(['d'])
a takes action: lying_own_secret(['a', 'as'])
b takes action: sharing_stay(['b'])
c takes action: sharing_stay(['c'])
d takes action: sharing_stay(['d'])
a takes action: quiet(['a', 'as'])
b takes action: normal_stay(['b'])
c takes action: move_left(['c'])
d takes action: normal_stay(['d'])
a takes action: sharing_own_secret(['a', 'as'])
b takes action: sharing_stay(['b'])
c takes action: sharing_stay(['c'])
d takes action: sharing_stay(['d'])
a takes action: quiet(['a', 'as'])
b takes action: sharing_others_secret(['b', 'as'])
c takes action: sharing_stay(['c'])
d takes action: sharing_stay(['d'])
a takes action: sharing_stay(['a'])
b takes action: quiet(['b', 'as'])
c takes action: sharing_others_secret(['c', 'as'])
d takes action: sharing_stay(['d'])
a takes action: sharing_stay(['a'])
b takes action: sharing_stay(['b'])
c takes action: quiet(['c', 'as'])
d takes action: normal_stay(['d'])
a takes action: normal_stay(['a'])
b takes action: normal_stay(['b'])
c takes action: sharing_others_secret(['c', 'as'])
d takes action: sharing_stay(['d'])
a takes action: sharing_stay(['a'])
b takes action: sharing_stay(['b'])
c takes action: quiet(['c', 'as'])
d takes action: normal_stay(['d'])
a takes action: normal_stay(['a'])
b takes action: sharing_others_secret(['b', 'as'])
c takes action: sharing_stay(['c'])
d takes action: sharing_stay(['d'])
a takes action: sharing_stay(['a'])
b takes action: quiet(['b', 'as'])
c takes action: sharing_others_secret(['c', 'as'])
d takes action: sharing_stay(['d'])
a takes action: sharing_stay(['a'])
b takes action: sharing_stay(['b'])
c takes action: quiet(['c', 'as'])
d takes action: normal_stay(['d'])
a takes action: normal_stay(['a'])
b takes action: normal_stay(['b'])
c takes action: move_right(['c'])
d takes action: normal_stay(['d'])
a takes action: normal_stay(['a'])
b takes action: move_left(['b'])
c takes action: move_left(['c'])
d takes action: normal_stay(['d'])
a takes action: sharing_own_secret(['a', 'as'])
b takes action: sharing_stay(['b'])
c takes action: sharing_stay(['c'])
d takes action: sharing_stay(['d'])
a takes action: quiet(['a', 'as'])
b takes action: sharing_others_secret(['b', 'as'])
c takes action: sharing_stay(['c'])
d takes action: sharing_stay(['d'])
a takes action: sharing_stay(['a'])
b takes action: quiet(['b', 'as'])
c takes action: move_right(['c'])
d takes action: normal_stay(['d'])
a takes action: sharing_own_secret(['a', 'as'])
b takes action: sharing_stay(['b'])
c takes action: sharing_stay(['c'])
d takes action: sharing_stay(['d'])
a takes action: quiet(['a', 'as'])
b takes action: move_right(['b'])
c takes action: normal_stay(['c'])
d takes action: normal_stay(['d'])
a takes action: lying_own_secret(['a', 'as'])
b takes action: sharing_stay(['b'])
c takes action: sharing_stay(['c'])
d takes action: sharing_stay(['d'])
a takes action: quiet(['a', 'as'])
b takes action: normal_stay(['b'])
c takes action: sharing_others_secret(['c', 'as'])
d takes action: sharing_stay(['d'])
a takes action: sharing_stay(['a'])
b takes action: sharing_stay(['b'])
c takes action: quiet(['c', 'as'])
d takes action: move_left(['d'])
a takes action: sharing_own_secret(['a', 'as'])
b takes action: sharing_stay(['b'])
c takes action: sharing_stay(['c'])
d takes action: sharing_stay(['d'])
a takes action: quiet(['a', 'as'])
b takes action: normal_stay(['b'])
c takes action: move_left(['c'])
d takes action: sharing_others_secret(['d', 'as'])
Steps: 116
Time cost: 4.570897s
2025-10-23 17:18:40,708 EXP - __main__.Logger.exp:
a takes action: sharing_own_secret(['a', 'as'])
b takes action: sharing_stay(['b'])
c takes action: sharing_stay(['c'])
d takes action: sharing_stay(['d'])
a takes action: quiet(['a', 'as'])
b takes action: normal_stay(['b'])
c takes action: normal_stay(['c'])
d takes action: normal_stay(['d'])
a takes action: sharing_own_secret(['a', 'as'])
b takes action: sharing_stay(['b'])
c takes action: sharing_stay(['c'])
d takes action: sharing_stay(['d'])
a takes action: quiet(['a', 'as'])
b takes action: normal_stay(['b'])
c takes action: normal_stay(['c'])
d takes action: normal_stay(['d'])
a takes action: lying_own_secret(['a', 'as'])
b takes action: sharing_stay(['b'])
c takes action: sharing_stay(['c'])
d takes action: sharing_stay(['d'])
a takes action: quiet(['a', 'as'])
b takes action: normal_stay(['b'])
c takes action: sharing_others_secret(['c', 'as'])
d takes action: sharing_stay(['d'])
a takes action: sharing_stay(['a'])
b takes action: sharing_stay(['b'])
c takes action: quiet(['c', 'as'])
d takes action: normal_stay(['d'])
a takes action: sharing_own_secret(['a', 'as'])
b takes action: sharing_stay(['b'])
c takes action: sharing_stay(['c'])
d takes action: sharing_stay(['d'])
a takes action: quiet(['a', 'as'])
b takes action: move_right(['b'])
c takes action: normal_stay(['c'])
d takes action: normal_stay(['d'])
a takes action: sharing_own_secret(['a', 'as'])
b takes action: sharing_stay(['b'])
c takes action: sharing_stay(['c'])
d takes action: sharing_stay(['d'])
a takes action: quiet(['a', 'as'])
b takes action: sharing_others_secret(['b', 'as'])
c takes action: sharing_stay(['c'])
d takes action: sharing_stay(['d'])
a takes action: sharing_stay(['a'])
b takes action: quiet(['b', 'as'])
c takes action: normal_stay(['c'])
d takes action: normal_stay(['d'])
a takes action: lying_own_secret(['a', 'as'])
b takes action: sharing_stay(['b'])
c takes action: sharing_stay(['c'])
d takes action: sharing_stay(['d'])
a takes action: quiet(['a', 'as'])
b takes action: normal_stay(['b'])
c takes action: sharing_others_secret(['c', 'as'])
d takes action: sharing_stay(['d'])
a takes action: sharing_stay(['a'])
b takes action: sharing_stay(['b'])
c takes action: quiet(['c', 'as'])
d takes action: sharing_others_secret(['d', 'as'])
a takes action: sharing_stay(['a'])
b takes action: sharing_stay(['b'])
c takes action: sharing_stay(['c'])
d takes action: quiet(['d', 'as'])
a takes action: sharing_own_secret(['a', 'as'])
b takes action: sharing_stay(['b'])
c takes action: sharing_stay(['c'])
d takes action: sharing_stay(['d'])
a takes action: quiet(['a', 'as'])
b takes action: sharing_others_secret(['b', 'as'])
c takes action: sharing_stay(['c'])
d takes action: sharing_stay(['d'])
a takes action: sharing_stay(['a'])
b takes action: quiet(['b', 'as'])
c takes action: normal_stay(['c'])
d takes action: normal_stay(['d'])
a takes action: move_right(['a'])
b takes action: normal_stay(['b'])
c takes action: move_right(['c'])
d takes action: move_right(['d'])
a takes action: normal_stay(['a'])
b takes action: move_left(['b'])
c takes action: normal_stay(['c'])
d takes action: normal_stay(['d'])
a takes action: normal_stay(['a'])
b takes action: sharing_others_secret(['b', 'as'])
c takes action: sharing_stay(['c'])
d takes action: sharing_stay(['d'])
a takes action: sharing_stay(['a'])
b takes action: quiet(['b', 'as'])
c takes action: normal_stay(['c'])
d takes action: normal_stay(['d'])
a takes action: sharing_own_secret(['a', 'as'])
b takes action: sharing_stay(['b'])
c takes action: sharing_stay(['c'])
d takes action: sharing_stay(['d'])
a takes action: quiet(['a', 'as'])
b takes action: move_right(['b'])
c takes action: normal_stay(['c'])
d takes action: normal_stay(['d'])
a takes action: sharing_own_secret(['a', 'as'])
b takes action: sharing_stay(['b'])
c takes action: sharing_stay(['c'])
d takes action: sharing_stay(['d'])
a takes action: quiet(['a', 'as'])
b takes action: sharing_others_secret(['b', 'as'])
c takes action: sharing_stay(['c'])
d takes action: sharing_stay(['d'])
a takes action: sharing_stay(['a'])
b takes action: quiet(['b', 'as'])
c takes action: normal_stay(['c'])
d takes action: normal_stay(['d'])
a takes action: move_left(['a'])
b takes action: sharing_others_secret(['b', 'as'])
c takes action: sharing_stay(['c'])
d takes action: sharing_stay(['d'])
a takes action: sharing_stay(['a'])
b takes action: quiet(['b', 'as'])
c takes action: move_left(['c'])
d takes action: move_left(['d'])
a takes action: lying_own_secret(['a', 'as'])
b takes action: sharing_stay(['b'])
c takes action: sharing_stay(['c'])
d takes action: sharing_stay(['d'])
a takes action: quiet(['a', 'as'])
b takes action: move_left(['b'])
c takes action: move_right(['c'])
d takes action: sharing_others_secret(['d', 'as'])
a takes action: sharing_stay(['a'])
b takes action: sharing_stay(['b'])
c takes action: sharing_stay(['c'])
d takes action: quiet(['d', 'as'])
a takes action: sharing_own_secret(['a', 'as'])
b takes action: sharing_stay(['b'])
c takes action: sharing_stay(['c'])
d takes action: sharing_stay(['d'])
a takes action: quiet(['a', 'as'])
b takes action: normal_stay(['b'])
c takes action: normal_stay(['c'])
d takes action: move_right(['d'])
a takes action: normal_stay(['a'])
b takes action: normal_stay(['b'])
c takes action: sharing_others_secret(['c', 'as'])
Steps: 143
Time cost: 7.407973s
2025-10-23 17:18:41,382 EXP - __main__.Logger.exp:
a takes action: sharing_own_secret(['a', 'as'])
b takes action: sharing_stay(['b'])
c takes action: sharing_stay(['c'])
d takes action: sharing_stay(['d'])
a takes action: quiet(['a', 'as'])
b takes action: sharing_others_secret(['b', 'as'])
c takes action: sharing_stay(['c'])
d takes action: sharing_stay(['d'])
a takes action: sharing_stay(['a'])
b takes action: quiet(['b', 'as'])
c takes action: normal_stay(['c'])
d takes action: normal_stay(['d'])
a takes action: sharing_own_secret(['a', 'as'])
b takes action: sharing_stay(['b'])
c takes action: sharing_stay(['c'])
d takes action: sharing_stay(['d'])
a takes action: quiet(['a', 'as'])
b takes action: sharing_others_secret(['b', 'as'])
c takes action: sharing_stay(['c'])
d takes action: sharing_stay(['d'])
a takes action: sharing_stay(['a'])
b takes action: quiet(['b', 'as'])
c takes action: normal_stay(['c'])
d takes action: normal_stay(['d'])
a takes action: move_right(['a'])
b takes action: normal_stay(['b'])
c takes action: move_right(['c'])
d takes action: move_right(['d'])
a takes action: lying_own_secret(['a', 'as'])
b takes action: sharing_stay(['b'])
c takes action: sharing_stay(['c'])
d takes action: sharing_stay(['d'])
a takes action: quiet(['a', 'as'])
b takes action: move_right(['b'])
c takes action: move_left(['c'])
d takes action: move_left(['d'])
a takes action: sharing_own_secret(['a', 'as'])
Steps: 37
Time cost: 0.672033s
2025-10-23 17:18:41,382 EXP - __main__.Logger.exp:
Avg Steps: 144.2
Avg Time: 11.655512s
