2025-10-23 21:52:04,373 EXP - __main__.Logger.exp:
a takes action: lying_own_secret(['a', 'as'])
b takes action: sharing_stay(['b'])
c takes action: sharing_stay(['c'])
d takes action: sharing_stay(['d'])
a takes action: quiet(['a', 'as'])
b takes action: move_right(['b'])
c takes action: normal_stay(['c'])
d takes action: normal_stay(['d'])
a takes action: move_right(['a'])
b takes action: normal_stay(['b'])
c takes action: normal_stay(['c'])
d takes action: normal_stay(['d'])
a takes action: sharing_own_secret(['a', 'as'])
Steps: 13
Time cost: 2.792612s
2025-10-23 21:52:06,350 EXP - __main__.Logger.exp:
a takes action: lying_own_secret(['a', 'as'])
b takes action: sharing_stay(['b'])
c takes action: sharing_stay(['c'])
d takes action: sharing_stay(['d'])
a takes action: quiet(['a', 'as'])
b takes action: move_right(['b'])
c takes action: normal_stay(['c'])
d takes action: normal_stay(['d'])
a takes action: move_right(['a'])
b takes action: normal_stay(['b'])
c takes action: normal_stay(['c'])
d takes action: normal_stay(['d'])
a takes action: sharing_own_secret(['a', 'as'])
Steps: 13
Time cost: 1.976077s
2025-10-23 21:52:08,333 EXP - __main__.Logger.exp:
a takes action: lying_own_secret(['a', 'as'])
b takes action: sharing_stay(['b'])
c takes action: sharing_stay(['c'])
d takes action: sharing_stay(['d'])
a takes action: quiet(['a', 'as'])
b takes action: move_right(['b'])
c takes action: normal_stay(['c'])
d takes action: normal_stay(['d'])
a takes action: move_right(['a'])
b takes action: normal_stay(['b'])
c takes action: normal_stay(['c'])
d takes action: normal_stay(['d'])
a takes action: sharing_own_secret(['a', 'as'])
Steps: 13
Time cost: 1.981694s
2025-10-23 21:52:08,333 EXP - __main__.Logger.exp:
Avg Steps: 13.0
Avg Time: 2.250128s
