2025-10-24 20:51:23,703 EXP - __main__.Logger.exp:
a takes action: stay(['a'])
b takes action: move(['b', 'r2', 'r5'])
c takes action: move(['c', 'r6', 'r9'])
d takes action: move(['d', 'r7', 'r8'])
a takes action: move(['a', 'r1', 'r2'])
b takes action: move(['b', 'r5', 'r4'])
c takes action: stay(['c'])
d takes action: stay(['d'])
a takes action: move(['a', 'r2', 'r3'])
b takes action: stay(['b'])
c takes action: stay(['c'])
d takes action: move(['d', 'r8', 'r5'])
a takes action: stay(['a'])
b takes action: stay(['b'])
c takes action: move(['c', 'r9', 'r8'])
d takes action: move(['d', 'r5', 'r6'])
a takes action: stay(['a'])
b takes action: stay(['b'])
c takes action: stay(['c'])
d takes action: move(['d', 'r6', 'r9'])
Steps: 20
Time cost: 8.179061s
2025-10-24 20:51:31,861 EXP - __main__.Logger.exp:
a takes action: stay(['a'])
b takes action: move(['b', 'r2', 'r5'])
c takes action: move(['c', 'r6', 'r9'])
d takes action: move(['d', 'r7', 'r8'])
a takes action: move(['a', 'r1', 'r2'])
b takes action: move(['b', 'r5', 'r4'])
c takes action: stay(['c'])
d takes action: stay(['d'])
a takes action: move(['a', 'r2', 'r3'])
b takes action: stay(['b'])
c takes action: stay(['c'])
d takes action: move(['d', 'r8', 'r5'])
a takes action: stay(['a'])
b takes action: stay(['b'])
c takes action: move(['c', 'r9', 'r8'])
d takes action: move(['d', 'r5', 'r6'])
a takes action: stay(['a'])
b takes action: stay(['b'])
c takes action: stay(['c'])
d takes action: move(['d', 'r6', 'r9'])
Steps: 20
Time cost: 8.156427s
2025-10-24 20:51:40,012 EXP - __main__.Logger.exp:
a takes action: stay(['a'])
b takes action: move(['b', 'r2', 'r5'])
c takes action: move(['c', 'r6', 'r9'])
d takes action: move(['d', 'r7', 'r8'])
a takes action: move(['a', 'r1', 'r2'])
b takes action: move(['b', 'r5', 'r4'])
c takes action: stay(['c'])
d takes action: stay(['d'])
a takes action: move(['a', 'r2', 'r3'])
b takes action: stay(['b'])
c takes action: stay(['c'])
d takes action: move(['d', 'r8', 'r5'])
a takes action: stay(['a'])
b takes action: stay(['b'])
c takes action: move(['c', 'r9', 'r8'])
d takes action: move(['d', 'r5', 'r6'])
a takes action: stay(['a'])
b takes action: stay(['b'])
c takes action: stay(['c'])
d takes action: move(['d', 'r6', 'r9'])
Steps: 20
Time cost: 8.149144s
2025-10-24 20:51:40,012 EXP - __main__.Logger.exp:
Avg Steps: 20.0
Avg Time: 8.161544s
