2025-10-24 20:52:23,750 EXP - __main__.Logger.exp:
a takes action: stay(['a'])
b takes action: move(['b', 'r2', 'r5'])
c takes action: stay(['c'])
d takes action: move(['d', 'r7', 'r8'])
a takes action: move(['a', 'r1', 'r2'])
b takes action: move(['b', 'r5', 'r4'])
c takes action: move(['c', 'r6', 'r5'])
d takes action: move(['d', 'r8', 'r9'])
a takes action: move(['a', 'r2', 'r3'])
b takes action: stay(['b'])
c takes action: move(['c', 'r5', 'r8'])
Steps: 11
Time cost: 87.397239s
2025-10-24 20:53:51,165 EXP - __main__.Logger.exp:
a takes action: stay(['a'])
b takes action: move(['b', 'r2', 'r5'])
c takes action: stay(['c'])
d takes action: move(['d', 'r7', 'r8'])
a takes action: move(['a', 'r1', 'r2'])
b takes action: move(['b', 'r5', 'r4'])
c takes action: move(['c', 'r6', 'r5'])
d takes action: move(['d', 'r8', 'r9'])
a takes action: move(['a', 'r2', 'r3'])
b takes action: stay(['b'])
c takes action: move(['c', 'r5', 'r8'])
Steps: 11
Time cost: 87.413398s
2025-10-24 20:55:18,498 EXP - __main__.Logger.exp:
a takes action: stay(['a'])
b takes action: move(['b', 'r2', 'r5'])
c takes action: stay(['c'])
d takes action: move(['d', 'r7', 'r8'])
a takes action: move(['a', 'r1', 'r2'])
b takes action: move(['b', 'r5', 'r4'])
c takes action: move(['c', 'r6', 'r5'])
d takes action: move(['d', 'r8', 'r9'])
a takes action: move(['a', 'r2', 'r3'])
b takes action: stay(['b'])
c takes action: move(['c', 'r5', 'r8'])
Steps: 11
Time cost: 87.330968s
2025-10-24 20:55:18,498 EXP - __main__.Logger.exp:
Avg Steps: 11.0
Avg Time: 87.380535s
