2025-10-24 20:50:57,812 EXP - __main__.Logger.exp:
a takes action: stay(['a'])
b takes action: move(['b', 'r2', 'r5'])
c takes action: move(['c', 'r6', 'r9'])
d takes action: move(['d', 'r7', 'r4'])
a takes action: move(['a', 'r1', 'r2'])
b takes action: move(['b', 'r5', 'r8'])
c takes action: stay(['c'])
d takes action: move(['d', 'r4', 'r1'])
a takes action: move(['a', 'r2', 'r3'])
b takes action: move(['b', 'r8', 'r5'])
c takes action: move(['c', 'r9', 'r8'])
d takes action: move(['d', 'r1', 'r2'])
a takes action: stay(['a'])
b takes action: move(['b', 'r5', 'r4'])
c takes action: stay(['c'])
d takes action: move(['d', 'r2', 'r5'])
a takes action: stay(['a'])
b takes action: stay(['b'])
c takes action: stay(['c'])
d takes action: move(['d', 'r5', 'r6'])
a takes action: stay(['a'])
b takes action: stay(['b'])
c takes action: stay(['c'])
d takes action: move(['d', 'r6', 'r9'])
Steps: 24
Time cost: 0.286466s
2025-10-24 20:50:58,004 EXP - __main__.Logger.exp:
a takes action: move(['a', 'r1', 'r4'])
b takes action: move(['b', 'r2', 'r5'])
c takes action: move(['c', 'r6', 'r9'])
d takes action: move(['d', 'r7', 'r8'])
a takes action: move(['a', 'r4', 'r1'])
b takes action: move(['b', 'r5', 'r4'])
c takes action: move(['c', 'r9', 'r6'])
d takes action: move(['d', 'r8', 'r9'])
a takes action: move(['a', 'r1', 'r2'])
b takes action: stay(['b'])
c takes action: move(['c', 'r6', 'r5'])
d takes action: stay(['d'])
a takes action: move(['a', 'r2', 'r3'])
b takes action: stay(['b'])
c takes action: move(['c', 'r5', 'r8'])
Steps: 15
Time cost: 0.190404s
2025-10-24 20:50:58,953 EXP - __main__.Logger.exp:
a takes action: stay(['a'])
b takes action: move(['b', 'r2', 'r5'])
c takes action: move(['c', 'r6', 'r9'])
d takes action: move(['d', 'r7', 'r8'])
a takes action: move(['a', 'r1', 'r2'])
b takes action: move(['b', 'r5', 'r4'])
c takes action: stay(['c'])
d takes action: move(['d', 'r8', 'r7'])
a takes action: move(['a', 'r2', 'r3'])
b takes action: stay(['b'])
c takes action: move(['c', 'r9', 'r8'])
d takes action: stay(['d'])
a takes action: stay(['a'])
b takes action: stay(['b'])
c takes action: stay(['c'])
d takes action: stay(['d'])
a takes action: stay(['a'])
b takes action: stay(['b'])
c takes action: stay(['c'])
d takes action: stay(['d'])
a takes action: stay(['a'])
b takes action: stay(['b'])
c takes action: stay(['c'])
d takes action: stay(['d'])
a takes action: stay(['a'])
b takes action: stay(['b'])
c takes action: stay(['c'])
d takes action: stay(['d'])
a takes action: stay(['a'])
b takes action: stay(['b'])
c takes action: stay(['c'])
d takes action: stay(['d'])
a takes action: stay(['a'])
b takes action: stay(['b'])
c takes action: stay(['c'])
d takes action: stay(['d'])
a takes action: stay(['a'])
b takes action: stay(['b'])
c takes action: stay(['c'])
d takes action: stay(['d'])
a takes action: stay(['a'])
b takes action: stay(['b'])
c takes action: stay(['c'])
d takes action: stay(['d'])
a takes action: stay(['a'])
b takes action: stay(['b'])
c takes action: stay(['c'])
d takes action: stay(['d'])
a takes action: stay(['a'])
b takes action: stay(['b'])
c takes action: stay(['c'])
d takes action: stay(['d'])
a takes action: stay(['a'])
b takes action: stay(['b'])
c takes action: stay(['c'])
d takes action: stay(['d'])
a takes action: stay(['a'])
b takes action: stay(['b'])
c takes action: stay(['c'])
d takes action: stay(['d'])
a takes action: stay(['a'])
b takes action: stay(['b'])
c takes action: stay(['c'])
d takes action: stay(['d'])
a takes action: stay(['a'])
b takes action: stay(['b'])
c takes action: stay(['c'])
d takes action: stay(['d'])
a takes action: stay(['a'])
b takes action: stay(['b'])
c takes action: stay(['c'])
d takes action: stay(['d'])
a takes action: stay(['a'])
b takes action: stay(['b'])
c takes action: stay(['c'])
d takes action: stay(['d'])
a takes action: stay(['a'])
b takes action: stay(['b'])
c takes action: stay(['c'])
d takes action: stay(['d'])
a takes action: stay(['a'])
b takes action: stay(['b'])
c takes action: stay(['c'])
d takes action: stay(['d'])
a takes action: stay(['a'])
b takes action: stay(['b'])
c takes action: stay(['c'])
d takes action: stay(['d'])
a takes action: stay(['a'])
b takes action: stay(['b'])
c takes action: stay(['c'])
d takes action: stay(['d'])
a takes action: stay(['a'])
b takes action: stay(['b'])
c takes action: stay(['c'])
d takes action: stay(['d'])
a takes action: stay(['a'])
b takes action: stay(['b'])
c takes action: stay(['c'])
d takes action: stay(['d'])

