2025-10-12 22:59:46,036 EXP - __main__.Logger.exp:
a takes action: move_without_item(['a', 'r1', 'r2'])
b takes action: move_without_item(['b', 'r3', 'r1'])
a takes action: move_without_item(['a', 'r2', 'r1'])
b takes action: move_without_item(['b', 'r1', 'r3'])
a takes action: move_without_item(['a', 'r1', 'r2'])
b takes action: move_without_item(['b', 'r3', 'r4'])
a takes action: move_without_item(['a', 'r2', 'r1'])
b takes action: pick_up(['b', 'i', 'r4'])
a takes action: move_without_item(['a', 'r1', 'r2'])
b takes action: move_with_item(['b', 'i', 'r4', 'r3'])
a takes action: move_without_item(['a', 'r2', 'r1'])
b takes action: move_with_item(['b', 'i', 'r3', 'r1'])
a takes action: move_without_item(['a', 'r1', 'r3'])
b takes action: drop_item(['b', 'i'])
Steps: 14
Time cost: 76.663124s
2025-10-12 23:01:08,766 EXP - __main__.Logger.exp:
a takes action: move_without_item(['a', 'r1', 'r2'])
b takes action: move_without_item(['b', 'r3', 'r1'])
a takes action: move_without_item(['a', 'r2', 'r1'])
b takes action: move_without_item(['b', 'r1', 'r2'])
a takes action: move_without_item(['a', 'r1', 'r2'])
b takes action: move_without_item(['b', 'r2', 'r4'])
a takes action: move_without_item(['a', 'r2', 'r1'])
b takes action: pick_up(['b', 'i', 'r4'])
a takes action: move_without_item(['a', 'r1', 'r2'])
b takes action: move_with_item(['b', 'i', 'r4', 'r2'])
a takes action: move_without_item(['a', 'r2', 'r4'])
b takes action: drop_item(['b', 'i'])
Steps: 12
Time cost: 82.728076s
2025-10-12 23:02:26,077 EXP - __main__.Logger.exp:
a takes action: move_without_item(['a', 'r1', 'r2'])
b takes action: move_without_item(['b', 'r3', 'r1'])
a takes action: move_without_item(['a', 'r2', 'r1'])
b takes action: move_without_item(['b', 'r1', 'r3'])
a takes action: move_without_item(['a', 'r1', 'r2'])
b takes action: move_without_item(['b', 'r3', 'r4'])
a takes action: move_without_item(['a', 'r2', 'r1'])
b takes action: pick_up(['b', 'i', 'r4'])
a takes action: move_without_item(['a', 'r1', 'r2'])
b takes action: move_with_item(['b', 'i', 'r4', 'r3'])
a takes action: move_without_item(['a', 'r2', 'r1'])
b takes action: move_with_item(['b', 'i', 'r3', 'r1'])
a takes action: move_without_item(['a', 'r1', 'r3'])
b takes action: drop_item(['b', 'i'])
Steps: 14
Time cost: 77.310410s
2025-10-12 23:02:26,078 EXP - __main__.Logger.exp:
Avg Steps: 13.333333333333334
Avg Time: 78.900537s
