2025-12-06 20:43:24,021 ERROR - __main__._.regex_search:
result not found: \(([!=><]=?|>|<) \(([^\)]+)\) \(?(\d|[^\)]+)\){1,2} in 
2025-12-06 20:43:24,021 ERROR - __main__._.regex_search:
result not found: \(([!=><]=?|>|<) \(([^\)]+)\) \(?(\d|[^\)]+)\){1,2} in 
2025-12-06 20:43:24,022 ERROR - __main__._.regex_search:
result not found: \(([!=><]=?|>|<) \(([^\)]+)\) \(?(\d|[^\)]+)\){1,2} in 
2025-12-06 20:43:24,022 ERROR - __main__._.regex_search:
result not found: \s+b\[([\w,]+)\]\s(.+)\((.+)\)=\[(.+)\] in         b[a] light_state(all) = on

2025-12-06 20:48:35,481 EXP - __main__.Logger.exp:
a takes action: press_on_button(['a', 'b1'])
external takes action: change_light_state(['external', 'b1', 'l1', 'on'])
b takes action: tell(['b', 'l1'])
c takes action: lock_stay(['c'])
a takes action: lock_stay(['a'])
external takes action: lock_stay(['external'])
b takes action: quiet(['b', 'l1'])
c takes action: normal_stay(['c'])
a takes action: press_on_button(['a', 'b2'])
external takes action: change_light_state(['external', 'b2', 'l2', 'on'])
b takes action: tell(['b', 'l2'])
c takes action: lock_stay(['c'])
a takes action: lock_stay(['a'])
external takes action: lock_stay(['external'])
b takes action: quiet(['b', 'l2'])
c takes action: normal_stay(['c'])
a takes action: press_on_button(['a', 'b3'])
external takes action: change_light_state(['external', 'b3', 'l3', 'on'])
b takes action: normal_stay(['b'])
c takes action: tell(['c', 'l3'])
Steps: 20
Time cost: 307.007739s
Number of Generated Virtual Problems: 158

2025-12-06 20:55:50,247 EXP - __main__.Logger.exp:
a takes action: press_on_button(['a', 'b2'])
external takes action: change_light_state(['external', 'b2', 'l2', 'on'])
b takes action: tell(['b', 'l2'])
c takes action: lock_stay(['c'])
a takes action: lock_stay(['a'])
external takes action: lock_stay(['external'])
b takes action: quiet(['b', 'l2'])
c takes action: normal_stay(['c'])
a takes action: press_on_button(['a', 'b1'])
external takes action: change_light_state(['external', 'b1', 'l1', 'on'])
b takes action: tell(['b', 'l1'])
c takes action: lock_stay(['c'])
a takes action: lock_stay(['a'])
external takes action: lock_stay(['external'])
b takes action: quiet(['b', 'l1'])
c takes action: normal_stay(['c'])
a takes action: normal_stay(['a'])
external takes action: normal_stay(['external'])
b takes action: normal_stay(['b'])
c takes action: normal_stay(['c'])
a takes action: press_on_button(['a', 'b3'])
external takes action: change_light_state(['external', 'b3', 'l3', 'on'])
b takes action: normal_stay(['b'])
c takes action: tell(['c', 'l3'])
Steps: 24
Time cost: 434.764218s
Number of Generated Virtual Problems: 208

2025-12-06 20:55:50,247 EXP - __main__.Logger.exp:
Avg Steps: 22.0
Avg Time: 370.885978s
Avg VMS: 183.0

