2025-10-20 22:05:31,484 EXP - __main__.Logger.exp:
a takes action: move_right_without_item(['a'])
b takes action: stay(['b'])
a takes action: stay(['a'])
b takes action: stay(['b'])
a takes action: move_left_without_item(['a'])
b takes action: stay(['b'])
a takes action: pick_up(['a', 'i'])
b takes action: stay(['b'])
a takes action: move_right_with_item(['a', 'i'])
b takes action: stay(['b'])
a takes action: move_left_with_item(['a', 'i'])
b takes action: move_right_without_item(['b'])
a takes action: drop_item(['a', 'i'])
b takes action: stay(['b'])
a takes action: pick_up(['a', 'i'])
b takes action: move_left_without_item(['b'])
a takes action: drop_item(['a', 'i'])
b takes action: stay(['b'])
a takes action: move_right_without_item(['a'])
b takes action: stay(['b'])
a takes action: move_left_without_item(['a'])
b takes action: stay(['b'])
a takes action: pick_up(['a', 'i'])
b takes action: stay(['b'])
a takes action: stay(['a'])
b takes action: move_right_without_item(['b'])
a takes action: move_right_with_item(['a', 'i'])
b takes action: move_left_without_item(['b'])
a takes action: stay(['a'])
b takes action: stay(['b'])
a takes action: stay(['a'])
b takes action: move_right_without_item(['b'])
a takes action: drop_item(['a', 'i'])
b takes action: stay(['b'])
a takes action: move_left_without_item(['a'])
b takes action: stay(['b'])
a takes action: move_right_without_item(['a'])
b takes action: stay(['b'])
a takes action: stay(['a'])
b takes action: stay(['b'])
a takes action: stay(['a'])
b takes action: stay(['b'])
a takes action: pick_up(['a', 'i'])
b takes action: stay(['b'])
a takes action: drop_item(['a', 'i'])
b takes action: stay(['b'])
a takes action: stay(['a'])
b takes action: stay(['b'])
a takes action: move_left_without_item(['a'])
b takes action: stay(['b'])
a takes action: move_right_without_item(['a'])
b takes action: stay(['b'])
a takes action: move_left_without_item(['a'])
b takes action: stay(['b'])
a takes action: stay(['a'])
b takes action: stay(['b'])
a takes action: stay(['a'])
b takes action: stay(['b'])
a takes action: stay(['a'])
b takes action: stay(['b'])
a takes action: move_right_without_item(['a'])
b takes action: stay(['b'])
a takes action: pick_up(['a', 'i'])
b takes action: stay(['b'])
a takes action: drop_item(['a', 'i'])
b takes action: stay(['b'])
a takes action: move_left_without_item(['a'])
b takes action: stay(['b'])
a takes action: move_right_without_item(['a'])
b takes action: stay(['b'])
a takes action: pick_up(['a', 'i'])
b takes action: stay(['b'])
a takes action: move_left_with_item(['a', 'i'])
b takes action: move_left_without_item(['b'])
a takes action: drop_item(['a', 'i'])
b takes action: stay(['b'])
a takes action: move_right_without_item(['a'])
b takes action: stay(['b'])
a takes action: move_left_without_item(['a'])
b takes action: stay(['b'])
a takes action: pick_up(['a', 'i'])
b takes action: stay(['b'])
a takes action: move_right_with_item(['a', 'i'])
b takes action: stay(['b'])
a takes action: drop_item(['a', 'i'])
b takes action: move_right_without_item(['b'])
a takes action: pick_up(['a', 'i'])
b takes action: stay(['b'])
a takes action: drop_item(['a', 'i'])
b takes action: stay(['b'])
a takes action: stay(['a'])
b takes action: stay(['b'])
a takes action: stay(['a'])
b takes action: stay(['b'])
a takes action: stay(['a'])
b takes action: stay(['b'])
a takes action: move_left_without_item(['a'])
b takes action: stay(['b'])
a takes action: stay(['a'])
b takes action: stay(['b'])
a takes action: move_right_without_item(['a'])
b takes action: stay(['b'])
a takes action: pick_up(['a', 'i'])
b takes action: stay(['b'])
a takes action: move_left_with_item(['a', 'i'])
b takes action: stay(['b'])
a takes action: move_right_with_item(['a', 'i'])
b takes action: move_left_without_item(['b'])
a takes action: stay(['a'])
b takes action: stay(['b'])
a takes action: drop_item(['a', 'i'])
b takes action: stay(['b'])
a takes action: pick_up(['a', 'i'])
b takes action: stay(['b'])
a takes action: drop_item(['a', 'i'])
b takes action: move_right_without_item(['b'])
a takes action: stay(['a'])
b takes action: stay(['b'])
a takes action: pick_up(['a', 'i'])
b takes action: move_left_without_item(['b'])
a takes action: drop_item(['a', 'i'])
b takes action: move_right_without_item(['b'])
a takes action: pick_up(['a', 'i'])
b takes action: move_left_without_item(['b'])
a takes action: move_left_with_item(['a', 'i'])
b takes action: move_right_without_item(['b'])
a takes action: drop_item(['a', 'i'])
b takes action: stay(['b'])
a takes action: stay(['a'])
b takes action: move_left_without_item(['b'])
a takes action: stay(['a'])
b takes action: stay(['b'])
a takes action: pick_up(['a', 'i'])
b takes action: stay(['b'])
a takes action: drop_item(['a', 'i'])
b takes action: stay(['b'])
a takes action: pick_up(['a', 'i'])
b takes action: stay(['b'])
a takes action: move_right_with_item(['a', 'i'])
b takes action: move_right_without_item(['b'])
a takes action: drop_item(['a', 'i'])
b takes action: stay(['b'])
a takes action: stay(['a'])
b takes action: stay(['b'])
a takes action: pick_up(['a', 'i'])
b takes action: stay(['b'])
a takes action: drop_item(['a', 'i'])
b takes action: stay(['b'])
a takes action: move_left_without_item(['a'])
b takes action: stay(['b'])
a takes action: stay(['a'])
b takes action: stay(['b'])
a takes action: move_right_without_item(['a'])
b takes action: stay(['b'])
a takes action: move_left_without_item(['a'])
b takes action: stay(['b'])
a takes action: move_right_without_item(['a'])
b takes action: stay(['b'])
a takes action: pick_up(['a', 'i'])
b takes action: stay(['b'])
a takes action: drop_item(['a', 'i'])
b takes action: stay(['b'])
a takes action: pick_up(['a', 'i'])
b takes action: stay(['b'])
a takes action: drop_item(['a', 'i'])
b takes action: stay(['b'])
a takes action: pick_up(['a', 'i'])
b takes action: stay(['b'])
a takes action: drop_item(['a', 'i'])
b takes action: stay(['b'])
a takes action: stay(['a'])
b takes action: stay(['b'])
a takes action: move_left_without_item(['a'])
b takes action: stay(['b'])
a takes action: move_right_without_item(['a'])
b takes action: stay(['b'])
a takes action: pick_up(['a', 'i'])
b takes action: stay(['b'])
a takes action: move_left_with_item(['a', 'i'])
b takes action: move_left_without_item(['b'])
a takes action: stay(['a'])
b takes action: stay(['b'])
a takes action: drop_item(['a', 'i'])
b takes action: stay(['b'])
a takes action: stay(['a'])
b takes action: stay(['b'])
a takes action: pick_up(['a', 'i'])
b takes action: stay(['b'])
a takes action: move_right_with_item(['a', 'i'])
b takes action: move_right_without_item(['b'])
a takes action: stay(['a'])
b takes action: move_left_without_item(['b'])
a takes action: move_left_with_item(['a', 'i'])
b takes action: stay(['b'])
a takes action: move_right_with_item(['a', 'i'])
b takes action: stay(['b'])
a takes action: stay(['a'])
b takes action: move_right_without_item(['b'])
a takes action: stay(['a'])
b takes action: stay(['b'])
a takes action: drop_item(['a', 'i'])
b takes action: stay(['b'])
a takes action: move_left_without_item(['a'])
b takes action: stay(['b'])
a takes action: move_right_without_item(['a'])
b takes action: stay(['b'])
a takes action: stay(['a'])
b takes action: stay(['b'])
a takes action: pick_up(['a', 'i'])
b takes action: stay(['b'])
a takes action: move_left_with_item(['a', 'i'])
b takes action: move_left_without_item(['b'])
a takes action: move_right_with_item(['a', 'i'])
b takes action: move_right_without_item(['b'])
a takes action: stay(['a'])
b takes action: stay(['b'])
a takes action: drop_item(['a', 'i'])
b takes action: stay(['b'])
a takes action: stay(['a'])
b takes action: stay(['b'])
a takes action: pick_up(['a', 'i'])
b takes action: stay(['b'])
a takes action: drop_item(['a', 'i'])
b takes action: stay(['b'])
a takes action: stay(['a'])
b takes action: stay(['b'])
a takes action: move_left_without_item(['a'])
b takes action: stay(['b'])
a takes action: move_right_without_item(['a'])
b takes action: stay(['b'])
a takes action: move_left_without_item(['a'])
b takes action: stay(['b'])
a takes action: stay(['a'])
b takes action: stay(['b'])
a takes action: stay(['a'])
b takes action: stay(['b'])
a takes action: stay(['a'])
b takes action: stay(['b'])
a takes action: move_right_without_item(['a'])
b takes action: stay(['b'])
a takes action: pick_up(['a', 'i'])
b takes action: stay(['b'])
a takes action: move_left_with_item(['a', 'i'])
b takes action: move_left_without_item(['b'])
a takes action: stay(['a'])
b takes action: stay(['b'])
a takes action: drop_item(['a', 'i'])
b takes action: stay(['b'])
a takes action: move_right_without_item(['a'])
b takes action: stay(['b'])
a takes action: move_left_without_item(['a'])
b takes action: stay(['b'])
a takes action: pick_up(['a', 'i'])
b takes action: stay(['b'])
a takes action: move_right_with_item(['a', 'i'])
b takes action: move_right_without_item(['b'])
a takes action: move_left_with_item(['a', 'i'])
b takes action: stay(['b'])
a takes action: drop_item(['a', 'i'])
b takes action: move_left_without_item(['b'])
a takes action: stay(['a'])
b takes action: stay(['b'])
a takes action: pick_up(['a', 'i'])
b takes action: move_right_without_item(['b'])
a takes action: drop_item(['a', 'i'])
b takes action: move_left_without_item(['b'])
a takes action: pick_up(['a', 'i'])
b takes action: stay(['b'])
a takes action: stay(['a'])
b takes action: stay(['b'])
a takes action: drop_item(['a', 'i'])
b takes action: stay(['b'])
a takes action: pick_up(['a', 'i'])
b takes action: stay(['b'])
a takes action: move_right_with_item(['a', 'i'])
b takes action: stay(['b'])
a takes action: move_left_with_item(['a', 'i'])
b takes action: move_right_without_item(['b'])
a takes action: move_right_with_item(['a', 'i'])
b takes action: move_left_without_item(['b'])
a takes action: move_left_with_item(['a', 'i'])
b takes action: move_right_without_item(['b'])
a takes action: drop_item(['a', 'i'])
b takes action: stay(['b'])
a takes action: stay(['a'])
b takes action: move_left_without_item(['b'])
a takes action: stay(['a'])
b takes action: stay(['b'])
a takes action: move_right_without_item(['a'])
b takes action: stay(['b'])
a takes action: stay(['a'])
b takes action: stay(['b'])
a takes action: move_left_without_item(['a'])
b takes action: stay(['b'])
a takes action: pick_up(['a', 'i'])
b takes action: move_right_without_item(['b'])
a takes action: drop_item(['a', 'i'])
b takes action: move_left_without_item(['b'])
a takes action: pick_up(['a', 'i'])
b takes action: stay(['b'])
a takes action: drop_item(['a', 'i'])
b takes action: stay(['b'])
a takes action: pick_up(['a', 'i'])
b takes action: stay(['b'])
a takes action: drop_item(['a', 'i'])
b takes action: stay(['b'])
a takes action: stay(['a'])
b takes action: stay(['b'])
a takes action: move_right_without_item(['a'])
b takes action: stay(['b'])
a takes action: move_left_without_item(['a'])
b takes action: stay(['b'])
a takes action: stay(['a'])
b takes action: stay(['b'])
a takes action: move_right_without_item(['a'])
b takes action: stay(['b'])
a takes action: stay(['a'])
b takes action: stay(['b'])
a takes action: move_left_without_item(['a'])
b takes action: stay(['b'])
a takes action: stay(['a'])
b takes action: stay(['b'])
a takes action: move_right_without_item(['a'])
b takes action: stay(['b'])
a takes action: move_left_without_item(['a'])
b takes action: stay(['b'])
a takes action: stay(['a'])
b takes action: stay(['b'])
a takes action: pick_up(['a', 'i'])
b takes action: stay(['b'])
a takes action: move_right_with_item(['a', 'i'])
b takes action: stay(['b'])
a takes action: drop_item(['a', 'i'])
b takes action: move_right_without_item(['b'])
a takes action: move_left_without_item(['a'])
b takes action: stay(['b'])
a takes action: stay(['a'])
b takes action: stay(['b'])
a takes action: move_right_without_item(['a'])
b takes action: stay(['b'])
a takes action: move_left_without_item(['a'])
b takes action: stay(['b'])
a takes action: move_right_without_item(['a'])
b takes action: stay(['b'])
a takes action: stay(['a'])
b takes action: stay(['b'])
a takes action: move_left_without_item(['a'])
b takes action: stay(['b'])
a takes action: stay(['a'])
b takes action: stay(['b'])
a takes action: move_right_without_item(['a'])
b takes action: stay(['b'])
a takes action: stay(['a'])
b takes action: stay(['b'])
a takes action: stay(['a'])
b takes action: stay(['b'])
a takes action: stay(['a'])
b takes action: stay(['b'])
a takes action: stay(['a'])
b takes action: stay(['b'])
a takes action: stay(['a'])
b takes action: stay(['b'])
a takes action: stay(['a'])
b takes action: stay(['b'])
a takes action: pick_up(['a', 'i'])
b takes action: stay(['b'])
a takes action: stay(['a'])
b takes action: stay(['b'])
a takes action: drop_item(['a', 'i'])
b takes action: stay(['b'])
a takes action: stay(['a'])
b takes action: stay(['b'])
a takes action: move_left_without_item(['a'])
b takes action: stay(['b'])
a takes action: stay(['a'])
b takes action: stay(['b'])
a takes action: stay(['a'])
b takes action: stay(['b'])
a takes action: stay(['a'])
b takes action: stay(['b'])
a takes action: stay(['a'])
b takes action: stay(['b'])
a takes action: stay(['a'])
b takes action: stay(['b'])
a takes action: stay(['a'])
b takes action: stay(['b'])
a takes action: stay(['a'])
b takes action: stay(['b'])
a takes action: stay(['a'])
b takes action: stay(['b'])
a takes action: move_right_without_item(['a'])
b takes action: stay(['b'])
a takes action: pick_up(['a', 'i'])
b takes action: stay(['b'])
a takes action: move_left_with_item(['a', 'i'])
b takes action: move_left_without_item(['b'])
a takes action: move_right_with_item(['a', 'i'])
b takes action: move_right_without_item(['b'])
a takes action: move_left_with_item(['a', 'i'])
b takes action: stay(['b'])
a takes action: move_right_with_item(['a', 'i'])
b takes action: stay(['b'])
a takes action: drop_item(['a', 'i'])
b takes action: stay(['b'])
a takes action: stay(['a'])
b takes action: stay(['b'])
a takes action: pick_up(['a', 'i'])
b takes action: stay(['b'])
a takes action: stay(['a'])
b takes action: move_left_without_item(['b'])
a takes action: drop_item(['a', 'i'])
b takes action: move_right_without_item(['b'])
a takes action: stay(['a'])
b takes action: stay(['b'])
a takes action: pick_up(['a', 'i'])
b takes action: stay(['b'])
a takes action: drop_item(['a', 'i'])
b takes action: stay(['b'])
a takes action: stay(['a'])
b takes action: stay(['b'])
a takes action: pick_up(['a', 'i'])
b takes action: stay(['b'])
a takes action: move_left_with_item(['a', 'i'])
b takes action: move_left_without_item(['b'])
a takes action: drop_item(['a', 'i'])
b takes action: stay(['b'])
a takes action: stay(['a'])
b takes action: stay(['b'])
a takes action: stay(['a'])
b takes action: stay(['b'])
a takes action: pick_up(['a', 'i'])
b takes action: stay(['b'])
a takes action: drop_item(['a', 'i'])
b takes action: stay(['b'])
a takes action: stay(['a'])
b takes action: stay(['b'])
a takes action: stay(['a'])
b takes action: stay(['b'])
a takes action: pick_up(['a', 'i'])
b takes action: stay(['b'])
a takes action: move_right_with_item(['a', 'i'])
b takes action: stay(['b'])
a takes action: move_left_with_item(['a', 'i'])
b takes action: stay(['b'])
a takes action: stay(['a'])
b takes action: move_right_without_item(['b'])
a takes action: stay(['a'])
b takes action: move_left_without_item(['b'])
a takes action: drop_item(['a', 'i'])
b takes action: stay(['b'])
a takes action: stay(['a'])
b takes action: stay(['b'])
a takes action: pick_up(['a', 'i'])
b takes action: stay(['b'])
a takes action: stay(['a'])
b takes action: stay(['b'])
a takes action: stay(['a'])
b takes action: move_right_without_item(['b'])
a takes action: move_right_with_item(['a', 'i'])
b takes action: stay(['b'])
a takes action: stay(['a'])
b takes action: move_left_without_item(['b'])
a takes action: drop_item(['a', 'i'])
b takes action: stay(['b'])
a takes action: stay(['a'])
b takes action: move_right_without_item(['b'])
a takes action: move_left_without_item(['a'])
b takes action: stay(['b'])
a takes action: stay(['a'])
b takes action: stay(['b'])
a takes action: move_right_without_item(['a'])
b takes action: stay(['b'])
a takes action: move_left_without_item(['a'])
b takes action: stay(['b'])
a takes action: stay(['a'])
b takes action: stay(['b'])
a takes action: stay(['a'])
b takes action: stay(['b'])
a takes action: move_right_without_item(['a'])
b takes action: stay(['b'])
a takes action: pick_up(['a', 'i'])
b takes action: move_left_without_item(['b'])
a takes action: drop_item(['a', 'i'])
b takes action: stay(['b'])
a takes action: pick_up(['a', 'i'])
b takes action: move_right_without_item(['b'])
a takes action: move_left_with_item(['a', 'i'])
b takes action: stay(['b'])
a takes action: drop_item(['a', 'i'])
b takes action: stay(['b'])
a takes action: move_right_without_item(['a'])
b takes action: stay(['b'])
a takes action: move_left_without_item(['a'])
b takes action: stay(['b'])
a takes action: pick_up(['a', 'i'])
b takes action: stay(['b'])
a takes action: move_right_with_item(['a', 'i'])
b takes action: move_left_without_item(['b'])
a takes action: stay(['a'])
b takes action: stay(['b'])

