2025-10-25 12:18:44,544 EXP - __main__.Logger.exp:
a takes action: lying_own_secret(['a', 'as'])
b takes action: sharing_stay(['b'])
a takes action: quiet(['a', 'as'])
b takes action: lying_own_secret(['b', 'bs'])
a takes action: sharing_stay(['a'])
b takes action: quiet(['b', 'bs'])
a takes action: move_right(['a'])
b takes action: sharing_others_secret(['b', 'as'])
a takes action: sharing_stay(['a'])
b takes action: quiet(['b', 'as'])
a takes action: sharing_own_secret(['a', 'as'])
Steps: 11
Time cost: 0.265966s
2025-10-25 12:18:44,860 EXP - __main__.Logger.exp:
a takes action: lying_own_secret(['a', 'as'])
b takes action: sharing_stay(['b'])
a takes action: quiet(['a', 'as'])
b takes action: lying_own_secret(['b', 'bs'])
a takes action: sharing_stay(['a'])
b takes action: quiet(['b', 'bs'])
a takes action: move_right(['a'])
b takes action: move_right(['b'])
a takes action: move_left(['a'])
b takes action: sharing_own_secret(['b', 'bs'])
a takes action: sharing_stay(['a'])
b takes action: quiet(['b', 'bs'])
a takes action: sharing_own_secret(['a', 'as'])
Steps: 13
Time cost: 0.315114s
2025-10-25 12:18:45,174 EXP - __main__.Logger.exp:
a takes action: lying_own_secret(['a', 'as'])
b takes action: sharing_stay(['b'])
a takes action: quiet(['a', 'as'])
b takes action: lying_own_secret(['b', 'bs'])
a takes action: sharing_stay(['a'])
b takes action: quiet(['b', 'bs'])
a takes action: move_right(['a'])
b takes action: move_right(['b'])
a takes action: move_left(['a'])
b takes action: sharing_own_secret(['b', 'bs'])
a takes action: sharing_stay(['a'])
b takes action: quiet(['b', 'bs'])
a takes action: sharing_own_secret(['a', 'as'])
Steps: 13
Time cost: 0.312773s
2025-10-25 12:18:45,174 EXP - __main__.Logger.exp:
Avg Steps: 12.333333333333334
Avg Time: 0.297951s
