2025-10-11 17:47:36,238 EXP - __main__.Logger.exp:
a takes action: peek(['a'])
b takes action: peek(['b'])
a takes action: return(['a'])
b takes action: flip_up(['b', 'c1'])
Steps: 4
Time cost: 0.011924s
2025-10-11 17:47:36,250 EXP - __main__.Logger.exp:
a takes action: peek(['a'])
b takes action: peek(['b'])
a takes action: return(['a'])
b takes action: flip_up(['b', 'c1'])
Steps: 4
Time cost: 0.011791s
2025-10-11 17:47:36,262 EXP - __main__.Logger.exp:
a takes action: peek(['a'])
b takes action: peek(['b'])
a takes action: return(['a'])
b takes action: flip_up(['b', 'c1'])
Steps: 4
Time cost: 0.011557s
2025-10-11 17:47:36,273 EXP - __main__.Logger.exp:
a takes action: peek(['a'])
b takes action: peek(['b'])
a takes action: return(['a'])
b takes action: flip_up(['b', 'c1'])
Steps: 4
Time cost: 0.011554s
2025-10-11 17:47:36,285 EXP - __main__.Logger.exp:
a takes action: peek(['a'])
b takes action: peek(['b'])
a takes action: return(['a'])
b takes action: flip_up(['b', 'c1'])
Steps: 4
Time cost: 0.011546s
2025-10-11 17:47:36,297 EXP - __main__.Logger.exp:
a takes action: peek(['a'])
b takes action: peek(['b'])
a takes action: return(['a'])
b takes action: flip_up(['b', 'c1'])
Steps: 4
Time cost: 0.011516s
2025-10-11 17:47:36,308 EXP - __main__.Logger.exp:
a takes action: peek(['a'])
b takes action: peek(['b'])
a takes action: return(['a'])
b takes action: flip_up(['b', 'c1'])
Steps: 4
Time cost: 0.011524s
2025-10-11 17:47:36,320 EXP - __main__.Logger.exp:
a takes action: peek(['a'])
b takes action: peek(['b'])
a takes action: return(['a'])
b takes action: flip_up(['b', 'c1'])
Steps: 4
Time cost: 0.011515s
2025-10-11 17:47:36,331 EXP - __main__.Logger.exp:
a takes action: peek(['a'])
b takes action: peek(['b'])
a takes action: return(['a'])
b takes action: flip_up(['b', 'c1'])
Steps: 4
Time cost: 0.011505s
2025-10-11 17:47:36,343 EXP - __main__.Logger.exp:
a takes action: peek(['a'])
b takes action: peek(['b'])
a takes action: return(['a'])
b takes action: flip_up(['b', 'c1'])
Steps: 4
Time cost: 0.011518s
2025-10-11 17:47:36,355 EXP - __main__.Logger.exp:
a takes action: peek(['a'])
b takes action: peek(['b'])
a takes action: return(['a'])
b takes action: flip_up(['b', 'c1'])
Steps: 4
Time cost: 0.011500s
2025-10-11 17:47:36,366 EXP - __main__.Logger.exp:
a takes action: peek(['a'])
b takes action: peek(['b'])
a takes action: return(['a'])
b takes action: flip_up(['b', 'c1'])
Steps: 4
Time cost: 0.011477s
2025-10-11 17:47:36,378 EXP - __main__.Logger.exp:
a takes action: peek(['a'])
b takes action: peek(['b'])
a takes action: return(['a'])
b takes action: flip_up(['b', 'c1'])
Steps: 4
Time cost: 0.011515s
2025-10-11 17:47:36,389 EXP - __main__.Logger.exp:
a takes action: peek(['a'])
b takes action: peek(['b'])
a takes action: return(['a'])
b takes action: flip_up(['b', 'c1'])
Steps: 4
Time cost: 0.011543s
2025-10-11 17:47:36,401 EXP - __main__.Logger.exp:
a takes action: peek(['a'])
b takes action: peek(['b'])
a takes action: return(['a'])
b takes action: flip_up(['b', 'c1'])
Steps: 4
Time cost: 0.011781s
2025-10-11 17:47:36,413 EXP - __main__.Logger.exp:
a takes action: peek(['a'])
b takes action: peek(['b'])
a takes action: return(['a'])
b takes action: flip_up(['b', 'c1'])
Steps: 4
Time cost: 0.011486s
2025-10-11 17:47:36,424 EXP - __main__.Logger.exp:
a takes action: peek(['a'])
b takes action: peek(['b'])
a takes action: return(['a'])
b takes action: flip_up(['b', 'c1'])
Steps: 4
Time cost: 0.011541s
2025-10-11 17:47:36,436 EXP - __main__.Logger.exp:
a takes action: peek(['a'])
b takes action: peek(['b'])
a takes action: return(['a'])
b takes action: flip_up(['b', 'c1'])
Steps: 4
Time cost: 0.011540s
2025-10-11 17:47:36,448 EXP - __main__.Logger.exp:
a takes action: peek(['a'])
b takes action: peek(['b'])
a takes action: return(['a'])
b takes action: flip_up(['b', 'c1'])
Steps: 4
Time cost: 0.011421s
2025-10-11 17:47:36,459 EXP - __main__.Logger.exp:
a takes action: peek(['a'])
b takes action: peek(['b'])
a takes action: return(['a'])
b takes action: flip_up(['b', 'c1'])
Steps: 4
Time cost: 0.011494s
2025-10-11 17:47:36,471 EXP - __main__.Logger.exp:
a takes action: peek(['a'])
b takes action: peek(['b'])
a takes action: return(['a'])
b takes action: flip_up(['b', 'c1'])
Steps: 4
Time cost: 0.011528s
2025-10-11 17:47:36,482 EXP - __main__.Logger.exp:
a takes action: peek(['a'])
b takes action: peek(['b'])
a takes action: return(['a'])
b takes action: flip_up(['b', 'c1'])
Steps: 4
Time cost: 0.011528s
2025-10-11 17:47:36,494 EXP - __main__.Logger.exp:
a takes action: peek(['a'])
b takes action: peek(['b'])
a takes action: return(['a'])
b takes action: flip_up(['b', 'c1'])
Steps: 4
Time cost: 0.011461s
2025-10-11 17:47:36,506 EXP - __main__.Logger.exp:
a takes action: peek(['a'])
b takes action: peek(['b'])
a takes action: return(['a'])
b takes action: flip_up(['b', 'c1'])
Steps: 4
Time cost: 0.011524s
2025-10-11 17:47:36,517 EXP - __main__.Logger.exp:
a takes action: peek(['a'])
b takes action: peek(['b'])
a takes action: return(['a'])
b takes action: flip_up(['b', 'c1'])
Steps: 4
Time cost: 0.011519s
2025-10-11 17:47:36,529 EXP - __main__.Logger.exp:
a takes action: peek(['a'])
b takes action: peek(['b'])
a takes action: return(['a'])
b takes action: flip_up(['b', 'c1'])
Steps: 4
Time cost: 0.011464s
2025-10-11 17:47:36,540 EXP - __main__.Logger.exp:
a takes action: peek(['a'])
b takes action: peek(['b'])
a takes action: return(['a'])
b takes action: flip_up(['b', 'c1'])
Steps: 4
Time cost: 0.011480s
2025-10-11 17:47:36,552 EXP - __main__.Logger.exp:
a takes action: peek(['a'])
b takes action: peek(['b'])
a takes action: return(['a'])
b takes action: flip_up(['b', 'c1'])
Steps: 4
Time cost: 0.011497s
2025-10-11 17:47:36,563 EXP - __main__.Logger.exp:
a takes action: peek(['a'])
b takes action: peek(['b'])
a takes action: return(['a'])
b takes action: flip_up(['b', 'c1'])
Steps: 4
Time cost: 0.011506s
2025-10-11 17:47:36,575 EXP - __main__.Logger.exp:
a takes action: peek(['a'])
b takes action: peek(['b'])
a takes action: return(['a'])
b takes action: flip_up(['b', 'c1'])
Steps: 4
Time cost: 0.011529s
2025-10-11 17:47:36,587 EXP - __main__.Logger.exp:
a takes action: peek(['a'])
b takes action: peek(['b'])
a takes action: return(['a'])
b takes action: flip_up(['b', 'c1'])
Steps: 4
Time cost: 0.011583s
2025-10-11 17:47:36,598 EXP - __main__.Logger.exp:
a takes action: peek(['a'])
b takes action: peek(['b'])
a takes action: return(['a'])
b takes action: flip_up(['b', 'c1'])
Steps: 4
Time cost: 0.011517s
2025-10-11 17:47:36,610 EXP - __main__.Logger.exp:
a takes action: peek(['a'])
b takes action: peek(['b'])
a takes action: return(['a'])
b takes action: flip_up(['b', 'c1'])
Steps: 4
Time cost: 0.011519s
2025-10-11 17:47:36,621 EXP - __main__.Logger.exp:
a takes action: peek(['a'])
b takes action: peek(['b'])
a takes action: return(['a'])
b takes action: flip_up(['b', 'c1'])
Steps: 4
Time cost: 0.011546s
2025-10-11 17:47:36,633 EXP - __main__.Logger.exp:
a takes action: peek(['a'])
b takes action: peek(['b'])
a takes action: return(['a'])
b takes action: flip_up(['b', 'c1'])
Steps: 4
Time cost: 0.011663s
2025-10-11 17:47:36,645 EXP - __main__.Logger.exp:
a takes action: peek(['a'])
b takes action: peek(['b'])
a takes action: return(['a'])
b takes action: flip_up(['b', 'c1'])
Steps: 4
Time cost: 0.011493s
2025-10-11 17:47:36,656 EXP - __main__.Logger.exp:
a takes action: peek(['a'])
b takes action: peek(['b'])
a takes action: return(['a'])
b takes action: flip_up(['b', 'c1'])
Steps: 4
Time cost: 0.011548s
2025-10-11 17:47:36,668 EXP - __main__.Logger.exp:
a takes action: peek(['a'])
b takes action: peek(['b'])
a takes action: return(['a'])
b takes action: flip_up(['b', 'c1'])
Steps: 4
Time cost: 0.011532s
2025-10-11 17:47:36,680 EXP - __main__.Logger.exp:
a takes action: peek(['a'])
b takes action: peek(['b'])
a takes action: return(['a'])
b takes action: flip_up(['b', 'c1'])
Steps: 4
Time cost: 0.011537s
2025-10-11 17:47:36,691 EXP - __main__.Logger.exp:
a takes action: peek(['a'])
b takes action: peek(['b'])
a takes action: return(['a'])
b takes action: flip_up(['b', 'c1'])
Steps: 4
Time cost: 0.011634s
2025-10-11 17:47:36,703 EXP - __main__.Logger.exp:
a takes action: peek(['a'])
b takes action: peek(['b'])
a takes action: return(['a'])
b takes action: flip_up(['b', 'c1'])
Steps: 4
Time cost: 0.011573s
2025-10-11 17:47:36,715 EXP - __main__.Logger.exp:
a takes action: peek(['a'])
b takes action: peek(['b'])
a takes action: return(['a'])
b takes action: flip_up(['b', 'c1'])
Steps: 4
Time cost: 0.011562s
2025-10-11 17:47:36,726 EXP - __main__.Logger.exp:
a takes action: peek(['a'])
b takes action: peek(['b'])
a takes action: return(['a'])
b takes action: flip_up(['b', 'c1'])
Steps: 4
Time cost: 0.011551s
2025-10-11 17:47:36,738 EXP - __main__.Logger.exp:
a takes action: peek(['a'])
b takes action: peek(['b'])
a takes action: return(['a'])
b takes action: flip_up(['b', 'c1'])
Steps: 4
Time cost: 0.011574s
2025-10-11 17:47:36,750 EXP - __main__.Logger.exp:
a takes action: peek(['a'])
b takes action: peek(['b'])
a takes action: return(['a'])
b takes action: flip_up(['b', 'c1'])
Steps: 4
Time cost: 0.011529s
2025-10-11 17:47:36,761 EXP - __main__.Logger.exp:
a takes action: peek(['a'])
b takes action: peek(['b'])
a takes action: return(['a'])
b takes action: flip_up(['b', 'c1'])
Steps: 4
Time cost: 0.011522s
2025-10-11 17:47:36,773 EXP - __main__.Logger.exp:
a takes action: peek(['a'])
b takes action: peek(['b'])
a takes action: return(['a'])
b takes action: flip_up(['b', 'c1'])
Steps: 4
Time cost: 0.011547s
2025-10-11 17:47:36,785 EXP - __main__.Logger.exp:
a takes action: peek(['a'])
b takes action: peek(['b'])
a takes action: return(['a'])
b takes action: flip_up(['b', 'c1'])
Steps: 4
Time cost: 0.011621s
2025-10-11 17:47:36,796 EXP - __main__.Logger.exp:
a takes action: peek(['a'])
b takes action: peek(['b'])
a takes action: return(['a'])
b takes action: flip_up(['b', 'c1'])
Steps: 4
Time cost: 0.011497s
2025-10-11 17:47:36,808 EXP - __main__.Logger.exp:
a takes action: peek(['a'])
b takes action: peek(['b'])
a takes action: return(['a'])
b takes action: flip_up(['b', 'c1'])
Steps: 4
Time cost: 0.011522s
2025-10-11 17:47:36,819 EXP - __main__.Logger.exp:
a takes action: peek(['a'])
b takes action: peek(['b'])
a takes action: return(['a'])
b takes action: flip_up(['b', 'c1'])
Steps: 4
Time cost: 0.011579s
2025-10-11 17:47:36,831 EXP - __main__.Logger.exp:
a takes action: peek(['a'])
b takes action: peek(['b'])
a takes action: return(['a'])
b takes action: flip_up(['b', 'c1'])
Steps: 4
Time cost: 0.011698s
2025-10-11 17:47:36,843 EXP - __main__.Logger.exp:
a takes action: peek(['a'])
b takes action: peek(['b'])
a takes action: return(['a'])
b takes action: flip_up(['b', 'c1'])
Steps: 4
Time cost: 0.011535s
2025-10-11 17:47:36,854 EXP - __main__.Logger.exp:
a takes action: peek(['a'])
b takes action: peek(['b'])
a takes action: return(['a'])
b takes action: flip_up(['b', 'c1'])
Steps: 4
Time cost: 0.011552s
2025-10-11 17:47:36,866 EXP - __main__.Logger.exp:
a takes action: peek(['a'])
b takes action: peek(['b'])
a takes action: return(['a'])
b takes action: flip_up(['b', 'c1'])
Steps: 4
Time cost: 0.011459s
2025-10-11 17:47:36,878 EXP - __main__.Logger.exp:
a takes action: peek(['a'])
b takes action: peek(['b'])
a takes action: return(['a'])
b takes action: flip_up(['b', 'c1'])
Steps: 4
Time cost: 0.011490s
2025-10-11 17:47:36,889 EXP - __main__.Logger.exp:
a takes action: peek(['a'])
b takes action: peek(['b'])
a takes action: return(['a'])
b takes action: flip_up(['b', 'c1'])
Steps: 4
Time cost: 0.011476s
2025-10-11 17:47:36,901 EXP - __main__.Logger.exp:
a takes action: peek(['a'])
b takes action: peek(['b'])
a takes action: return(['a'])
b takes action: flip_up(['b', 'c1'])
Steps: 4
Time cost: 0.011473s
2025-10-11 17:47:36,912 EXP - __main__.Logger.exp:
a takes action: peek(['a'])
b takes action: peek(['b'])
a takes action: return(['a'])
b takes action: flip_up(['b', 'c1'])
Steps: 4
Time cost: 0.011491s
2025-10-11 17:47:36,924 EXP - __main__.Logger.exp:
a takes action: peek(['a'])
b takes action: peek(['b'])
a takes action: return(['a'])
b takes action: flip_up(['b', 'c1'])
Steps: 4
Time cost: 0.011519s
2025-10-11 17:47:36,935 EXP - __main__.Logger.exp:
a takes action: peek(['a'])
b takes action: peek(['b'])
a takes action: return(['a'])
b takes action: flip_up(['b', 'c1'])
Steps: 4
Time cost: 0.011492s
2025-10-11 17:47:36,947 EXP - __main__.Logger.exp:
a takes action: peek(['a'])
b takes action: peek(['b'])
a takes action: return(['a'])
b takes action: flip_up(['b', 'c1'])
Steps: 4
Time cost: 0.011474s
2025-10-11 17:47:36,958 EXP - __main__.Logger.exp:
a takes action: peek(['a'])
b takes action: peek(['b'])
a takes action: return(['a'])
b takes action: flip_up(['b', 'c1'])
Steps: 4
Time cost: 0.011513s
2025-10-11 17:47:36,970 EXP - __main__.Logger.exp:
a takes action: peek(['a'])
b takes action: peek(['b'])
a takes action: return(['a'])
b takes action: flip_up(['b', 'c1'])
Steps: 4
Time cost: 0.011507s
2025-10-11 17:47:36,982 EXP - __main__.Logger.exp:
a takes action: peek(['a'])
b takes action: peek(['b'])
a takes action: return(['a'])
b takes action: flip_up(['b', 'c1'])
Steps: 4
Time cost: 0.011471s
2025-10-11 17:47:36,993 EXP - __main__.Logger.exp:
a takes action: peek(['a'])
b takes action: peek(['b'])
a takes action: return(['a'])
b takes action: flip_up(['b', 'c1'])
Steps: 4
Time cost: 0.011491s
2025-10-11 17:47:37,005 EXP - __main__.Logger.exp:
a takes action: peek(['a'])
b takes action: peek(['b'])
a takes action: return(['a'])
b takes action: flip_up(['b', 'c1'])
Steps: 4
Time cost: 0.011455s
2025-10-11 17:47:37,016 EXP - __main__.Logger.exp:
a takes action: peek(['a'])
b takes action: peek(['b'])
a takes action: return(['a'])
b takes action: flip_up(['b', 'c1'])
Steps: 4
Time cost: 0.011555s
2025-10-11 17:47:37,028 EXP - __main__.Logger.exp:
a takes action: peek(['a'])
b takes action: peek(['b'])
a takes action: return(['a'])
b takes action: flip_up(['b', 'c1'])
Steps: 4
Time cost: 0.011490s
2025-10-11 17:47:37,040 EXP - __main__.Logger.exp:
a takes action: peek(['a'])
b takes action: peek(['b'])
a takes action: return(['a'])
b takes action: flip_up(['b', 'c1'])
Steps: 4
Time cost: 0.011500s
2025-10-11 17:47:37,051 EXP - __main__.Logger.exp:
a takes action: peek(['a'])
b takes action: peek(['b'])
a takes action: return(['a'])
b takes action: flip_up(['b', 'c1'])
Steps: 4
Time cost: 0.011494s
2025-10-11 17:47:37,063 EXP - __main__.Logger.exp:
a takes action: peek(['a'])
b takes action: peek(['b'])
a takes action: return(['a'])
b takes action: flip_up(['b', 'c1'])
Steps: 4
Time cost: 0.011491s
2025-10-11 17:47:37,074 EXP - __main__.Logger.exp:
a takes action: peek(['a'])
b takes action: peek(['b'])
a takes action: return(['a'])
b takes action: flip_up(['b', 'c1'])
Steps: 4
Time cost: 0.011460s
2025-10-11 17:47:37,086 EXP - __main__.Logger.exp:
a takes action: peek(['a'])
b takes action: peek(['b'])
a takes action: return(['a'])
b takes action: flip_up(['b', 'c1'])
Steps: 4
Time cost: 0.011501s
2025-10-11 17:47:37,097 EXP - __main__.Logger.exp:
a takes action: peek(['a'])
b takes action: peek(['b'])
a takes action: return(['a'])
b takes action: flip_up(['b', 'c1'])
Steps: 4
Time cost: 0.011539s
2025-10-11 17:47:37,109 EXP - __main__.Logger.exp:
a takes action: peek(['a'])
b takes action: peek(['b'])
a takes action: return(['a'])
b takes action: flip_up(['b', 'c1'])
Steps: 4
Time cost: 0.011473s
2025-10-11 17:47:37,121 EXP - __main__.Logger.exp:
a takes action: peek(['a'])
b takes action: peek(['b'])
a takes action: return(['a'])
b takes action: flip_up(['b', 'c1'])
Steps: 4
Time cost: 0.011542s
2025-10-11 17:47:37,132 EXP - __main__.Logger.exp:
a takes action: peek(['a'])
b takes action: peek(['b'])
a takes action: return(['a'])
b takes action: flip_up(['b', 'c1'])
Steps: 4
Time cost: 0.011746s
2025-10-11 17:47:37,144 EXP - __main__.Logger.exp:
a takes action: peek(['a'])
b takes action: peek(['b'])
a takes action: return(['a'])
b takes action: flip_up(['b', 'c1'])
Steps: 4
Time cost: 0.011480s
2025-10-11 17:47:37,156 EXP - __main__.Logger.exp:
a takes action: peek(['a'])
b takes action: peek(['b'])
a takes action: return(['a'])
b takes action: flip_up(['b', 'c1'])
Steps: 4
Time cost: 0.011512s
2025-10-11 17:47:37,167 EXP - __main__.Logger.exp:
a takes action: peek(['a'])
b takes action: peek(['b'])
a takes action: return(['a'])
b takes action: flip_up(['b', 'c1'])
Steps: 4
Time cost: 0.011509s
2025-10-11 17:47:37,179 EXP - __main__.Logger.exp:
a takes action: peek(['a'])
b takes action: peek(['b'])
a takes action: return(['a'])
b takes action: flip_up(['b', 'c1'])
Steps: 4
Time cost: 0.011466s
2025-10-11 17:47:37,190 EXP - __main__.Logger.exp:
a takes action: peek(['a'])
b takes action: peek(['b'])
a takes action: return(['a'])
b takes action: flip_up(['b', 'c1'])
Steps: 4
Time cost: 0.011541s
2025-10-11 17:47:37,202 EXP - __main__.Logger.exp:
a takes action: peek(['a'])
b takes action: peek(['b'])
a takes action: return(['a'])
b takes action: flip_up(['b', 'c1'])
Steps: 4
Time cost: 0.011569s
2025-10-11 17:47:37,214 EXP - __main__.Logger.exp:
a takes action: peek(['a'])
b takes action: peek(['b'])
a takes action: return(['a'])
b takes action: flip_up(['b', 'c1'])
Steps: 4
Time cost: 0.011510s
2025-10-11 17:47:37,225 EXP - __main__.Logger.exp:
a takes action: peek(['a'])
b takes action: peek(['b'])
a takes action: return(['a'])
b takes action: flip_up(['b', 'c1'])
Steps: 4
Time cost: 0.011538s
2025-10-11 17:47:37,237 EXP - __main__.Logger.exp:
a takes action: peek(['a'])
b takes action: peek(['b'])
a takes action: return(['a'])
b takes action: flip_up(['b', 'c1'])
Steps: 4
Time cost: 0.011499s
2025-10-11 17:47:37,248 EXP - __main__.Logger.exp:
a takes action: peek(['a'])
b takes action: peek(['b'])
a takes action: return(['a'])
b takes action: flip_up(['b', 'c1'])
Steps: 4
Time cost: 0.011515s
2025-10-11 17:47:37,260 EXP - __main__.Logger.exp:
a takes action: peek(['a'])
b takes action: peek(['b'])
a takes action: return(['a'])
b takes action: flip_up(['b', 'c1'])
Steps: 4
Time cost: 0.011522s
2025-10-11 17:47:37,272 EXP - __main__.Logger.exp:
a takes action: peek(['a'])
b takes action: peek(['b'])
a takes action: return(['a'])
b takes action: flip_up(['b', 'c1'])
Steps: 4
Time cost: 0.011502s
2025-10-11 17:47:37,283 EXP - __main__.Logger.exp:
a takes action: peek(['a'])
b takes action: peek(['b'])
a takes action: return(['a'])
b takes action: flip_up(['b', 'c1'])
Steps: 4
Time cost: 0.011547s
2025-10-11 17:47:37,295 EXP - __main__.Logger.exp:
a takes action: peek(['a'])
b takes action: peek(['b'])
a takes action: return(['a'])
b takes action: flip_up(['b', 'c1'])
Steps: 4
Time cost: 0.011533s
2025-10-11 17:47:37,306 EXP - __main__.Logger.exp:
a takes action: peek(['a'])
b takes action: peek(['b'])
a takes action: return(['a'])
b takes action: flip_up(['b', 'c1'])
Steps: 4
Time cost: 0.011547s
2025-10-11 17:47:37,318 EXP - __main__.Logger.exp:
a takes action: peek(['a'])
b takes action: peek(['b'])
a takes action: return(['a'])
b takes action: flip_up(['b', 'c1'])
Steps: 4
Time cost: 0.011531s
2025-10-11 17:47:37,330 EXP - __main__.Logger.exp:
a takes action: peek(['a'])
b takes action: peek(['b'])
a takes action: return(['a'])
b takes action: flip_up(['b', 'c1'])
Steps: 4
Time cost: 0.011930s
2025-10-11 17:47:37,342 EXP - __main__.Logger.exp:
a takes action: peek(['a'])
b takes action: peek(['b'])
a takes action: return(['a'])
b takes action: flip_up(['b', 'c1'])
Steps: 4
Time cost: 0.012335s
2025-10-11 17:47:37,354 EXP - __main__.Logger.exp:
a takes action: peek(['a'])
b takes action: peek(['b'])
a takes action: return(['a'])
b takes action: flip_up(['b', 'c1'])
Steps: 4
Time cost: 0.011536s
2025-10-11 17:47:37,366 EXP - __main__.Logger.exp:
a takes action: peek(['a'])
b takes action: peek(['b'])
a takes action: return(['a'])
b takes action: flip_up(['b', 'c1'])
Steps: 4
Time cost: 0.011612s
2025-10-11 17:47:37,377 EXP - __main__.Logger.exp:
a takes action: peek(['a'])
b takes action: peek(['b'])
a takes action: return(['a'])
b takes action: flip_up(['b', 'c1'])
Steps: 4
Time cost: 0.011528s
2025-10-11 17:47:37,389 EXP - __main__.Logger.exp:
a takes action: peek(['a'])
b takes action: peek(['b'])
a takes action: return(['a'])
b takes action: flip_up(['b', 'c1'])
Steps: 4
Time cost: 0.011516s
2025-10-11 17:47:37,389 EXP - __main__.Logger.exp:
Avg Steps: 4.0
Avg Time: 0.011546s
