2025-10-12 17:10:36,238 EXP - __main__.Logger.exp:
a takes action: drop_item(['a', 'o3'])
b takes action: drop_item(['b', 'o4'])
c takes action: drop_item(['c', 'o1'])
d takes action: drop_item(['d', 'o2'])
a takes action: move_right_without_item(['a'])
b takes action: move_right_without_item(['b'])
c takes action: move_left_without_item(['c'])
d takes action: move_left_without_item(['d'])
a takes action: pick_up(['a', 'o1'])
b takes action: pick_up(['b', 'o2'])
c takes action: pick_up(['c', 'o3'])
d takes action: pick_up(['d', 'o4'])
a takes action: move_left_with_item(['a', 'o1'])
b takes action: move_left_with_item(['b', 'o2'])
Steps: 14
Time cost: 25.656465s
2025-10-12 17:11:01,775 EXP - __main__.Logger.exp:
a takes action: drop_item(['a', 'o3'])
b takes action: drop_item(['b', 'o4'])
c takes action: drop_item(['c', 'o1'])
d takes action: drop_item(['d', 'o2'])
a takes action: move_right_without_item(['a'])
b takes action: move_right_without_item(['b'])
c takes action: move_left_without_item(['c'])
d takes action: move_left_without_item(['d'])
a takes action: pick_up(['a', 'o1'])
b takes action: pick_up(['b', 'o2'])
c takes action: pick_up(['c', 'o3'])
d takes action: pick_up(['d', 'o4'])
a takes action: move_left_with_item(['a', 'o1'])
b takes action: move_left_with_item(['b', 'o2'])
Steps: 14
Time cost: 25.537422s
2025-10-12 17:11:27,317 EXP - __main__.Logger.exp:
a takes action: drop_item(['a', 'o3'])
b takes action: drop_item(['b', 'o4'])
c takes action: drop_item(['c', 'o1'])
d takes action: drop_item(['d', 'o2'])
a takes action: move_right_without_item(['a'])
b takes action: move_right_without_item(['b'])
c takes action: move_left_without_item(['c'])
d takes action: move_left_without_item(['d'])
a takes action: pick_up(['a', 'o1'])
b takes action: pick_up(['b', 'o2'])
c takes action: pick_up(['c', 'o3'])
d takes action: pick_up(['d', 'o4'])
a takes action: move_left_with_item(['a', 'o1'])
b takes action: move_left_with_item(['b', 'o2'])
Steps: 14
Time cost: 25.541337s
2025-10-12 17:11:52,860 EXP - __main__.Logger.exp:
a takes action: drop_item(['a', 'o3'])
b takes action: drop_item(['b', 'o4'])
c takes action: drop_item(['c', 'o1'])
d takes action: drop_item(['d', 'o2'])
a takes action: move_right_without_item(['a'])
b takes action: move_right_without_item(['b'])
c takes action: move_left_without_item(['c'])
d takes action: move_left_without_item(['d'])
a takes action: pick_up(['a', 'o1'])
b takes action: pick_up(['b', 'o2'])
c takes action: pick_up(['c', 'o3'])
d takes action: pick_up(['d', 'o4'])
a takes action: move_left_with_item(['a', 'o1'])
b takes action: move_left_with_item(['b', 'o2'])
Steps: 14
Time cost: 25.542777s
2025-10-12 17:12:18,411 EXP - __main__.Logger.exp:
a takes action: drop_item(['a', 'o3'])
b takes action: drop_item(['b', 'o4'])
c takes action: drop_item(['c', 'o1'])
d takes action: drop_item(['d', 'o2'])
a takes action: move_right_without_item(['a'])
b takes action: move_right_without_item(['b'])
c takes action: move_left_without_item(['c'])
d takes action: move_left_without_item(['d'])
a takes action: pick_up(['a', 'o1'])
b takes action: pick_up(['b', 'o2'])
c takes action: pick_up(['c', 'o3'])
d takes action: pick_up(['d', 'o4'])
a takes action: move_left_with_item(['a', 'o1'])
b takes action: move_left_with_item(['b', 'o2'])
Steps: 14
Time cost: 25.550417s
2025-10-12 17:12:43,910 EXP - __main__.Logger.exp:
a takes action: drop_item(['a', 'o3'])
b takes action: drop_item(['b', 'o4'])
c takes action: drop_item(['c', 'o1'])
d takes action: drop_item(['d', 'o2'])
a takes action: move_right_without_item(['a'])
b takes action: move_right_without_item(['b'])
c takes action: move_left_without_item(['c'])
d takes action: move_left_without_item(['d'])
a takes action: pick_up(['a', 'o1'])
b takes action: pick_up(['b', 'o2'])
c takes action: pick_up(['c', 'o3'])
d takes action: pick_up(['d', 'o4'])
a takes action: move_left_with_item(['a', 'o1'])
b takes action: move_left_with_item(['b', 'o2'])
Steps: 14
Time cost: 25.499296s
2025-10-12 17:13:09,418 EXP - __main__.Logger.exp:
a takes action: drop_item(['a', 'o3'])
b takes action: drop_item(['b', 'o4'])
c takes action: drop_item(['c', 'o1'])
d takes action: drop_item(['d', 'o2'])
a takes action: move_right_without_item(['a'])
b takes action: move_right_without_item(['b'])
c takes action: move_left_without_item(['c'])
d takes action: move_left_without_item(['d'])
a takes action: pick_up(['a', 'o1'])
b takes action: pick_up(['b', 'o2'])
c takes action: pick_up(['c', 'o3'])
d takes action: pick_up(['d', 'o4'])
a takes action: move_left_with_item(['a', 'o1'])
b takes action: move_left_with_item(['b', 'o2'])
Steps: 14
Time cost: 25.507930s
2025-10-12 17:13:34,934 EXP - __main__.Logger.exp:
a takes action: drop_item(['a', 'o3'])
b takes action: drop_item(['b', 'o4'])
c takes action: drop_item(['c', 'o1'])
d takes action: drop_item(['d', 'o2'])
a takes action: move_right_without_item(['a'])
b takes action: move_right_without_item(['b'])
c takes action: move_left_without_item(['c'])
d takes action: move_left_without_item(['d'])
a takes action: pick_up(['a', 'o1'])
b takes action: pick_up(['b', 'o2'])
c takes action: pick_up(['c', 'o3'])
d takes action: pick_up(['d', 'o4'])
a takes action: move_left_with_item(['a', 'o1'])
b takes action: move_left_with_item(['b', 'o2'])
Steps: 14
Time cost: 25.515521s
2025-10-12 17:14:00,417 EXP - __main__.Logger.exp:
a takes action: drop_item(['a', 'o3'])
b takes action: drop_item(['b', 'o4'])
c takes action: drop_item(['c', 'o1'])
d takes action: drop_item(['d', 'o2'])
a takes action: move_right_without_item(['a'])
b takes action: move_right_without_item(['b'])
c takes action: move_left_without_item(['c'])
d takes action: move_left_without_item(['d'])
a takes action: pick_up(['a', 'o1'])
b takes action: pick_up(['b', 'o2'])
c takes action: pick_up(['c', 'o3'])
d takes action: pick_up(['d', 'o4'])
a takes action: move_left_with_item(['a', 'o1'])
b takes action: move_left_with_item(['b', 'o2'])
Steps: 14
Time cost: 25.483139s
2025-10-12 17:14:25,942 EXP - __main__.Logger.exp:
a takes action: drop_item(['a', 'o3'])
b takes action: drop_item(['b', 'o4'])
c takes action: drop_item(['c', 'o1'])
d takes action: drop_item(['d', 'o2'])
a takes action: move_right_without_item(['a'])
b takes action: move_right_without_item(['b'])
c takes action: move_left_without_item(['c'])
d takes action: move_left_without_item(['d'])
a takes action: pick_up(['a', 'o1'])
b takes action: pick_up(['b', 'o2'])
c takes action: pick_up(['c', 'o3'])
d takes action: pick_up(['d', 'o4'])
a takes action: move_left_with_item(['a', 'o1'])
b takes action: move_left_with_item(['b', 'o2'])
Steps: 14
Time cost: 25.523941s
2025-10-12 17:14:25,942 EXP - __main__.Logger.exp:
Avg Steps: 14.0
Avg Time: 25.535824s
