2025-10-12 17:09:47,454 EXP - __main__.Logger.exp:
a takes action: drop_item(['a', 'i'])
b takes action: move_right_without_item(['b'])
a takes action: pick_up(['a', 'i'])
Steps: 3
Time cost: 0.014578s
2025-10-12 17:09:47,469 EXP - __main__.Logger.exp:
a takes action: drop_item(['a', 'i'])
b takes action: move_right_without_item(['b'])
a takes action: pick_up(['a', 'i'])
Steps: 3
Time cost: 0.014540s
2025-10-12 17:09:47,484 EXP - __main__.Logger.exp:
a takes action: drop_item(['a', 'i'])
b takes action: move_right_without_item(['b'])
a takes action: pick_up(['a', 'i'])
Steps: 3
Time cost: 0.014682s
2025-10-12 17:09:47,498 EXP - __main__.Logger.exp:
a takes action: drop_item(['a', 'i'])
b takes action: move_right_without_item(['b'])
a takes action: pick_up(['a', 'i'])
Steps: 3
Time cost: 0.014508s
2025-10-12 17:09:47,513 EXP - __main__.Logger.exp:
a takes action: drop_item(['a', 'i'])
b takes action: move_right_without_item(['b'])
a takes action: pick_up(['a', 'i'])
Steps: 3
Time cost: 0.014434s
2025-10-12 17:09:47,528 EXP - __main__.Logger.exp:
a takes action: drop_item(['a', 'i'])
b takes action: move_right_without_item(['b'])
a takes action: pick_up(['a', 'i'])
Steps: 3
Time cost: 0.014981s
2025-10-12 17:09:47,543 EXP - __main__.Logger.exp:
a takes action: drop_item(['a', 'i'])
b takes action: move_right_without_item(['b'])
a takes action: pick_up(['a', 'i'])
Steps: 3
Time cost: 0.014565s
2025-10-12 17:09:47,557 EXP - __main__.Logger.exp:
a takes action: drop_item(['a', 'i'])
b takes action: move_right_without_item(['b'])
a takes action: pick_up(['a', 'i'])
Steps: 3
Time cost: 0.014633s
2025-10-12 17:09:47,572 EXP - __main__.Logger.exp:
a takes action: drop_item(['a', 'i'])
b takes action: move_right_without_item(['b'])
a takes action: pick_up(['a', 'i'])
Steps: 3
Time cost: 0.014621s
2025-10-12 17:09:47,587 EXP - __main__.Logger.exp:
a takes action: drop_item(['a', 'i'])
b takes action: move_right_without_item(['b'])
a takes action: pick_up(['a', 'i'])
Steps: 3
Time cost: 0.014589s
2025-10-12 17:09:47,602 EXP - __main__.Logger.exp:
a takes action: drop_item(['a', 'i'])
b takes action: move_right_without_item(['b'])
a takes action: pick_up(['a', 'i'])
Steps: 3
Time cost: 0.014630s
2025-10-12 17:09:47,616 EXP - __main__.Logger.exp:
a takes action: drop_item(['a', 'i'])
b takes action: move_right_without_item(['b'])
a takes action: pick_up(['a', 'i'])
Steps: 3
Time cost: 0.014658s
2025-10-12 17:09:47,631 EXP - __main__.Logger.exp:
a takes action: drop_item(['a', 'i'])
b takes action: move_right_without_item(['b'])
a takes action: pick_up(['a', 'i'])
Steps: 3
Time cost: 0.014732s
2025-10-12 17:09:47,646 EXP - __main__.Logger.exp:
a takes action: drop_item(['a', 'i'])
b takes action: move_right_without_item(['b'])
a takes action: pick_up(['a', 'i'])
Steps: 3
Time cost: 0.014570s
2025-10-12 17:09:47,660 EXP - __main__.Logger.exp:
a takes action: drop_item(['a', 'i'])
b takes action: move_right_without_item(['b'])
a takes action: pick_up(['a', 'i'])
Steps: 3
Time cost: 0.014628s
2025-10-12 17:09:47,675 EXP - __main__.Logger.exp:
a takes action: drop_item(['a', 'i'])
b takes action: move_right_without_item(['b'])
a takes action: pick_up(['a', 'i'])
Steps: 3
Time cost: 0.014647s
2025-10-12 17:09:47,690 EXP - __main__.Logger.exp:
a takes action: drop_item(['a', 'i'])
b takes action: move_right_without_item(['b'])
a takes action: pick_up(['a', 'i'])
Steps: 3
Time cost: 0.014690s
2025-10-12 17:09:47,705 EXP - __main__.Logger.exp:
a takes action: drop_item(['a', 'i'])
b takes action: move_right_without_item(['b'])
a takes action: pick_up(['a', 'i'])
Steps: 3
Time cost: 0.014616s
2025-10-12 17:09:47,719 EXP - __main__.Logger.exp:
a takes action: drop_item(['a', 'i'])
b takes action: move_right_without_item(['b'])
a takes action: pick_up(['a', 'i'])
Steps: 3
Time cost: 0.014581s
2025-10-12 17:09:47,734 EXP - __main__.Logger.exp:
a takes action: drop_item(['a', 'i'])
b takes action: move_right_without_item(['b'])
a takes action: pick_up(['a', 'i'])
Steps: 3
Time cost: 0.014617s
2025-10-12 17:09:47,749 EXP - __main__.Logger.exp:
a takes action: drop_item(['a', 'i'])
b takes action: move_right_without_item(['b'])
a takes action: pick_up(['a', 'i'])
Steps: 3
Time cost: 0.014637s
2025-10-12 17:09:47,763 EXP - __main__.Logger.exp:
a takes action: drop_item(['a', 'i'])
b takes action: move_right_without_item(['b'])
a takes action: pick_up(['a', 'i'])
Steps: 3
Time cost: 0.014565s
2025-10-12 17:09:47,778 EXP - __main__.Logger.exp:
a takes action: drop_item(['a', 'i'])
b takes action: move_right_without_item(['b'])
a takes action: pick_up(['a', 'i'])
Steps: 3
Time cost: 0.014599s
2025-10-12 17:09:47,793 EXP - __main__.Logger.exp:
a takes action: drop_item(['a', 'i'])
b takes action: move_right_without_item(['b'])
a takes action: pick_up(['a', 'i'])
Steps: 3
Time cost: 0.014675s
2025-10-12 17:09:47,807 EXP - __main__.Logger.exp:
a takes action: drop_item(['a', 'i'])
b takes action: move_right_without_item(['b'])
a takes action: pick_up(['a', 'i'])
Steps: 3
Time cost: 0.014573s
2025-10-12 17:09:47,822 EXP - __main__.Logger.exp:
a takes action: drop_item(['a', 'i'])
b takes action: move_right_without_item(['b'])
a takes action: pick_up(['a', 'i'])
Steps: 3
Time cost: 0.014660s
2025-10-12 17:09:47,837 EXP - __main__.Logger.exp:
a takes action: drop_item(['a', 'i'])
b takes action: move_right_without_item(['b'])
a takes action: pick_up(['a', 'i'])
Steps: 3
Time cost: 0.014678s
2025-10-12 17:09:47,852 EXP - __main__.Logger.exp:
a takes action: drop_item(['a', 'i'])
b takes action: move_right_without_item(['b'])
a takes action: pick_up(['a', 'i'])
Steps: 3
Time cost: 0.014670s
2025-10-12 17:09:47,866 EXP - __main__.Logger.exp:
a takes action: drop_item(['a', 'i'])
b takes action: move_right_without_item(['b'])
a takes action: pick_up(['a', 'i'])
Steps: 3
Time cost: 0.014509s
2025-10-12 17:09:47,881 EXP - __main__.Logger.exp:
a takes action: drop_item(['a', 'i'])
b takes action: move_right_without_item(['b'])
a takes action: pick_up(['a', 'i'])
Steps: 3
Time cost: 0.014597s
2025-10-12 17:09:47,896 EXP - __main__.Logger.exp:
a takes action: drop_item(['a', 'i'])
b takes action: move_right_without_item(['b'])
a takes action: pick_up(['a', 'i'])
Steps: 3
Time cost: 0.014631s
2025-10-12 17:09:47,910 EXP - __main__.Logger.exp:
a takes action: drop_item(['a', 'i'])
b takes action: move_right_without_item(['b'])
a takes action: pick_up(['a', 'i'])
Steps: 3
Time cost: 0.014619s
2025-10-12 17:09:47,925 EXP - __main__.Logger.exp:
a takes action: drop_item(['a', 'i'])
b takes action: move_right_without_item(['b'])
a takes action: pick_up(['a', 'i'])
Steps: 3
Time cost: 0.014611s
2025-10-12 17:09:47,940 EXP - __main__.Logger.exp:
a takes action: drop_item(['a', 'i'])
b takes action: move_right_without_item(['b'])
a takes action: pick_up(['a', 'i'])
Steps: 3
Time cost: 0.014650s
2025-10-12 17:09:47,955 EXP - __main__.Logger.exp:
a takes action: drop_item(['a', 'i'])
b takes action: move_right_without_item(['b'])
a takes action: pick_up(['a', 'i'])
Steps: 3
Time cost: 0.014616s
2025-10-12 17:09:47,969 EXP - __main__.Logger.exp:
a takes action: drop_item(['a', 'i'])
b takes action: move_right_without_item(['b'])
a takes action: pick_up(['a', 'i'])
Steps: 3
Time cost: 0.014656s
2025-10-12 17:09:47,984 EXP - __main__.Logger.exp:
a takes action: drop_item(['a', 'i'])
b takes action: move_right_without_item(['b'])
a takes action: pick_up(['a', 'i'])
Steps: 3
Time cost: 0.014564s
2025-10-12 17:09:47,999 EXP - __main__.Logger.exp:
a takes action: drop_item(['a', 'i'])
b takes action: move_right_without_item(['b'])
a takes action: pick_up(['a', 'i'])
Steps: 3
Time cost: 0.014693s
2025-10-12 17:09:48,013 EXP - __main__.Logger.exp:
a takes action: drop_item(['a', 'i'])
b takes action: move_right_without_item(['b'])
a takes action: pick_up(['a', 'i'])
Steps: 3
Time cost: 0.014634s
2025-10-12 17:09:48,028 EXP - __main__.Logger.exp:
a takes action: drop_item(['a', 'i'])
b takes action: move_right_without_item(['b'])
a takes action: pick_up(['a', 'i'])
Steps: 3
Time cost: 0.014691s
2025-10-12 17:09:48,043 EXP - __main__.Logger.exp:
a takes action: drop_item(['a', 'i'])
b takes action: move_right_without_item(['b'])
a takes action: pick_up(['a', 'i'])
Steps: 3
Time cost: 0.014611s
2025-10-12 17:09:48,058 EXP - __main__.Logger.exp:
a takes action: drop_item(['a', 'i'])
b takes action: move_right_without_item(['b'])
a takes action: pick_up(['a', 'i'])
Steps: 3
Time cost: 0.014610s
2025-10-12 17:09:48,072 EXP - __main__.Logger.exp:
a takes action: drop_item(['a', 'i'])
b takes action: move_right_without_item(['b'])
a takes action: pick_up(['a', 'i'])
Steps: 3
Time cost: 0.014601s
2025-10-12 17:09:48,087 EXP - __main__.Logger.exp:
a takes action: drop_item(['a', 'i'])
b takes action: move_right_without_item(['b'])
a takes action: pick_up(['a', 'i'])
Steps: 3
Time cost: 0.014561s
2025-10-12 17:09:48,102 EXP - __main__.Logger.exp:
a takes action: drop_item(['a', 'i'])
b takes action: move_right_without_item(['b'])
a takes action: pick_up(['a', 'i'])
Steps: 3
Time cost: 0.014618s
2025-10-12 17:09:48,116 EXP - __main__.Logger.exp:
a takes action: drop_item(['a', 'i'])
b takes action: move_right_without_item(['b'])
a takes action: pick_up(['a', 'i'])
Steps: 3
Time cost: 0.014625s
2025-10-12 17:09:48,131 EXP - __main__.Logger.exp:
a takes action: drop_item(['a', 'i'])
b takes action: move_right_without_item(['b'])
a takes action: pick_up(['a', 'i'])
Steps: 3
Time cost: 0.014618s
2025-10-12 17:09:48,146 EXP - __main__.Logger.exp:
a takes action: drop_item(['a', 'i'])
b takes action: move_right_without_item(['b'])
a takes action: pick_up(['a', 'i'])
Steps: 3
Time cost: 0.014649s
2025-10-12 17:09:48,160 EXP - __main__.Logger.exp:
a takes action: drop_item(['a', 'i'])
b takes action: move_right_without_item(['b'])
a takes action: pick_up(['a', 'i'])
Steps: 3
Time cost: 0.014538s
2025-10-12 17:09:48,175 EXP - __main__.Logger.exp:
a takes action: drop_item(['a', 'i'])
b takes action: move_right_without_item(['b'])
a takes action: pick_up(['a', 'i'])
Steps: 3
Time cost: 0.014593s
2025-10-12 17:09:48,190 EXP - __main__.Logger.exp:
a takes action: drop_item(['a', 'i'])
b takes action: move_right_without_item(['b'])
a takes action: pick_up(['a', 'i'])
Steps: 3
Time cost: 0.014623s
2025-10-12 17:09:48,204 EXP - __main__.Logger.exp:
a takes action: drop_item(['a', 'i'])
b takes action: move_right_without_item(['b'])
a takes action: pick_up(['a', 'i'])
Steps: 3
Time cost: 0.014600s
2025-10-12 17:09:48,219 EXP - __main__.Logger.exp:
a takes action: drop_item(['a', 'i'])
b takes action: move_right_without_item(['b'])
a takes action: pick_up(['a', 'i'])
Steps: 3
Time cost: 0.014605s
2025-10-12 17:09:48,234 EXP - __main__.Logger.exp:
a takes action: drop_item(['a', 'i'])
b takes action: move_right_without_item(['b'])
a takes action: pick_up(['a', 'i'])
Steps: 3
Time cost: 0.014798s
2025-10-12 17:09:48,249 EXP - __main__.Logger.exp:
a takes action: drop_item(['a', 'i'])
b takes action: move_right_without_item(['b'])
a takes action: pick_up(['a', 'i'])
Steps: 3
Time cost: 0.014683s
2025-10-12 17:09:48,263 EXP - __main__.Logger.exp:
a takes action: drop_item(['a', 'i'])
b takes action: move_right_without_item(['b'])
a takes action: pick_up(['a', 'i'])
Steps: 3
Time cost: 0.014655s
2025-10-12 17:09:48,278 EXP - __main__.Logger.exp:
a takes action: drop_item(['a', 'i'])
b takes action: move_right_without_item(['b'])
a takes action: pick_up(['a', 'i'])
Steps: 3
Time cost: 0.014618s
2025-10-12 17:09:48,293 EXP - __main__.Logger.exp:
a takes action: drop_item(['a', 'i'])
b takes action: move_right_without_item(['b'])
a takes action: pick_up(['a', 'i'])
Steps: 3
Time cost: 0.014592s
2025-10-12 17:09:48,308 EXP - __main__.Logger.exp:
a takes action: drop_item(['a', 'i'])
b takes action: move_right_without_item(['b'])
a takes action: pick_up(['a', 'i'])
Steps: 3
Time cost: 0.014967s
2025-10-12 17:09:48,323 EXP - __main__.Logger.exp:
a takes action: drop_item(['a', 'i'])
b takes action: move_right_without_item(['b'])
a takes action: pick_up(['a', 'i'])
Steps: 3
Time cost: 0.014613s
2025-10-12 17:09:48,337 EXP - __main__.Logger.exp:
a takes action: drop_item(['a', 'i'])
b takes action: move_right_without_item(['b'])
a takes action: pick_up(['a', 'i'])
Steps: 3
Time cost: 0.014661s
2025-10-12 17:09:48,352 EXP - __main__.Logger.exp:
a takes action: drop_item(['a', 'i'])
b takes action: move_right_without_item(['b'])
a takes action: pick_up(['a', 'i'])
Steps: 3
Time cost: 0.014548s
2025-10-12 17:09:48,367 EXP - __main__.Logger.exp:
a takes action: drop_item(['a', 'i'])
b takes action: move_right_without_item(['b'])
a takes action: pick_up(['a', 'i'])
Steps: 3
Time cost: 0.014563s
2025-10-12 17:09:48,381 EXP - __main__.Logger.exp:
a takes action: drop_item(['a', 'i'])
b takes action: move_right_without_item(['b'])
a takes action: pick_up(['a', 'i'])
Steps: 3
Time cost: 0.014592s
2025-10-12 17:09:48,396 EXP - __main__.Logger.exp:
a takes action: drop_item(['a', 'i'])
b takes action: move_right_without_item(['b'])
a takes action: pick_up(['a', 'i'])
Steps: 3
Time cost: 0.014607s
2025-10-12 17:09:48,411 EXP - __main__.Logger.exp:
a takes action: drop_item(['a', 'i'])
b takes action: move_right_without_item(['b'])
a takes action: pick_up(['a', 'i'])
Steps: 3
Time cost: 0.014620s
2025-10-12 17:09:48,425 EXP - __main__.Logger.exp:
a takes action: drop_item(['a', 'i'])
b takes action: move_right_without_item(['b'])
a takes action: pick_up(['a', 'i'])
Steps: 3
Time cost: 0.014710s
2025-10-12 17:09:48,440 EXP - __main__.Logger.exp:
a takes action: drop_item(['a', 'i'])
b takes action: move_right_without_item(['b'])
a takes action: pick_up(['a', 'i'])
Steps: 3
Time cost: 0.014783s
2025-10-12 17:09:48,455 EXP - __main__.Logger.exp:
a takes action: drop_item(['a', 'i'])
b takes action: move_right_without_item(['b'])
a takes action: pick_up(['a', 'i'])
Steps: 3
Time cost: 0.014671s
2025-10-12 17:09:48,470 EXP - __main__.Logger.exp:
a takes action: drop_item(['a', 'i'])
b takes action: move_right_without_item(['b'])
a takes action: pick_up(['a', 'i'])
Steps: 3
Time cost: 0.014570s
2025-10-12 17:09:48,484 EXP - __main__.Logger.exp:
a takes action: drop_item(['a', 'i'])
b takes action: move_right_without_item(['b'])
a takes action: pick_up(['a', 'i'])
Steps: 3
Time cost: 0.014581s
2025-10-12 17:09:48,499 EXP - __main__.Logger.exp:
a takes action: drop_item(['a', 'i'])
b takes action: move_right_without_item(['b'])
a takes action: pick_up(['a', 'i'])
Steps: 3
Time cost: 0.014548s
2025-10-12 17:09:48,514 EXP - __main__.Logger.exp:
a takes action: drop_item(['a', 'i'])
b takes action: move_right_without_item(['b'])
a takes action: pick_up(['a', 'i'])
Steps: 3
Time cost: 0.014557s
2025-10-12 17:09:48,528 EXP - __main__.Logger.exp:
a takes action: drop_item(['a', 'i'])
b takes action: move_right_without_item(['b'])
a takes action: pick_up(['a', 'i'])
Steps: 3
Time cost: 0.014534s
2025-10-12 17:09:48,543 EXP - __main__.Logger.exp:
a takes action: drop_item(['a', 'i'])
b takes action: move_right_without_item(['b'])
a takes action: pick_up(['a', 'i'])
Steps: 3
Time cost: 0.014771s
2025-10-12 17:09:48,558 EXP - __main__.Logger.exp:
a takes action: drop_item(['a', 'i'])
b takes action: move_right_without_item(['b'])
a takes action: pick_up(['a', 'i'])
Steps: 3
Time cost: 0.014644s
2025-10-12 17:09:48,573 EXP - __main__.Logger.exp:
a takes action: drop_item(['a', 'i'])
b takes action: move_right_without_item(['b'])
a takes action: pick_up(['a', 'i'])
Steps: 3
Time cost: 0.014562s
2025-10-12 17:09:48,587 EXP - __main__.Logger.exp:
a takes action: drop_item(['a', 'i'])
b takes action: move_right_without_item(['b'])
a takes action: pick_up(['a', 'i'])
Steps: 3
Time cost: 0.014608s
2025-10-12 17:09:48,602 EXP - __main__.Logger.exp:
a takes action: drop_item(['a', 'i'])
b takes action: move_right_without_item(['b'])
a takes action: pick_up(['a', 'i'])
Steps: 3
Time cost: 0.014549s
2025-10-12 17:09:48,616 EXP - __main__.Logger.exp:
a takes action: drop_item(['a', 'i'])
b takes action: move_right_without_item(['b'])
a takes action: pick_up(['a', 'i'])
Steps: 3
Time cost: 0.014551s
2025-10-12 17:09:48,631 EXP - __main__.Logger.exp:
a takes action: drop_item(['a', 'i'])
b takes action: move_right_without_item(['b'])
a takes action: pick_up(['a', 'i'])
Steps: 3
Time cost: 0.014621s
2025-10-12 17:09:48,646 EXP - __main__.Logger.exp:
a takes action: drop_item(['a', 'i'])
b takes action: move_right_without_item(['b'])
a takes action: pick_up(['a', 'i'])
Steps: 3
Time cost: 0.014644s
2025-10-12 17:09:48,661 EXP - __main__.Logger.exp:
a takes action: drop_item(['a', 'i'])
b takes action: move_right_without_item(['b'])
a takes action: pick_up(['a', 'i'])
Steps: 3
Time cost: 0.014702s
2025-10-12 17:09:48,675 EXP - __main__.Logger.exp:
a takes action: drop_item(['a', 'i'])
b takes action: move_right_without_item(['b'])
a takes action: pick_up(['a', 'i'])
Steps: 3
Time cost: 0.014619s
2025-10-12 17:09:48,690 EXP - __main__.Logger.exp:
a takes action: drop_item(['a', 'i'])
b takes action: move_right_without_item(['b'])
a takes action: pick_up(['a', 'i'])
Steps: 3
Time cost: 0.014588s
2025-10-12 17:09:48,705 EXP - __main__.Logger.exp:
a takes action: drop_item(['a', 'i'])
b takes action: move_right_without_item(['b'])
a takes action: pick_up(['a', 'i'])
Steps: 3
Time cost: 0.014649s
2025-10-12 17:09:48,719 EXP - __main__.Logger.exp:
a takes action: drop_item(['a', 'i'])
b takes action: move_right_without_item(['b'])
a takes action: pick_up(['a', 'i'])
Steps: 3
Time cost: 0.014634s
2025-10-12 17:09:48,734 EXP - __main__.Logger.exp:
a takes action: drop_item(['a', 'i'])
b takes action: move_right_without_item(['b'])
a takes action: pick_up(['a', 'i'])
Steps: 3
Time cost: 0.014642s
2025-10-12 17:09:48,749 EXP - __main__.Logger.exp:
a takes action: drop_item(['a', 'i'])
b takes action: move_right_without_item(['b'])
a takes action: pick_up(['a', 'i'])
Steps: 3
Time cost: 0.014743s
2025-10-12 17:09:48,764 EXP - __main__.Logger.exp:
a takes action: drop_item(['a', 'i'])
b takes action: move_right_without_item(['b'])
a takes action: pick_up(['a', 'i'])
Steps: 3
Time cost: 0.014630s
2025-10-12 17:09:48,778 EXP - __main__.Logger.exp:
a takes action: drop_item(['a', 'i'])
b takes action: move_right_without_item(['b'])
a takes action: pick_up(['a', 'i'])
Steps: 3
Time cost: 0.014609s
2025-10-12 17:09:48,793 EXP - __main__.Logger.exp:
a takes action: drop_item(['a', 'i'])
b takes action: move_right_without_item(['b'])
a takes action: pick_up(['a', 'i'])
Steps: 3
Time cost: 0.014580s
2025-10-12 17:09:48,808 EXP - __main__.Logger.exp:
a takes action: drop_item(['a', 'i'])
b takes action: move_right_without_item(['b'])
a takes action: pick_up(['a', 'i'])
Steps: 3
Time cost: 0.014685s
2025-10-12 17:09:48,823 EXP - __main__.Logger.exp:
a takes action: drop_item(['a', 'i'])
b takes action: move_right_without_item(['b'])
a takes action: pick_up(['a', 'i'])
Steps: 3
Time cost: 0.014588s
2025-10-12 17:09:48,837 EXP - __main__.Logger.exp:
a takes action: drop_item(['a', 'i'])
b takes action: move_right_without_item(['b'])
a takes action: pick_up(['a', 'i'])
Steps: 3
Time cost: 0.014720s
2025-10-12 17:09:48,852 EXP - __main__.Logger.exp:
a takes action: drop_item(['a', 'i'])
b takes action: move_right_without_item(['b'])
a takes action: pick_up(['a', 'i'])
Steps: 3
Time cost: 0.014688s
2025-10-12 17:09:48,867 EXP - __main__.Logger.exp:
a takes action: drop_item(['a', 'i'])
b takes action: move_right_without_item(['b'])
a takes action: pick_up(['a', 'i'])
Steps: 3
Time cost: 0.014663s
2025-10-12 17:09:48,882 EXP - __main__.Logger.exp:
a takes action: drop_item(['a', 'i'])
b takes action: move_right_without_item(['b'])
a takes action: pick_up(['a', 'i'])
Steps: 3
Time cost: 0.014649s
2025-10-12 17:09:48,896 EXP - __main__.Logger.exp:
a takes action: drop_item(['a', 'i'])
b takes action: move_right_without_item(['b'])
a takes action: pick_up(['a', 'i'])
Steps: 3
Time cost: 0.014609s
2025-10-12 17:09:48,911 EXP - __main__.Logger.exp:
a takes action: drop_item(['a', 'i'])
b takes action: move_right_without_item(['b'])
a takes action: pick_up(['a', 'i'])
Steps: 3
Time cost: 0.014586s
2025-10-12 17:09:48,911 EXP - __main__.Logger.exp:
Avg Steps: 3.0
Avg Time: 0.014629s
