2025-10-11 18:43:17,600 EXP - __main__.Logger.exp:
a takes action: lying_own_secret(['a', 'as'])
b takes action: stay(['b'])
c takes action: stay(['c'])
a takes action: quiet(['a', 'as'])
b takes action: lying_own_secret(['b', 'bs'])
c takes action: stay(['c'])
a takes action: stay(['a'])
b takes action: quiet(['b', 'bs'])
c takes action: stay(['c'])
a takes action: stay(['a'])
b takes action: stay(['b'])
c takes action: stay(['c'])
a takes action: stay(['a'])
b takes action: stay(['b'])
c takes action: stay(['c'])
a takes action: stay(['a'])
b takes action: stay(['b'])
c takes action: stay(['c'])
a takes action: stay(['a'])
b takes action: stay(['b'])
c takes action: stay(['c'])
a takes action: stay(['a'])
b takes action: stay(['b'])
c takes action: stay(['c'])
a takes action: stay(['a'])
b takes action: stay(['b'])
c takes action: stay(['c'])
a takes action: stay(['a'])
b takes action: stay(['b'])
c takes action: stay(['c'])
a takes action: stay(['a'])
b takes action: stay(['b'])
c takes action: stay(['c'])
a takes action: stay(['a'])
b takes action: stay(['b'])
c takes action: stay(['c'])
a takes action: stay(['a'])
b takes action: stay(['b'])
c takes action: stay(['c'])
a takes action: stay(['a'])
b takes action: stay(['b'])
c takes action: stay(['c'])
a takes action: stay(['a'])
b takes action: stay(['b'])
c takes action: stay(['c'])
a takes action: stay(['a'])
b takes action: stay(['b'])
c takes action: stay(['c'])
a takes action: stay(['a'])
b takes action: stay(['b'])
c takes action: stay(['c'])
a takes action: stay(['a'])
b takes action: stay(['b'])
c takes action: stay(['c'])
a takes action: stay(['a'])
b takes action: stay(['b'])
c takes action: stay(['c'])
a takes action: stay(['a'])
b takes action: stay(['b'])
c takes action: stay(['c'])
a takes action: stay(['a'])
b takes action: stay(['b'])
c takes action: stay(['c'])
a takes action: stay(['a'])
b takes action: stay(['b'])
c takes action: stay(['c'])
a takes action: stay(['a'])
b takes action: stay(['b'])
c takes action: stay(['c'])
a takes action: stay(['a'])
b takes action: stay(['b'])
c takes action: stay(['c'])
a takes action: stay(['a'])
b takes action: stay(['b'])
c takes action: stay(['c'])
a takes action: stay(['a'])
b takes action: stay(['b'])
c takes action: stay(['c'])
a takes action: stay(['a'])
b takes action: stay(['b'])
c takes action: stay(['c'])
a takes action: stay(['a'])
b takes action: stay(['b'])
c takes action: stay(['c'])
a takes action: stay(['a'])
b takes action: stay(['b'])
c takes action: stay(['c'])
a takes action: stay(['a'])
b takes action: stay(['b'])
c takes action: stay(['c'])
a takes action: stay(['a'])
b takes action: stay(['b'])
c takes action: stay(['c'])
a takes action: stay(['a'])
b takes action: stay(['b'])
c takes action: stay(['c'])
a takes action: stay(['a'])
b takes action: stay(['b'])
c takes action: stay(['c'])
a takes action: stay(['a'])

