2025-10-11 18:42:24,401 EXP - __main__.Logger.exp:
a takes action: sharing_own_secret(['a', 'as'])
b takes action: stay(['b'])
c takes action: stay(['c'])
a takes action: stay(['a'])
b takes action: stay(['b'])
c takes action: stay(['c'])
a takes action: stay(['a'])
b takes action: stay(['b'])
c takes action: stay(['c'])
a takes action: quiet(['a', 'as'])
b takes action: lying_own_secret(['b', 'bs'])
c takes action: stay(['c'])
a takes action: stay(['a'])
b takes action: stay(['b'])
c takes action: stay(['c'])
a takes action: stay(['a'])
b takes action: stay(['b'])
c takes action: stay(['c'])
a takes action: stay(['a'])
b takes action: stay(['b'])
c takes action: stay(['c'])
a takes action: stay(['a'])
b takes action: stay(['b'])
c takes action: stay(['c'])
a takes action: stay(['a'])
b takes action: stay(['b'])
c takes action: stay(['c'])
a takes action: stay(['a'])
b takes action: stay(['b'])
c takes action: stay(['c'])
a takes action: stay(['a'])
b takes action: stay(['b'])
c takes action: stay(['c'])
a takes action: stay(['a'])
b takes action: stay(['b'])
c takes action: stay(['c'])
a takes action: stay(['a'])
b takes action: stay(['b'])
c takes action: stay(['c'])
a takes action: stay(['a'])
b takes action: stay(['b'])
c takes action: stay(['c'])
a takes action: stay(['a'])
b takes action: stay(['b'])
c takes action: stay(['c'])
a takes action: stay(['a'])
b takes action: stay(['b'])
c takes action: stay(['c'])
a takes action: stay(['a'])
b takes action: stay(['b'])
c takes action: stay(['c'])
a takes action: stay(['a'])
b takes action: stay(['b'])
c takes action: stay(['c'])
a takes action: stay(['a'])
b takes action: stay(['b'])
c takes action: stay(['c'])
a takes action: stay(['a'])
b takes action: stay(['b'])
c takes action: stay(['c'])
a takes action: stay(['a'])
b takes action: stay(['b'])
c takes action: stay(['c'])
a takes action: stay(['a'])
b takes action: stay(['b'])
c takes action: stay(['c'])
a takes action: stay(['a'])
b takes action: stay(['b'])
c takes action: stay(['c'])
a takes action: stay(['a'])
b takes action: stay(['b'])
c takes action: stay(['c'])
a takes action: stay(['a'])
b takes action: stay(['b'])
c takes action: stay(['c'])
a takes action: stay(['a'])
b takes action: stay(['b'])
c takes action: stay(['c'])
a takes action: stay(['a'])
b takes action: stay(['b'])
c takes action: stay(['c'])
a takes action: stay(['a'])
b takes action: stay(['b'])
c takes action: stay(['c'])
a takes action: stay(['a'])
b takes action: stay(['b'])
c takes action: stay(['c'])
a takes action: stay(['a'])
b takes action: stay(['b'])
c takes action: stay(['c'])
a takes action: stay(['a'])
b takes action: stay(['b'])
c takes action: stay(['c'])
a takes action: stay(['a'])
b takes action: stay(['b'])
c takes action: stay(['c'])
a takes action: stay(['a'])
b takes action: stay(['b'])
c takes action: stay(['c'])
a takes action: stay(['a'])

