2025-10-24 20:50:32,908 EXP - __main__.Logger.exp:
a takes action: move(['a', 'r1', 'r2'])
b takes action: stay(['b'])
a takes action: move(['a', 'r2', 'r4'])
b takes action: move(['b', 'r3', 'r2'])
a takes action: stay(['a'])
b takes action: move(['b', 'r2', 'r1'])
a takes action: move(['a', 'r4', 'r2'])
b takes action: stay(['b'])
a takes action: move(['a', 'r2', 'r3'])
Steps: 9
Time cost: 0.026064s
2025-10-24 20:50:32,935 EXP - __main__.Logger.exp:
a takes action: move(['a', 'r1', 'r2'])
b takes action: stay(['b'])
a takes action: move(['a', 'r2', 'r4'])
b takes action: move(['b', 'r3', 'r2'])
a takes action: stay(['a'])
b takes action: move(['b', 'r2', 'r1'])
a takes action: move(['a', 'r4', 'r2'])
b takes action: stay(['b'])
a takes action: move(['a', 'r2', 'r3'])
Steps: 9
Time cost: 0.026433s
2025-10-24 20:50:32,963 EXP - __main__.Logger.exp:
a takes action: move(['a', 'r1', 'r2'])
b takes action: stay(['b'])
a takes action: move(['a', 'r2', 'r4'])
b takes action: move(['b', 'r3', 'r2'])
a takes action: stay(['a'])
b takes action: move(['b', 'r2', 'r1'])
a takes action: move(['a', 'r4', 'r2'])
b takes action: stay(['b'])
a takes action: move(['a', 'r2', 'r3'])
Steps: 9
Time cost: 0.027068s
2025-10-24 20:50:32,963 EXP - __main__.Logger.exp:
Avg Steps: 9.0
Avg Time: 0.026522s
