2025-12-06 19:46:46,929 ERROR - __main__._.regex_search:
result not found: \(([!=><]=?|>|<) \(([^\)]+)\) \(?(\d|[^\)]+)\){1,2} in 
2025-12-06 19:46:46,929 ERROR - __main__._.regex_search:
result not found: \s+b\[([\w,]+)\]\s(.+)\((.+)\)=\[(.+)\] in 
2025-12-06 19:46:47,034 EXP - __main__.Logger.exp:
teacher takes action: ask(['teacher'])
a1 takes action: stay(['a1'])
a2 takes action: stay(['a2'])
a3 takes action: stay(['a3'])
a4 takes action: stay(['a4'])
a5 takes action: stay(['a5'])
a6 takes action: stay(['a6'])
a7 takes action: stay(['a7'])
a8 takes action: stay(['a8'])
teacher takes action: ask(['teacher'])
a1 takes action: stay(['a1'])
a2 takes action: stay(['a2'])
a3 takes action: stay(['a3'])
a4 takes action: stay(['a4'])
a5 takes action: stay(['a5'])
a6 takes action: stay(['a6'])
a7 takes action: stay(['a7'])
a8 takes action: stay(['a8'])
teacher takes action: ask(['teacher'])
a1 takes action: stay(['a1'])
a2 takes action: stay(['a2'])
a3 takes action: stay(['a3'])
a4 takes action: stay(['a4'])
a5 takes action: stay(['a5'])
a6 takes action: stay(['a6'])
a7 takes action: stay(['a7'])
a8 takes action: stay(['a8'])
teacher takes action: ask(['teacher'])
a1 takes action: stay(['a1'])
a2 takes action: stay(['a2'])
a3 takes action: stay(['a3'])
a4 takes action: stay(['a4'])
a5 takes action: stay(['a5'])
a6 takes action: stay(['a6'])
a7 takes action: stay(['a7'])
a8 takes action: stay(['a8'])
teacher takes action: ask(['teacher'])
a1 takes action: stay(['a1'])
a2 takes action: stay(['a2'])
a3 takes action: stay(['a3'])
a4 takes action: stay(['a4'])
a5 takes action: stay(['a5'])
a6 takes action: stay(['a6'])
a7 takes action: stay(['a7'])
a8 takes action: stay(['a8'])
teacher takes action: ask(['teacher'])
a1 takes action: stay(['a1'])
a2 takes action: stay(['a2'])
a3 takes action: stay(['a3'])
a4 takes action: stay(['a4'])
a5 takes action: stay(['a5'])
a6 takes action: stay(['a6'])
a7 takes action: stay(['a7'])
a8 takes action: stay(['a8'])
teacher takes action: ask(['teacher'])
a1 takes action: say_yes(['a1'])
a2 takes action: stay(['a2'])
a3 takes action: stay(['a3'])
a4 takes action: stay(['a4'])
a5 takes action: stay(['a5'])
a6 takes action: stay(['a6'])
a7 takes action: stay(['a7'])
a8 takes action: stay(['a8'])
teacher takes action: ask(['teacher'])
Steps: 64
Time cost: 0.061202s
Number of Generated Virtual Problems: 1

2025-12-06 19:46:47,074 EXP - __main__.Logger.exp:
teacher takes action: ask(['teacher'])
a1 takes action: stay(['a1'])
a2 takes action: stay(['a2'])
a3 takes action: stay(['a3'])
a4 takes action: stay(['a4'])
a5 takes action: stay(['a5'])
a6 takes action: stay(['a6'])
a7 takes action: stay(['a7'])
a8 takes action: stay(['a8'])
teacher takes action: ask(['teacher'])
a1 takes action: stay(['a1'])
a2 takes action: stay(['a2'])
a3 takes action: stay(['a3'])
a4 takes action: stay(['a4'])
a5 takes action: stay(['a5'])
a6 takes action: stay(['a6'])
a7 takes action: stay(['a7'])
a8 takes action: stay(['a8'])
teacher takes action: ask(['teacher'])
a1 takes action: stay(['a1'])
a2 takes action: stay(['a2'])
a3 takes action: stay(['a3'])
a4 takes action: stay(['a4'])
a5 takes action: stay(['a5'])
a6 takes action: stay(['a6'])
a7 takes action: stay(['a7'])
a8 takes action: stay(['a8'])
teacher takes action: ask(['teacher'])
a1 takes action: stay(['a1'])
a2 takes action: stay(['a2'])
a3 takes action: stay(['a3'])
a4 takes action: stay(['a4'])
a5 takes action: stay(['a5'])
a6 takes action: stay(['a6'])
a7 takes action: stay(['a7'])
a8 takes action: stay(['a8'])
teacher takes action: ask(['teacher'])
a1 takes action: stay(['a1'])
a2 takes action: stay(['a2'])
a3 takes action: stay(['a3'])
a4 takes action: stay(['a4'])
a5 takes action: stay(['a5'])
a6 takes action: stay(['a6'])
a7 takes action: stay(['a7'])
a8 takes action: stay(['a8'])
teacher takes action: ask(['teacher'])
a1 takes action: stay(['a1'])
a2 takes action: stay(['a2'])
a3 takes action: stay(['a3'])
a4 takes action: stay(['a4'])
a5 takes action: stay(['a5'])
a6 takes action: stay(['a6'])
a7 takes action: stay(['a7'])
a8 takes action: stay(['a8'])
teacher takes action: ask(['teacher'])
a1 takes action: say_yes(['a1'])
a2 takes action: stay(['a2'])
a3 takes action: stay(['a3'])
a4 takes action: stay(['a4'])
a5 takes action: stay(['a5'])
a6 takes action: stay(['a6'])
a7 takes action: stay(['a7'])
a8 takes action: stay(['a8'])
teacher takes action: ask(['teacher'])
Steps: 64
Time cost: 0.039196s
Number of Generated Virtual Problems: 1

2025-12-06 19:46:47,134 EXP - __main__.Logger.exp:
teacher takes action: ask(['teacher'])
a1 takes action: stay(['a1'])
a2 takes action: stay(['a2'])
a3 takes action: stay(['a3'])
a4 takes action: stay(['a4'])
a5 takes action: stay(['a5'])
a6 takes action: stay(['a6'])
a7 takes action: stay(['a7'])
a8 takes action: stay(['a8'])
teacher takes action: ask(['teacher'])
a1 takes action: stay(['a1'])
a2 takes action: stay(['a2'])
a3 takes action: stay(['a3'])
a4 takes action: stay(['a4'])
a5 takes action: stay(['a5'])
a6 takes action: stay(['a6'])
a7 takes action: stay(['a7'])
a8 takes action: stay(['a8'])
teacher takes action: ask(['teacher'])
a1 takes action: stay(['a1'])
a2 takes action: stay(['a2'])
a3 takes action: stay(['a3'])
a4 takes action: stay(['a4'])
a5 takes action: stay(['a5'])
a6 takes action: stay(['a6'])
a7 takes action: stay(['a7'])
a8 takes action: stay(['a8'])
teacher takes action: ask(['teacher'])
a1 takes action: stay(['a1'])
a2 takes action: stay(['a2'])
a3 takes action: stay(['a3'])
a4 takes action: stay(['a4'])
a5 takes action: stay(['a5'])
a6 takes action: stay(['a6'])
a7 takes action: stay(['a7'])
a8 takes action: stay(['a8'])
teacher takes action: ask(['teacher'])
a1 takes action: stay(['a1'])
a2 takes action: stay(['a2'])
a3 takes action: stay(['a3'])
a4 takes action: stay(['a4'])
a5 takes action: stay(['a5'])
a6 takes action: stay(['a6'])
a7 takes action: stay(['a7'])
a8 takes action: stay(['a8'])
teacher takes action: ask(['teacher'])
a1 takes action: stay(['a1'])
a2 takes action: stay(['a2'])
a3 takes action: stay(['a3'])
a4 takes action: stay(['a4'])
a5 takes action: stay(['a5'])
a6 takes action: stay(['a6'])
a7 takes action: stay(['a7'])
a8 takes action: stay(['a8'])
teacher takes action: ask(['teacher'])
a1 takes action: stay(['a1'])
a2 takes action: stay(['a2'])
a3 takes action: say_yes(['a3'])
a4 takes action: stay(['a4'])
a5 takes action: stay(['a5'])
a6 takes action: stay(['a6'])
a7 takes action: stay(['a7'])
a8 takes action: stay(['a8'])
teacher takes action: ask(['teacher'])
Steps: 64
Time cost: 0.058877s
Number of Generated Virtual Problems: 3

2025-12-06 19:46:47,179 EXP - __main__.Logger.exp:
teacher takes action: ask(['teacher'])
a1 takes action: stay(['a1'])
a2 takes action: stay(['a2'])
a3 takes action: stay(['a3'])
a4 takes action: stay(['a4'])
a5 takes action: stay(['a5'])
a6 takes action: stay(['a6'])
a7 takes action: stay(['a7'])
a8 takes action: stay(['a8'])
teacher takes action: ask(['teacher'])
a1 takes action: stay(['a1'])
a2 takes action: stay(['a2'])
a3 takes action: stay(['a3'])
a4 takes action: stay(['a4'])
a5 takes action: stay(['a5'])
a6 takes action: stay(['a6'])
a7 takes action: stay(['a7'])
a8 takes action: stay(['a8'])
teacher takes action: ask(['teacher'])
a1 takes action: stay(['a1'])
a2 takes action: stay(['a2'])
a3 takes action: stay(['a3'])
a4 takes action: stay(['a4'])
a5 takes action: stay(['a5'])
a6 takes action: stay(['a6'])
a7 takes action: stay(['a7'])
a8 takes action: stay(['a8'])
teacher takes action: ask(['teacher'])
a1 takes action: stay(['a1'])
a2 takes action: stay(['a2'])
a3 takes action: stay(['a3'])
a4 takes action: stay(['a4'])
a5 takes action: stay(['a5'])
a6 takes action: stay(['a6'])
a7 takes action: stay(['a7'])
a8 takes action: stay(['a8'])
teacher takes action: ask(['teacher'])
a1 takes action: stay(['a1'])
a2 takes action: stay(['a2'])
a3 takes action: stay(['a3'])
a4 takes action: stay(['a4'])
a5 takes action: stay(['a5'])
a6 takes action: stay(['a6'])
a7 takes action: stay(['a7'])
a8 takes action: stay(['a8'])
teacher takes action: ask(['teacher'])
a1 takes action: stay(['a1'])
a2 takes action: stay(['a2'])
a3 takes action: stay(['a3'])
a4 takes action: stay(['a4'])
a5 takes action: stay(['a5'])
a6 takes action: stay(['a6'])
a7 takes action: stay(['a7'])
a8 takes action: stay(['a8'])
teacher takes action: ask(['teacher'])
a1 takes action: stay(['a1'])
a2 takes action: say_yes(['a2'])
a3 takes action: stay(['a3'])
a4 takes action: stay(['a4'])
a5 takes action: stay(['a5'])
a6 takes action: stay(['a6'])
a7 takes action: stay(['a7'])
a8 takes action: stay(['a8'])
teacher takes action: ask(['teacher'])
Steps: 64
Time cost: 0.044355s
Number of Generated Virtual Problems: 2

2025-12-06 19:46:47,220 EXP - __main__.Logger.exp:
teacher takes action: ask(['teacher'])
a1 takes action: stay(['a1'])
a2 takes action: stay(['a2'])
a3 takes action: stay(['a3'])
a4 takes action: stay(['a4'])
a5 takes action: stay(['a5'])
a6 takes action: stay(['a6'])
a7 takes action: stay(['a7'])
a8 takes action: stay(['a8'])
teacher takes action: ask(['teacher'])
a1 takes action: stay(['a1'])
a2 takes action: stay(['a2'])
a3 takes action: stay(['a3'])
a4 takes action: stay(['a4'])
a5 takes action: stay(['a5'])
a6 takes action: stay(['a6'])
a7 takes action: stay(['a7'])
a8 takes action: stay(['a8'])
teacher takes action: ask(['teacher'])
a1 takes action: stay(['a1'])
a2 takes action: stay(['a2'])
a3 takes action: stay(['a3'])
a4 takes action: stay(['a4'])
a5 takes action: stay(['a5'])
a6 takes action: stay(['a6'])
a7 takes action: stay(['a7'])
a8 takes action: stay(['a8'])
teacher takes action: ask(['teacher'])
a1 takes action: stay(['a1'])
a2 takes action: stay(['a2'])
a3 takes action: stay(['a3'])
a4 takes action: stay(['a4'])
a5 takes action: stay(['a5'])
a6 takes action: stay(['a6'])
a7 takes action: stay(['a7'])
a8 takes action: stay(['a8'])
teacher takes action: ask(['teacher'])
a1 takes action: stay(['a1'])
a2 takes action: stay(['a2'])
a3 takes action: stay(['a3'])
a4 takes action: stay(['a4'])
a5 takes action: stay(['a5'])
a6 takes action: stay(['a6'])
a7 takes action: stay(['a7'])
a8 takes action: stay(['a8'])
teacher takes action: ask(['teacher'])
a1 takes action: stay(['a1'])
a2 takes action: stay(['a2'])
a3 takes action: stay(['a3'])
a4 takes action: stay(['a4'])
a5 takes action: stay(['a5'])
a6 takes action: stay(['a6'])
a7 takes action: stay(['a7'])
a8 takes action: stay(['a8'])
teacher takes action: ask(['teacher'])
a1 takes action: say_yes(['a1'])
a2 takes action: stay(['a2'])
a3 takes action: stay(['a3'])
a4 takes action: stay(['a4'])
a5 takes action: stay(['a5'])
a6 takes action: stay(['a6'])
a7 takes action: stay(['a7'])
a8 takes action: stay(['a8'])
teacher takes action: ask(['teacher'])
Steps: 64
Time cost: 0.040479s
Number of Generated Virtual Problems: 1

2025-12-06 19:46:47,220 EXP - __main__.Logger.exp:
Avg Steps: 64.0
Avg Time: 0.048822s
Avg VMS: 1.6

