2025-12-06 19:46:46,967 ERROR - __main__._.regex_search:
result not found: \(([!=><]=?|>|<) \(([^\)]+)\) \(?(\d|[^\)]+)\){1,2} in 
2025-12-06 19:46:46,967 ERROR - __main__._.regex_search:
result not found: \s+b\[([\w,]+)\]\s(.+)\((.+)\)=\[(.+)\] in 
2025-12-06 19:46:47,151 EXP - __main__.Logger.exp:
teacher takes action: ask(['teacher'])
a1 takes action: stay(['a1'])
a2 takes action: stay(['a2'])
a3 takes action: stay(['a3'])
a4 takes action: stay(['a4'])
a5 takes action: stay(['a5'])
a6 takes action: stay(['a6'])
a7 takes action: stay(['a7'])
a8 takes action: stay(['a8'])
a9 takes action: stay(['a9'])
teacher takes action: ask(['teacher'])
a1 takes action: stay(['a1'])
a2 takes action: stay(['a2'])
a3 takes action: stay(['a3'])
a4 takes action: stay(['a4'])
a5 takes action: stay(['a5'])
a6 takes action: stay(['a6'])
a7 takes action: stay(['a7'])
a8 takes action: stay(['a8'])
a9 takes action: stay(['a9'])
teacher takes action: ask(['teacher'])
a1 takes action: stay(['a1'])
a2 takes action: stay(['a2'])
a3 takes action: stay(['a3'])
a4 takes action: stay(['a4'])
a5 takes action: stay(['a5'])
a6 takes action: stay(['a6'])
a7 takes action: stay(['a7'])
a8 takes action: stay(['a8'])
a9 takes action: stay(['a9'])
teacher takes action: ask(['teacher'])
a1 takes action: stay(['a1'])
a2 takes action: stay(['a2'])
a3 takes action: stay(['a3'])
a4 takes action: stay(['a4'])
a5 takes action: stay(['a5'])
a6 takes action: stay(['a6'])
a7 takes action: stay(['a7'])
a8 takes action: stay(['a8'])
a9 takes action: stay(['a9'])
teacher takes action: ask(['teacher'])
a1 takes action: stay(['a1'])
a2 takes action: stay(['a2'])
a3 takes action: stay(['a3'])
a4 takes action: stay(['a4'])
a5 takes action: stay(['a5'])
a6 takes action: stay(['a6'])
a7 takes action: stay(['a7'])
a8 takes action: stay(['a8'])
a9 takes action: stay(['a9'])
teacher takes action: ask(['teacher'])
a1 takes action: stay(['a1'])
a2 takes action: stay(['a2'])
a3 takes action: stay(['a3'])
a4 takes action: stay(['a4'])
a5 takes action: stay(['a5'])
a6 takes action: stay(['a6'])
a7 takes action: stay(['a7'])
a8 takes action: stay(['a8'])
a9 takes action: stay(['a9'])
teacher takes action: ask(['teacher'])
a1 takes action: stay(['a1'])
a2 takes action: stay(['a2'])
a3 takes action: stay(['a3'])
a4 takes action: stay(['a4'])
a5 takes action: stay(['a5'])
a6 takes action: stay(['a6'])
a7 takes action: stay(['a7'])
a8 takes action: stay(['a8'])
a9 takes action: stay(['a9'])
teacher takes action: ask(['teacher'])
a1 takes action: stay(['a1'])
a2 takes action: stay(['a2'])
a3 takes action: stay(['a3'])
a4 takes action: stay(['a4'])
a5 takes action: say_yes(['a5'])
a6 takes action: stay(['a6'])
a7 takes action: stay(['a7'])
a8 takes action: stay(['a8'])
a9 takes action: stay(['a9'])
teacher takes action: ask(['teacher'])
Steps: 81
Time cost: 0.133706s
Number of Generated Virtual Problems: 5

2025-12-06 19:46:47,223 EXP - __main__.Logger.exp:
teacher takes action: ask(['teacher'])
a1 takes action: stay(['a1'])
a2 takes action: stay(['a2'])
a3 takes action: stay(['a3'])
a4 takes action: stay(['a4'])
a5 takes action: stay(['a5'])
a6 takes action: stay(['a6'])
a7 takes action: stay(['a7'])
a8 takes action: stay(['a8'])
a9 takes action: stay(['a9'])
teacher takes action: ask(['teacher'])
a1 takes action: stay(['a1'])
a2 takes action: stay(['a2'])
a3 takes action: stay(['a3'])
a4 takes action: stay(['a4'])
a5 takes action: stay(['a5'])
a6 takes action: stay(['a6'])
a7 takes action: stay(['a7'])
a8 takes action: stay(['a8'])
a9 takes action: stay(['a9'])
teacher takes action: ask(['teacher'])
a1 takes action: stay(['a1'])
a2 takes action: stay(['a2'])
a3 takes action: stay(['a3'])
a4 takes action: stay(['a4'])
a5 takes action: stay(['a5'])
a6 takes action: stay(['a6'])
a7 takes action: stay(['a7'])
a8 takes action: stay(['a8'])
a9 takes action: stay(['a9'])
teacher takes action: ask(['teacher'])
a1 takes action: stay(['a1'])
a2 takes action: stay(['a2'])
a3 takes action: stay(['a3'])
a4 takes action: stay(['a4'])
a5 takes action: stay(['a5'])
a6 takes action: stay(['a6'])
a7 takes action: stay(['a7'])
a8 takes action: stay(['a8'])
a9 takes action: stay(['a9'])
teacher takes action: ask(['teacher'])
a1 takes action: stay(['a1'])
a2 takes action: stay(['a2'])
a3 takes action: stay(['a3'])
a4 takes action: stay(['a4'])
a5 takes action: stay(['a5'])
a6 takes action: stay(['a6'])
a7 takes action: stay(['a7'])
a8 takes action: stay(['a8'])
a9 takes action: stay(['a9'])
teacher takes action: ask(['teacher'])
a1 takes action: stay(['a1'])
a2 takes action: stay(['a2'])
a3 takes action: stay(['a3'])
a4 takes action: stay(['a4'])
a5 takes action: stay(['a5'])
a6 takes action: stay(['a6'])
a7 takes action: stay(['a7'])
a8 takes action: stay(['a8'])
a9 takes action: stay(['a9'])
teacher takes action: ask(['teacher'])
a1 takes action: stay(['a1'])
a2 takes action: stay(['a2'])
a3 takes action: stay(['a3'])
a4 takes action: stay(['a4'])
a5 takes action: stay(['a5'])
a6 takes action: stay(['a6'])
a7 takes action: stay(['a7'])
a8 takes action: stay(['a8'])
a9 takes action: stay(['a9'])
teacher takes action: ask(['teacher'])
a1 takes action: stay(['a1'])
a2 takes action: say_yes(['a2'])
a3 takes action: stay(['a3'])
a4 takes action: stay(['a4'])
a5 takes action: stay(['a5'])
a6 takes action: stay(['a6'])
a7 takes action: stay(['a7'])
a8 takes action: stay(['a8'])
a9 takes action: stay(['a9'])
teacher takes action: ask(['teacher'])
Steps: 81
Time cost: 0.071144s
Number of Generated Virtual Problems: 2

2025-12-06 19:46:47,306 EXP - __main__.Logger.exp:
teacher takes action: ask(['teacher'])
a1 takes action: stay(['a1'])
a2 takes action: stay(['a2'])
a3 takes action: stay(['a3'])
a4 takes action: stay(['a4'])
a5 takes action: stay(['a5'])
a6 takes action: stay(['a6'])
a7 takes action: stay(['a7'])
a8 takes action: stay(['a8'])
a9 takes action: stay(['a9'])
teacher takes action: ask(['teacher'])
a1 takes action: stay(['a1'])
a2 takes action: stay(['a2'])
a3 takes action: stay(['a3'])
a4 takes action: stay(['a4'])
a5 takes action: stay(['a5'])
a6 takes action: stay(['a6'])
a7 takes action: stay(['a7'])
a8 takes action: stay(['a8'])
a9 takes action: stay(['a9'])
teacher takes action: ask(['teacher'])
a1 takes action: stay(['a1'])
a2 takes action: stay(['a2'])
a3 takes action: stay(['a3'])
a4 takes action: stay(['a4'])
a5 takes action: stay(['a5'])
a6 takes action: stay(['a6'])
a7 takes action: stay(['a7'])
a8 takes action: stay(['a8'])
a9 takes action: stay(['a9'])
teacher takes action: ask(['teacher'])
a1 takes action: stay(['a1'])
a2 takes action: stay(['a2'])
a3 takes action: stay(['a3'])
a4 takes action: stay(['a4'])
a5 takes action: stay(['a5'])
a6 takes action: stay(['a6'])
a7 takes action: stay(['a7'])
a8 takes action: stay(['a8'])
a9 takes action: stay(['a9'])
teacher takes action: ask(['teacher'])
a1 takes action: stay(['a1'])
a2 takes action: stay(['a2'])
a3 takes action: stay(['a3'])
a4 takes action: stay(['a4'])
a5 takes action: stay(['a5'])
a6 takes action: stay(['a6'])
a7 takes action: stay(['a7'])
a8 takes action: stay(['a8'])
a9 takes action: stay(['a9'])
teacher takes action: ask(['teacher'])
a1 takes action: stay(['a1'])
a2 takes action: stay(['a2'])
a3 takes action: stay(['a3'])
a4 takes action: stay(['a4'])
a5 takes action: stay(['a5'])
a6 takes action: stay(['a6'])
a7 takes action: stay(['a7'])
a8 takes action: stay(['a8'])
a9 takes action: stay(['a9'])
teacher takes action: ask(['teacher'])
a1 takes action: stay(['a1'])
a2 takes action: stay(['a2'])
a3 takes action: stay(['a3'])
a4 takes action: stay(['a4'])
a5 takes action: stay(['a5'])
a6 takes action: stay(['a6'])
a7 takes action: stay(['a7'])
a8 takes action: stay(['a8'])
a9 takes action: stay(['a9'])
teacher takes action: ask(['teacher'])
a1 takes action: stay(['a1'])
a2 takes action: stay(['a2'])
a3 takes action: stay(['a3'])
a4 takes action: say_yes(['a4'])
a5 takes action: stay(['a5'])
a6 takes action: stay(['a6'])
a7 takes action: stay(['a7'])
a8 takes action: stay(['a8'])
a9 takes action: stay(['a9'])
teacher takes action: ask(['teacher'])
Steps: 81
Time cost: 0.082517s
Number of Generated Virtual Problems: 4

2025-12-06 19:46:47,370 EXP - __main__.Logger.exp:
teacher takes action: ask(['teacher'])
a1 takes action: stay(['a1'])
a2 takes action: stay(['a2'])
a3 takes action: stay(['a3'])
a4 takes action: stay(['a4'])
a5 takes action: stay(['a5'])
a6 takes action: stay(['a6'])
a7 takes action: stay(['a7'])
a8 takes action: stay(['a8'])
a9 takes action: stay(['a9'])
teacher takes action: ask(['teacher'])
a1 takes action: stay(['a1'])
a2 takes action: stay(['a2'])
a3 takes action: stay(['a3'])
a4 takes action: stay(['a4'])
a5 takes action: stay(['a5'])
a6 takes action: stay(['a6'])
a7 takes action: stay(['a7'])
a8 takes action: stay(['a8'])
a9 takes action: stay(['a9'])
teacher takes action: ask(['teacher'])
a1 takes action: stay(['a1'])
a2 takes action: stay(['a2'])
a3 takes action: stay(['a3'])
a4 takes action: stay(['a4'])
a5 takes action: stay(['a5'])
a6 takes action: stay(['a6'])
a7 takes action: stay(['a7'])
a8 takes action: stay(['a8'])
a9 takes action: stay(['a9'])
teacher takes action: ask(['teacher'])
a1 takes action: stay(['a1'])
a2 takes action: stay(['a2'])
a3 takes action: stay(['a3'])
a4 takes action: stay(['a4'])
a5 takes action: stay(['a5'])
a6 takes action: stay(['a6'])
a7 takes action: stay(['a7'])
a8 takes action: stay(['a8'])
a9 takes action: stay(['a9'])
teacher takes action: ask(['teacher'])
a1 takes action: stay(['a1'])
a2 takes action: stay(['a2'])
a3 takes action: stay(['a3'])
a4 takes action: stay(['a4'])
a5 takes action: stay(['a5'])
a6 takes action: stay(['a6'])
a7 takes action: stay(['a7'])
a8 takes action: stay(['a8'])
a9 takes action: stay(['a9'])
teacher takes action: ask(['teacher'])
a1 takes action: stay(['a1'])
a2 takes action: stay(['a2'])
a3 takes action: stay(['a3'])
a4 takes action: stay(['a4'])
a5 takes action: stay(['a5'])
a6 takes action: stay(['a6'])
a7 takes action: stay(['a7'])
a8 takes action: stay(['a8'])
a9 takes action: stay(['a9'])
teacher takes action: ask(['teacher'])
a1 takes action: stay(['a1'])
a2 takes action: stay(['a2'])
a3 takes action: stay(['a3'])
a4 takes action: stay(['a4'])
a5 takes action: stay(['a5'])
a6 takes action: stay(['a6'])
a7 takes action: stay(['a7'])
a8 takes action: stay(['a8'])
a9 takes action: stay(['a9'])
teacher takes action: ask(['teacher'])
a1 takes action: say_yes(['a1'])
a2 takes action: stay(['a2'])
a3 takes action: stay(['a3'])
a4 takes action: stay(['a4'])
a5 takes action: stay(['a5'])
a6 takes action: stay(['a6'])
a7 takes action: stay(['a7'])
a8 takes action: stay(['a8'])
a9 takes action: stay(['a9'])
teacher takes action: ask(['teacher'])
Steps: 81
Time cost: 0.062722s
Number of Generated Virtual Problems: 1

2025-12-06 19:46:47,433 EXP - __main__.Logger.exp:
teacher takes action: ask(['teacher'])
a1 takes action: stay(['a1'])
a2 takes action: stay(['a2'])
a3 takes action: stay(['a3'])
a4 takes action: stay(['a4'])
a5 takes action: stay(['a5'])
a6 takes action: stay(['a6'])
a7 takes action: stay(['a7'])
a8 takes action: stay(['a8'])
a9 takes action: stay(['a9'])
teacher takes action: ask(['teacher'])
a1 takes action: stay(['a1'])
a2 takes action: stay(['a2'])
a3 takes action: stay(['a3'])
a4 takes action: stay(['a4'])
a5 takes action: stay(['a5'])
a6 takes action: stay(['a6'])
a7 takes action: stay(['a7'])
a8 takes action: stay(['a8'])
a9 takes action: stay(['a9'])
teacher takes action: ask(['teacher'])
a1 takes action: stay(['a1'])
a2 takes action: stay(['a2'])
a3 takes action: stay(['a3'])
a4 takes action: stay(['a4'])
a5 takes action: stay(['a5'])
a6 takes action: stay(['a6'])
a7 takes action: stay(['a7'])
a8 takes action: stay(['a8'])
a9 takes action: stay(['a9'])
teacher takes action: ask(['teacher'])
a1 takes action: stay(['a1'])
a2 takes action: stay(['a2'])
a3 takes action: stay(['a3'])
a4 takes action: stay(['a4'])
a5 takes action: stay(['a5'])
a6 takes action: stay(['a6'])
a7 takes action: stay(['a7'])
a8 takes action: stay(['a8'])
a9 takes action: stay(['a9'])
teacher takes action: ask(['teacher'])
a1 takes action: stay(['a1'])
a2 takes action: stay(['a2'])
a3 takes action: stay(['a3'])
a4 takes action: stay(['a4'])
a5 takes action: stay(['a5'])
a6 takes action: stay(['a6'])
a7 takes action: stay(['a7'])
a8 takes action: stay(['a8'])
a9 takes action: stay(['a9'])
teacher takes action: ask(['teacher'])
a1 takes action: stay(['a1'])
a2 takes action: stay(['a2'])
a3 takes action: stay(['a3'])
a4 takes action: stay(['a4'])
a5 takes action: stay(['a5'])
a6 takes action: stay(['a6'])
a7 takes action: stay(['a7'])
a8 takes action: stay(['a8'])
a9 takes action: stay(['a9'])
teacher takes action: ask(['teacher'])
a1 takes action: stay(['a1'])
a2 takes action: stay(['a2'])
a3 takes action: stay(['a3'])
a4 takes action: stay(['a4'])
a5 takes action: stay(['a5'])
a6 takes action: stay(['a6'])
a7 takes action: stay(['a7'])
a8 takes action: stay(['a8'])
a9 takes action: stay(['a9'])
teacher takes action: ask(['teacher'])
a1 takes action: say_yes(['a1'])
a2 takes action: stay(['a2'])
a3 takes action: stay(['a3'])
a4 takes action: stay(['a4'])
a5 takes action: stay(['a5'])
a6 takes action: stay(['a6'])
a7 takes action: stay(['a7'])
a8 takes action: stay(['a8'])
a9 takes action: stay(['a9'])
teacher takes action: ask(['teacher'])
Steps: 81
Time cost: 0.062707s
Number of Generated Virtual Problems: 1

2025-12-06 19:46:47,434 EXP - __main__.Logger.exp:
Avg Steps: 81.0
Avg Time: 0.082559s
Avg VMS: 2.6

