2025-12-06 19:46:46,972 ERROR - __main__._.regex_search:
result not found: \(([!=><]=?|>|<) \(([^\)]+)\) \(?(\d|[^\)]+)\){1,2} in 
2025-12-06 19:46:46,972 ERROR - __main__._.regex_search:
result not found: \s+b\[([\w,]+)\]\s(.+)\((.+)\)=\[(.+)\] in 
2025-12-06 19:46:47,232 EXP - __main__.Logger.exp:
teacher takes action: ask(['teacher'])
a1 takes action: stay(['a1'])
a2 takes action: stay(['a2'])
a3 takes action: stay(['a3'])
a4 takes action: stay(['a4'])
a5 takes action: stay(['a5'])
a6 takes action: stay(['a6'])
a7 takes action: stay(['a7'])
a8 takes action: stay(['a8'])
a9 takes action: stay(['a9'])
a10 takes action: stay(['a10'])
teacher takes action: ask(['teacher'])
a1 takes action: stay(['a1'])
a2 takes action: stay(['a2'])
a3 takes action: stay(['a3'])
a4 takes action: stay(['a4'])
a5 takes action: stay(['a5'])
a6 takes action: stay(['a6'])
a7 takes action: stay(['a7'])
a8 takes action: stay(['a8'])
a9 takes action: stay(['a9'])
a10 takes action: stay(['a10'])
teacher takes action: ask(['teacher'])
a1 takes action: stay(['a1'])
a2 takes action: stay(['a2'])
a3 takes action: stay(['a3'])
a4 takes action: stay(['a4'])
a5 takes action: stay(['a5'])
a6 takes action: stay(['a6'])
a7 takes action: stay(['a7'])
a8 takes action: stay(['a8'])
a9 takes action: stay(['a9'])
a10 takes action: stay(['a10'])
teacher takes action: ask(['teacher'])
a1 takes action: stay(['a1'])
a2 takes action: stay(['a2'])
a3 takes action: stay(['a3'])
a4 takes action: stay(['a4'])
a5 takes action: stay(['a5'])
a6 takes action: stay(['a6'])
a7 takes action: stay(['a7'])
a8 takes action: stay(['a8'])
a9 takes action: stay(['a9'])
a10 takes action: stay(['a10'])
teacher takes action: ask(['teacher'])
a1 takes action: stay(['a1'])
a2 takes action: stay(['a2'])
a3 takes action: stay(['a3'])
a4 takes action: stay(['a4'])
a5 takes action: stay(['a5'])
a6 takes action: stay(['a6'])
a7 takes action: stay(['a7'])
a8 takes action: stay(['a8'])
a9 takes action: stay(['a9'])
a10 takes action: stay(['a10'])
teacher takes action: ask(['teacher'])
a1 takes action: stay(['a1'])
a2 takes action: stay(['a2'])
a3 takes action: stay(['a3'])
a4 takes action: stay(['a4'])
a5 takes action: stay(['a5'])
a6 takes action: stay(['a6'])
a7 takes action: stay(['a7'])
a8 takes action: stay(['a8'])
a9 takes action: stay(['a9'])
a10 takes action: stay(['a10'])
teacher takes action: ask(['teacher'])
a1 takes action: stay(['a1'])
a2 takes action: stay(['a2'])
a3 takes action: stay(['a3'])
a4 takes action: stay(['a4'])
a5 takes action: stay(['a5'])
a6 takes action: stay(['a6'])
a7 takes action: stay(['a7'])
a8 takes action: stay(['a8'])
a9 takes action: stay(['a9'])
a10 takes action: stay(['a10'])
teacher takes action: ask(['teacher'])
a1 takes action: stay(['a1'])
a2 takes action: stay(['a2'])
a3 takes action: stay(['a3'])
a4 takes action: stay(['a4'])
a5 takes action: stay(['a5'])
a6 takes action: stay(['a6'])
a7 takes action: stay(['a7'])
a8 takes action: stay(['a8'])
a9 takes action: stay(['a9'])
a10 takes action: stay(['a10'])
teacher takes action: ask(['teacher'])
a1 takes action: stay(['a1'])
a2 takes action: stay(['a2'])
a3 takes action: stay(['a3'])
a4 takes action: say_yes(['a4'])
a5 takes action: stay(['a5'])
a6 takes action: stay(['a6'])
a7 takes action: stay(['a7'])
a8 takes action: stay(['a8'])
a9 takes action: stay(['a9'])
a10 takes action: stay(['a10'])
teacher takes action: ask(['teacher'])
Steps: 100
Time cost: 0.172538s
Number of Generated Virtual Problems: 4

2025-12-06 19:46:47,328 EXP - __main__.Logger.exp:
teacher takes action: ask(['teacher'])
a1 takes action: stay(['a1'])
a2 takes action: stay(['a2'])
a3 takes action: stay(['a3'])
a4 takes action: stay(['a4'])
a5 takes action: stay(['a5'])
a6 takes action: stay(['a6'])
a7 takes action: stay(['a7'])
a8 takes action: stay(['a8'])
a9 takes action: stay(['a9'])
a10 takes action: stay(['a10'])
teacher takes action: ask(['teacher'])
a1 takes action: stay(['a1'])
a2 takes action: stay(['a2'])
a3 takes action: stay(['a3'])
a4 takes action: stay(['a4'])
a5 takes action: stay(['a5'])
a6 takes action: stay(['a6'])
a7 takes action: stay(['a7'])
a8 takes action: stay(['a8'])
a9 takes action: stay(['a9'])
a10 takes action: stay(['a10'])
teacher takes action: ask(['teacher'])
a1 takes action: stay(['a1'])
a2 takes action: stay(['a2'])
a3 takes action: stay(['a3'])
a4 takes action: stay(['a4'])
a5 takes action: stay(['a5'])
a6 takes action: stay(['a6'])
a7 takes action: stay(['a7'])
a8 takes action: stay(['a8'])
a9 takes action: stay(['a9'])
a10 takes action: stay(['a10'])
teacher takes action: ask(['teacher'])
a1 takes action: stay(['a1'])
a2 takes action: stay(['a2'])
a3 takes action: stay(['a3'])
a4 takes action: stay(['a4'])
a5 takes action: stay(['a5'])
a6 takes action: stay(['a6'])
a7 takes action: stay(['a7'])
a8 takes action: stay(['a8'])
a9 takes action: stay(['a9'])
a10 takes action: stay(['a10'])
teacher takes action: ask(['teacher'])
a1 takes action: stay(['a1'])
a2 takes action: stay(['a2'])
a3 takes action: stay(['a3'])
a4 takes action: stay(['a4'])
a5 takes action: stay(['a5'])
a6 takes action: stay(['a6'])
a7 takes action: stay(['a7'])
a8 takes action: stay(['a8'])
a9 takes action: stay(['a9'])
a10 takes action: stay(['a10'])
teacher takes action: ask(['teacher'])
a1 takes action: stay(['a1'])
a2 takes action: stay(['a2'])
a3 takes action: stay(['a3'])
a4 takes action: stay(['a4'])
a5 takes action: stay(['a5'])
a6 takes action: stay(['a6'])
a7 takes action: stay(['a7'])
a8 takes action: stay(['a8'])
a9 takes action: stay(['a9'])
a10 takes action: stay(['a10'])
teacher takes action: ask(['teacher'])
a1 takes action: stay(['a1'])
a2 takes action: stay(['a2'])
a3 takes action: stay(['a3'])
a4 takes action: stay(['a4'])
a5 takes action: stay(['a5'])
a6 takes action: stay(['a6'])
a7 takes action: stay(['a7'])
a8 takes action: stay(['a8'])
a9 takes action: stay(['a9'])
a10 takes action: stay(['a10'])
teacher takes action: ask(['teacher'])
a1 takes action: stay(['a1'])
a2 takes action: stay(['a2'])
a3 takes action: stay(['a3'])
a4 takes action: stay(['a4'])
a5 takes action: stay(['a5'])
a6 takes action: stay(['a6'])
a7 takes action: stay(['a7'])
a8 takes action: stay(['a8'])
a9 takes action: stay(['a9'])
a10 takes action: stay(['a10'])
teacher takes action: ask(['teacher'])
a1 takes action: say_yes(['a1'])
a2 takes action: stay(['a2'])
a3 takes action: stay(['a3'])
a4 takes action: stay(['a4'])
a5 takes action: stay(['a5'])
a6 takes action: stay(['a6'])
a7 takes action: stay(['a7'])
a8 takes action: stay(['a8'])
a9 takes action: stay(['a9'])
a10 takes action: stay(['a10'])
teacher takes action: ask(['teacher'])
Steps: 100
Time cost: 0.095368s
Number of Generated Virtual Problems: 1

2025-12-06 19:46:47,424 EXP - __main__.Logger.exp:
teacher takes action: ask(['teacher'])
a1 takes action: stay(['a1'])
a2 takes action: stay(['a2'])
a3 takes action: stay(['a3'])
a4 takes action: stay(['a4'])
a5 takes action: stay(['a5'])
a6 takes action: stay(['a6'])
a7 takes action: stay(['a7'])
a8 takes action: stay(['a8'])
a9 takes action: stay(['a9'])
a10 takes action: stay(['a10'])
teacher takes action: ask(['teacher'])
a1 takes action: stay(['a1'])
a2 takes action: stay(['a2'])
a3 takes action: stay(['a3'])
a4 takes action: stay(['a4'])
a5 takes action: stay(['a5'])
a6 takes action: stay(['a6'])
a7 takes action: stay(['a7'])
a8 takes action: stay(['a8'])
a9 takes action: stay(['a9'])
a10 takes action: stay(['a10'])
teacher takes action: ask(['teacher'])
a1 takes action: stay(['a1'])
a2 takes action: stay(['a2'])
a3 takes action: stay(['a3'])
a4 takes action: stay(['a4'])
a5 takes action: stay(['a5'])
a6 takes action: stay(['a6'])
a7 takes action: stay(['a7'])
a8 takes action: stay(['a8'])
a9 takes action: stay(['a9'])
a10 takes action: stay(['a10'])
teacher takes action: ask(['teacher'])
a1 takes action: stay(['a1'])
a2 takes action: stay(['a2'])
a3 takes action: stay(['a3'])
a4 takes action: stay(['a4'])
a5 takes action: stay(['a5'])
a6 takes action: stay(['a6'])
a7 takes action: stay(['a7'])
a8 takes action: stay(['a8'])
a9 takes action: stay(['a9'])
a10 takes action: stay(['a10'])
teacher takes action: ask(['teacher'])
a1 takes action: stay(['a1'])
a2 takes action: stay(['a2'])
a3 takes action: stay(['a3'])
a4 takes action: stay(['a4'])
a5 takes action: stay(['a5'])
a6 takes action: stay(['a6'])
a7 takes action: stay(['a7'])
a8 takes action: stay(['a8'])
a9 takes action: stay(['a9'])
a10 takes action: stay(['a10'])
teacher takes action: ask(['teacher'])
a1 takes action: stay(['a1'])
a2 takes action: stay(['a2'])
a3 takes action: stay(['a3'])
a4 takes action: stay(['a4'])
a5 takes action: stay(['a5'])
a6 takes action: stay(['a6'])
a7 takes action: stay(['a7'])
a8 takes action: stay(['a8'])
a9 takes action: stay(['a9'])
a10 takes action: stay(['a10'])
teacher takes action: ask(['teacher'])
a1 takes action: stay(['a1'])
a2 takes action: stay(['a2'])
a3 takes action: stay(['a3'])
a4 takes action: stay(['a4'])
a5 takes action: stay(['a5'])
a6 takes action: stay(['a6'])
a7 takes action: stay(['a7'])
a8 takes action: stay(['a8'])
a9 takes action: stay(['a9'])
a10 takes action: stay(['a10'])
teacher takes action: ask(['teacher'])
a1 takes action: stay(['a1'])
a2 takes action: stay(['a2'])
a3 takes action: stay(['a3'])
a4 takes action: stay(['a4'])
a5 takes action: stay(['a5'])
a6 takes action: stay(['a6'])
a7 takes action: stay(['a7'])
a8 takes action: stay(['a8'])
a9 takes action: stay(['a9'])
a10 takes action: stay(['a10'])
teacher takes action: ask(['teacher'])
a1 takes action: say_yes(['a1'])
a2 takes action: stay(['a2'])
a3 takes action: stay(['a3'])
a4 takes action: stay(['a4'])
a5 takes action: stay(['a5'])
a6 takes action: stay(['a6'])
a7 takes action: stay(['a7'])
a8 takes action: stay(['a8'])
a9 takes action: stay(['a9'])
a10 takes action: stay(['a10'])
teacher takes action: ask(['teacher'])
Steps: 100
Time cost: 0.094752s
Number of Generated Virtual Problems: 1

2025-12-06 19:46:47,537 EXP - __main__.Logger.exp:
teacher takes action: ask(['teacher'])
a1 takes action: stay(['a1'])
a2 takes action: stay(['a2'])
a3 takes action: stay(['a3'])
a4 takes action: stay(['a4'])
a5 takes action: stay(['a5'])
a6 takes action: stay(['a6'])
a7 takes action: stay(['a7'])
a8 takes action: stay(['a8'])
a9 takes action: stay(['a9'])
a10 takes action: stay(['a10'])
teacher takes action: ask(['teacher'])
a1 takes action: stay(['a1'])
a2 takes action: stay(['a2'])
a3 takes action: stay(['a3'])
a4 takes action: stay(['a4'])
a5 takes action: stay(['a5'])
a6 takes action: stay(['a6'])
a7 takes action: stay(['a7'])
a8 takes action: stay(['a8'])
a9 takes action: stay(['a9'])
a10 takes action: stay(['a10'])
teacher takes action: ask(['teacher'])
a1 takes action: stay(['a1'])
a2 takes action: stay(['a2'])
a3 takes action: stay(['a3'])
a4 takes action: stay(['a4'])
a5 takes action: stay(['a5'])
a6 takes action: stay(['a6'])
a7 takes action: stay(['a7'])
a8 takes action: stay(['a8'])
a9 takes action: stay(['a9'])
a10 takes action: stay(['a10'])
teacher takes action: ask(['teacher'])
a1 takes action: stay(['a1'])
a2 takes action: stay(['a2'])
a3 takes action: stay(['a3'])
a4 takes action: stay(['a4'])
a5 takes action: stay(['a5'])
a6 takes action: stay(['a6'])
a7 takes action: stay(['a7'])
a8 takes action: stay(['a8'])
a9 takes action: stay(['a9'])
a10 takes action: stay(['a10'])
teacher takes action: ask(['teacher'])
a1 takes action: stay(['a1'])
a2 takes action: stay(['a2'])
a3 takes action: stay(['a3'])
a4 takes action: stay(['a4'])
a5 takes action: stay(['a5'])
a6 takes action: stay(['a6'])
a7 takes action: stay(['a7'])
a8 takes action: stay(['a8'])
a9 takes action: stay(['a9'])
a10 takes action: stay(['a10'])
teacher takes action: ask(['teacher'])
a1 takes action: stay(['a1'])
a2 takes action: stay(['a2'])
a3 takes action: stay(['a3'])
a4 takes action: stay(['a4'])
a5 takes action: stay(['a5'])
a6 takes action: stay(['a6'])
a7 takes action: stay(['a7'])
a8 takes action: stay(['a8'])
a9 takes action: stay(['a9'])
a10 takes action: stay(['a10'])
teacher takes action: ask(['teacher'])
a1 takes action: stay(['a1'])
a2 takes action: stay(['a2'])
a3 takes action: stay(['a3'])
a4 takes action: stay(['a4'])
a5 takes action: stay(['a5'])
a6 takes action: stay(['a6'])
a7 takes action: stay(['a7'])
a8 takes action: stay(['a8'])
a9 takes action: stay(['a9'])
a10 takes action: stay(['a10'])
teacher takes action: ask(['teacher'])
a1 takes action: stay(['a1'])
a2 takes action: stay(['a2'])
a3 takes action: stay(['a3'])
a4 takes action: stay(['a4'])
a5 takes action: stay(['a5'])
a6 takes action: stay(['a6'])
a7 takes action: stay(['a7'])
a8 takes action: stay(['a8'])
a9 takes action: stay(['a9'])
a10 takes action: stay(['a10'])
teacher takes action: ask(['teacher'])
a1 takes action: stay(['a1'])
a2 takes action: say_yes(['a2'])
a3 takes action: stay(['a3'])
a4 takes action: stay(['a4'])
a5 takes action: stay(['a5'])
a6 takes action: stay(['a6'])
a7 takes action: stay(['a7'])
a8 takes action: stay(['a8'])
a9 takes action: stay(['a9'])
a10 takes action: stay(['a10'])
teacher takes action: ask(['teacher'])
Steps: 100
Time cost: 0.112144s
Number of Generated Virtual Problems: 2

2025-12-06 19:46:47,650 EXP - __main__.Logger.exp:
teacher takes action: ask(['teacher'])
a1 takes action: stay(['a1'])
a2 takes action: stay(['a2'])
a3 takes action: stay(['a3'])
a4 takes action: stay(['a4'])
a5 takes action: stay(['a5'])
a6 takes action: stay(['a6'])
a7 takes action: stay(['a7'])
a8 takes action: stay(['a8'])
a9 takes action: stay(['a9'])
a10 takes action: stay(['a10'])
teacher takes action: ask(['teacher'])
a1 takes action: stay(['a1'])
a2 takes action: stay(['a2'])
a3 takes action: stay(['a3'])
a4 takes action: stay(['a4'])
a5 takes action: stay(['a5'])
a6 takes action: stay(['a6'])
a7 takes action: stay(['a7'])
a8 takes action: stay(['a8'])
a9 takes action: stay(['a9'])
a10 takes action: stay(['a10'])
teacher takes action: ask(['teacher'])
a1 takes action: stay(['a1'])
a2 takes action: stay(['a2'])
a3 takes action: stay(['a3'])
a4 takes action: stay(['a4'])
a5 takes action: stay(['a5'])
a6 takes action: stay(['a6'])
a7 takes action: stay(['a7'])
a8 takes action: stay(['a8'])
a9 takes action: stay(['a9'])
a10 takes action: stay(['a10'])
teacher takes action: ask(['teacher'])
a1 takes action: stay(['a1'])
a2 takes action: stay(['a2'])
a3 takes action: stay(['a3'])
a4 takes action: stay(['a4'])
a5 takes action: stay(['a5'])
a6 takes action: stay(['a6'])
a7 takes action: stay(['a7'])
a8 takes action: stay(['a8'])
a9 takes action: stay(['a9'])
a10 takes action: stay(['a10'])
teacher takes action: ask(['teacher'])
a1 takes action: stay(['a1'])
a2 takes action: stay(['a2'])
a3 takes action: stay(['a3'])
a4 takes action: stay(['a4'])
a5 takes action: stay(['a5'])
a6 takes action: stay(['a6'])
a7 takes action: stay(['a7'])
a8 takes action: stay(['a8'])
a9 takes action: stay(['a9'])
a10 takes action: stay(['a10'])
teacher takes action: ask(['teacher'])
a1 takes action: stay(['a1'])
a2 takes action: stay(['a2'])
a3 takes action: stay(['a3'])
a4 takes action: stay(['a4'])
a5 takes action: stay(['a5'])
a6 takes action: stay(['a6'])
a7 takes action: stay(['a7'])
a8 takes action: stay(['a8'])
a9 takes action: stay(['a9'])
a10 takes action: stay(['a10'])
teacher takes action: ask(['teacher'])
a1 takes action: stay(['a1'])
a2 takes action: stay(['a2'])
a3 takes action: stay(['a3'])
a4 takes action: stay(['a4'])
a5 takes action: stay(['a5'])
a6 takes action: stay(['a6'])
a7 takes action: stay(['a7'])
a8 takes action: stay(['a8'])
a9 takes action: stay(['a9'])
a10 takes action: stay(['a10'])
teacher takes action: ask(['teacher'])
a1 takes action: stay(['a1'])
a2 takes action: stay(['a2'])
a3 takes action: stay(['a3'])
a4 takes action: stay(['a4'])
a5 takes action: stay(['a5'])
a6 takes action: stay(['a6'])
a7 takes action: stay(['a7'])
a8 takes action: stay(['a8'])
a9 takes action: stay(['a9'])
a10 takes action: stay(['a10'])
teacher takes action: ask(['teacher'])
a1 takes action: stay(['a1'])
a2 takes action: stay(['a2'])
a3 takes action: say_yes(['a3'])
a4 takes action: stay(['a4'])
a5 takes action: stay(['a5'])
a6 takes action: stay(['a6'])
a7 takes action: stay(['a7'])
a8 takes action: stay(['a8'])
a9 takes action: stay(['a9'])
a10 takes action: stay(['a10'])
teacher takes action: ask(['teacher'])
Steps: 100
Time cost: 0.112187s
Number of Generated Virtual Problems: 3

2025-12-06 19:46:47,650 EXP - __main__.Logger.exp:
Avg Steps: 100.0
Avg Time: 0.117398s
Avg VMS: 2.2

