2025-12-06 19:46:46,844 ERROR - __main__._.regex_search:
result not found: \(([!=><]=?|>|<) \(([^\)]+)\) \(?(\d|[^\)]+)\){1,2} in 
2025-12-06 19:46:46,844 ERROR - __main__._.regex_search:
result not found: \s+b\[([\w,]+)\]\s(.+)\((.+)\)=\[(.+)\] in 
2025-12-06 19:46:46,886 EXP - __main__.Logger.exp:
teacher takes action: ask(['teacher'])
a1 takes action: stay(['a1'])
a2 takes action: stay(['a2'])
a3 takes action: stay(['a3'])
a4 takes action: stay(['a4'])
a5 takes action: stay(['a5'])
a6 takes action: stay(['a6'])
teacher takes action: ask(['teacher'])
a1 takes action: stay(['a1'])
a2 takes action: stay(['a2'])
a3 takes action: stay(['a3'])
a4 takes action: stay(['a4'])
a5 takes action: stay(['a5'])
a6 takes action: stay(['a6'])
teacher takes action: ask(['teacher'])
a1 takes action: stay(['a1'])
a2 takes action: stay(['a2'])
a3 takes action: stay(['a3'])
a4 takes action: stay(['a4'])
a5 takes action: stay(['a5'])
a6 takes action: stay(['a6'])
teacher takes action: ask(['teacher'])
a1 takes action: stay(['a1'])
a2 takes action: stay(['a2'])
a3 takes action: stay(['a3'])
a4 takes action: stay(['a4'])
a5 takes action: stay(['a5'])
a6 takes action: stay(['a6'])
teacher takes action: ask(['teacher'])
a1 takes action: stay(['a1'])
a2 takes action: say_yes(['a2'])
a3 takes action: stay(['a3'])
a4 takes action: stay(['a4'])
a5 takes action: stay(['a5'])
a6 takes action: stay(['a6'])
teacher takes action: ask(['teacher'])
Steps: 36
Time cost: 0.024573s
Number of Generated Virtual Problems: 2

2025-12-06 19:46:46,903 EXP - __main__.Logger.exp:
teacher takes action: ask(['teacher'])
a1 takes action: stay(['a1'])
a2 takes action: stay(['a2'])
a3 takes action: stay(['a3'])
a4 takes action: stay(['a4'])
a5 takes action: stay(['a5'])
a6 takes action: stay(['a6'])
teacher takes action: ask(['teacher'])
a1 takes action: stay(['a1'])
a2 takes action: stay(['a2'])
a3 takes action: stay(['a3'])
a4 takes action: stay(['a4'])
a5 takes action: stay(['a5'])
a6 takes action: stay(['a6'])
teacher takes action: ask(['teacher'])
a1 takes action: stay(['a1'])
a2 takes action: stay(['a2'])
a3 takes action: stay(['a3'])
a4 takes action: stay(['a4'])
a5 takes action: stay(['a5'])
a6 takes action: stay(['a6'])
teacher takes action: ask(['teacher'])
a1 takes action: stay(['a1'])
a2 takes action: stay(['a2'])
a3 takes action: stay(['a3'])
a4 takes action: stay(['a4'])
a5 takes action: stay(['a5'])
a6 takes action: stay(['a6'])
teacher takes action: ask(['teacher'])
a1 takes action: stay(['a1'])
a2 takes action: say_yes(['a2'])
a3 takes action: stay(['a3'])
a4 takes action: stay(['a4'])
a5 takes action: stay(['a5'])
a6 takes action: stay(['a6'])
teacher takes action: ask(['teacher'])
Steps: 36
Time cost: 0.016521s
Number of Generated Virtual Problems: 2

2025-12-06 19:46:46,917 EXP - __main__.Logger.exp:
teacher takes action: ask(['teacher'])
a1 takes action: stay(['a1'])
a2 takes action: stay(['a2'])
a3 takes action: stay(['a3'])
a4 takes action: stay(['a4'])
a5 takes action: stay(['a5'])
a6 takes action: stay(['a6'])
teacher takes action: ask(['teacher'])
a1 takes action: stay(['a1'])
a2 takes action: stay(['a2'])
a3 takes action: stay(['a3'])
a4 takes action: stay(['a4'])
a5 takes action: stay(['a5'])
a6 takes action: stay(['a6'])
teacher takes action: ask(['teacher'])
a1 takes action: stay(['a1'])
a2 takes action: stay(['a2'])
a3 takes action: stay(['a3'])
a4 takes action: stay(['a4'])
a5 takes action: stay(['a5'])
a6 takes action: stay(['a6'])
teacher takes action: ask(['teacher'])
a1 takes action: stay(['a1'])
a2 takes action: stay(['a2'])
a3 takes action: stay(['a3'])
a4 takes action: stay(['a4'])
a5 takes action: stay(['a5'])
a6 takes action: stay(['a6'])
teacher takes action: ask(['teacher'])
a1 takes action: say_yes(['a1'])
a2 takes action: stay(['a2'])
a3 takes action: stay(['a3'])
a4 takes action: stay(['a4'])
a5 takes action: stay(['a5'])
a6 takes action: stay(['a6'])
teacher takes action: ask(['teacher'])
Steps: 36
Time cost: 0.013625s
Number of Generated Virtual Problems: 1

2025-12-06 19:46:46,932 EXP - __main__.Logger.exp:
teacher takes action: ask(['teacher'])
a1 takes action: stay(['a1'])
a2 takes action: stay(['a2'])
a3 takes action: stay(['a3'])
a4 takes action: stay(['a4'])
a5 takes action: stay(['a5'])
a6 takes action: stay(['a6'])
teacher takes action: ask(['teacher'])
a1 takes action: stay(['a1'])
a2 takes action: stay(['a2'])
a3 takes action: stay(['a3'])
a4 takes action: stay(['a4'])
a5 takes action: stay(['a5'])
a6 takes action: stay(['a6'])
teacher takes action: ask(['teacher'])
a1 takes action: stay(['a1'])
a2 takes action: stay(['a2'])
a3 takes action: stay(['a3'])
a4 takes action: stay(['a4'])
a5 takes action: stay(['a5'])
a6 takes action: stay(['a6'])
teacher takes action: ask(['teacher'])
a1 takes action: stay(['a1'])
a2 takes action: stay(['a2'])
a3 takes action: stay(['a3'])
a4 takes action: stay(['a4'])
a5 takes action: stay(['a5'])
a6 takes action: stay(['a6'])
teacher takes action: ask(['teacher'])
a1 takes action: say_yes(['a1'])
a2 takes action: stay(['a2'])
a3 takes action: stay(['a3'])
a4 takes action: stay(['a4'])
a5 takes action: stay(['a5'])
a6 takes action: stay(['a6'])
teacher takes action: ask(['teacher'])
Steps: 36
Time cost: 0.013795s
Number of Generated Virtual Problems: 1

2025-12-06 19:46:46,954 EXP - __main__.Logger.exp:
teacher takes action: ask(['teacher'])
a1 takes action: stay(['a1'])
a2 takes action: stay(['a2'])
a3 takes action: stay(['a3'])
a4 takes action: stay(['a4'])
a5 takes action: stay(['a5'])
a6 takes action: stay(['a6'])
teacher takes action: ask(['teacher'])
a1 takes action: stay(['a1'])
a2 takes action: stay(['a2'])
a3 takes action: stay(['a3'])
a4 takes action: stay(['a4'])
a5 takes action: stay(['a5'])
a6 takes action: stay(['a6'])
teacher takes action: ask(['teacher'])
a1 takes action: stay(['a1'])
a2 takes action: stay(['a2'])
a3 takes action: stay(['a3'])
a4 takes action: stay(['a4'])
a5 takes action: stay(['a5'])
a6 takes action: stay(['a6'])
teacher takes action: ask(['teacher'])
a1 takes action: stay(['a1'])
a2 takes action: stay(['a2'])
a3 takes action: stay(['a3'])
a4 takes action: stay(['a4'])
a5 takes action: stay(['a5'])
a6 takes action: stay(['a6'])
teacher takes action: ask(['teacher'])
a1 takes action: stay(['a1'])
a2 takes action: stay(['a2'])
a3 takes action: say_yes(['a3'])
a4 takes action: stay(['a4'])
a5 takes action: stay(['a5'])
a6 takes action: stay(['a6'])
teacher takes action: ask(['teacher'])
Steps: 36
Time cost: 0.021424s
Number of Generated Virtual Problems: 3

2025-12-06 19:46:46,954 EXP - __main__.Logger.exp:
Avg Steps: 36.0
Avg Time: 0.017988s
Avg VMS: 1.8

