2025-10-23 14:26:49,590 EXP - __main__.Logger.exp:
a takes action: pick_up(['a', 'i'])
b takes action: pick_up(['b', 'j'])
Steps: 2
Time cost: 0.005984s
2025-10-23 14:26:49,597 EXP - __main__.Logger.exp:
a takes action: pick_up(['a', 'i'])
b takes action: pick_up(['b', 'j'])
Steps: 2
Time cost: 0.005856s
2025-10-23 14:26:49,604 EXP - __main__.Logger.exp:
a takes action: pick_up(['a', 'i'])
b takes action: pick_up(['b', 'j'])
Steps: 2
Time cost: 0.005836s
2025-10-23 14:26:49,610 EXP - __main__.Logger.exp:
a takes action: pick_up(['a', 'i'])
b takes action: pick_up(['b', 'j'])
Steps: 2
Time cost: 0.005882s
2025-10-23 14:26:49,617 EXP - __main__.Logger.exp:
a takes action: pick_up(['a', 'i'])
b takes action: pick_up(['b', 'j'])
Steps: 2
Time cost: 0.005775s
2025-10-23 14:26:49,617 EXP - __main__.Logger.exp:
Avg Steps: 2.0
Avg Time: 0.005867s
