2025-10-31 23:27:24,541 EXP - __main__.Logger.exp:
a takes action: move(['a', 'r1', 'r2'])
b takes action: stay(['b'])
a takes action: move(['a', 'r2', 'r3'])
b takes action: move(['b', 'r4', 'r5'])
a takes action: move(['a', 'r3', 'r4'])
b takes action: stay(['b'])
a takes action: move(['a', 'r4', 'r7'])
b takes action: move(['b', 'r5', 'r4'])
Steps: 8
Time cost: 0.410091s
2025-10-31 23:27:25,441 EXP - __main__.Logger.exp:
a takes action: move(['a', 'r1', 'r2'])
b takes action: stay(['b'])
a takes action: move(['a', 'r2', 'r3'])
b takes action: move(['b', 'r4', 'r7'])
a takes action: stay(['a'])
b takes action: move(['b', 'r7', 'r4'])
a takes action: stay(['a'])
b takes action: stay(['b'])
a takes action: stay(['a'])
b takes action: move(['b', 'r4', 'r5'])
a takes action: move(['a', 'r3', 'r4'])
b takes action: stay(['b'])
a takes action: move(['a', 'r4', 'r7'])
b takes action: move(['b', 'r5', 'r4'])
Steps: 14
Time cost: 0.898386s
2025-10-31 23:27:25,838 EXP - __main__.Logger.exp:
a takes action: move(['a', 'r1', 'r2'])
b takes action: stay(['b'])
a takes action: move(['a', 'r2', 'r3'])
b takes action: move(['b', 'r4', 'r5'])
a takes action: move(['a', 'r3', 'r4'])
b takes action: stay(['b'])
a takes action: move(['a', 'r4', 'r7'])
b takes action: move(['b', 'r5', 'r4'])
Steps: 8
Time cost: 0.395476s
2025-10-31 23:27:25,838 EXP - __main__.Logger.exp:
Avg Steps: 10.0
Avg Time: 0.567984s
