2025-10-12 19:01:21,146 EXP - __main__.Logger.exp:
a takes action: move_right_with_item(['a', 'i'])
b takes action: drop_item(['b', 'j'])
a takes action: drop_item(['a', 'i'])
b takes action: pick_up(['b', 'i'])
a takes action: pick_up(['a', 'j'])
Steps: 5
Time cost: 0.047975s
2025-10-12 19:01:21,194 EXP - __main__.Logger.exp:
a takes action: move_right_with_item(['a', 'i'])
b takes action: drop_item(['b', 'j'])
a takes action: drop_item(['a', 'i'])
b takes action: pick_up(['b', 'i'])
a takes action: pick_up(['a', 'j'])
Steps: 5
Time cost: 0.047345s
2025-10-12 19:01:21,243 EXP - __main__.Logger.exp:
a takes action: move_right_with_item(['a', 'i'])
b takes action: drop_item(['b', 'j'])
a takes action: drop_item(['a', 'i'])
b takes action: pick_up(['b', 'i'])
a takes action: pick_up(['a', 'j'])
Steps: 5
Time cost: 0.047794s
2025-10-12 19:01:21,291 EXP - __main__.Logger.exp:
a takes action: move_right_with_item(['a', 'i'])
b takes action: drop_item(['b', 'j'])
a takes action: drop_item(['a', 'i'])
b takes action: pick_up(['b', 'i'])
a takes action: pick_up(['a', 'j'])
Steps: 5
Time cost: 0.047727s
2025-10-12 19:01:21,340 EXP - __main__.Logger.exp:
a takes action: move_right_with_item(['a', 'i'])
b takes action: drop_item(['b', 'j'])
a takes action: drop_item(['a', 'i'])
b takes action: pick_up(['b', 'i'])
a takes action: pick_up(['a', 'j'])
Steps: 5
Time cost: 0.048303s
2025-10-12 19:01:21,389 EXP - __main__.Logger.exp:
a takes action: move_right_with_item(['a', 'i'])
b takes action: drop_item(['b', 'j'])
a takes action: drop_item(['a', 'i'])
b takes action: pick_up(['b', 'i'])
a takes action: pick_up(['a', 'j'])
Steps: 5
Time cost: 0.047820s
2025-10-12 19:01:21,437 EXP - __main__.Logger.exp:
a takes action: move_right_with_item(['a', 'i'])
b takes action: drop_item(['b', 'j'])
a takes action: drop_item(['a', 'i'])
b takes action: pick_up(['b', 'i'])
a takes action: pick_up(['a', 'j'])
Steps: 5
Time cost: 0.047643s
2025-10-12 19:01:21,486 EXP - __main__.Logger.exp:
a takes action: move_right_with_item(['a', 'i'])
b takes action: drop_item(['b', 'j'])
a takes action: drop_item(['a', 'i'])
b takes action: pick_up(['b', 'i'])
a takes action: pick_up(['a', 'j'])
Steps: 5
Time cost: 0.047856s
2025-10-12 19:01:21,534 EXP - __main__.Logger.exp:
a takes action: move_right_with_item(['a', 'i'])
b takes action: drop_item(['b', 'j'])
a takes action: drop_item(['a', 'i'])
b takes action: pick_up(['b', 'i'])
a takes action: pick_up(['a', 'j'])
Steps: 5
Time cost: 0.047526s
2025-10-12 19:01:21,582 EXP - __main__.Logger.exp:
a takes action: move_right_with_item(['a', 'i'])
b takes action: drop_item(['b', 'j'])
a takes action: drop_item(['a', 'i'])
b takes action: pick_up(['b', 'i'])
a takes action: pick_up(['a', 'j'])
Steps: 5
Time cost: 0.047491s
2025-10-12 19:01:21,631 EXP - __main__.Logger.exp:
a takes action: move_right_with_item(['a', 'i'])
b takes action: drop_item(['b', 'j'])
a takes action: drop_item(['a', 'i'])
b takes action: pick_up(['b', 'i'])
a takes action: pick_up(['a', 'j'])
Steps: 5
Time cost: 0.047808s
2025-10-12 19:01:21,679 EXP - __main__.Logger.exp:
a takes action: move_right_with_item(['a', 'i'])
b takes action: drop_item(['b', 'j'])
a takes action: drop_item(['a', 'i'])
b takes action: pick_up(['b', 'i'])
a takes action: pick_up(['a', 'j'])
Steps: 5
Time cost: 0.047730s
2025-10-12 19:01:21,728 EXP - __main__.Logger.exp:
a takes action: move_right_with_item(['a', 'i'])
b takes action: drop_item(['b', 'j'])
a takes action: drop_item(['a', 'i'])
b takes action: pick_up(['b', 'i'])
a takes action: pick_up(['a', 'j'])
Steps: 5
Time cost: 0.047673s
2025-10-12 19:01:21,776 EXP - __main__.Logger.exp:
a takes action: move_right_with_item(['a', 'i'])
b takes action: drop_item(['b', 'j'])
a takes action: drop_item(['a', 'i'])
b takes action: pick_up(['b', 'i'])
a takes action: pick_up(['a', 'j'])
Steps: 5
Time cost: 0.047620s
2025-10-12 19:01:21,824 EXP - __main__.Logger.exp:
a takes action: move_right_with_item(['a', 'i'])
b takes action: drop_item(['b', 'j'])
a takes action: drop_item(['a', 'i'])
b takes action: pick_up(['b', 'i'])
a takes action: pick_up(['a', 'j'])
Steps: 5
Time cost: 0.047526s
2025-10-12 19:01:21,873 EXP - __main__.Logger.exp:
a takes action: move_right_with_item(['a', 'i'])
b takes action: drop_item(['b', 'j'])
a takes action: drop_item(['a', 'i'])
b takes action: pick_up(['b', 'i'])
a takes action: pick_up(['a', 'j'])
Steps: 5
Time cost: 0.047783s
2025-10-12 19:01:21,921 EXP - __main__.Logger.exp:
a takes action: move_right_with_item(['a', 'i'])
b takes action: drop_item(['b', 'j'])
a takes action: drop_item(['a', 'i'])
b takes action: pick_up(['b', 'i'])
a takes action: pick_up(['a', 'j'])
Steps: 5
Time cost: 0.047608s
2025-10-12 19:01:21,970 EXP - __main__.Logger.exp:
a takes action: move_right_with_item(['a', 'i'])
b takes action: drop_item(['b', 'j'])
a takes action: drop_item(['a', 'i'])
b takes action: pick_up(['b', 'i'])
a takes action: pick_up(['a', 'j'])
Steps: 5
Time cost: 0.047632s
2025-10-12 19:01:22,018 EXP - __main__.Logger.exp:
a takes action: move_right_with_item(['a', 'i'])
b takes action: drop_item(['b', 'j'])
a takes action: drop_item(['a', 'i'])
b takes action: pick_up(['b', 'i'])
a takes action: pick_up(['a', 'j'])
Steps: 5
Time cost: 0.047731s
2025-10-12 19:01:22,066 EXP - __main__.Logger.exp:
a takes action: move_right_with_item(['a', 'i'])
b takes action: drop_item(['b', 'j'])
a takes action: drop_item(['a', 'i'])
b takes action: pick_up(['b', 'i'])
a takes action: pick_up(['a', 'j'])
Steps: 5
Time cost: 0.047460s
2025-10-12 19:01:22,118 EXP - __main__.Logger.exp:
a takes action: move_right_with_item(['a', 'i'])
b takes action: drop_item(['b', 'j'])
a takes action: drop_item(['a', 'i'])
b takes action: pick_up(['b', 'i'])
a takes action: pick_up(['a', 'j'])
Steps: 5
Time cost: 0.050944s
2025-10-12 19:01:22,166 EXP - __main__.Logger.exp:
a takes action: move_right_with_item(['a', 'i'])
b takes action: drop_item(['b', 'j'])
a takes action: drop_item(['a', 'i'])
b takes action: pick_up(['b', 'i'])
a takes action: pick_up(['a', 'j'])
Steps: 5
Time cost: 0.047726s
2025-10-12 19:01:22,215 EXP - __main__.Logger.exp:
a takes action: move_right_with_item(['a', 'i'])
b takes action: drop_item(['b', 'j'])
a takes action: drop_item(['a', 'i'])
b takes action: pick_up(['b', 'i'])
a takes action: pick_up(['a', 'j'])
Steps: 5
Time cost: 0.047630s
2025-10-12 19:01:22,263 EXP - __main__.Logger.exp:
a takes action: move_right_with_item(['a', 'i'])
b takes action: drop_item(['b', 'j'])
a takes action: drop_item(['a', 'i'])
b takes action: pick_up(['b', 'i'])
a takes action: pick_up(['a', 'j'])
Steps: 5
Time cost: 0.047902s
2025-10-12 19:01:22,312 EXP - __main__.Logger.exp:
a takes action: move_right_with_item(['a', 'i'])
b takes action: drop_item(['b', 'j'])
a takes action: drop_item(['a', 'i'])
b takes action: pick_up(['b', 'i'])
a takes action: pick_up(['a', 'j'])
Steps: 5
Time cost: 0.047860s
2025-10-12 19:01:22,361 EXP - __main__.Logger.exp:
a takes action: move_right_with_item(['a', 'i'])
b takes action: drop_item(['b', 'j'])
a takes action: drop_item(['a', 'i'])
b takes action: pick_up(['b', 'i'])
a takes action: pick_up(['a', 'j'])
Steps: 5
Time cost: 0.047728s
2025-10-12 19:01:22,409 EXP - __main__.Logger.exp:
a takes action: move_right_with_item(['a', 'i'])
b takes action: drop_item(['b', 'j'])
a takes action: drop_item(['a', 'i'])
b takes action: pick_up(['b', 'i'])
a takes action: pick_up(['a', 'j'])
Steps: 5
Time cost: 0.047573s
2025-10-12 19:01:22,457 EXP - __main__.Logger.exp:
a takes action: move_right_with_item(['a', 'i'])
b takes action: drop_item(['b', 'j'])
a takes action: drop_item(['a', 'i'])
b takes action: pick_up(['b', 'i'])
a takes action: pick_up(['a', 'j'])
Steps: 5
Time cost: 0.047715s
2025-10-12 19:01:22,506 EXP - __main__.Logger.exp:
a takes action: move_right_with_item(['a', 'i'])
b takes action: drop_item(['b', 'j'])
a takes action: drop_item(['a', 'i'])
b takes action: pick_up(['b', 'i'])
a takes action: pick_up(['a', 'j'])
Steps: 5
Time cost: 0.047472s
2025-10-12 19:01:22,554 EXP - __main__.Logger.exp:
a takes action: move_right_with_item(['a', 'i'])
b takes action: drop_item(['b', 'j'])
a takes action: drop_item(['a', 'i'])
b takes action: pick_up(['b', 'i'])
a takes action: pick_up(['a', 'j'])
Steps: 5
Time cost: 0.047548s
2025-10-12 19:01:22,602 EXP - __main__.Logger.exp:
a takes action: move_right_with_item(['a', 'i'])
b takes action: drop_item(['b', 'j'])
a takes action: drop_item(['a', 'i'])
b takes action: pick_up(['b', 'i'])
a takes action: pick_up(['a', 'j'])
Steps: 5
Time cost: 0.047590s
2025-10-12 19:01:22,650 EXP - __main__.Logger.exp:
a takes action: move_right_with_item(['a', 'i'])
b takes action: drop_item(['b', 'j'])
a takes action: drop_item(['a', 'i'])
b takes action: pick_up(['b', 'i'])
a takes action: pick_up(['a', 'j'])
Steps: 5
Time cost: 0.047533s
2025-10-12 19:01:22,699 EXP - __main__.Logger.exp:
a takes action: move_right_with_item(['a', 'i'])
b takes action: drop_item(['b', 'j'])
a takes action: drop_item(['a', 'i'])
b takes action: pick_up(['b', 'i'])
a takes action: pick_up(['a', 'j'])
Steps: 5
Time cost: 0.047728s
2025-10-12 19:01:22,747 EXP - __main__.Logger.exp:
a takes action: move_right_with_item(['a', 'i'])
b takes action: drop_item(['b', 'j'])
a takes action: drop_item(['a', 'i'])
b takes action: pick_up(['b', 'i'])
a takes action: pick_up(['a', 'j'])
Steps: 5
Time cost: 0.047498s
2025-10-12 19:01:22,796 EXP - __main__.Logger.exp:
a takes action: move_right_with_item(['a', 'i'])
b takes action: drop_item(['b', 'j'])
a takes action: drop_item(['a', 'i'])
b takes action: pick_up(['b', 'i'])
a takes action: pick_up(['a', 'j'])
Steps: 5
Time cost: 0.048425s
2025-10-12 19:01:22,845 EXP - __main__.Logger.exp:
a takes action: move_right_with_item(['a', 'i'])
b takes action: drop_item(['b', 'j'])
a takes action: drop_item(['a', 'i'])
b takes action: pick_up(['b', 'i'])
a takes action: pick_up(['a', 'j'])
Steps: 5
Time cost: 0.047445s
2025-10-12 19:01:22,893 EXP - __main__.Logger.exp:
a takes action: move_right_with_item(['a', 'i'])
b takes action: drop_item(['b', 'j'])
a takes action: drop_item(['a', 'i'])
b takes action: pick_up(['b', 'i'])
a takes action: pick_up(['a', 'j'])
Steps: 5
Time cost: 0.047601s
2025-10-12 19:01:22,941 EXP - __main__.Logger.exp:
a takes action: move_right_with_item(['a', 'i'])
b takes action: drop_item(['b', 'j'])
a takes action: drop_item(['a', 'i'])
b takes action: pick_up(['b', 'i'])
a takes action: pick_up(['a', 'j'])
Steps: 5
Time cost: 0.047477s
2025-10-12 19:01:22,989 EXP - __main__.Logger.exp:
a takes action: move_right_with_item(['a', 'i'])
b takes action: drop_item(['b', 'j'])
a takes action: drop_item(['a', 'i'])
b takes action: pick_up(['b', 'i'])
a takes action: pick_up(['a', 'j'])
Steps: 5
Time cost: 0.047542s
2025-10-12 19:01:23,038 EXP - __main__.Logger.exp:
a takes action: move_right_with_item(['a', 'i'])
b takes action: drop_item(['b', 'j'])
a takes action: drop_item(['a', 'i'])
b takes action: pick_up(['b', 'i'])
a takes action: pick_up(['a', 'j'])
Steps: 5
Time cost: 0.047665s
2025-10-12 19:01:23,086 EXP - __main__.Logger.exp:
a takes action: move_right_with_item(['a', 'i'])
b takes action: drop_item(['b', 'j'])
a takes action: drop_item(['a', 'i'])
b takes action: pick_up(['b', 'i'])
a takes action: pick_up(['a', 'j'])
Steps: 5
Time cost: 0.047687s
2025-10-12 19:01:23,134 EXP - __main__.Logger.exp:
a takes action: move_right_with_item(['a', 'i'])
b takes action: drop_item(['b', 'j'])
a takes action: drop_item(['a', 'i'])
b takes action: pick_up(['b', 'i'])
a takes action: pick_up(['a', 'j'])
Steps: 5
Time cost: 0.047396s
2025-10-12 19:01:23,183 EXP - __main__.Logger.exp:
a takes action: move_right_with_item(['a', 'i'])
b takes action: drop_item(['b', 'j'])
a takes action: drop_item(['a', 'i'])
b takes action: pick_up(['b', 'i'])
a takes action: pick_up(['a', 'j'])
Steps: 5
Time cost: 0.047481s
2025-10-12 19:01:23,231 EXP - __main__.Logger.exp:
a takes action: move_right_with_item(['a', 'i'])
b takes action: drop_item(['b', 'j'])
a takes action: drop_item(['a', 'i'])
b takes action: pick_up(['b', 'i'])
a takes action: pick_up(['a', 'j'])
Steps: 5
Time cost: 0.047783s
2025-10-12 19:01:23,280 EXP - __main__.Logger.exp:
a takes action: move_right_with_item(['a', 'i'])
b takes action: drop_item(['b', 'j'])
a takes action: drop_item(['a', 'i'])
b takes action: pick_up(['b', 'i'])
a takes action: pick_up(['a', 'j'])
Steps: 5
Time cost: 0.047584s
2025-10-12 19:01:23,328 EXP - __main__.Logger.exp:
a takes action: move_right_with_item(['a', 'i'])
b takes action: drop_item(['b', 'j'])
a takes action: drop_item(['a', 'i'])
b takes action: pick_up(['b', 'i'])
a takes action: pick_up(['a', 'j'])
Steps: 5
Time cost: 0.047471s
2025-10-12 19:01:23,379 EXP - __main__.Logger.exp:
a takes action: move_right_with_item(['a', 'i'])
b takes action: drop_item(['b', 'j'])
a takes action: drop_item(['a', 'i'])
b takes action: pick_up(['b', 'i'])
a takes action: pick_up(['a', 'j'])
Steps: 5
Time cost: 0.050476s
2025-10-12 19:01:23,427 EXP - __main__.Logger.exp:
a takes action: move_right_with_item(['a', 'i'])
b takes action: drop_item(['b', 'j'])
a takes action: drop_item(['a', 'i'])
b takes action: pick_up(['b', 'i'])
a takes action: pick_up(['a', 'j'])
Steps: 5
Time cost: 0.047359s
2025-10-12 19:01:23,476 EXP - __main__.Logger.exp:
a takes action: move_right_with_item(['a', 'i'])
b takes action: drop_item(['b', 'j'])
a takes action: drop_item(['a', 'i'])
b takes action: pick_up(['b', 'i'])
a takes action: pick_up(['a', 'j'])
Steps: 5
Time cost: 0.047565s
2025-10-12 19:01:23,524 EXP - __main__.Logger.exp:
a takes action: move_right_with_item(['a', 'i'])
b takes action: drop_item(['b', 'j'])
a takes action: drop_item(['a', 'i'])
b takes action: pick_up(['b', 'i'])
a takes action: pick_up(['a', 'j'])
Steps: 5
Time cost: 0.047502s
2025-10-12 19:01:23,572 EXP - __main__.Logger.exp:
a takes action: move_right_with_item(['a', 'i'])
b takes action: drop_item(['b', 'j'])
a takes action: drop_item(['a', 'i'])
b takes action: pick_up(['b', 'i'])
a takes action: pick_up(['a', 'j'])
Steps: 5
Time cost: 0.047576s
2025-10-12 19:01:23,620 EXP - __main__.Logger.exp:
a takes action: move_right_with_item(['a', 'i'])
b takes action: drop_item(['b', 'j'])
a takes action: drop_item(['a', 'i'])
b takes action: pick_up(['b', 'i'])
a takes action: pick_up(['a', 'j'])
Steps: 5
Time cost: 0.047489s
2025-10-12 19:01:23,669 EXP - __main__.Logger.exp:
a takes action: move_right_with_item(['a', 'i'])
b takes action: drop_item(['b', 'j'])
a takes action: drop_item(['a', 'i'])
b takes action: pick_up(['b', 'i'])
a takes action: pick_up(['a', 'j'])
Steps: 5
Time cost: 0.047544s
2025-10-12 19:01:23,717 EXP - __main__.Logger.exp:
a takes action: move_right_with_item(['a', 'i'])
b takes action: drop_item(['b', 'j'])
a takes action: drop_item(['a', 'i'])
b takes action: pick_up(['b', 'i'])
a takes action: pick_up(['a', 'j'])
Steps: 5
Time cost: 0.047545s
2025-10-12 19:01:23,765 EXP - __main__.Logger.exp:
a takes action: move_right_with_item(['a', 'i'])
b takes action: drop_item(['b', 'j'])
a takes action: drop_item(['a', 'i'])
b takes action: pick_up(['b', 'i'])
a takes action: pick_up(['a', 'j'])
Steps: 5
Time cost: 0.047464s
2025-10-12 19:01:23,814 EXP - __main__.Logger.exp:
a takes action: move_right_with_item(['a', 'i'])
b takes action: drop_item(['b', 'j'])
a takes action: drop_item(['a', 'i'])
b takes action: pick_up(['b', 'i'])
a takes action: pick_up(['a', 'j'])
Steps: 5
Time cost: 0.047745s
2025-10-12 19:01:23,862 EXP - __main__.Logger.exp:
a takes action: move_right_with_item(['a', 'i'])
b takes action: drop_item(['b', 'j'])
a takes action: drop_item(['a', 'i'])
b takes action: pick_up(['b', 'i'])
a takes action: pick_up(['a', 'j'])
Steps: 5
Time cost: 0.047642s
2025-10-12 19:01:23,911 EXP - __main__.Logger.exp:
a takes action: move_right_with_item(['a', 'i'])
b takes action: drop_item(['b', 'j'])
a takes action: drop_item(['a', 'i'])
b takes action: pick_up(['b', 'i'])
a takes action: pick_up(['a', 'j'])
Steps: 5
Time cost: 0.047690s
2025-10-12 19:01:23,959 EXP - __main__.Logger.exp:
a takes action: move_right_with_item(['a', 'i'])
b takes action: drop_item(['b', 'j'])
a takes action: drop_item(['a', 'i'])
b takes action: pick_up(['b', 'i'])
a takes action: pick_up(['a', 'j'])
Steps: 5
Time cost: 0.047496s
2025-10-12 19:01:24,008 EXP - __main__.Logger.exp:
a takes action: move_right_with_item(['a', 'i'])
b takes action: drop_item(['b', 'j'])
a takes action: drop_item(['a', 'i'])
b takes action: pick_up(['b', 'i'])
a takes action: pick_up(['a', 'j'])
Steps: 5
Time cost: 0.048929s
2025-10-12 19:01:24,057 EXP - __main__.Logger.exp:
a takes action: move_right_with_item(['a', 'i'])
b takes action: drop_item(['b', 'j'])
a takes action: drop_item(['a', 'i'])
b takes action: pick_up(['b', 'i'])
a takes action: pick_up(['a', 'j'])
Steps: 5
Time cost: 0.047665s
2025-10-12 19:01:24,107 EXP - __main__.Logger.exp:
a takes action: move_right_with_item(['a', 'i'])
b takes action: drop_item(['b', 'j'])
a takes action: drop_item(['a', 'i'])
b takes action: pick_up(['b', 'i'])
a takes action: pick_up(['a', 'j'])
Steps: 5
Time cost: 0.049728s
2025-10-12 19:01:24,156 EXP - __main__.Logger.exp:
a takes action: move_right_with_item(['a', 'i'])
b takes action: drop_item(['b', 'j'])
a takes action: drop_item(['a', 'i'])
b takes action: pick_up(['b', 'i'])
a takes action: pick_up(['a', 'j'])
Steps: 5
Time cost: 0.047617s
2025-10-12 19:01:24,204 EXP - __main__.Logger.exp:
a takes action: move_right_with_item(['a', 'i'])
b takes action: drop_item(['b', 'j'])
a takes action: drop_item(['a', 'i'])
b takes action: pick_up(['b', 'i'])
a takes action: pick_up(['a', 'j'])
Steps: 5
Time cost: 0.047913s
2025-10-12 19:01:24,252 EXP - __main__.Logger.exp:
a takes action: move_right_with_item(['a', 'i'])
b takes action: drop_item(['b', 'j'])
a takes action: drop_item(['a', 'i'])
b takes action: pick_up(['b', 'i'])
a takes action: pick_up(['a', 'j'])
Steps: 5
Time cost: 0.047302s
2025-10-12 19:01:24,301 EXP - __main__.Logger.exp:
a takes action: move_right_with_item(['a', 'i'])
b takes action: drop_item(['b', 'j'])
a takes action: drop_item(['a', 'i'])
b takes action: pick_up(['b', 'i'])
a takes action: pick_up(['a', 'j'])
Steps: 5
Time cost: 0.047596s
2025-10-12 19:01:24,349 EXP - __main__.Logger.exp:
a takes action: move_right_with_item(['a', 'i'])
b takes action: drop_item(['b', 'j'])
a takes action: drop_item(['a', 'i'])
b takes action: pick_up(['b', 'i'])
a takes action: pick_up(['a', 'j'])
Steps: 5
Time cost: 0.047586s
2025-10-12 19:01:24,397 EXP - __main__.Logger.exp:
a takes action: move_right_with_item(['a', 'i'])
b takes action: drop_item(['b', 'j'])
a takes action: drop_item(['a', 'i'])
b takes action: pick_up(['b', 'i'])
a takes action: pick_up(['a', 'j'])
Steps: 5
Time cost: 0.047518s
2025-10-12 19:01:24,445 EXP - __main__.Logger.exp:
a takes action: move_right_with_item(['a', 'i'])
b takes action: drop_item(['b', 'j'])
a takes action: drop_item(['a', 'i'])
b takes action: pick_up(['b', 'i'])
a takes action: pick_up(['a', 'j'])
Steps: 5
Time cost: 0.047302s
2025-10-12 19:01:24,494 EXP - __main__.Logger.exp:
a takes action: move_right_with_item(['a', 'i'])
b takes action: drop_item(['b', 'j'])
a takes action: drop_item(['a', 'i'])
b takes action: pick_up(['b', 'i'])
a takes action: pick_up(['a', 'j'])
Steps: 5
Time cost: 0.047418s
2025-10-12 19:01:24,542 EXP - __main__.Logger.exp:
a takes action: move_right_with_item(['a', 'i'])
b takes action: drop_item(['b', 'j'])
a takes action: drop_item(['a', 'i'])
b takes action: pick_up(['b', 'i'])
a takes action: pick_up(['a', 'j'])
Steps: 5
Time cost: 0.047163s
2025-10-12 19:01:24,590 EXP - __main__.Logger.exp:
a takes action: move_right_with_item(['a', 'i'])
b takes action: drop_item(['b', 'j'])
a takes action: drop_item(['a', 'i'])
b takes action: pick_up(['b', 'i'])
a takes action: pick_up(['a', 'j'])
Steps: 5
Time cost: 0.047461s
2025-10-12 19:01:24,638 EXP - __main__.Logger.exp:
a takes action: move_right_with_item(['a', 'i'])
b takes action: drop_item(['b', 'j'])
a takes action: drop_item(['a', 'i'])
b takes action: pick_up(['b', 'i'])
a takes action: pick_up(['a', 'j'])
Steps: 5
Time cost: 0.047480s
2025-10-12 19:01:24,689 EXP - __main__.Logger.exp:
a takes action: move_right_with_item(['a', 'i'])
b takes action: drop_item(['b', 'j'])
a takes action: drop_item(['a', 'i'])
b takes action: pick_up(['b', 'i'])
a takes action: pick_up(['a', 'j'])
Steps: 5
Time cost: 0.050564s
2025-10-12 19:01:24,738 EXP - __main__.Logger.exp:
a takes action: move_right_with_item(['a', 'i'])
b takes action: drop_item(['b', 'j'])
a takes action: drop_item(['a', 'i'])
b takes action: pick_up(['b', 'i'])
a takes action: pick_up(['a', 'j'])
Steps: 5
Time cost: 0.047621s
2025-10-12 19:01:24,786 EXP - __main__.Logger.exp:
a takes action: move_right_with_item(['a', 'i'])
b takes action: drop_item(['b', 'j'])
a takes action: drop_item(['a', 'i'])
b takes action: pick_up(['b', 'i'])
a takes action: pick_up(['a', 'j'])
Steps: 5
Time cost: 0.047719s
2025-10-12 19:01:24,834 EXP - __main__.Logger.exp:
a takes action: move_right_with_item(['a', 'i'])
b takes action: drop_item(['b', 'j'])
a takes action: drop_item(['a', 'i'])
b takes action: pick_up(['b', 'i'])
a takes action: pick_up(['a', 'j'])
Steps: 5
Time cost: 0.047582s
2025-10-12 19:01:24,883 EXP - __main__.Logger.exp:
a takes action: move_right_with_item(['a', 'i'])
b takes action: drop_item(['b', 'j'])
a takes action: drop_item(['a', 'i'])
b takes action: pick_up(['b', 'i'])
a takes action: pick_up(['a', 'j'])
Steps: 5
Time cost: 0.047492s
2025-10-12 19:01:24,931 EXP - __main__.Logger.exp:
a takes action: move_right_with_item(['a', 'i'])
b takes action: drop_item(['b', 'j'])
a takes action: drop_item(['a', 'i'])
b takes action: pick_up(['b', 'i'])
a takes action: pick_up(['a', 'j'])
Steps: 5
Time cost: 0.047695s
2025-10-12 19:01:24,979 EXP - __main__.Logger.exp:
a takes action: move_right_with_item(['a', 'i'])
b takes action: drop_item(['b', 'j'])
a takes action: drop_item(['a', 'i'])
b takes action: pick_up(['b', 'i'])
a takes action: pick_up(['a', 'j'])
Steps: 5
Time cost: 0.047427s
2025-10-12 19:01:25,029 EXP - __main__.Logger.exp:
a takes action: move_right_with_item(['a', 'i'])
b takes action: drop_item(['b', 'j'])
a takes action: drop_item(['a', 'i'])
b takes action: pick_up(['b', 'i'])
a takes action: pick_up(['a', 'j'])
Steps: 5
Time cost: 0.049363s
2025-10-12 19:01:25,078 EXP - __main__.Logger.exp:
a takes action: move_right_with_item(['a', 'i'])
b takes action: drop_item(['b', 'j'])
a takes action: drop_item(['a', 'i'])
b takes action: pick_up(['b', 'i'])
a takes action: pick_up(['a', 'j'])
Steps: 5
Time cost: 0.047802s
2025-10-12 19:01:25,126 EXP - __main__.Logger.exp:
a takes action: move_right_with_item(['a', 'i'])
b takes action: drop_item(['b', 'j'])
a takes action: drop_item(['a', 'i'])
b takes action: pick_up(['b', 'i'])
a takes action: pick_up(['a', 'j'])
Steps: 5
Time cost: 0.047634s
2025-10-12 19:01:25,175 EXP - __main__.Logger.exp:
a takes action: move_right_with_item(['a', 'i'])
b takes action: drop_item(['b', 'j'])
a takes action: drop_item(['a', 'i'])
b takes action: pick_up(['b', 'i'])
a takes action: pick_up(['a', 'j'])
Steps: 5
Time cost: 0.047621s
2025-10-12 19:01:25,223 EXP - __main__.Logger.exp:
a takes action: move_right_with_item(['a', 'i'])
b takes action: drop_item(['b', 'j'])
a takes action: drop_item(['a', 'i'])
b takes action: pick_up(['b', 'i'])
a takes action: pick_up(['a', 'j'])
Steps: 5
Time cost: 0.047616s
2025-10-12 19:01:25,272 EXP - __main__.Logger.exp:
a takes action: move_right_with_item(['a', 'i'])
b takes action: drop_item(['b', 'j'])
a takes action: drop_item(['a', 'i'])
b takes action: pick_up(['b', 'i'])
a takes action: pick_up(['a', 'j'])
Steps: 5
Time cost: 0.048203s
2025-10-12 19:01:25,321 EXP - __main__.Logger.exp:
a takes action: move_right_with_item(['a', 'i'])
b takes action: drop_item(['b', 'j'])
a takes action: drop_item(['a', 'i'])
b takes action: pick_up(['b', 'i'])
a takes action: pick_up(['a', 'j'])
Steps: 5
Time cost: 0.047776s
2025-10-12 19:01:25,369 EXP - __main__.Logger.exp:
a takes action: move_right_with_item(['a', 'i'])
b takes action: drop_item(['b', 'j'])
a takes action: drop_item(['a', 'i'])
b takes action: pick_up(['b', 'i'])
a takes action: pick_up(['a', 'j'])
Steps: 5
Time cost: 0.047478s
2025-10-12 19:01:25,417 EXP - __main__.Logger.exp:
a takes action: move_right_with_item(['a', 'i'])
b takes action: drop_item(['b', 'j'])
a takes action: drop_item(['a', 'i'])
b takes action: pick_up(['b', 'i'])
a takes action: pick_up(['a', 'j'])
Steps: 5
Time cost: 0.047660s
2025-10-12 19:01:25,466 EXP - __main__.Logger.exp:
a takes action: move_right_with_item(['a', 'i'])
b takes action: drop_item(['b', 'j'])
a takes action: drop_item(['a', 'i'])
b takes action: pick_up(['b', 'i'])
a takes action: pick_up(['a', 'j'])
Steps: 5
Time cost: 0.047636s
2025-10-12 19:01:25,514 EXP - __main__.Logger.exp:
a takes action: move_right_with_item(['a', 'i'])
b takes action: drop_item(['b', 'j'])
a takes action: drop_item(['a', 'i'])
b takes action: pick_up(['b', 'i'])
a takes action: pick_up(['a', 'j'])
Steps: 5
Time cost: 0.047682s
2025-10-12 19:01:25,563 EXP - __main__.Logger.exp:
a takes action: move_right_with_item(['a', 'i'])
b takes action: drop_item(['b', 'j'])
a takes action: drop_item(['a', 'i'])
b takes action: pick_up(['b', 'i'])
a takes action: pick_up(['a', 'j'])
Steps: 5
Time cost: 0.047554s
2025-10-12 19:01:25,611 EXP - __main__.Logger.exp:
a takes action: move_right_with_item(['a', 'i'])
b takes action: drop_item(['b', 'j'])
a takes action: drop_item(['a', 'i'])
b takes action: pick_up(['b', 'i'])
a takes action: pick_up(['a', 'j'])
Steps: 5
Time cost: 0.047551s
2025-10-12 19:01:25,659 EXP - __main__.Logger.exp:
a takes action: move_right_with_item(['a', 'i'])
b takes action: drop_item(['b', 'j'])
a takes action: drop_item(['a', 'i'])
b takes action: pick_up(['b', 'i'])
a takes action: pick_up(['a', 'j'])
Steps: 5
Time cost: 0.047652s
2025-10-12 19:01:25,707 EXP - __main__.Logger.exp:
a takes action: move_right_with_item(['a', 'i'])
b takes action: drop_item(['b', 'j'])
a takes action: drop_item(['a', 'i'])
b takes action: pick_up(['b', 'i'])
a takes action: pick_up(['a', 'j'])
Steps: 5
Time cost: 0.047489s
2025-10-12 19:01:25,756 EXP - __main__.Logger.exp:
a takes action: move_right_with_item(['a', 'i'])
b takes action: drop_item(['b', 'j'])
a takes action: drop_item(['a', 'i'])
b takes action: pick_up(['b', 'i'])
a takes action: pick_up(['a', 'j'])
Steps: 5
Time cost: 0.047466s
2025-10-12 19:01:25,804 EXP - __main__.Logger.exp:
a takes action: move_right_with_item(['a', 'i'])
b takes action: drop_item(['b', 'j'])
a takes action: drop_item(['a', 'i'])
b takes action: pick_up(['b', 'i'])
a takes action: pick_up(['a', 'j'])
Steps: 5
Time cost: 0.047247s
2025-10-12 19:01:25,852 EXP - __main__.Logger.exp:
a takes action: move_right_with_item(['a', 'i'])
b takes action: drop_item(['b', 'j'])
a takes action: drop_item(['a', 'i'])
b takes action: pick_up(['b', 'i'])
a takes action: pick_up(['a', 'j'])
Steps: 5
Time cost: 0.047979s
2025-10-12 19:01:25,901 EXP - __main__.Logger.exp:
a takes action: move_right_with_item(['a', 'i'])
b takes action: drop_item(['b', 'j'])
a takes action: drop_item(['a', 'i'])
b takes action: pick_up(['b', 'i'])
a takes action: pick_up(['a', 'j'])
Steps: 5
Time cost: 0.047514s
2025-10-12 19:01:25,949 EXP - __main__.Logger.exp:
a takes action: move_right_with_item(['a', 'i'])
b takes action: drop_item(['b', 'j'])
a takes action: drop_item(['a', 'i'])
b takes action: pick_up(['b', 'i'])
a takes action: pick_up(['a', 'j'])
Steps: 5
Time cost: 0.047457s
2025-10-12 19:01:25,949 EXP - __main__.Logger.exp:
Avg Steps: 5.0
Avg Time: 0.047763s
