2025-10-24 12:08:50,065 EXP - __main__.Logger.exp:
a takes action: lying_own_secret(['a', 'as'])
b takes action: sharing_stay(['b'])
c takes action: sharing_stay(['c'])
d takes action: sharing_stay(['d'])
a takes action: quiet(['a', 'as'])
b takes action: move_right(['b'])
c takes action: normal_stay(['c'])
d takes action: normal_stay(['d'])
a takes action: move_right(['a'])
b takes action: normal_stay(['b'])
c takes action: normal_stay(['c'])
d takes action: normal_stay(['d'])
a takes action: sharing_own_secret(['a', 'as'])
Steps: 13
Time cost: 0.743216s
2025-10-24 12:08:50,810 EXP - __main__.Logger.exp:
a takes action: lying_own_secret(['a', 'as'])
b takes action: sharing_stay(['b'])
c takes action: sharing_stay(['c'])
d takes action: sharing_stay(['d'])
a takes action: quiet(['a', 'as'])
b takes action: move_right(['b'])
c takes action: normal_stay(['c'])
d takes action: normal_stay(['d'])
a takes action: move_right(['a'])
b takes action: normal_stay(['b'])
c takes action: normal_stay(['c'])
d takes action: normal_stay(['d'])
a takes action: sharing_own_secret(['a', 'as'])
Steps: 13
Time cost: 0.743959s
2025-10-24 12:08:51,551 EXP - __main__.Logger.exp:
a takes action: lying_own_secret(['a', 'as'])
b takes action: sharing_stay(['b'])
c takes action: sharing_stay(['c'])
d takes action: sharing_stay(['d'])
a takes action: quiet(['a', 'as'])
b takes action: move_right(['b'])
c takes action: normal_stay(['c'])
d takes action: normal_stay(['d'])
a takes action: move_right(['a'])
b takes action: normal_stay(['b'])
c takes action: normal_stay(['c'])
d takes action: normal_stay(['d'])
a takes action: sharing_own_secret(['a', 'as'])
Steps: 13
Time cost: 0.739234s
2025-10-24 12:08:51,551 EXP - __main__.Logger.exp:
Avg Steps: 13.0
Avg Time: 0.742136s
