2025-11-13 00:41:46,840 INFO - __main__._.<module>:
Start building the model, type: "True"
2025-11-13 00:41:46,840 INFO - __main__._.build:
Start building the model, type: "True"
2025-11-13 00:41:46,840 INFO - __main__.DomainParser.run:
Domain "models/deliver/domain.pddl" start initialization.
2025-11-13 00:41:46,840 INFO - __main__.DomainParser.run:
Domain Parser found "models/deliver/domain.pddl"
2025-11-13 00:41:46,851 INFO - __main__.DomainParser.run:
Complete file reading.
2025-11-13 00:41:46,851 INFO - __main__.DomainParser.run:
Domain name found
2025-11-13 00:41:46,852 INFO - __main__.DomainParser.run:
Domain type found
2025-11-13 00:41:46,852 INFO - __main__.DomainParser.run:
Domain functions found
2025-11-13 00:41:46,853 INFO - __main__.DomainParser.run:
Domain actions found
2025-11-13 00:41:46,855 DEBUG - __main__.DomainParser.run:
Parsed Domain Result:
================= Domain "(deliver)" Parsing Result ================
Domain types: ['item', 'agent', 'room']
=================
Domain functions:
Function(name:agent_loc, parameters:{'agent': ['?a']}). 
Function(name:item_loc, parameters:{'item': ['?i']}). 
Function(name:room_id, parameters:{'room': ['?loc']}). 
Function(name:connected, parameters:{'room': ['?loc1', '?loc2']}). 
Function(name:holding, parameters:{'agent': ['?a']}). 
Function(name:hold_by, parameters:{'item': ['?i'], 'agent': ['?a']}). 
Function(name:is_free, parameters:{'item': ['?i']}). 
=================
Domain actions:
-----------------
Action:
Name: move_without_item
Parameters:
    agent : ['?self']
    room : ['?from', '?to']
Preconditions:
1: Condition(Variable(holding: ['?self']) = 0)
2: Condition(Variable(agent_loc: ['?self']) = Variable(room_id: ['?from']))
3: Condition(Variable(connected: ['?from', '?to']) = 1)
Effects:
1: Effect(effect_operator:'assign' Variable(agent_loc: ['?self']) Variable(room_id: ['?to']))

-----------------
Action:
Name: move_with_item
Parameters:
    agent : ['?self']
    item : ['?i']
    room : ['?from', '?to']
Preconditions:
1: Condition(Variable(agent_loc: ['?self']) = Variable(room_id: ['?from']))
2: Condition(Variable(item_loc: ['?i']) = Variable(room_id: ['?from']))
3: Condition(Variable(holding: ['?self']) = 1)
4: Condition(Variable(hold_by: ['?i', '?self']) = 1)
5: Condition(Variable(is_free: ['?i']) = 0)
6: Condition(Variable(connected: ['?from', '?to']) = 1)
Effects:
1: Effect(effect_operator:'assign' Variable(agent_loc: ['?self']) Variable(room_id: ['?to']))
2: Effect(effect_operator:'assign' Variable(item_loc: ['?i']) Variable(room_id: ['?to']))

-----------------
Action:
Name: pick_up
Parameters:
    agent : ['?self']
    item : ['?i']
    room : ['?loc']
Preconditions:
1: Condition(Variable(agent_loc: ['?self']) = Variable(room_id: ['?loc']))
2: Condition(Variable(item_loc: ['?i']) = Variable(room_id: ['?loc']))
3: Condition(Variable(holding: ['?self']) = 0)
4: Condition(Variable(hold_by: ['?i', '?self']) = 0)
5: Condition(Variable(is_free: ['?i']) = 1)
Effects:
1: Effect('assign' Variable(holding: ['?self']) 1)
2: Effect('assign' Variable(hold_by: ['?i', '?self']) 1)
3: Effect('assign' Variable(is_free: ['?i']) 0)

-----------------
Action:
Name: drop_item
Parameters:
    agent : ['?self']
    item : ['?i']
Preconditions:
1: Condition(Variable(holding: ['?self']) = 1)
2: Condition(Variable(hold_by: ['?i', '?self']) = 1)
3: Condition(Variable(is_free: ['?i']) = 0)
Effects:
1: Effect('assign' Variable(holding: ['?self']) 0)
2: Effect('assign' Variable(hold_by: ['?i', '?self']) 0)
3: Effect('assign' Variable(is_free: ['?i']) 1)


2025-11-13 00:41:46,855 INFO - __main__.ProblemParser.run:
Problem "models/deliver/3r2a1i" start initialization.
2025-11-13 00:41:46,855 ERROR - __main__.ProblemParser.get_files:
Problem Parser cannot find folder "models/deliver/3r2a1i"
