2025-10-22 18:37:32,439 WARNING - __main__.Model.update_belief_goals:
Agent b has no possible goals left after filtering, keep the previous possible goals
2025-10-22 18:37:32,439 WARNING - __main__.Model.update_belief_goals:
Previous possible goals:
Possible Goals of agent b:
  Agent: a
    Goal: Condition(['a'] hold_by ['i', 'a'] = 0)
    Goal: Condition(['a'] hold_by ['j', 'b'] = 1)
  Agent: b
    Goal: Condition(['b'] hold_by ['j', 'b'] = 0)
    Goal: Condition(['b', 'a'] hold_by ['j', 'b'] = 1)
-----------------

  Agent: a
    Goal: Condition(['a', 'b'] hold_by ['j', 'b'] = 1)
    Goal: Condition(['a'] hold_by ['i', 'a'] = 0)
  Agent: b
    Goal: Condition(['b'] hold_by ['j', 'b'] = 0)
    Goal: Condition(['b', 'a'] hold_by ['j', 'b'] = 1)
-----------------

  Agent: a
    Goal: Condition(['a', 'b'] hold_by ['i', 'a'] = 0)
    Goal: Condition(['a'] hold_by ['j', 'b'] = 1)
  Agent: b
    Goal: Condition(['b'] hold_by ['j', 'b'] = 0)
    Goal: Condition(['b', 'a'] hold_by ['j', 'b'] = 1)
-----------------

  Agent: a
    Goal: Condition(['a', 'b'] hold_by ['i', 'a'] = 0)
    Goal: Condition(['a'] hold_by ['i', 'a'] = 1)
  Agent: b
    Goal: Condition(['b'] hold_by ['j', 'b'] = 0)
    Goal: Condition(['b', 'a'] hold_by ['j', 'b'] = 1)
-----------------

  Agent: a
    Goal: Condition(['a', 'b'] hold_by ['i', 'a'] = 0)
    Goal: Condition(['a', 'b'] hold_by ['j', 'b'] = 1)
  Agent: b
    Goal: Condition(['b'] hold_by ['j', 'b'] = 0)
    Goal: Condition(['b', 'a'] hold_by ['j', 'b'] = 1)
-----------------

  Agent: a
    Goal: Condition(['a', 'b'] hold_by ['i', 'a'] = 1)
    Goal: Condition(['a'] hold_by ['i', 'a'] = 0)
  Agent: b
    Goal: Condition(['b'] hold_by ['j', 'b'] = 0)
    Goal: Condition(['b', 'a'] hold_by ['j', 'b'] = 1)
-----------------


2025-10-22 18:37:32,439 WARNING - __main__.Model.update_belief_goals:
[{'a': False, 'b': False}, {'a': False, 'b': False}, {'a': False, 'b': False}, {'a': False, 'b': False}, {'a': False, 'b': False}, ('a', True), ('b', False)]
