2025-11-24 19:20:31,886 INFO - __main__._.<module>:
Start building the model, type: "True"
2025-11-24 19:20:31,886 INFO - __main__._.build:
Start building the model, type: "True"
2025-11-24 19:20:31,887 INFO - __main__.DomainParser.run:
Domain "models/light_bulb/domain.pddl" start initialization.
2025-11-24 19:20:31,887 INFO - __main__.DomainParser.run:
Domain Parser found "models/light_bulb/domain.pddl"
2025-11-24 19:20:31,887 INFO - __main__.DomainParser.run:
Complete file reading.
2025-11-24 19:20:31,887 INFO - __main__.DomainParser.run:
Domain name found
2025-11-24 19:20:31,887 INFO - __main__.DomainParser.run:
Domain type found
2025-11-24 19:20:31,888 INFO - __main__.DomainParser.run:
Domain functions found
2025-11-24 19:20:31,888 INFO - __main__.DomainParser.run:
Domain actions found
2025-11-24 19:20:31,888 DEBUG - __main__.DomainParser.run:
Parsed Domain Result:
================= Domain "(muddy_children)" Parsing Result ================
Domain types: ['agent', 'light', 'button', 'bs']
=================
Domain functions:
Function(name:light_on, parameters:{'light': ['?l']}). 
Function(name:light_off, parameters:{'light': ['?l']}). 
Function(name:button_state, parameters:{'button': ['?b']}). 
Function(name:button_light_state, parameters:{'button': ['?b'], 'bs': ['?bs']}). 
Function(name:connected, parameters:{'button': ['?b']}). 
Function(name:agent_id, parameters:{'agent': ['?a']}). 
Function(name:tell_lock, parameters:{}). 
Function(name:telling, parameters:{'agent': ['?a']}). 
Function(name:a_observable, parameters:{'light': ['?l']}). 
Function(name:observable, parameters:{'light': ['?l']}). 
=================
Domain actions:
-----------------
Action:
Name: press_on_button
Parameters:
    agent : ['?self']
    button : ['?b']
Preconditions:
1: Condition(Variable(tell_lock: []) = 0)
2: Condition(Variable(agent_id: ['?self']) = a)
3: Condition(Variable(button_state: ['?b']) = off)
Effects:
1: Effect('assign' Variable(button_state: ['?b']) on)

-----------------
Action:
Name: press_off_button
Parameters:
    agent : ['?self']
    button : ['?b']
Preconditions:
1: Condition(Variable(tell_lock: []) = 0)
2: Condition(Variable(agent_id: ['?self']) = a)
3: Condition(Variable(button_state: ['?b']) = on)
Effects:
1: Effect('assign' Variable(button_state: ['?b']) off)

-----------------
Action:
Name: tell
Parameters:
    agent : ['?self']
    light : ['?l']
Preconditions:
1: Condition(Variable(agent_id: ['?self']) != a)
2: Condition(Variable(observable: ['?l']) = Variable(agent_id: ['?self']))
3: Condition(Variable(telling: ['?self']) = 0)
4: Condition(Variable(tell_lock: []) = 0)
Effects:
1: Effect('assign' Variable(telling: ['?self']) 1)
2: Effect('assign' Variable(tell_lock: []) 1)
3: Effect('assign' Variable(a_observable: ['?l']) 1)

-----------------
Action:
Name: quiet
Parameters:
    agent : ['?self']
    light : ['?l']
Preconditions:
1: Condition(Variable(agent_id: ['?self']) != a)
2: Condition(Variable(observable: ['?l']) = Variable(agent_id: ['?self']))
3: Condition(Variable(telling: ['?self']) = 1)
4: Condition(Variable(tell_lock: []) = 1)
Effects:
1: Effect('assign' Variable(telling: ['?self']) 0)
2: Effect('assign' Variable(tell_lock: []) 0)
3: Effect('assign' Variable(a_observable: ['?l']) 0)

-----------------
Action:
Name: normal_stay
Parameters:
    agent : ['?self']
Preconditions:
1: Condition(Variable(tell_lock: []) = 0)
Effects:

-----------------
Action:
Name: lock_stay
Parameters:
    agent : ['?self']
Preconditions:
1: Condition(Variable(tell_lock: []) = 1)
2: Condition(Variable(telling: ['?self']) = 0)
Effects:


2025-11-24 19:20:31,889 INFO - __main__.ProblemParser.run:
Problem "models/light_bulb/light1" start initialization.
2025-11-24 19:20:31,889 INFO - __main__.ProblemParser.get_files:
Problem folder found "models/light_bulb/light1"
2025-11-24 19:20:31,889 INFO - __main__.ProblemParser.run:
Found 3 agent files:
"models/light_bulb/light1/a.agtpddl"
"models/light_bulb/light1/b.agtpddl"
"models/light_bulb/light1/c.agtpddl"
2025-11-24 19:20:31,889 INFO - __main__.ProblemParser.run:
Found init file: "models/light_bulb/light1/init.envpddl"
2025-11-24 19:20:31,889 INFO - __main__.ProblemParser.run:
Complete reading environment file.
2025-11-24 19:20:31,890 INFO - __main__.ProblemParser.run:
Copmlete reading agent file "models/light_bulb/light1/a.agtpddl"
2025-11-24 19:20:31,890 INFO - __main__.ProblemParser.run:
Copmlete reading agent file "models/light_bulb/light1/b.agtpddl"
2025-11-24 19:20:31,890 INFO - __main__.ProblemParser.run:
Copmlete reading agent file "models/light_bulb/light1/c.agtpddl"
2025-11-24 19:20:31,891 INFO - __main__.ProblemParser.run:
Problem domain name "light_bulb" found
Problem name "light1" found
2025-11-24 19:20:31,891 INFO - __main__.ProblemParser.run:
Problem agents found
2025-11-24 19:20:31,891 INFO - __main__.ProblemParser.run:
Problem objects found
2025-11-24 19:20:31,891 INFO - __main__.ProblemParser.run:
Problem ranges found
2025-11-24 19:20:31,892 INFO - __main__.ProblemParser.run:
Problem initial states found
2025-11-24 19:20:31,892 ERROR - __main__._.regex_search:
result not found: \(([!=><]=?|>|<) \(([^\)]+)\) \(?(\d|[^\)]+)\){1,2} in 
2025-11-24 19:20:31,892 ERROR - __main__._.regex_search:
result not found: \(([!=><]=?|>|<) \(([^\)]+)\) \(?(\d|[^\)]+)\){1,2} in 
2025-11-24 19:20:31,892 INFO - __main__.ProblemParser.run:
Problem goals found
2025-11-24 19:20:31,893 ERROR - __main__._.regex_search:
result not found: \s+b\[([\w,]+)\]\s(.+)\((.+)\)=\[(.+)\] in         b[a] light_state(all) = 1

2025-11-24 19:20:31,893 INFO - __main__.ProblemParser.run:
Problem acceptable goal set found
2025-11-24 19:20:31,893 INFO - __main__.ProblemParser.run:
Problem max belief depth found
2025-11-24 19:20:31,893 DEBUG - __main__.ProblemParser.run:
Parsed Problem Result:
============ Problem "(light_bulb : light1)" Parsing Result ===========
Agents: ['a', 'b', 'c']
=================
Objects:
light: ['l1', 'l2', 'l3', 'l4']
button: ['b1', 'b2', 'b3', 'b4']
bs: ['on', 'off']
=================
States:
State(variable: Variable(light_on: ['l1']), value: t, target_variable: Variable(None: []))
State(variable: Variable(light_on: ['l2']), value: t, target_variable: Variable(None: []))
State(variable: Variable(light_on: ['l3']), value: t, target_variable: Variable(None: []))
State(variable: Variable(light_on: ['l4']), value: t, target_variable: Variable(None: []))
State(variable: Variable(light_off: ['l1']), value: f, target_variable: Variable(None: []))
State(variable: Variable(light_off: ['l2']), value: f, target_variable: Variable(None: []))
State(variable: Variable(light_off: ['l3']), value: f, target_variable: Variable(None: []))
State(variable: Variable(light_off: ['l4']), value: f, target_variable: Variable(None: []))
State(variable: Variable(button_state: ['b1']), value: off, target_variable: Variable(None: []))
State(variable: Variable(button_state: ['b2']), value: off, target_variable: Variable(None: []))
State(variable: Variable(button_state: ['b3']), value: off, target_variable: Variable(None: []))
State(variable: Variable(button_state: ['b4']), value: off, target_variable: Variable(None: []))
State(variable: Variable(button_light_state: ['b1', 'on']), value: on, target_variable: Variable(None: []))
State(variable: Variable(button_light_state: ['b1', 'off']), value: off, target_variable: Variable(None: []))
State(variable: Variable(button_light_state: ['b2', 'on']), value: on, target_variable: Variable(None: []))
State(variable: Variable(button_light_state: ['b2', 'off']), value: off, target_variable: Variable(None: []))
State(variable: Variable(button_light_state: ['b3', 'on']), value: on, target_variable: Variable(None: []))
State(variable: Variable(button_light_state: ['b3', 'off']), value: off, target_variable: Variable(None: []))
State(variable: Variable(button_light_state: ['b4', 'on']), value: on, target_variable: Variable(None: []))
State(variable: Variable(button_light_state: ['b4', 'off']), value: off, target_variable: Variable(None: []))
State(variable: Variable(connected: ['b1']), value: l1, target_variable: Variable(None: []))
State(variable: Variable(connected: ['b2']), value: l2, target_variable: Variable(None: []))
State(variable: Variable(connected: ['b3']), value: l3, target_variable: Variable(None: []))
State(variable: Variable(connected: ['b4']), value: l4, target_variable: Variable(None: []))
State(variable: Variable(agent_id: ['a']), value: a, target_variable: Variable(None: []))
State(variable: Variable(agent_id: ['b']), value: b, target_variable: Variable(None: []))
State(variable: Variable(agent_id: ['c']), value: c, target_variable: Variable(None: []))
State(variable: Variable(tell_lock: []), value: 0, target_variable: Variable(None: []))
State(variable: Variable(telling: ['a']), value: 0, target_variable: Variable(None: []))
State(variable: Variable(telling: ['b']), value: 0, target_variable: Variable(None: []))
State(variable: Variable(telling: ['c']), value: 0, target_variable: Variable(None: []))
State(variable: Variable(a_observable: ['l1']), value: 0, target_variable: Variable(None: []))
State(variable: Variable(a_observable: ['l2']), value: 0, target_variable: Variable(None: []))
State(variable: Variable(a_observable: ['l3']), value: 0, target_variable: Variable(None: []))
State(variable: Variable(a_observable: ['l4']), value: 0, target_variable: Variable(None: []))
State(variable: Variable(observable: ['l1']), value: b, target_variable: Variable(None: []))
State(variable: Variable(observable: ['l2']), value: b, target_variable: Variable(None: []))
State(variable: Variable(observable: ['l3']), value: c, target_variable: Variable(None: []))
State(variable: Variable(observable: ['l4']), value: c, target_variable: Variable(None: []))
=================
Goals:
-----------------
a:
EpistemicCondition(Belief sequence: ['a'], epistemic truth: "= true", Condition(Variable(light_state: ['l1']) = on))
EpistemicCondition(Belief sequence: ['a'], epistemic truth: "= true", Condition(Variable(light_state: ['l2']) = on))
EpistemicCondition(Belief sequence: ['a'], epistemic truth: "= true", Condition(Variable(light_state: ['l3']) = on))
EpistemicCondition(Belief sequence: ['a'], epistemic truth: "= true", Condition(Variable(light_state: ['l4']) = on))
Condition(Variable(light_state: ['l1']) = on)
Condition(Variable(light_state: ['l2']) = on)
Condition(Variable(light_state: ['l3']) = on)
Condition(Variable(light_state: ['l4']) = on)
-----------------
b:
-----------------
c:
=================
Ranges:
Range(function_name: light_on, type: enumerate, enumerates: ['t'])
Range(function_name: light_off, type: enumerate, enumerates: ['t'])
Range(function_name: button_state, type: enumerate, enumerates: ['on', 'off'])
Range(function_name: button_light_state, type: enumerate, enumerates: ['on', 'off'])
Range(function_name: connected, type: enumerate, enumerates: ['l1', 'l2', 'l3', 'l4'])
Range(function_name: agent_id, type: enumerate, enumerates: ['a', 'b', 'c'])
Range(function_name: tell_lock, type: integer, min: 0, max: 1)
Range(function_name: telling, type: integer, min: 0, max: 1)
Range(function_name: a_observable, type: integer, min: 0, max: 1)
Range(function_name: observable, type: enumerate, enumerates: ['b', 'c'])

2025-11-24 19:20:31,893 INFO - __main__.ModelChecker.check_validity:
checking the validity...
2025-11-24 19:20:31,893 DEBUG - __main__.ModelChecker.check_validity:
The domain name is different from the problem's domain name
2025-11-24 19:20:31,893 DEBUG - __main__.ModelChecker.check_validity:
Valid names: ['a', 'b', 'c', 'l1', 'l2', 'l3', 'l4', 'b1', 'b2', 'b3', 'b4', 'on', 'off', 'unknown', 'light_on', 'light_off', 'button_state', 'button_light_state', 'connected', 'agent_id', 'tell_lock', 'telling', 'a_observable', 'observable']
2025-11-24 19:20:31,893 DEBUG - __main__.ModelChecker.check_validity:
Checking the states
2025-11-24 19:20:31,893 DEBUG - __main__.ModelChecker.check_validity:
Checking the goals
2025-11-24 19:20:31,893 DEBUG - __main__.ModelChecker.check_state:
The variable light_state is not valid.
2025-11-24 19:20:31,893 DEBUG - __main__.ModelChecker.check_state:
The variable light_state is not valid.
2025-11-24 19:20:31,893 DEBUG - __main__.ModelChecker.check_state:
The variable light_state is not valid.
2025-11-24 19:20:31,893 DEBUG - __main__.ModelChecker.check_state:
The variable light_state is not valid.
2025-11-24 19:20:31,893 DEBUG - __main__.ModelChecker.check_state:
The variable light_state is not valid.
2025-11-24 19:20:31,893 DEBUG - __main__.ModelChecker.check_state:
The variable light_state is not valid.
2025-11-24 19:20:31,893 DEBUG - __main__.ModelChecker.check_state:
The variable light_state is not valid.
2025-11-24 19:20:31,893 DEBUG - __main__.ModelChecker.check_state:
The variable light_state is not valid.
2025-11-24 19:20:31,893 DEBUG - __main__.ModelChecker.check_validity:
Checking the ranges
2025-11-24 19:20:31,893 DEBUG - __main__.ModelChecker.check_validity:
Checking the actions
2025-11-24 19:20:31,893 INFO - __main__.ModelChecker.check_validity:
The domain and problem pass the checker.
2025-11-24 19:20:31,893 INFO - __main__.ModelChecker.check_validity:
checking the validity...
2025-11-24 19:20:31,894 DEBUG - __main__.ModelChecker.check_validity:
The domain name is different from the problem's domain name
2025-11-24 19:20:31,894 DEBUG - __main__.ModelChecker.check_validity:
Valid names: ['a', 'b', 'c', 'l1', 'l2', 'l3', 'l4', 'b1', 'b2', 'b3', 'b4', 'on', 'off', 'unknown', 'light_on', 'light_off', 'button_state', 'button_light_state', 'connected', 'agent_id', 'tell_lock', 'telling', 'a_observable', 'observable']
2025-11-24 19:20:31,894 DEBUG - __main__.ModelChecker.check_validity:
Checking the states
2025-11-24 19:20:31,894 DEBUG - __main__.ModelChecker.check_validity:
Checking the goals
2025-11-24 19:20:31,894 DEBUG - __main__.ModelChecker.check_state:
The variable light_state is not valid.
2025-11-24 19:20:31,894 DEBUG - __main__.ModelChecker.check_state:
The variable light_state is not valid.
2025-11-24 19:20:31,894 DEBUG - __main__.ModelChecker.check_state:
The variable light_state is not valid.
2025-11-24 19:20:31,894 DEBUG - __main__.ModelChecker.check_state:
The variable light_state is not valid.
2025-11-24 19:20:31,894 DEBUG - __main__.ModelChecker.check_state:
The variable light_state is not valid.
2025-11-24 19:20:31,895 DEBUG - __main__.ModelChecker.check_state:
The variable light_state is not valid.
2025-11-24 19:20:31,895 DEBUG - __main__.ModelChecker.check_state:
The variable light_state is not valid.
2025-11-24 19:20:31,895 DEBUG - __main__.ModelChecker.check_state:
The variable light_state is not valid.
2025-11-24 19:20:31,895 DEBUG - __main__.ModelChecker.check_validity:
Checking the ranges
2025-11-24 19:20:31,895 DEBUG - __main__.ModelChecker.check_validity:
Checking the actions
2025-11-24 19:20:31,895 INFO - __main__.ModelChecker.check_validity:
The domain and problem pass the checker.
2025-11-24 19:20:31,896 INFO - __main__._.load_observation_function:
Loaded observation function LightBulbObsFunc to agent a
2025-11-24 19:20:31,897 INFO - __main__._.load_observation_function:
Loaded observation function LightBulbObsFunc to agent b
2025-11-24 19:20:31,897 INFO - __main__._.load_observation_function:
Loaded observation function LightBulbObsFunc to agent c
2025-11-24 19:20:31,901 INFO - __main__._.load_policy_strategy:
Loaded strategy class ShareGoalBFS for agent a
2025-11-24 19:20:31,901 INFO - __main__._.load_policy_strategy:
Loaded strategy class ShareGoalBFS for agent b
2025-11-24 19:20:31,902 INFO - __main__._.load_policy_strategy:
Loaded strategy class ShareGoalBFS for agent c
2025-11-24 19:20:31,902 INFO - __main__.Model.init:
Loaded problem type: "SHARE"
2025-11-24 19:20:31,902 ERROR - __main__._.build_model:
Model building failed.
2025-11-24 19:20:31,905 ERROR - __main__._.<module>:
Traceback (most recent call last):
  File "F:\master\research\decentralized-epistemic-planning\util.py", line 599, in get_function
    result = self.all[function_name][params][str(value)]
             ~~~~~~~~~~~~~~~~~~~~~~~~~~~~~~~^^^^^^^^^^^^
KeyError: 'f'

During handling of the above exception, another exception occurred:

Traceback (most recent call last):
  File "F:\master\research\decentralized-epistemic-planning\entrance.py", line 97, in <module>
    model = model_builder.build(args)
            ^^^^^^^^^^^^^^^^^^^^^^^^^
  File "F:\master\research\decentralized-epistemic-planning\epistemic_handler\model_builder.py", line 24, in build
    raise e
  File "F:\master\research\decentralized-epistemic-planning\epistemic_handler\model_builder.py", line 21, in build
    model = build_model(domain, problem, args)
            ^^^^^^^^^^^^^^^^^^^^^^^^^^^^^^^^^^
  File "F:\master\research\decentralized-epistemic-planning\epistemic_handler\model_builder.py", line 312, in build_model
    raise e
  File "F:\master\research\decentralized-epistemic-planning\epistemic_handler\model_builder.py", line 181, in build_model
    func = model.ALL_FUNCS.get_function(name, params, value)
           ^^^^^^^^^^^^^^^^^^^^^^^^^^^^^^^^^^^^^^^^^^^^^^^^^
  File "F:\master\research\decentralized-epistemic-planning\util.py", line 602, in get_function
    raise Exception(f"Function {function_name} with parameters {parameters} and value {value} is not found.")
Exception: Function light_off with parameters {'?l': 'l1'} and value f is not found.


