2025-10-23 17:13:00,448 EXP - __main__.Logger.exp:
a takes action: sharing_own_secret(['a', 'as'])
Steps: 1
Time cost: 0.004230s
2025-10-23 17:13:00,453 EXP - __main__.Logger.exp:
a takes action: sharing_own_secret(['a', 'as'])
Steps: 1
Time cost: 0.004172s
2025-10-23 17:13:00,458 EXP - __main__.Logger.exp:
a takes action: sharing_own_secret(['a', 'as'])
Steps: 1
Time cost: 0.004121s
2025-10-23 17:13:00,463 EXP - __main__.Logger.exp:
a takes action: sharing_own_secret(['a', 'as'])
Steps: 1
Time cost: 0.004111s
2025-10-23 17:13:00,468 EXP - __main__.Logger.exp:
a takes action: sharing_own_secret(['a', 'as'])
Steps: 1
Time cost: 0.004465s
2025-10-23 17:13:00,468 EXP - __main__.Logger.exp:
Avg Steps: 1.0
Avg Time: 0.004220s
