2025-10-23 17:13:00,446 EXP - __main__.Logger.exp:
a takes action: sharing_own_secret(['a', 'as'])
Steps: 1
Time cost: 0.003105s
2025-10-23 17:13:00,450 EXP - __main__.Logger.exp:
a takes action: sharing_own_secret(['a', 'as'])
Steps: 1
Time cost: 0.003017s
2025-10-23 17:13:00,454 EXP - __main__.Logger.exp:
a takes action: sharing_own_secret(['a', 'as'])
Steps: 1
Time cost: 0.002961s
2025-10-23 17:13:00,458 EXP - __main__.Logger.exp:
a takes action: sharing_own_secret(['a', 'as'])
Steps: 1
Time cost: 0.002995s
2025-10-23 17:13:00,462 EXP - __main__.Logger.exp:
a takes action: sharing_own_secret(['a', 'as'])
Steps: 1
Time cost: 0.002986s
2025-10-23 17:13:00,462 EXP - __main__.Logger.exp:
Avg Steps: 1.0
Avg Time: 0.003013s
