2025-10-24 12:06:38,121 EXP - __main__.Logger.exp:
a takes action: sharing_own_secret(['a', 'as'])
b takes action: sharing_stay(['b'])
a takes action: quiet(['a', 'as'])
b takes action: sharing_own_secret(['b', 'bs'])
a takes action: sharing_stay(['a'])
b takes action: quiet(['b', 'bs'])
a takes action: move_right(['a'])
b takes action: lying_own_secret(['b', 'bs'])
Steps: 8
Time cost: 0.740036s
2025-10-24 12:06:38,869 EXP - __main__.Logger.exp:
a takes action: sharing_own_secret(['a', 'as'])
b takes action: sharing_stay(['b'])
a takes action: quiet(['a', 'as'])
b takes action: sharing_own_secret(['b', 'bs'])
a takes action: sharing_stay(['a'])
b takes action: quiet(['b', 'bs'])
a takes action: move_right(['a'])
b takes action: lying_own_secret(['b', 'bs'])
Steps: 8
Time cost: 0.746735s
2025-10-24 12:06:39,612 EXP - __main__.Logger.exp:
a takes action: sharing_own_secret(['a', 'as'])
b takes action: sharing_stay(['b'])
a takes action: quiet(['a', 'as'])
b takes action: sharing_own_secret(['b', 'bs'])
a takes action: sharing_stay(['a'])
b takes action: quiet(['b', 'bs'])
a takes action: move_right(['a'])
b takes action: lying_own_secret(['b', 'bs'])
Steps: 8
Time cost: 0.741777s
2025-10-24 12:06:39,612 EXP - __main__.Logger.exp:
Avg Steps: 8.0
Avg Time: 0.742849s
