2025-10-25 20:47:03,479 EXP - __main__.Logger.exp:
a takes action: move_without_item(['a', 'r1', 'r3'])
b takes action: move_without_item(['b', 'r2', 'r1'])
a takes action: stay(['a'])
b takes action: move_without_item(['b', 'r1', 'r2'])
a takes action: stay(['a'])
b takes action: move_without_item(['b', 'r2', 'r1'])
a takes action: stay(['a'])
b takes action: move_without_item(['b', 'r1', 'r2'])
a takes action: stay(['a'])
b takes action: move_without_item(['b', 'r2', 'r3'])
a takes action: stay(['a'])
b takes action: pick_up(['b', 'i', 'r3'])
a takes action: move_without_item(['a', 'r3', 'r1'])
b takes action: drop_item(['b', 'i'])
Steps: 14
Time cost: 94.294291s
2025-10-25 20:47:03,479 EXP - __main__.Logger.exp:
Avg Steps: 14.0
Avg Time: 94.294291s
