2025-10-24 20:50:39,149 EXP - __main__.Logger.exp:
a takes action: move(['a', 'r1', 'r2'])
b takes action: stay(['b'])
a takes action: move(['a', 'r2', 'r1'])
b takes action: move(['b', 'r4', 'r5'])
a takes action: move(['a', 'r1', 'r2'])
b takes action: move(['b', 'r5', 'r4'])
a takes action: move(['a', 'r2', 'r3'])
b takes action: move(['b', 'r4', 'r5'])
a takes action: move(['a', 'r3', 'r4'])
b takes action: stay(['b'])
a takes action: move(['a', 'r4', 'r7'])
b takes action: move(['b', 'r5', 'r4'])
a takes action: stay(['a'])
b takes action: move(['b', 'r4', 'r3'])
a takes action: stay(['a'])
b takes action: move(['b', 'r3', 'r2'])
a takes action: stay(['a'])
b takes action: move(['b', 'r2', 'r1'])
Steps: 18
Time cost: 0.103880s
2025-10-24 20:50:39,345 EXP - __main__.Logger.exp:
a takes action: move(['a', 'r1', 'r2'])
b takes action: move(['b', 'r4', 'r7'])
a takes action: move(['a', 'r2', 'r1'])
b takes action: move(['b', 'r7', 'r4'])
a takes action: move(['a', 'r1', 'r2'])
b takes action: stay(['b'])
a takes action: move(['a', 'r2', 'r1'])
b takes action: move(['b', 'r4', 'r7'])
a takes action: stay(['a'])
b takes action: stay(['b'])
a takes action: move(['a', 'r1', 'r2'])
b takes action: stay(['b'])
a takes action: move(['a', 'r2', 'r3'])
b takes action: stay(['b'])
a takes action: stay(['a'])
b takes action: move(['b', 'r7', 'r4'])
a takes action: stay(['a'])
b takes action: move(['b', 'r4', 'r5'])
a takes action: move(['a', 'r3', 'r4'])
b takes action: stay(['b'])
a takes action: move(['a', 'r4', 'r7'])
b takes action: move(['b', 'r5', 'r4'])
a takes action: stay(['a'])
b takes action: move(['b', 'r4', 'r3'])
a takes action: stay(['a'])
b takes action: move(['b', 'r3', 'r2'])
a takes action: stay(['a'])
b takes action: move(['b', 'r2', 'r1'])
Steps: 28
Time cost: 0.194510s
2025-10-24 20:50:39,440 EXP - __main__.Logger.exp:
a takes action: stay(['a'])
b takes action: move(['b', 'r4', 'r3'])
a takes action: move(['a', 'r1', 'r2'])
b takes action: move(['b', 'r3', 'r4'])
a takes action: stay(['a'])
b takes action: move(['b', 'r4', 'r3'])
a takes action: move(['a', 'r2', 'r6'])
b takes action: move(['b', 'r3', 'r2'])
a takes action: stay(['a'])
b takes action: move(['b', 'r2', 'r1'])
a takes action: move(['a', 'r6', 'r2'])
b takes action: stay(['b'])
a takes action: move(['a', 'r2', 'r3'])
b takes action: stay(['b'])
a takes action: move(['a', 'r3', 'r4'])
b takes action: stay(['b'])
a takes action: move(['a', 'r4', 'r7'])
Steps: 17
Time cost: 0.093930s
2025-10-24 20:50:39,440 EXP - __main__.Logger.exp:
Avg Steps: 21.0
Avg Time: 0.130773s
