2025-10-13 14:20:33,029 EXP - __main__.Logger.exp:
a takes action: sharing_own_secret(['a', 'as'])
b takes action: sharing_stay(['b'])
c takes action: sharing_stay(['c'])
a takes action: quiet(['a', 'as'])
b takes action: sharing_own_secret(['b', 'bs'])
c takes action: sharing_stay(['c'])
a takes action: sharing_stay(['a'])
b takes action: quiet(['b', 'bs'])
c takes action: normal_stay(['c'])
a takes action: move_right(['a'])
b takes action: normal_stay(['b'])
c takes action: move_right(['c'])
a takes action: normal_stay(['a'])
b takes action: lying_own_secret(['b', 'bs'])
c takes action: sharing_stay(['c'])
a takes action: sharing_stay(['a'])
b takes action: quiet(['b', 'bs'])
c takes action: move_left(['c'])
a takes action: lying_own_secret(['a', 'as'])
Steps: 19
Time cost: 13.580695s
2025-10-13 14:20:46,905 EXP - __main__.Logger.exp:
a takes action: sharing_own_secret(['a', 'as'])
b takes action: sharing_stay(['b'])
c takes action: sharing_stay(['c'])
a takes action: quiet(['a', 'as'])
b takes action: sharing_own_secret(['b', 'bs'])
c takes action: sharing_stay(['c'])
a takes action: sharing_stay(['a'])
b takes action: quiet(['b', 'bs'])
c takes action: normal_stay(['c'])
a takes action: move_right(['a'])
b takes action: normal_stay(['b'])
c takes action: normal_stay(['c'])
a takes action: lying_own_secret(['a', 'as'])
b takes action: sharing_stay(['b'])
c takes action: sharing_stay(['c'])
a takes action: quiet(['a', 'as'])
b takes action: normal_stay(['b'])
c takes action: move_right(['c'])
a takes action: normal_stay(['a'])
b takes action: lying_own_secret(['b', 'bs'])
Steps: 20
Time cost: 13.875098s
2025-10-13 14:21:02,044 EXP - __main__.Logger.exp:
a takes action: sharing_own_secret(['a', 'as'])
b takes action: sharing_stay(['b'])
c takes action: sharing_stay(['c'])
a takes action: quiet(['a', 'as'])
b takes action: sharing_own_secret(['b', 'bs'])
c takes action: sharing_stay(['c'])
a takes action: sharing_stay(['a'])
b takes action: quiet(['b', 'bs'])
c takes action: normal_stay(['c'])
a takes action: move_right(['a'])
b takes action: normal_stay(['b'])
c takes action: normal_stay(['c'])
a takes action: lying_own_secret(['a', 'as'])
b takes action: sharing_stay(['b'])
c takes action: sharing_stay(['c'])
a takes action: quiet(['a', 'as'])
b takes action: normal_stay(['b'])
c takes action: normal_stay(['c'])
a takes action: normal_stay(['a'])
b takes action: normal_stay(['b'])
c takes action: move_right(['c'])
a takes action: normal_stay(['a'])
b takes action: lying_own_secret(['b', 'bs'])
Steps: 23
Time cost: 15.136705s
2025-10-13 14:21:19,133 EXP - __main__.Logger.exp:
a takes action: sharing_own_secret(['a', 'as'])
b takes action: sharing_stay(['b'])
c takes action: sharing_stay(['c'])
a takes action: quiet(['a', 'as'])
b takes action: sharing_own_secret(['b', 'bs'])
c takes action: sharing_stay(['c'])
a takes action: sharing_stay(['a'])
b takes action: quiet(['b', 'bs'])
c takes action: normal_stay(['c'])
a takes action: move_right(['a'])
b takes action: normal_stay(['b'])
c takes action: move_right(['c'])
a takes action: normal_stay(['a'])
b takes action: lying_own_secret(['b', 'bs'])
c takes action: sharing_stay(['c'])
a takes action: sharing_stay(['a'])
b takes action: quiet(['b', 'bs'])
c takes action: normal_stay(['c'])
a takes action: normal_stay(['a'])
b takes action: move_right(['b'])
c takes action: normal_stay(['c'])
a takes action: move_left(['a'])
b takes action: normal_stay(['b'])
c takes action: normal_stay(['c'])
a takes action: lying_own_secret(['a', 'as'])
Steps: 25
Time cost: 17.088453s
2025-10-13 14:21:31,590 EXP - __main__.Logger.exp:
a takes action: sharing_own_secret(['a', 'as'])
b takes action: sharing_stay(['b'])
c takes action: sharing_stay(['c'])
a takes action: quiet(['a', 'as'])
b takes action: sharing_own_secret(['b', 'bs'])
c takes action: sharing_stay(['c'])
a takes action: sharing_stay(['a'])
b takes action: quiet(['b', 'bs'])
c takes action: move_right(['c'])
a takes action: move_right(['a'])
b takes action: lying_own_secret(['b', 'bs'])
c takes action: sharing_stay(['c'])
a takes action: sharing_stay(['a'])
b takes action: quiet(['b', 'bs'])
c takes action: move_left(['c'])
a takes action: lying_own_secret(['a', 'as'])
Steps: 16
Time cost: 12.454878s
2025-10-13 14:21:50,144 EXP - __main__.Logger.exp:
a takes action: sharing_own_secret(['a', 'as'])
b takes action: sharing_stay(['b'])
c takes action: sharing_stay(['c'])
a takes action: quiet(['a', 'as'])
b takes action: sharing_own_secret(['b', 'bs'])
c takes action: sharing_stay(['c'])
a takes action: sharing_stay(['a'])
b takes action: quiet(['b', 'bs'])
c takes action: normal_stay(['c'])
a takes action: move_right(['a'])
b takes action: normal_stay(['b'])
c takes action: move_right(['c'])
a takes action: normal_stay(['a'])
b takes action: lying_own_secret(['b', 'bs'])
c takes action: sharing_stay(['c'])
a takes action: sharing_stay(['a'])
b takes action: quiet(['b', 'bs'])
c takes action: normal_stay(['c'])
a takes action: normal_stay(['a'])
b takes action: move_right(['b'])
c takes action: normal_stay(['c'])
a takes action: move_left(['a'])
b takes action: normal_stay(['b'])
c takes action: move_left(['c'])
a takes action: normal_stay(['a'])
b takes action: normal_stay(['b'])
c takes action: move_right(['c'])
a takes action: lying_own_secret(['a', 'as'])
Steps: 28
Time cost: 18.553075s
2025-10-13 14:22:03,752 EXP - __main__.Logger.exp:
a takes action: sharing_own_secret(['a', 'as'])
b takes action: sharing_stay(['b'])
c takes action: sharing_stay(['c'])
a takes action: quiet(['a', 'as'])
b takes action: sharing_own_secret(['b', 'bs'])
c takes action: sharing_stay(['c'])
a takes action: sharing_stay(['a'])
b takes action: quiet(['b', 'bs'])
c takes action: normal_stay(['c'])
a takes action: move_right(['a'])
b takes action: normal_stay(['b'])
c takes action: move_right(['c'])
a takes action: normal_stay(['a'])
b takes action: lying_own_secret(['b', 'bs'])
c takes action: sharing_stay(['c'])
a takes action: sharing_stay(['a'])
b takes action: quiet(['b', 'bs'])
c takes action: move_left(['c'])
a takes action: lying_own_secret(['a', 'as'])
Steps: 19
Time cost: 13.606775s
2025-10-13 14:22:17,450 EXP - __main__.Logger.exp:
a takes action: sharing_own_secret(['a', 'as'])
b takes action: sharing_stay(['b'])
c takes action: sharing_stay(['c'])
a takes action: quiet(['a', 'as'])
b takes action: sharing_own_secret(['b', 'bs'])
c takes action: sharing_stay(['c'])
a takes action: sharing_stay(['a'])
b takes action: quiet(['b', 'bs'])
c takes action: normal_stay(['c'])
a takes action: move_right(['a'])
b takes action: normal_stay(['b'])
c takes action: move_right(['c'])
a takes action: normal_stay(['a'])
b takes action: lying_own_secret(['b', 'bs'])
c takes action: sharing_stay(['c'])
a takes action: sharing_stay(['a'])
b takes action: quiet(['b', 'bs'])
c takes action: move_left(['c'])
a takes action: lying_own_secret(['a', 'as'])
Steps: 19
Time cost: 13.696821s
2025-10-13 14:22:29,911 EXP - __main__.Logger.exp:
a takes action: sharing_own_secret(['a', 'as'])
b takes action: sharing_stay(['b'])
c takes action: sharing_stay(['c'])
a takes action: quiet(['a', 'as'])
b takes action: sharing_own_secret(['b', 'bs'])
c takes action: sharing_stay(['c'])
a takes action: sharing_stay(['a'])
b takes action: quiet(['b', 'bs'])
c takes action: move_right(['c'])
a takes action: move_right(['a'])
b takes action: lying_own_secret(['b', 'bs'])
c takes action: sharing_stay(['c'])
a takes action: sharing_stay(['a'])
b takes action: quiet(['b', 'bs'])
c takes action: move_left(['c'])
a takes action: lying_own_secret(['a', 'as'])
Steps: 16
Time cost: 12.459462s
2025-10-13 14:22:54,994 EXP - __main__.Logger.exp:
a takes action: sharing_own_secret(['a', 'as'])
b takes action: sharing_stay(['b'])
c takes action: sharing_stay(['c'])
a takes action: quiet(['a', 'as'])
b takes action: sharing_own_secret(['b', 'bs'])
c takes action: sharing_stay(['c'])
a takes action: sharing_stay(['a'])
b takes action: quiet(['b', 'bs'])
c takes action: normal_stay(['c'])
a takes action: move_right(['a'])
b takes action: normal_stay(['b'])
c takes action: move_right(['c'])
a takes action: normal_stay(['a'])
b takes action: lying_own_secret(['b', 'bs'])
c takes action: sharing_stay(['c'])
a takes action: sharing_stay(['a'])
b takes action: quiet(['b', 'bs'])
c takes action: normal_stay(['c'])
a takes action: normal_stay(['a'])
b takes action: normal_stay(['b'])
c takes action: normal_stay(['c'])
a takes action: normal_stay(['a'])
b takes action: normal_stay(['b'])
c takes action: normal_stay(['c'])
a takes action: normal_stay(['a'])
b takes action: normal_stay(['b'])
c takes action: normal_stay(['c'])
a takes action: normal_stay(['a'])
b takes action: normal_stay(['b'])
c takes action: move_left(['c'])
a takes action: lying_own_secret(['a', 'as'])
Steps: 31
Time cost: 25.080845s
2025-10-13 14:22:54,994 EXP - __main__.Logger.exp:
Avg Steps: 21.6
Avg Time: 15.553281s
