2025-10-23 14:50:27,183 EXP - __main__.Logger.exp:
a takes action: pick_up(['a', 'o1'])
b takes action: move_right_without_item(['b'])
c takes action: stay(['c'])
d takes action: move_right_without_item(['d'])
a takes action: drop_item(['a', 'o1'])
Steps: 5
Time cost: 7.163986s
2025-10-23 14:50:34,388 EXP - __main__.Logger.exp:
a takes action: pick_up(['a', 'o1'])
b takes action: move_right_without_item(['b'])
c takes action: stay(['c'])
d takes action: move_right_without_item(['d'])
a takes action: drop_item(['a', 'o1'])
Steps: 5
Time cost: 7.203894s
2025-10-23 14:50:41,600 EXP - __main__.Logger.exp:
a takes action: pick_up(['a', 'o1'])
b takes action: move_right_without_item(['b'])
c takes action: stay(['c'])
d takes action: move_right_without_item(['d'])
a takes action: drop_item(['a', 'o1'])
Steps: 5
Time cost: 7.210511s
2025-10-23 14:50:48,846 EXP - __main__.Logger.exp:
a takes action: pick_up(['a', 'o1'])
b takes action: move_right_without_item(['b'])
c takes action: stay(['c'])
d takes action: move_right_without_item(['d'])
a takes action: drop_item(['a', 'o1'])
Steps: 5
Time cost: 7.245562s
2025-10-23 14:50:56,055 EXP - __main__.Logger.exp:
a takes action: pick_up(['a', 'o1'])
b takes action: move_right_without_item(['b'])
c takes action: stay(['c'])
d takes action: move_right_without_item(['d'])
a takes action: drop_item(['a', 'o1'])
Steps: 5
Time cost: 7.207815s
2025-10-23 14:50:56,055 EXP - __main__.Logger.exp:
Avg Steps: 5.0
Avg Time: 7.206354s
