2025-10-23 14:50:23,428 EXP - __main__.Logger.exp:
a takes action: pick_up(['a', 'o1'])
b takes action: stay(['b'])
c takes action: stay(['c'])
d takes action: stay(['d'])
a takes action: move_right_with_item(['a', 'o1'])
b takes action: stay(['b'])
c takes action: move_right_without_item(['c'])
d takes action: stay(['d'])
a takes action: drop_item(['a', 'o1'])
Steps: 9
Time cost: 0.625133s
2025-10-23 14:50:24,360 EXP - __main__.Logger.exp:
a takes action: pick_up(['a', 'o1'])
b takes action: stay(['b'])
c takes action: move_right_without_item(['c'])
d takes action: stay(['d'])
a takes action: move_right_with_item(['a', 'o1'])
b takes action: stay(['b'])
c takes action: move_left_without_item(['c'])
d takes action: stay(['d'])
a takes action: drop_item(['a', 'o1'])
b takes action: stay(['b'])
c takes action: stay(['c'])
d takes action: stay(['d'])
a takes action: stay(['a'])
b takes action: stay(['b'])
c takes action: move_right_without_item(['c'])
Steps: 15
Time cost: 0.930762s
2025-10-23 14:52:50,956 EXP - __main__.Logger.exp:
a takes action: pick_up(['a', 'o1'])
b takes action: stay(['b'])
c takes action: move_right_without_item(['c'])
d takes action: stay(['d'])
a takes action: drop_item(['a', 'o1'])
b takes action: pick_up(['b', 'o1'])
c takes action: move_left_without_item(['c'])
d takes action: stay(['d'])
a takes action: move_right_without_item(['a'])
b takes action: move_right_with_item(['b', 'o1'])
c takes action: stay(['c'])
d takes action: move_right_without_item(['d'])
a takes action: move_left_without_item(['a'])
b takes action: stay(['b'])
c takes action: stay(['c'])
d takes action: stay(['d'])
a takes action: stay(['a'])
b takes action: move_left_with_item(['b', 'o1'])
c takes action: stay(['c'])
d takes action: stay(['d'])
a takes action: stay(['a'])
b takes action: move_right_with_item(['b', 'o1'])
c takes action: stay(['c'])
d takes action: move_left_without_item(['d'])
a takes action: move_right_without_item(['a'])
b takes action: drop_item(['b', 'o1'])
c takes action: stay(['c'])
d takes action: stay(['d'])
a takes action: move_left_without_item(['a'])
b takes action: pick_up(['b', 'o1'])
c takes action: stay(['c'])
d takes action: move_right_without_item(['d'])
a takes action: stay(['a'])
b takes action: stay(['b'])
c takes action: stay(['c'])
d takes action: stay(['d'])
a takes action: move_right_without_item(['a'])
b takes action: drop_item(['b', 'o1'])
c takes action: stay(['c'])
d takes action: move_left_without_item(['d'])
a takes action: stay(['a'])
b takes action: stay(['b'])
c takes action: stay(['c'])
d takes action: move_right_without_item(['d'])
a takes action: stay(['a'])
b takes action: pick_up(['b', 'o1'])
c takes action: stay(['c'])
d takes action: stay(['d'])
a takes action: stay(['a'])
b takes action: stay(['b'])
c takes action: stay(['c'])
d takes action: move_left_without_item(['d'])
a takes action: stay(['a'])
b takes action: move_left_with_item(['b', 'o1'])
c takes action: stay(['c'])
d takes action: stay(['d'])
a takes action: stay(['a'])
b takes action: stay(['b'])
c takes action: stay(['c'])
d takes action: move_right_without_item(['d'])
a takes action: move_left_without_item(['a'])
b takes action: drop_item(['b', 'o1'])
c takes action: stay(['c'])
d takes action: move_left_without_item(['d'])
a takes action: pick_up(['a', 'o1'])
b takes action: stay(['b'])
c takes action: stay(['c'])
d takes action: stay(['d'])
a takes action: move_right_with_item(['a', 'o1'])
b takes action: stay(['b'])
c takes action: stay(['c'])
d takes action: stay(['d'])
a takes action: drop_item(['a', 'o1'])
b takes action: stay(['b'])
c takes action: move_right_without_item(['c'])
Steps: 75
Time cost: 146.594772s
2025-10-23 14:52:51,510 EXP - __main__.Logger.exp:
a takes action: pick_up(['a', 'o1'])
b takes action: stay(['b'])
c takes action: move_right_without_item(['c'])
d takes action: stay(['d'])
a takes action: move_right_with_item(['a', 'o1'])
b takes action: stay(['b'])
c takes action: stay(['c'])
d takes action: stay(['d'])
a takes action: drop_item(['a', 'o1'])
Steps: 9
Time cost: 0.553162s
2025-10-23 14:52:52,138 EXP - __main__.Logger.exp:
a takes action: pick_up(['a', 'o1'])
b takes action: stay(['b'])
c takes action: stay(['c'])
d takes action: stay(['d'])
a takes action: move_right_with_item(['a', 'o1'])
b takes action: stay(['b'])
c takes action: move_right_without_item(['c'])
d takes action: stay(['d'])
a takes action: drop_item(['a', 'o1'])
Steps: 9
Time cost: 0.627564s
2025-10-23 14:52:52,138 EXP - __main__.Logger.exp:
Avg Steps: 23.4
Avg Time: 29.866279s
